Component: ARM Compiler 5.05 update 1 (build 106) Tool: armlink [4d0efa]

==============================================================================

Section Cross References

    startup_stm32l051xx.o(RESET) refers to startup_stm32l051xx.o(STACK) for __initial_sp
    startup_stm32l051xx.o(RESET) refers to startup_stm32l051xx.o(.text) for Reset_Handler
    startup_stm32l051xx.o(RESET) refers to stm32l0xx_it.o(i.NMI_Handler) for NMI_Handler
    startup_stm32l051xx.o(RESET) refers to stm32l0xx_it.o(i.HardFault_Handler) for HardFault_Handler
    startup_stm32l051xx.o(RESET) refers to stm32l0xx_it.o(i.SVC_Handler) for SVC_Handler
    startup_stm32l051xx.o(RESET) refers to stm32l0xx_it.o(i.PendSV_Handler) for PendSV_Handler
    startup_stm32l051xx.o(RESET) refers to stm32l0xx_it.o(i.SysTick_Handler) for SysTick_Handler
    startup_stm32l051xx.o(.text) refers to system_stm32l0xx.o(i.SystemInit) for SystemInit
    startup_stm32l051xx.o(.text) refers to entry.o(.ARM.Collect$$$$00000000) for __main
    main.o(i.AD9838_Init) refers to stm32l0xx_hal_gpio.o(i.HAL_GPIO_WritePin) for HAL_GPIO_WritePin
    main.o(i.AD9838_Init) refers to main.o(i.AD9838_Write_16Bits) for AD9838_Write_16Bits
    main.o(i.AD9838_Select_Wave) refers to stm32l0xx_hal_gpio.o(i.HAL_GPIO_WritePin) for HAL_GPIO_WritePin
    main.o(i.AD9838_Select_Wave) refers to main.o(i.AD9838_Write_16Bits) for AD9838_Write_16Bits
    main.o(i.AD9838_Set_Freq) refers to dfltui.o(.text) for __aeabi_ui2d
    main.o(i.AD9838_Set_Freq) refers to dmul.o(.text) for __aeabi_dmul
    main.o(i.AD9838_Set_Freq) refers to dfixui.o(.text) for __aeabi_d2uiz
    main.o(i.AD9838_Set_Freq) refers to main.o(i.AD9838_Write_16Bits) for AD9838_Write_16Bits
    main.o(i.AD9838_Write_16Bits) refers to stm32l0xx_hal_gpio.o(i.HAL_GPIO_WritePin) for HAL_GPIO_WritePin
    main.o(i.MX_GPIO_Init) refers to memseta.o(.text) for __aeabi_memclr4
    main.o(i.MX_GPIO_Init) refers to stm32l0xx_hal_gpio.o(i.HAL_GPIO_WritePin) for HAL_GPIO_WritePin
    main.o(i.MX_GPIO_Init) refers to stm32l0xx_hal_gpio.o(i.HAL_GPIO_Init) for HAL_GPIO_Init
    main.o(i.SystemClock_Config) refers to memseta.o(.text) for __aeabi_memclr4
    main.o(i.SystemClock_Config) refers to stm32l0xx_hal_rcc.o(i.HAL_RCC_OscConfig) for HAL_RCC_OscConfig
    main.o(i.SystemClock_Config) refers to main.o(i.Error_Handler) for Error_Handler
    main.o(i.SystemClock_Config) refers to stm32l0xx_hal_rcc.o(i.HAL_RCC_ClockConfig) for HAL_RCC_ClockConfig
    main.o(i.main) refers to stm32l0xx_hal.o(i.HAL_Init) for HAL_Init
    main.o(i.main) refers to main.o(i.SystemClock_Config) for SystemClock_Config
    main.o(i.main) refers to main.o(i.MX_GPIO_Init) for MX_GPIO_Init
    main.o(i.main) refers to main.o(i.AD9838_Init) for AD9838_Init
    main.o(i.main) refers to main.o(i.AD9838_Select_Wave) for AD9838_Select_Wave
    main.o(i.main) refers to main.o(i.AD9838_Set_Freq) for AD9838_Set_Freq
    main.o(i.main) refers to main.o(i.AD9838_Write_16Bits) for AD9838_Write_16Bits
    main.o(i.main) refers to main.o(i.delay_n) for delay_n
    stm32l0xx_it.o(i.SysTick_Handler) refers to stm32l0xx_hal.o(i.HAL_IncTick) for HAL_IncTick
    stm32l0xx_hal.o(i.HAL_DeInit) refers to stm32l0xx_hal.o(i.HAL_MspDeInit) for HAL_MspDeInit
    stm32l0xx_hal.o(i.HAL_Delay) refers to stm32l0xx_hal.o(i.HAL_GetTick) for HAL_GetTick
    stm32l0xx_hal.o(i.HAL_Delay) refers to stm32l0xx_hal.o(.data) for uwTickFreq
    stm32l0xx_hal.o(i.HAL_GetTick) refers to stm32l0xx_hal.o(.data) for uwTick
    stm32l0xx_hal.o(i.HAL_GetTickFreq) refers to stm32l0xx_hal.o(.data) for uwTickFreq
    stm32l0xx_hal.o(i.HAL_GetTickPrio) refers to stm32l0xx_hal.o(.data) for uwTickPrio
    stm32l0xx_hal.o(i.HAL_IncTick) refers to stm32l0xx_hal.o(.data) for uwTick
    stm32l0xx_hal.o(i.HAL_Init) refers to stm32l0xx_hal.o(i.HAL_InitTick) for HAL_InitTick
    stm32l0xx_hal.o(i.HAL_Init) refers to stm32l0xx_hal_msp.o(i.HAL_MspInit) for HAL_MspInit
    stm32l0xx_hal.o(i.HAL_InitTick) refers to uidiv.o(.text) for __aeabi_uidivmod
    stm32l0xx_hal.o(i.HAL_InitTick) refers to stm32l0xx_hal_cortex.o(i.HAL_SYSTICK_Config) for HAL_SYSTICK_Config
    stm32l0xx_hal.o(i.HAL_InitTick) refers to stm32l0xx_hal_cortex.o(i.HAL_NVIC_SetPriority) for HAL_NVIC_SetPriority
    stm32l0xx_hal.o(i.HAL_InitTick) refers to stm32l0xx_hal.o(.data) for uwTickFreq
    stm32l0xx_hal.o(i.HAL_InitTick) refers to system_stm32l0xx.o(.data) for SystemCoreClock
    stm32l0xx_hal.o(i.HAL_SetTickFreq) refers to stm32l0xx_hal.o(i.HAL_InitTick) for HAL_InitTick
    stm32l0xx_hal.o(i.HAL_SetTickFreq) refers to stm32l0xx_hal.o(.data) for uwTickFreq
    stm32l0xx_hal_i2c.o(i.HAL_I2C_DeInit) refers to stm32l0xx_hal_i2c.o(i.HAL_I2C_MspDeInit) for HAL_I2C_MspDeInit
    stm32l0xx_hal_i2c.o(i.HAL_I2C_DisableListen_IT) refers to stm32l0xx_hal_i2c.o(i.I2C_Disable_IRQ) for I2C_Disable_IRQ
    stm32l0xx_hal_i2c.o(i.HAL_I2C_ER_IRQHandler) refers to stm32l0xx_hal_i2c.o(i.I2C_ITError) for I2C_ITError
[...]
    stm32l0xx_hal_i2c.o(i.HAL_I2C_Master_Receive_IT) refers to stm32l0xx_hal_i2c.o(i.I2C_TransferConfig) for I2C_TransferConfig
    stm32l0xx_hal_i2c.o(i.HAL_I2C_Master_Receive_IT) refers to stm32l0xx_hal_i2c.o(i.I2C_Enable_IRQ) for I2C_Enable_IRQ
    stm32l0xx_hal_i2c.o(i.HAL_I2C_Master_Receive_IT) refers to stm32l0xx_hal_i2c.o(i.I2C_Master_ISR_IT) for I2C_Master_ISR_IT
    stm32l0xx_hal_i2c.o(i.HAL_I2C_Master_Seq_Receive_DMA) refers to stm32l0xx_hal_i2c.o(i.I2C_ConvertOtherXferOptions) for I2C_ConvertOtherXferOptions
    stm32l0xx_hal_i2c.o(i.HAL_I2C_Master_Seq_Receive_DMA) refers to stm32l0xx_hal_dma.o(i.HAL_DMA_Start_IT) for HAL_DMA_Start_IT
    stm32l0xx_hal_i2c.o(i.HAL_I2C_Master_Seq_Receive_DMA) refers to stm32l0xx_hal_i2c.o(i.I2C_TransferConfig) for I2C_TransferConfig
    stm32l0xx_hal_i2c.o(i.HAL_I2C_Master_Seq_Receive_DMA) refers to stm32l0xx_hal_i2c.o(i.I2C_Enable_IRQ) for I2C_Enable_IRQ
    stm32l0xx_hal_i2c.o(i.HAL_I2C_Master_Seq_Receive_DMA) refers to stm32l0xx_hal_i2c.o(i.I2C_Master_ISR_DMA) for I2C_Master_ISR_DMA
    stm32l0xx_hal_i2c.o(i.HAL_I2C_Master_Seq_Receive_DMA) refers to stm32l0xx_hal_i2c.o(i.I2C_DMAMasterReceiveCplt) for I2C_DMAMasterReceiveCplt
    stm32l0xx_hal_i2c.o(i.HAL_I2C_Master_Seq_Receive_DMA) refers to stm32l0xx_hal_i2c.o(i.I2C_DMAError) for I2C_DMAError
    stm32l0xx_hal_i2c.o(i.HAL_I2C_Master_Seq_Receive_DMA) refers to stm32l0xx_hal_i2c.o(i.I2C_Master_ISR_IT) for I2C_Master_ISR_IT
    stm32l0xx_hal_i2c.o(i.HAL_I2C_Master_Seq_Receive_IT) refers to stm32l0xx_hal_i2c.o(i.I2C_ConvertOtherXferOptions) for I2C_ConvertOtherXferOptions
    stm32l0xx_hal_i2c.o(i.HAL_I2C_Master_Seq_Receive_IT) refers to stm32l0xx_hal_i2c.o(i.I2C_TransferConfig) for I2C_TransferConfig
    stm32l0xx_hal_i2c.o(i.HAL_I2C_Master_Seq_Receive_IT) refers to stm32l0xx_hal_i2c.o(i.I2C_Enable_IRQ) for I2C_Enable_IRQ
    stm32l0xx_hal_i2c.o(i.HAL_I2C_Master_Seq_Receive_IT) refers to stm32l0xx_hal_i2c.o(i.I2C_Master_ISR_IT) for I2C_Master_ISR_IT
    stm32l0xx_hal_i2c.o(i.HAL_I2C_Master_Seq_Transmit_DMA) refers to stm32l0xx_hal_i2c.o(i.I2C_ConvertOtherXferOptions) for I2C_ConvertOtherXferOptions
    stm32l0xx_hal_i2c.o(i.HAL_I2C_Master_Seq_Transmit_DMA) refers to stm32l0xx_hal_dma.o(i.HAL_DMA_Start_IT) for HAL_DMA_Start_IT
    stm32l0xx_hal_i2c.o(i.HAL_I2C_Master_Seq_Transmit_DMA) refers to stm32l0xx_hal_i2c.o(i.I2C_TransferConfig) for I2C_TransferConfig
    stm32l0xx_hal_i2c.o(i.HAL_I2C_Master_Seq_Transmit_DMA) refers to stm32l0xx_hal_i2c.o(i.I2C_Enable_IRQ) for I2C_Enable_IRQ
    stm32l0xx_hal_i2c.o(i.HAL_I2C_Master_Seq_Transmit_DMA) refers to stm32l0xx_hal_i2c.o(i.I2C_Master_ISR_DMA) for I2C_Master_ISR_DMA
    stm32l0xx_hal_i2c.o(i.HAL_I2C_Master_Seq_Transmit_DMA) refers to stm32l0xx_hal_i2c.o(i.I2C_DMAMasterTransmitCplt) for I2C_DMAMasterTransmitCplt
    stm32l0xx_hal_i2c.o(i.HAL_I2C_Master_Seq_Transmit_DMA) refers to stm32l0xx_hal_i2c.o(i.I2C_DMAError) for I2C_DMAError
    stm32l0xx_hal_i2c.o(i.HAL_I2C_Master_Seq_Transmit_DMA) refers to stm32l0xx_hal_i2c.o(i.I2C_Master_ISR_IT) for I2C_Master_ISR_IT
    stm32l0xx_hal_i2c.o(i.HAL_I2C_Master_Seq_Transmit_IT) refers to stm32l0xx_hal_i2c.o(i.I2C_ConvertOtherXferOptions) for I2C_ConvertOtherXferOptions
    stm32l0xx_hal_i2c.o(i.HAL_I2C_Master_Seq_Transmit_IT) refers to stm32l0xx_hal_i2c.o(i.I2C_TransferConfig) for I2C_TransferConfig
    stm32l0xx_hal_i2c.o(i.HAL_I2C_Master_Seq_Transmit_IT) refers to stm32l0xx_hal_i2c.o(i.I2C_Enable_IRQ) for I2C_Enable_IRQ
    stm32l0xx_hal_i2c.o(i.HAL_I2C_Master_Seq_Transmit_IT) refers to stm32l0xx_hal_i2c.o(i.I2C_Master_ISR_IT) for I2C_Master_ISR_IT
    stm32l0xx_hal_i2c.o(i.HAL_I2C_Master_Transmit) refers to stm32l0xx_hal.o(i.HAL_GetTick) for HAL_GetTick
    stm32l0xx_hal_i2c.o(i.HAL_I2C_Master_Transmit) refers to stm32l0xx_hal_i2c.o(i.I2C_WaitOnFlagUntilTimeout) for I2C_WaitOnFlagUntilTimeout
    stm32l0xx_hal_i2c.o(i.HAL_I2C_Master_Transmit) refers to stm32l0xx_hal_i2c.o(i.I2C_TransferConfig) for I2C_TransferConfig
    stm32l0xx_hal_i2c.o(i.HAL_I2C_Master_Transmit) refers to stm32l0xx_hal_i2c.o(i.I2C_WaitOnTXISFlagUntilTimeout) for I2C_WaitOnTXISFlagUntilTimeout
    stm32l0xx_hal_i2c.o(i.HAL_I2C_Master_Transmit) refers to stm32l0xx_hal_i2c.o(i.I2C_WaitOnSTOPFlagUntilTimeout) for I2C_WaitOnSTOPFlagUntilTimeout
    stm32l0xx_hal_i2c.o(i.HAL_I2C_Master_Transmit_DMA) refers to stm32l0xx_hal_dma.o(i.HAL_DMA_Start_IT) for HAL_DMA_Start_IT
    stm32l0xx_hal_i2c.o(i.HAL_I2C_Master_Transmit_DMA) refers to stm32l0xx_hal_i2c.o(i.I2C_TransferConfig) for I2C_TransferConfig
    stm32l0xx_hal_i2c.o(i.HAL_I2C_Master_Transmit_DMA) refers to stm32l0xx_hal_i2c.o(i.I2C_Enable_IRQ) for I2C_Enable_IRQ
    stm32l0xx_hal_i2c.o(i.HAL_I2C_Master_Transmit_DMA) refers to stm32l0xx_hal_i2c.o(i.I2C_Master_ISR_DMA) for I2C_Master_ISR_DMA
    stm32l0xx_hal_i2c.o(i.HAL_I2C_Master_Transmit_DMA) refers to stm32l0xx_hal_i2c.o(i.I2C_DMAMasterTransmitCplt) for I2C_DMAMasterTransmitCplt
    stm32l0xx_hal_i2c.o(i.HAL_I2C_Master_Transmit_DMA) refers to stm32l0xx_hal_i2c.o(i.I2C_DMAError) for I2C_DMAError
    stm32l0xx_hal_i2c.o(i.HAL_I2C_Master_Transmit_DMA) refers to stm32l0xx_hal_i2c.o(i.I2C_Master_ISR_IT) for I2C_Master_ISR_IT
    stm32l0xx_hal_i2c.o(i.HAL_I2C_Master_Transmit_IT) refers to stm32l0xx_hal_i2c.o(i.I2C_TransferConfig) for I2C_TransferConfig
    stm32l0xx_hal_i2c.o(i.HAL_I2C_Master_Transmit_IT) refers to stm32l0xx_hal_i2c.o(i.I2C_Enable_IRQ) for I2C_Enable_IRQ
    stm32l0xx_hal_i2c.o(i.HAL_I2C_Master_Transmit_IT) refers to stm32l0xx_hal_i2c.o(i.I2C_Master_ISR_IT) for I2C_Master_ISR_IT
    stm32l0xx_hal_i2c.o(i.HAL_I2C_Mem_Read) refers to stm32l0xx_hal.o(i.HAL_GetTick) for HAL_GetTick
    stm32l0xx_hal_i2c.o(i.HAL_I2C_Mem_Read) refers to stm32l0xx_hal_i2c.o(i.I2C_WaitOnFlagUntilTimeout) for I2C_WaitOnFlagUntilTimeout
    stm32l0xx_hal_i2c.o(i.HAL_I2C_Mem_Read) refers to stm32l0xx_hal_i2c.o(i.I2C_RequestMemoryRead) for I2C_RequestMemoryRead
    stm32l0xx_hal_i2c.o(i.HAL_I2C_Mem_Read) refers to stm32l0xx_hal_i2c.o(i.I2C_TransferConfig) for I2C_TransferConfig
    stm32l0xx_hal_i2c.o(i.HAL_I2C_Mem_Read) refers to stm32l0xx_hal_i2c.o(i.I2C_WaitOnSTOPFlagUntilTimeout) for I2C_WaitOnSTOPFlagUntilTimeout
    stm32l0xx_hal_i2c.o(i.HAL_I2C_Mem_Read_DMA) refers to stm32l0xx_hal.o(i.HAL_GetTick) for HAL_GetTick
    stm32l0xx_hal_i2c.o(i.HAL_I2C_Mem_Read_DMA) refers to stm32l0xx_hal_i2c.o(i.I2C_RequestMemoryRead) for I2C_RequestMemoryRead
    stm32l0xx_hal_i2c.o(i.HAL_I2C_Mem_Read_DMA) refers to stm32l0xx_hal_dma.o(i.HAL_DMA_Start_IT) for HAL_DMA_Start_IT
    stm32l0xx_hal_i2c.o(i.HAL_I2C_Mem_Read_DMA) refers to stm32l0xx_hal_i2c.o(i.I2C_TransferConfig) for I2C_TransferConfig
    stm32l0xx_hal_i2c.o(i.HAL_I2C_Mem_Read_DMA) refers to stm32l0xx_hal_i2c.o(i.I2C_Enable_IRQ) for I2C_Enable_IRQ
    stm32l0xx_hal_i2c.o(i.HAL_I2C_Mem_Read_DMA) refers to stm32l0xx_hal_i2c.o(i.I2C_Master_ISR_DMA) for I2C_Master_ISR_DMA
    stm32l0xx_hal_i2c.o(i.HAL_I2C_Mem_Read_DMA) refers to stm32l0xx_hal_i2c.o(i.I2C_DMAMasterReceiveCplt) for I2C_DMAMasterReceiveCplt
    stm32l0xx_hal_i2c.o(i.HAL_I2C_Mem_Read_DMA) refers to stm32l0xx_hal_i2c.o(i.I2C_DMAError) for I2C_DMAError
    stm32l0xx_hal_i2c.o(i.HAL_I2C_Mem_Read_IT) refers to stm32l0xx_hal.o(i.HAL_GetTick) for HAL_GetTick
    stm32l0xx_hal_i2c.o(i.HAL_I2C_Mem_Read_IT) refers to stm32l0xx_hal_i2c.o(i.I2C_RequestMemoryRead) for I2C_RequestMemoryRead
    stm32l0xx_hal_i2c.o(i.HAL_I2C_Mem_Read_IT) refers to stm32l0xx_hal_i2c.o(i.I2C_TransferConfig) for I2C_TransferConfig
    stm32l0xx_hal_i2c.o(i.HAL_I2C_Mem_Read_IT) refers to stm32l0xx_hal_i2c.o(i.I2C_Enable_IRQ) for I2C_Enable_IRQ
    stm32l0xx_hal_i2c.o(i.HAL_I2C_Mem_Read_IT) refers to stm32l0xx_hal_i2c.o(i.I2C_Master_ISR_IT) for I2C_Master_ISR_IT
    stm32l0xx_hal_i2c.o(i.HAL_I2C_Mem_Write) refers to stm32l0xx_hal.o(i.HAL_GetTick) for HAL_GetTick
    stm32l0xx_hal_i2c.o(i.HAL_I2C_Mem_Write) refers to stm32l0xx_hal_i2c.o(i.I2C_WaitOnFlagUntilTimeout) for I2C_WaitOnFlagUntilTimeout
    stm32l0xx_hal_i2c.o(i.HAL_I2C_Mem_Write) refers to stm32l0xx_hal_i2c.o(i.I2C_RequestMemoryWrite) for I2C_RequestMemoryWrite
    stm32l0xx_hal_i2c.o(i.HAL_I2C_Mem_Write) refers to stm32l0xx_hal_i2c.o(i.I2C_TransferConfig) for I2C_TransferConfig
    stm32l0xx_hal_i2c.o(i.HAL_I2C_Mem_Write) refers to stm32l0xx_hal_i2c.o(i.I2C_WaitOnTXISFlagUntilTimeout) for I2C_WaitOnTXISFlagUntilTimeout
    stm32l0xx_hal_i2c.o(i.HAL_I2C_Mem_Write) refers to stm32l0xx_hal_i2c.o(i.I2C_WaitOnSTOPFlagUntilTimeout) for I2C_WaitOnSTOPFlagUntilTimeout
    stm32l0xx_hal_i2c.o(i.HAL_I2C_Mem_Write_DMA) refers to stm32l0xx_hal.o(i.HAL_GetTick) for HAL_GetTick
    stm32l0xx_hal_i2c.o(i.HAL_I2C_Mem_Write_DMA) refers to stm32l0xx_hal_i2c.o(i.I2C_RequestMemoryWrite) for I2C_RequestMemoryWrite
    stm32l0xx_hal_i2c.o(i.HAL_I2C_Mem_Write_DMA) refers to stm32l0xx_hal_dma.o(i.HAL_DMA_Start_IT) for HAL_DMA_Start_IT
    stm32l0xx_hal_i2c.o(i.HAL_I2C_Mem_Write_DMA) refers to stm32l0xx_hal_i2c.o(i.I2C_TransferConfig) for I2C_TransferConfig
    stm32l0xx_hal_i2c.o(i.HAL_I2C_Mem_Write_DMA) refers to stm32l0xx_hal_i2c.o(i.I2C_Enable_IRQ) for I2C_Enable_IRQ
    stm32l0xx_hal_i2c.o(i.HAL_I2C_Mem_Write_DMA) refers to stm32l0xx_hal_i2c.o(i.I2C_Master_ISR_DMA) for I2C_Master_ISR_DMA
    stm32l0xx_hal_i2c.o(i.HAL_I2C_Mem_Write_DMA) refers to stm32l0xx_hal_i2c.o(i.I2C_DMAMasterTransmitCplt) for I2C_DMAMasterTransmitCplt
    stm32l0xx_hal_i2c.o(i.HAL_I2C_Mem_Write_DMA) refers to stm32l0xx_hal_i2c.o(i.I2C_DMAError) for I2C_DMAError
    stm32l0xx_hal_i2c.o(i.HAL_I2C_Mem_Write_IT) refers to stm32l0xx_hal.o(i.HAL_GetTick) for HAL_GetTick
    stm32l0xx_hal_i2c.o(i.HAL_I2C_Mem_Write_IT) refers to stm32l0xx_hal_i2c.o(i.I2C_RequestMemoryWrite) for I2C_RequestMemoryWrite
    stm32l0xx_hal_i2c.o(i.HAL_I2C_Mem_Write_IT) refers to stm32l0xx_hal_i2c.o(i.I2C_TransferConfig) for I2C_TransferConfig
    stm32l0xx_hal_i2c.o(i.HAL_I2C_Mem_Write_IT) refers to stm32l0xx_hal_i2c.o(i.I2C_Enable_IRQ) for I2C_Enable_IRQ
    stm32l0xx_hal_i2c.o(i.HAL_I2C_Mem_Write_IT) refers to stm32l0xx_hal_i2c.o(i.I2C_Master_ISR_IT) for I2C_Master_ISR_IT
    stm32l0xx_hal_i2c.o(i.HAL_I2C_Slave_Receive) refers to stm32l0xx_hal.o(i.HAL_GetTick) for HAL_GetTick
    stm32l0xx_hal_i2c.o(i.HAL_I2C_Slave_Receive) refers to stm32l0xx_hal_i2c.o(i.I2C_WaitOnFlagUntilTimeout) for I2C_WaitOnFlagUntilTimeout
    stm32l0xx_hal_i2c.o(i.HAL_I2C_Slave_Receive) refers to stm32l0xx_hal_i2c.o(i.I2C_WaitOnRXNEFlagUntilTimeout) for I2C_WaitOnRXNEFlagUntilTimeout
    stm32l0xx_hal_i2c.o(i.HAL_I2C_Slave_Receive) refers to stm32l0xx_hal_i2c.o(i.I2C_WaitOnSTOPFlagUntilTimeout) for I2C_WaitOnSTOPFlagUntilTimeout
    stm32l0xx_hal_i2c.o(i.HAL_I2C_Slave_Receive_DMA) refers to stm32l0xx_hal_dma.o(i.HAL_DMA_Start_IT) for HAL_DMA_Start_IT
    stm32l0xx_hal_i2c.o(i.HAL_I2C_Slave_Receive_DMA) refers to stm32l0xx_hal_i2c.o(i.I2C_Enable_IRQ) for I2C_Enable_IRQ
    stm32l0xx_hal_i2c.o(i.HAL_I2C_Slave_Receive_DMA) refers to stm32l0xx_hal_i2c.o(i.I2C_Slave_ISR_DMA) for I2C_Slave_ISR_DMA
    stm32l0xx_hal_i2c.o(i.HAL_I2C_Slave_Receive_DMA) refers to stm32l0xx_hal_i2c.o(i.I2C_DMASlaveReceiveCplt) for I2C_DMASlaveReceiveCplt
    stm32l0xx_hal_i2c.o(i.HAL_I2C_Slave_Receive_DMA) refers to stm32l0xx_hal_i2c.o(i.I2C_DMAError) for I2C_DMAError
    stm32l0xx_hal_i2c.o(i.HAL_I2C_Slave_Receive_IT) refers to stm32l0xx_hal_i2c.o(i.I2C_Enable_IRQ) for I2C_Enable_IRQ
    stm32l0xx_hal_i2c.o(i.HAL_I2C_Slave_Receive_IT) refers to stm32l0xx_hal_i2c.o(i.I2C_Slave_ISR_IT) for I2C_Slave_ISR_IT
    stm32l0xx_hal_i2c.o(i.HAL_I2C_Slave_Seq_Receive_DMA) refers to stm32l0xx_hal_i2c.o(i.I2C_Disable_IRQ) for I2C_Disable_IRQ
    stm32l0xx_hal_i2c.o(i.HAL_I2C_Slave_Seq_Receive_DMA) refers to stm32l0xx_hal_dma.o(i.HAL_DMA_Abort_IT) for HAL_DMA_Abort_IT
    stm32l0xx_hal_i2c.o(i.HAL_I2C_Slave_Seq_Receive_DMA) refers to stm32l0xx_hal_dma.o(i.HAL_DMA_Start_IT) for HAL_DMA_Start_IT
    stm32l0xx_hal_i2c.o(i.HAL_I2C_Slave_Seq_Receive_DMA) refers to stm32l0xx_hal_i2c.o(i.I2C_Enable_IRQ) for I2C_Enable_IRQ
    stm32l0xx_hal_i2c.o(i.HAL_I2C_Slave_Seq_Receive_DMA) refers to stm32l0xx_hal_i2c.o(i.I2C_DMAAbort) for I2C_DMAAbort
    stm32l0xx_hal_i2c.o(i.HAL_I2C_Slave_Seq_Receive_DMA) refers to stm32l0xx_hal_i2c.o(i.I2C_Slave_ISR_DMA) for I2C_Slave_ISR_DMA
    stm32l0xx_hal_i2c.o(i.HAL_I2C_Slave_Seq_Receive_DMA) refers to stm32l0xx_hal_i2c.o(i.I2C_DMASlaveReceiveCplt) for I2C_DMASlaveReceiveCplt
    stm32l0xx_hal_i2c.o(i.HAL_I2C_Slave_Seq_Receive_DMA) refers to stm32l0xx_hal_i2c.o(i.I2C_DMAError) for I2C_DMAError
    stm32l0xx_hal_i2c.o(i.HAL_I2C_Slave_Seq_Receive_IT) refers to stm32l0xx_hal_i2c.o(i.I2C_Disable_IRQ) for I2C_Disable_IRQ
    stm32l0xx_hal_i2c.o(i.HAL_I2C_Slave_Seq_Receive_IT) refers to stm32l0xx_hal_dma.o(i.HAL_DMA_Abort_IT) for HAL_DMA_Abort_IT
    stm32l0xx_hal_i2c.o(i.HAL_I2C_Slave_Seq_Receive_IT) refers to stm32l0xx_hal_i2c.o(i.I2C_Enable_IRQ) for I2C_Enable_IRQ
    stm32l0xx_hal_i2c.o(i.HAL_I2C_Slave_Seq_Receive_IT) refers to stm32l0xx_hal_i2c.o(i.I2C_DMAAbort) for I2C_DMAAbort
    stm32l0xx_hal_i2c.o(i.HAL_I2C_Slave_Seq_Receive_IT) refers to stm32l0xx_hal_i2c.o(i.I2C_Slave_ISR_IT) for I2C_Slave_ISR_IT
    stm32l0xx_hal_i2c.o(i.HAL_I2C_Slave_Seq_Transmit_DMA) refers to stm32l0xx_hal_i2c.o(i.I2C_Disable_IRQ) for I2C_Disable_IRQ
    stm32l0xx_hal_i2c.o(i.HAL_I2C_Slave_Seq_Transmit_DMA) refers to stm32l0xx_hal_dma.o(i.HAL_DMA_Abort_IT) for HAL_DMA_Abort_IT
    stm32l0xx_hal_i2c.o(i.HAL_I2C_Slave_Seq_Transmit_DMA) refers to stm32l0xx_hal_dma.o(i.HAL_DMA_Start_IT) for HAL_DMA_Start_IT
    stm32l0xx_hal_i2c.o(i.HAL_I2C_Slave_Seq_Transmit_DMA) refers to stm32l0xx_hal_i2c.o(i.I2C_Enable_IRQ) for I2C_Enable_IRQ
    stm32l0xx_hal_i2c.o(i.HAL_I2C_Slave_Seq_Transmit_DMA) refers to stm32l0xx_hal_i2c.o(i.I2C_DMAAbort) for I2C_DMAAbort
    stm32l0xx_hal_i2c.o(i.HAL_I2C_Slave_Seq_Transmit_DMA) refers to stm32l0xx_hal_i2c.o(i.I2C_Slave_ISR_DMA) for I2C_Slave_ISR_DMA
    stm32l0xx_hal_i2c.o(i.HAL_I2C_Slave_Seq_Transmit_DMA) refers to stm32l0xx_hal_i2c.o(i.I2C_DMASlaveTransmitCplt) for I2C_DMASlaveTransmitCplt
    stm32l0xx_hal_i2c.o(i.HAL_I2C_Slave_Seq_Transmit_DMA) refers to stm32l0xx_hal_i2c.o(i.I2C_DMAError) for I2C_DMAError
    stm32l0xx_hal_i2c.o(i.HAL_I2C_Slave_Seq_Transmit_IT) refers to stm32l0xx_hal_i2c.o(i.I2C_Disable_IRQ) for I2C_Disable_IRQ
    stm32l0xx_hal_i2c.o(i.HAL_I2C_Slave_Seq_Transmit_IT) refers to stm32l0xx_hal_dma.o(i.HAL_DMA_Abort_IT) for HAL_DMA_Abort_IT
    stm32l0xx_hal_i2c.o(i.HAL_I2C_Slave_Seq_Transmit_IT) refers to stm32l0xx_hal_i2c.o(i.I2C_Enable_IRQ) for I2C_Enable_IRQ
    stm32l0xx_hal_i2c.o(i.HAL_I2C_Slave_Seq_Transmit_IT) refers to stm32l0xx_hal_i2c.o(i.I2C_DMAAbort) for I2C_DMAAbort
    stm32l0xx_hal_i2c.o(i.HAL_I2C_Slave_Seq_Transmit_IT) refers to stm32l0xx_hal_i2c.o(i.I2C_Slave_ISR_IT) for I2C_Slave_ISR_IT
    stm32l0xx_hal_i2c.o(i.HAL_I2C_Slave_Transmit) refers to stm32l0xx_hal.o(i.HAL_GetTick) for HAL_GetTick
    stm32l0xx_hal_i2c.o(i.HAL_I2C_Slave_Transmit) refers to stm32l0xx_hal_i2c.o(i.I2C_WaitOnFlagUntilTimeout) for I2C_WaitOnFlagUntilTimeout
    stm32l0xx_hal_i2c.o(i.HAL_I2C_Slave_Transmit) refers to stm32l0xx_hal_i2c.o(i.I2C_WaitOnTXISFlagUntilTimeout) for I2C_WaitOnTXISFlagUntilTimeout
    stm32l0xx_hal_i2c.o(i.HAL_I2C_Slave_Transmit) refers to stm32l0xx_hal_i2c.o(i.I2C_WaitOnSTOPFlagUntilTimeout) for I2C_WaitOnSTOPFlagUntilTimeout
    stm32l0xx_hal_i2c.o(i.HAL_I2C_Slave_Transmit_DMA) refers to stm32l0xx_hal_dma.o(i.HAL_DMA_Start_IT) for HAL_DMA_Start_IT
    stm32l0xx_hal_i2c.o(i.HAL_I2C_Slave_Transmit_DMA) refers to stm32l0xx_hal_i2c.o(i.I2C_Enable_IRQ) for I2C_Enable_IRQ
    stm32l0xx_hal_i2c.o(i.HAL_I2C_Slave_Transmit_DMA) refers to stm32l0xx_hal_i2c.o(i.I2C_Slave_ISR_DMA) for I2C_Slave_ISR_DMA
    stm32l0xx_hal_i2c.o(i.HAL_I2C_Slave_Transmit_DMA) refers to stm32l0xx_hal_i2c.o(i.I2C_DMASlaveTransmitCplt) for I2C_DMASlaveTransmitCplt
    stm32l0xx_hal_i2c.o(i.HAL_I2C_Slave_Transmit_DMA) refers to stm32l0xx_hal_i2c.o(i.I2C_DMAError) for I2C_DMAError
    stm32l0xx_hal_i2c.o(i.HAL_I2C_Slave_Transmit_IT) refers to stm32l0xx_hal_i2c.o(i.I2C_Enable_IRQ) for I2C_Enable_IRQ
    stm32l0xx_hal_i2c.o(i.HAL_I2C_Slave_Transmit_IT) refers to stm32l0xx_hal_i2c.o(i.I2C_Slave_ISR_IT) for I2C_Slave_ISR_IT
    stm32l0xx_hal_i2c.o(i.I2C_DMAAbort) refers to stm32l0xx_hal_i2c.o(i.I2C_TreatErrorCallback) for I2C_TreatErrorCallback
    stm32l0xx_hal_i2c.o(i.I2C_DMAError) refers to stm32l0xx_hal_i2c.o(i.I2C_ITError) for I2C_ITError
    stm32l0xx_hal_i2c.o(i.I2C_DMAMasterReceiveCplt) refers to stm32l0xx_hal_i2c.o(i.I2C_Enable_IRQ) for I2C_Enable_IRQ
    stm32l0xx_hal_i2c.o(i.I2C_DMAMasterReceiveCplt) refers to stm32l0xx_hal_dma.o(i.HAL_DMA_Start_IT) for HAL_DMA_Start_IT
    stm32l0xx_hal_i2c.o(i.I2C_DMAMasterReceiveCplt) refers to stm32l0xx_hal_i2c.o(i.I2C_ITError) for I2C_ITError
    stm32l0xx_hal_i2c.o(i.I2C_DMAMasterTransmitCplt) refers to stm32l0xx_hal_i2c.o(i.I2C_Enable_IRQ) for I2C_Enable_IRQ
    stm32l0xx_hal_i2c.o(i.I2C_DMAMasterTransmitCplt) refers to stm32l0xx_hal_dma.o(i.HAL_DMA_Start_IT) for HAL_DMA_Start_IT
    stm32l0xx_hal_i2c.o(i.I2C_DMAMasterTransmitCplt) refers to stm32l0xx_hal_i2c.o(i.I2C_ITError) for I2C_ITError
    stm32l0xx_hal_i2c.o(i.I2C_DMASlaveReceiveCplt) refers to stm32l0xx_hal_i2c.o(i.I2C_ITSlaveSeqCplt) for I2C_ITSlaveSeqCplt
    stm32l0xx_hal_i2c.o(i.I2C_DMASlaveTransmitCplt) refers to stm32l0xx_hal_i2c.o(i.I2C_ITSlaveSeqCplt) for I2C_ITSlaveSeqCplt
    stm32l0xx_hal_i2c.o(i.I2C_Enable_IRQ) refers to stm32l0xx_hal_i2c.o(i.I2C_Master_ISR_DMA) for I2C_Master_ISR_DMA
    stm32l0xx_hal_i2c.o(i.I2C_Enable_IRQ) refers to stm32l0xx_hal_i2c.o(i.I2C_Slave_ISR_DMA) for I2C_Slave_ISR_DMA
    stm32l0xx_hal_i2c.o(i.I2C_ITAddrCplt) refers to stm32l0xx_hal_i2c.o(i.HAL_I2C_AddrCallback) for HAL_I2C_AddrCallback
    stm32l0xx_hal_i2c.o(i.I2C_ITAddrCplt) refers to stm32l0xx_hal_i2c.o(i.I2C_Disable_IRQ) for I2C_Disable_IRQ
    stm32l0xx_hal_i2c.o(i.I2C_ITError) refers to stm32l0xx_hal_i2c.o(i.I2C_Disable_IRQ) for I2C_Disable_IRQ
    stm32l0xx_hal_i2c.o(i.I2C_ITError) refers to stm32l0xx_hal_dma.o(i.HAL_DMA_GetState) for HAL_DMA_GetState
    stm32l0xx_hal_i2c.o(i.I2C_ITError) refers to stm32l0xx_hal_dma.o(i.HAL_DMA_Abort_IT) for HAL_DMA_Abort_IT
    stm32l0xx_hal_i2c.o(i.I2C_ITError) refers to stm32l0xx_hal_i2c.o(i.I2C_TreatErrorCallback) for I2C_TreatErrorCallback
    stm32l0xx_hal_i2c.o(i.I2C_ITError) refers to stm32l0xx_hal_i2c.o(i.I2C_Slave_ISR_IT) for I2C_Slave_ISR_IT
    stm32l0xx_hal_i2c.o(i.I2C_ITError) refers to stm32l0xx_hal_i2c.o(i.I2C_DMAAbort) for I2C_DMAAbort
    stm32l0xx_hal_i2c.o(i.I2C_ITListenCplt) refers to stm32l0xx_hal_i2c.o(i.I2C_Disable_IRQ) for I2C_Disable_IRQ
    stm32l0xx_hal_i2c.o(i.I2C_ITListenCplt) refers to stm32l0xx_hal_i2c.o(i.HAL_I2C_ListenCpltCallback) for HAL_I2C_ListenCpltCallback
    stm32l0xx_hal_i2c.o(i.I2C_ITMasterCplt) refers to stm32l0xx_hal_i2c.o(i.I2C_Disable_IRQ) for I2C_Disable_IRQ
    stm32l0xx_hal_i2c.o(i.I2C_ITMasterCplt) refers to stm32l0xx_hal_i2c.o(i.I2C_Flush_TXDR) for I2C_Flush_TXDR
    stm32l0xx_hal_i2c.o(i.I2C_ITMasterCplt) refers to stm32l0xx_hal_i2c.o(i.I2C_ITError) for I2C_ITError
    stm32l0xx_hal_i2c.o(i.I2C_ITMasterCplt) refers to stm32l0xx_hal_i2c.o(i.HAL_I2C_MemTxCpltCallback) for HAL_I2C_MemTxCpltCallback
    stm32l0xx_hal_i2c.o(i.I2C_ITMasterCplt) refers to stm32l0xx_hal_i2c.o(i.HAL_I2C_MasterTxCpltCallback) for HAL_I2C_MasterTxCpltCallback
    stm32l0xx_hal_i2c.o(i.I2C_ITMasterCplt) refers to stm32l0xx_hal_i2c.o(i.HAL_I2C_MemRxCpltCallback) for HAL_I2C_MemRxCpltCallback
    stm32l0xx_hal_i2c.o(i.I2C_ITMasterCplt) refers to stm32l0xx_hal_i2c.o(i.HAL_I2C_MasterRxCpltCallback) for HAL_I2C_MasterRxCpltCallback
    stm32l0xx_hal_i2c.o(i.I2C_ITMasterSeqCplt) refers to stm32l0xx_hal_i2c.o(i.I2C_Disable_IRQ) for I2C_Disable_IRQ
    stm32l0xx_hal_i2c.o(i.I2C_ITMasterSeqCplt) refers to stm32l0xx_hal_i2c.o(i.HAL_I2C_MasterTxCpltCallback) for HAL_I2C_MasterTxCpltCallback
    stm32l0xx_hal_i2c.o(i.I2C_ITMasterSeqCplt) refers to stm32l0xx_hal_i2c.o(i.HAL_I2C_MasterRxCpltCallback) for HAL_I2C_MasterRxCpltCallback
    stm32l0xx_hal_i2c.o(i.I2C_ITSlaveCplt) refers to stm32l0xx_hal_i2c.o(i.I2C_Disable_IRQ) for I2C_Disable_IRQ
    stm32l0xx_hal_i2c.o(i.I2C_ITSlaveCplt) refers to stm32l0xx_hal_i2c.o(i.I2C_Flush_TXDR) for I2C_Flush_TXDR
    stm32l0xx_hal_i2c.o(i.I2C_ITSlaveCplt) refers to stm32l0xx_hal_i2c.o(i.I2C_ITError) for I2C_ITError
    stm32l0xx_hal_i2c.o(i.I2C_ITSlaveCplt) refers to stm32l0xx_hal_i2c.o(i.I2C_ITListenCplt) for I2C_ITListenCplt
    stm32l0xx_hal_i2c.o(i.I2C_ITSlaveCplt) refers to stm32l0xx_hal_i2c.o(i.I2C_ITSlaveSeqCplt) for I2C_ITSlaveSeqCplt
    stm32l0xx_hal_i2c.o(i.I2C_ITSlaveCplt) refers to stm32l0xx_hal_i2c.o(i.HAL_I2C_ListenCpltCallback) for HAL_I2C_ListenCpltCallback
    stm32l0xx_hal_i2c.o(i.I2C_ITSlaveCplt) refers to stm32l0xx_hal_i2c.o(i.HAL_I2C_SlaveRxCpltCallback) for HAL_I2C_SlaveRxCpltCallback
    stm32l0xx_hal_i2c.o(i.I2C_ITSlaveCplt) refers to stm32l0xx_hal_i2c.o(i.HAL_I2C_SlaveTxCpltCallback) for HAL_I2C_SlaveTxCpltCallback
    stm32l0xx_hal_i2c.o(i.I2C_ITSlaveSeqCplt) refers to stm32l0xx_hal_i2c.o(i.I2C_Disable_IRQ) for I2C_Disable_IRQ
    stm32l0xx_hal_i2c.o(i.I2C_ITSlaveSeqCplt) refers to stm32l0xx_hal_i2c.o(i.HAL_I2C_SlaveTxCpltCallback) for HAL_I2C_SlaveTxCpltCallback
    stm32l0xx_hal_i2c.o(i.I2C_ITSlaveSeqCplt) refers to stm32l0xx_hal_i2c.o(i.HAL_I2C_SlaveRxCpltCallback) for HAL_I2C_SlaveRxCpltCallback
    stm32l0xx_hal_i2c.o(i.I2C_IsAcknowledgeFailed) refers to stm32l0xx_hal.o(i.HAL_GetTick) for HAL_GetTick
    stm32l0xx_hal_i2c.o(i.I2C_IsAcknowledgeFailed) refers to stm32l0xx_hal_i2c.o(i.I2C_Flush_TXDR) for I2C_Flush_TXDR
    stm32l0xx_hal_i2c.o(i.I2C_Master_ISR_DMA) refers to stm32l0xx_hal_i2c.o(i.I2C_Enable_IRQ) for I2C_Enable_IRQ
    stm32l0xx_hal_i2c.o(i.I2C_Master_ISR_DMA) refers to stm32l0xx_hal_i2c.o(i.I2C_Flush_TXDR) for I2C_Flush_TXDR
    stm32l0xx_hal_i2c.o(i.I2C_Master_ISR_DMA) refers to stm32l0xx_hal_i2c.o(i.I2C_TransferConfig) for I2C_TransferConfig
    stm32l0xx_hal_i2c.o(i.I2C_Master_ISR_DMA) refers to stm32l0xx_hal_i2c.o(i.I2C_ITMasterSeqCplt) for I2C_ITMasterSeqCplt
    stm32l0xx_hal_i2c.o(i.I2C_Master_ISR_DMA) refers to stm32l0xx_hal_i2c.o(i.I2C_ITError) for I2C_ITError
    stm32l0xx_hal_i2c.o(i.I2C_Master_ISR_DMA) refers to stm32l0xx_hal_i2c.o(i.I2C_ITMasterCplt) for I2C_ITMasterCplt
    stm32l0xx_hal_i2c.o(i.I2C_Master_ISR_IT) refers to stm32l0xx_hal_i2c.o(i.I2C_Flush_TXDR) for I2C_Flush_TXDR
    stm32l0xx_hal_i2c.o(i.I2C_Master_ISR_IT) refers to stm32l0xx_hal_i2c.o(i.I2C_TransferConfig) for I2C_TransferConfig
    stm32l0xx_hal_i2c.o(i.I2C_Master_ISR_IT) refers to stm32l0xx_hal_i2c.o(i.I2C_ITMasterSeqCplt) for I2C_ITMasterSeqCplt
    stm32l0xx_hal_i2c.o(i.I2C_Master_ISR_IT) refers to stm32l0xx_hal_i2c.o(i.I2C_ITError) for I2C_ITError
    stm32l0xx_hal_i2c.o(i.I2C_Master_ISR_IT) refers to stm32l0xx_hal_i2c.o(i.I2C_ITMasterCplt) for I2C_ITMasterCplt
    stm32l0xx_hal_i2c.o(i.I2C_RequestMemoryRead) refers to stm32l0xx_hal_i2c.o(i.I2C_TransferConfig) for I2C_TransferConfig
    stm32l0xx_hal_i2c.o(i.I2C_RequestMemoryRead) refers to stm32l0xx_hal_i2c.o(i.I2C_WaitOnTXISFlagUntilTimeout) for I2C_WaitOnTXISFlagUntilTimeout
    stm32l0xx_hal_i2c.o(i.I2C_RequestMemoryRead) refers to stm32l0xx_hal_i2c.o(i.I2C_WaitOnFlagUntilTimeout) for I2C_WaitOnFlagUntilTimeout
    stm32l0xx_hal_i2c.o(i.I2C_RequestMemoryWrite) refers to stm32l0xx_hal_i2c.o(i.I2C_TransferConfig) for I2C_TransferConfig
    stm32l0xx_hal_i2c.o(i.I2C_RequestMemoryWrite) refers to stm32l0xx_hal_i2c.o(i.I2C_WaitOnTXISFlagUntilTimeout) for I2C_WaitOnTXISFlagUntilTimeout
    stm32l0xx_hal_i2c.o(i.I2C_RequestMemoryWrite) refers to stm32l0xx_hal_i2c.o(i.I2C_WaitOnFlagUntilTimeout) for I2C_WaitOnFlagUntilTimeout
    stm32l0xx_hal_i2c.o(i.I2C_Slave_ISR_DMA) refers to stm32l0xx_hal_i2c.o(i.I2C_ITSlaveCplt) for I2C_ITSlaveCplt
    stm32l0xx_hal_i2c.o(i.I2C_Slave_ISR_DMA) refers to stm32l0xx_hal_i2c.o(i.I2C_ITListenCplt) for I2C_ITListenCplt
    stm32l0xx_hal_i2c.o(i.I2C_Slave_ISR_DMA) refers to stm32l0xx_hal_i2c.o(i.I2C_Flush_TXDR) for I2C_Flush_TXDR
    stm32l0xx_hal_i2c.o(i.I2C_Slave_ISR_DMA) refers to stm32l0xx_hal_i2c.o(i.I2C_ITSlaveSeqCplt) for I2C_ITSlaveSeqCplt
    stm32l0xx_hal_i2c.o(i.I2C_Slave_ISR_DMA) refers to stm32l0xx_hal_i2c.o(i.I2C_ITError) for I2C_ITError
    stm32l0xx_hal_i2c.o(i.I2C_Slave_ISR_DMA) refers to stm32l0xx_hal_i2c.o(i.I2C_ITAddrCplt) for I2C_ITAddrCplt
    stm32l0xx_hal_i2c.o(i.I2C_Slave_ISR_IT) refers to stm32l0xx_hal_i2c.o(i.I2C_ITSlaveCplt) for I2C_ITSlaveCplt
    stm32l0xx_hal_i2c.o(i.I2C_Slave_ISR_IT) refers to stm32l0xx_hal_i2c.o(i.I2C_ITListenCplt) for I2C_ITListenCplt
    stm32l0xx_hal_i2c.o(i.I2C_Slave_ISR_IT) refers to stm32l0xx_hal_i2c.o(i.I2C_Flush_TXDR) for I2C_Flush_TXDR
    stm32l0xx_hal_i2c.o(i.I2C_Slave_ISR_IT) refers to stm32l0xx_hal_i2c.o(i.I2C_ITSlaveSeqCplt) for I2C_ITSlaveSeqCplt
    stm32l0xx_hal_i2c.o(i.I2C_Slave_ISR_IT) refers to stm32l0xx_hal_i2c.o(i.I2C_ITError) for I2C_ITError
    stm32l0xx_hal_i2c.o(i.I2C_Slave_ISR_IT) refers to stm32l0xx_hal_i2c.o(i.I2C_ITAddrCplt) for I2C_ITAddrCplt
    stm32l0xx_hal_i2c.o(i.I2C_TreatErrorCallback) refers to stm32l0xx_hal_i2c.o(i.HAL_I2C_AbortCpltCallback) for HAL_I2C_AbortCpltCallback
    stm32l0xx_hal_i2c.o(i.I2C_TreatErrorCallback) refers to stm32l0xx_hal_i2c.o(i.HAL_I2C_ErrorCallback) for HAL_I2C_ErrorCallback
    stm32l0xx_hal_i2c.o(i.I2C_WaitOnFlagUntilTimeout) refers to stm32l0xx_hal.o(i.HAL_GetTick) for HAL_GetTick
    stm32l0xx_hal_i2c.o(i.I2C_WaitOnRXNEFlagUntilTimeout) refers to stm32l0xx_hal_i2c.o(i.I2C_IsAcknowledgeFailed) for I2C_IsAcknowledgeFailed
    stm32l0xx_hal_i2c.o(i.I2C_WaitOnRXNEFlagUntilTimeout) refers to stm32l0xx_hal.o(i.HAL_GetTick) for HAL_GetTick
    stm32l0xx_hal_i2c.o(i.I2C_WaitOnSTOPFlagUntilTimeout) refers to stm32l0xx_hal_i2c.o(i.I2C_IsAcknowledgeFailed) for I2C_IsAcknowledgeFailed
    stm32l0xx_hal_i2c.o(i.I2C_WaitOnSTOPFlagUntilTimeout) refers to stm32l0xx_hal.o(i.HAL_GetTick) for HAL_GetTick
    stm32l0xx_hal_i2c.o(i.I2C_WaitOnTXISFlagUntilTimeout) refers to stm32l0xx_hal_i2c.o(i.I2C_IsAcknowledgeFailed) for I2C_IsAcknowledgeFailed
    stm32l0xx_hal_i2c.o(i.I2C_WaitOnTXISFlagUntilTimeout) refers to stm32l0xx_hal.o(i.HAL_GetTick) for HAL_GetTick
    stm32l0xx_hal_rcc.o(i.HAL_RCC_ClockConfig) refers to stm32l0xx_hal.o(i.HAL_GetTick) for HAL_GetTick
    stm32l0xx_hal_rcc.o(i.HAL_RCC_ClockConfig) refers to stm32l0xx_hal_rcc.o(i.HAL_RCC_GetSysClockFreq) for HAL_RCC_GetSysClockFreq
    stm32l0xx_hal_rcc.o(i.HAL_RCC_ClockConfig) refers to stm32l0xx_hal.o(i.HAL_InitTick) for HAL_InitTick
    stm32l0xx_hal_rcc.o(i.HAL_RCC_ClockConfig) refers to system_stm32l0xx.o(.constdata) for AHBPrescTable
    stm32l0xx_hal_rcc.o(i.HAL_RCC_ClockConfig) refers to system_stm32l0xx.o(.data) for SystemCoreClock
    stm32l0xx_hal_rcc.o(i.HAL_RCC_DeInit) refers to stm32l0xx_hal.o(i.HAL_GetTick) for HAL_GetTick
    stm32l0xx_hal_rcc.o(i.HAL_RCC_DeInit) refers to stm32l0xx_hal.o(i.HAL_InitTick) for HAL_InitTick
    stm32l0xx_hal_rcc.o(i.HAL_RCC_DeInit) refers to system_stm32l0xx.o(.data) for SystemCoreClock
    stm32l0xx_hal_rcc.o(i.HAL_RCC_GetHCLKFreq) refers to system_stm32l0xx.o(.data) for SystemCoreClock
    stm32l0xx_hal_rcc.o(i.HAL_RCC_GetPCLK1Freq) refers to stm32l0xx_hal_rcc.o(i.HAL_RCC_GetHCLKFreq) for HAL_RCC_GetHCLKFreq
    stm32l0xx_hal_rcc.o(i.HAL_RCC_GetPCLK1Freq) refers to system_stm32l0xx.o(.constdata) for APBPrescTable
    stm32l0xx_hal_rcc.o(i.HAL_RCC_GetPCLK2Freq) refers to stm32l0xx_hal_rcc.o(i.HAL_RCC_GetHCLKFreq) for HAL_RCC_GetHCLKFreq
    stm32l0xx_hal_rcc.o(i.HAL_RCC_GetPCLK2Freq) refers to system_stm32l0xx.o(.constdata) for APBPrescTable
    stm32l0xx_hal_rcc.o(i.HAL_RCC_GetSysClockFreq) refers to uidiv.o(.text) for __aeabi_uidivmod
    stm32l0xx_hal_rcc.o(i.HAL_RCC_GetSysClockFreq) refers to system_stm32l0xx.o(.constdata) for PLLMulTable
    stm32l0xx_hal_rcc.o(i.HAL_RCC_MCOConfig) refers to memseta.o(.text) for __aeabi_memclr4
    stm32l0xx_hal_rcc.o(i.HAL_RCC_MCOConfig) refers to stm32l0xx_hal_gpio.o(i.HAL_GPIO_Init) for HAL_GPIO_Init
    stm32l0xx_hal_rcc.o(i.HAL_RCC_NMI_IRQHandler) refers to stm32l0xx_hal_rcc.o(i.HAL_RCC_CSSCallback) for HAL_RCC_CSSCallback
    stm32l0xx_hal_rcc.o(i.HAL_RCC_OscConfig) refers to stm32l0xx_hal.o(i.HAL_GetTick) for HAL_GetTick
    stm32l0xx_hal_rcc.o(i.HAL_RCC_OscConfig) refers to stm32l0xx_hal_rcc.o(i.HAL_RCC_GetSysClockFreq) for HAL_RCC_GetSysClockFreq
    stm32l0xx_hal_rcc.o(i.HAL_RCC_OscConfig) refers to stm32l0xx_hal.o(i.HAL_InitTick) for HAL_InitTick
    stm32l0xx_hal_rcc.o(i.HAL_RCC_OscConfig) refers to system_stm32l0xx.o(.constdata) for AHBPrescTable
    stm32l0xx_hal_rcc.o(i.HAL_RCC_OscConfig) refers to system_stm32l0xx.o(.data) for SystemCoreClock
    stm32l0xx_hal_rcc_ex.o(i.HAL_RCCEx_GetPeriphCLKFreq) refers to stm32l0xx_hal_rcc.o(i.HAL_RCC_GetPCLK2Freq) for HAL_RCC_GetPCLK2Freq
    stm32l0xx_hal_rcc_ex.o(i.HAL_RCCEx_GetPeriphCLKFreq) refers to stm32l0xx_hal_rcc.o(i.HAL_RCC_GetSysClockFreq) for HAL_RCC_GetSysClockFreq
    stm32l0xx_hal_rcc_ex.o(i.HAL_RCCEx_GetPeriphCLKFreq) refers to stm32l0xx_hal_rcc.o(i.HAL_RCC_GetPCLK1Freq) for HAL_RCC_GetPCLK1Freq
    stm32l0xx_hal_rcc_ex.o(i.HAL_RCCEx_LSECSS_IRQHandler) refers to stm32l0xx_hal_rcc_ex.o(i.HAL_RCCEx_LSECSS_Callback) for HAL_RCCEx_LSECSS_Callback
    stm32l0xx_hal_rcc_ex.o(i.HAL_RCCEx_PeriphCLKConfig) refers to stm32l0xx_hal.o(i.HAL_GetTick) for HAL_GetTick
    stm32l0xx_hal_flash_ramfunc.o(i.FLASHRAM_SetErrorCode) refers to stm32l0xx_hal_flash.o(.bss) for pFlash
    stm32l0xx_hal_flash_ramfunc.o(i.FLASHRAM_WaitForLastOperation) refers to stm32l0xx_hal_flash_ramfunc.o(i.FLASHRAM_SetErrorCode) for FLASHRAM_SetErrorCode
    stm32l0xx_hal_flash_ramfunc.o(i.HAL_FLASHEx_GetError) refers to stm32l0xx_hal_flash.o(.bss) for pFlash
    stm32l0xx_hal_flash_ramfunc.o(i.HAL_FLASHEx_HalfPageProgram) refers to stm32l0xx_hal_flash_ramfunc.o(i.FLASHRAM_WaitForLastOperation) for FLASHRAM_WaitForLastOperation
    stm32l0xx_hal_flash.o(i.FLASH_SetErrorCode) refers to stm32l0xx_hal_flash.o(.bss) for pFlash
    stm32l0xx_hal_flash.o(i.FLASH_WaitForLastOperation) refers to stm32l0xx_hal.o(i.HAL_GetTick) for HAL_GetTick
    stm32l0xx_hal_flash.o(i.FLASH_WaitForLastOperation) refers to stm32l0xx_hal_flash.o(i.FLASH_SetErrorCode) for FLASH_SetErrorCode
    stm32l0xx_hal_flash.o(i.HAL_FLASH_GetError) refers to stm32l0xx_hal_flash.o(.bss) for pFlash
    stm32l0xx_hal_flash.o(i.HAL_FLASH_IRQHandler) refers to stm32l0xx_hal_flash.o(i.FLASH_SetErrorCode) for FLASH_SetErrorCode
    stm32l0xx_hal_flash.o(i.HAL_FLASH_IRQHandler) refers to stm32l0xx_hal_flash.o(i.HAL_FLASH_OperationErrorCallback) for HAL_FLASH_OperationErrorCallback
    stm32l0xx_hal_flash.o(i.HAL_FLASH_IRQHandler) refers to stm32l0xx_hal_flash.o(i.HAL_FLASH_EndOfOperationCallback) for HAL_FLASH_EndOfOperationCallback
    stm32l0xx_hal_flash.o(i.HAL_FLASH_IRQHandler) refers to stm32l0xx_hal_flash_ex.o(i.FLASH_PageErase) for FLASH_PageErase
    stm32l0xx_hal_flash.o(i.HAL_FLASH_IRQHandler) refers to stm32l0xx_hal_flash.o(.bss) for pFlash
    stm32l0xx_hal_flash.o(i.HAL_FLASH_OB_Launch) refers to stm32l0xx_hal_flash.o(i.FLASH_WaitForLastOperation) for FLASH_WaitForLastOperation
    stm32l0xx_hal_flash.o(i.HAL_FLASH_Program) refers to stm32l0xx_hal_flash.o(i.FLASH_WaitForLastOperation) for FLASH_WaitForLastOperation
    stm32l0xx_hal_flash.o(i.HAL_FLASH_Program) refers to stm32l0xx_hal_flash.o(.bss) for pFlash
    stm32l0xx_hal_flash.o(i.HAL_FLASH_Program_IT) refers to stm32l0xx_hal_flash.o(.bss) for pFlash
    stm32l0xx_hal_flash_ex.o(i.FLASH_OB_BOOTBit1Config) refers to stm32l0xx_hal_flash.o(i.FLASH_WaitForLastOperation) for FLASH_WaitForLastOperation
    stm32l0xx_hal_flash_ex.o(i.FLASH_OB_BOOTBit1Config) refers to stm32l0xx_hal_flash.o(.bss) for pFlash
    stm32l0xx_hal_flash_ex.o(i.FLASH_OB_BORConfig) refers to stm32l0xx_hal_flash.o(i.FLASH_WaitForLastOperation) for FLASH_WaitForLastOperation
    stm32l0xx_hal_flash_ex.o(i.FLASH_OB_BORConfig) refers to stm32l0xx_hal_flash.o(.bss) for pFlash
    stm32l0xx_hal_flash_ex.o(i.FLASH_OB_ProtectedSectorsConfig) refers to stm32l0xx_hal_flash.o(i.FLASH_WaitForLastOperation) for FLASH_WaitForLastOperation
    stm32l0xx_hal_flash_ex.o(i.FLASH_OB_ProtectedSectorsConfig) refers to stm32l0xx_hal_flash.o(.bss) for pFlash
    stm32l0xx_hal_flash_ex.o(i.FLASH_OB_RDPConfig) refers to stm32l0xx_hal_flash.o(i.FLASH_WaitForLastOperation) for FLASH_WaitForLastOperation
    stm32l0xx_hal_flash_ex.o(i.FLASH_OB_RDPConfig) refers to stm32l0xx_hal_flash.o(.bss) for pFlash
    stm32l0xx_hal_flash_ex.o(i.FLASH_OB_UserConfig) refers to stm32l0xx_hal_flash.o(i.FLASH_WaitForLastOperation) for FLASH_WaitForLastOperation
    stm32l0xx_hal_flash_ex.o(i.FLASH_OB_UserConfig) refers to stm32l0xx_hal_flash.o(.bss) for pFlash
    stm32l0xx_hal_flash_ex.o(i.FLASH_PageErase) refers to stm32l0xx_hal_flash.o(.bss) for pFlash
    stm32l0xx_hal_flash_ex.o(i.HAL_FLASHEx_AdvOBProgram) refers to stm32l0xx_hal_flash_ex.o(i.FLASH_OB_ProtectedSectorsConfig) for FLASH_OB_ProtectedSectorsConfig
    stm32l0xx_hal_flash_ex.o(i.HAL_FLASHEx_DATAEEPROM_Erase) refers to stm32l0xx_hal_flash.o(i.FLASH_WaitForLastOperation) for FLASH_WaitForLastOperation
    stm32l0xx_hal_flash_ex.o(i.HAL_FLASHEx_DATAEEPROM_Erase) refers to stm32l0xx_hal_flash.o(.bss) for pFlash
    stm32l0xx_hal_flash_ex.o(i.HAL_FLASHEx_DATAEEPROM_Program) refers to stm32l0xx_hal_flash.o(i.FLASH_WaitForLastOperation) for FLASH_WaitForLastOperation
    stm32l0xx_hal_flash_ex.o(i.HAL_FLASHEx_DATAEEPROM_Program) refers to stm32l0xx_hal_flash.o(.bss) for pFlash
    stm32l0xx_hal_flash_ex.o(i.HAL_FLASHEx_Erase) refers to stm32l0xx_hal_flash.o(i.FLASH_WaitForLastOperation) for FLASH_WaitForLastOperation
    stm32l0xx_hal_flash_ex.o(i.HAL_FLASHEx_Erase) refers to stm32l0xx_hal_flash_ex.o(i.FLASH_PageErase) for FLASH_PageErase
    stm32l0xx_hal_flash_ex.o(i.HAL_FLASHEx_Erase) refers to stm32l0xx_hal_flash.o(.bss) for pFlash
    stm32l0xx_hal_flash_ex.o(i.HAL_FLASHEx_Erase_IT) refers to stm32l0xx_hal_flash.o(i.FLASH_WaitForLastOperation) for FLASH_WaitForLastOperation
    stm32l0xx_hal_flash_ex.o(i.HAL_FLASHEx_Erase_IT) refers to stm32l0xx_hal_flash_ex.o(i.FLASH_PageErase) for FLASH_PageErase
    stm32l0xx_hal_flash_ex.o(i.HAL_FLASHEx_Erase_IT) refers to stm32l0xx_hal_flash.o(.bss) for pFlash
    stm32l0xx_hal_flash_ex.o(i.HAL_FLASHEx_OBGetConfig) refers to stm32l0xx_hal_flash_ex.o(i.FLASH_OB_GetWRP) for FLASH_OB_GetWRP
    stm32l0xx_hal_flash_ex.o(i.HAL_FLASHEx_OBGetConfig) refers to stm32l0xx_hal_flash_ex.o(i.FLASH_OB_GetRDP) for FLASH_OB_GetRDP
    stm32l0xx_hal_flash_ex.o(i.HAL_FLASHEx_OBGetConfig) refers to stm32l0xx_hal_flash_ex.o(i.FLASH_OB_GetUser) for FLASH_OB_GetUser
    stm32l0xx_hal_flash_ex.o(i.HAL_FLASHEx_OBGetConfig) refers to stm32l0xx_hal_flash_ex.o(i.FLASH_OB_GetBOR) for FLASH_OB_GetBOR
    stm32l0xx_hal_flash_ex.o(i.HAL_FLASHEx_OBGetConfig) refers to stm32l0xx_hal_flash_ex.o(i.FLASH_OB_GetBOOTBit1) for FLASH_OB_GetBOOTBit1
    stm32l0xx_hal_flash_ex.o(i.HAL_FLASHEx_OBProgram) refers to stm32l0xx_hal_flash_ex.o(i.FLASH_OB_ProtectedSectorsConfig) for FLASH_OB_ProtectedSectorsConfig
    stm32l0xx_hal_flash_ex.o(i.HAL_FLASHEx_OBProgram) refers to stm32l0xx_hal_flash_ex.o(i.FLASH_OB_RDPConfig) for FLASH_OB_RDPConfig
    stm32l0xx_hal_flash_ex.o(i.HAL_FLASHEx_OBProgram) refers to stm32l0xx_hal_flash_ex.o(i.FLASH_OB_UserConfig) for FLASH_OB_UserConfig
    stm32l0xx_hal_flash_ex.o(i.HAL_FLASHEx_OBProgram) refers to stm32l0xx_hal_flash_ex.o(i.FLASH_OB_BORConfig) for FLASH_OB_BORConfig
    stm32l0xx_hal_flash_ex.o(i.HAL_FLASHEx_OBProgram) refers to stm32l0xx_hal_flash_ex.o(i.FLASH_OB_BOOTBit1Config) for FLASH_OB_BOOTBit1Config
    stm32l0xx_hal_flash_ex.o(i.HAL_FLASHEx_OBProgram) refers to stm32l0xx_hal_flash.o(.bss) for pFlash
    stm32l0xx_hal_flash_ex.o(i.HAL_FLASHEx_OB_DeSelectPCROP) refers to stm32l0xx_hal_flash.o(i.FLASH_WaitForLastOperation) for FLASH_WaitForLastOperation
    stm32l0xx_hal_flash_ex.o(i.HAL_FLASHEx_OB_DeSelectPCROP) refers to stm32l0xx_hal_flash.o(.bss) for pFlash
    stm32l0xx_hal_flash_ex.o(i.HAL_FLASHEx_OB_SelectPCROP) refers to stm32l0xx_hal_flash.o(i.FLASH_WaitForLastOperation) for FLASH_WaitForLastOperation
    stm32l0xx_hal_flash_ex.o(i.HAL_FLASHEx_OB_SelectPCROP) refers to stm32l0xx_hal_flash.o(.bss) for pFlash
    stm32l0xx_hal_gpio.o(i.HAL_GPIO_EXTI_IRQHandler) refers to stm32l0xx_hal_gpio.o(i.HAL_GPIO_EXTI_Callback) for HAL_GPIO_EXTI_Callback
    stm32l0xx_hal_dma.o(i.HAL_DMA_DeInit) refers to uidiv.o(.text) for __aeabi_uidivmod
    stm32l0xx_hal_dma.o(i.HAL_DMA_Init) refers to uidiv.o(.text) for __aeabi_uidivmod
    stm32l0xx_hal_dma.o(i.HAL_DMA_PollForTransfer) refers to stm32l0xx_hal.o(i.HAL_GetTick) for HAL_GetTick
    stm32l0xx_hal_dma.o(i.HAL_DMA_Start) refers to stm32l0xx_hal_dma.o(i.DMA_SetConfig) for DMA_SetConfig
    stm32l0xx_hal_dma.o(i.HAL_DMA_Start_IT) refers to stm32l0xx_hal_dma.o(i.DMA_SetConfig) for DMA_SetConfig
    stm32l0xx_hal_dma.o(i.HAL_DMA_UnRegisterCallback) refers to stm32l0xx_hal_dma.o(i.__ARM_common_switch8) for __ARM_common_switch8
    stm32l0xx_hal_pwr.o(i.HAL_PWR_PVD_IRQHandler) refers to stm32l0xx_hal_pwr.o(i.HAL_PWR_PVDCallback) for HAL_PWR_PVDCallback
    stm32l0xx_hal_pwr_ex.o(i.HAL_PWREx_DisableLowPowerRunMode) refers to uidiv.o(.text) for __aeabi_uidivmod
    stm32l0xx_hal_pwr_ex.o(i.HAL_PWREx_DisableLowPowerRunMode) refers to system_stm32l0xx.o(.data) for SystemCoreClock
    stm32l0xx_hal_cortex.o(i.HAL_NVIC_SetPriority) refers to stm32l0xx_hal_cortex.o(i.NVIC_SetPriority) for NVIC_SetPriority
    stm32l0xx_hal_cortex.o(i.HAL_SYSTICK_Config) refers to stm32l0xx_hal_cortex.o(i.NVIC_SetPriority) for NVIC_SetPriority
    stm32l0xx_hal_cortex.o(i.HAL_SYSTICK_IRQHandler) refers to stm32l0xx_hal_cortex.o(i.HAL_SYSTICK_Callback) for HAL_SYSTICK_Callback
    system_stm32l0xx.o(i.SystemCoreClockUpdate) refers to uidiv.o(.text) for __aeabi_uidivmod
    system_stm32l0xx.o(i.SystemCoreClockUpdate) refers to system_stm32l0xx.o(.data) for SystemCoreClock
    system_stm32l0xx.o(i.SystemCoreClockUpdate) refers to system_stm32l0xx.o(.constdata) for PLLMulTable
    entry.o(.ARM.Collect$$$$00000000) refers (Special) to entry10a.o(.ARM.Collect$$$$0000000D) for __rt_final_cpp
    entry.o(.ARM.Collect$$$$00000000) refers (Special) to entry11a.o(.ARM.Collect$$$$0000000F) for __rt_final_exit
    entry.o(.ARM.Collect$$$$00000000) refers (Special) to entry7b.o(.ARM.Collect$$$$00000008) for _main_clock
    entry.o(.ARM.Collect$$$$00000000) refers (Special) to entry8b.o(.ARM.Collect$$$$0000000A) for _main_cpp_init
    entry.o(.ARM.Collect$$$$00000000) refers (Special) to entry9a.o(.ARM.Collect$$$$0000000B) for _main_init
    entry.o(.ARM.Collect$$$$00000000) refers (Special) to entry5.o(.ARM.Collect$$$$00000004) for _main_scatterload
    entry.o(.ARM.Collect$$$$00000000) refers (Special) to entry2.o(.ARM.Collect$$$$00000001) for _main_stk
    dmul.o(.text) refers (Special) to iusefp.o(.text) for __I$use$fp
    dmul.o(.text) refers to depilogue.o(.text) for _double_epilogue
    dfltui.o(.text) refers (Special) to iusefp.o(.text) for __I$use$fp
    dfltui.o(.text) refers to depilogue.o(.text) for _double_epilogue
    dfixui.o(.text) refers (Special) to iusefp.o(.text) for __I$use$fp
    dfixui.o(.text) refers to llushr.o(.text) for __aeabi_llsr
    entry2.o(.ARM.Collect$$$$00000001) refers to entry2.o(.ARM.Collect$$$$00002712) for __lit__00000000
    entry2.o(.ARM.Collect$$$$00002712) refers to startup_stm32l051xx.o(STACK) for __initial_sp
    entry2.o(__vectab_stack_and_reset_area) refers to startup_stm32l051xx.o(STACK) for __initial_sp
    entry2.o(__vectab_stack_and_reset_area) refers to entry.o(.ARM.Collect$$$$00000000) for __main
    entry5.o(.ARM.Collect$$$$00000004) refers to init.o(.text) for __scatterload
    entry9a.o(.ARM.Collect$$$$0000000B) refers to main.o(i.main) for main
    entry9b.o(.ARM.Collect$$$$0000000C) refers to main.o(i.main) for main
    depilogue.o(.text) refers to depilogue.o(i.__ARM_clz) for __ARM_clz
    depilogue.o(.text) refers to llshl.o(.text) for __aeabi_llsl
    depilogue.o(.text) refers to llushr.o(.text) for __aeabi_llsr
    init.o(.text) refers to entry5.o(.ARM.Collect$$$$00000004) for __main_after_scatterload


==============================================================================

Removing Unused input sections from the image.

    Removing startup_stm32l051xx.o(HEAP), (512 bytes).
    Removing main.o(.rev16_text), (4 bytes).
    Removing main.o(.revsh_text), (4 bytes).
    Removing stm32l0xx_it.o(.rev16_text), (4 bytes).
    Removing stm32l0xx_it.o(.revsh_text), (4 bytes).
    Removing stm32l0xx_hal_msp.o(.rev16_text), (4 bytes).
    Removing stm32l0xx_hal_msp.o(.revsh_text), (4 bytes).
    Removing stm32l0xx_hal_tim.o(.rev16_text), (4 bytes).
    Removing stm32l0xx_hal_tim.o(.revsh_text), (4 bytes).
    Removing stm32l0xx_hal_tim_ex.o(.rev16_text), (4 bytes).
    Removing stm32l0xx_hal_tim_ex.o(.revsh_text), (4 bytes).
    Removing stm32l0xx_hal.o(.rev16_text), (4 bytes).
    Removing stm32l0xx_hal.o(.revsh_text), (4 bytes).
    Removing stm32l0xx_hal.o(i.HAL_DBGMCU_DBG_DisableLowPowerConfig), (16 bytes).
    Removing stm32l0xx_hal.o(i.HAL_DBGMCU_DBG_EnableLowPowerConfig), (16 bytes).
    Removing stm32l0xx_hal.o(i.HAL_DBGMCU_DisableDBGSleepMode), (20 bytes).
    Removing stm32l0xx_hal.o(i.HAL_DBGMCU_DisableDBGStandbyMode), (20 bytes).
    Removing stm32l0xx_hal.o(i.HAL_DBGMCU_DisableDBGStopMode), (20 bytes).
    Removing stm32l0xx_hal.o(i.HAL_DBGMCU_EnableDBGSleepMode), (20 bytes).
    Removing stm32l0xx_hal.o(i.HAL_DBGMCU_EnableDBGStandbyMode), (20 bytes).
    Removing stm32l0xx_hal.o(i.HAL_DBGMCU_EnableDBGStopMode), (20 bytes).
    Removing stm32l0xx_hal.o(i.HAL_DeInit), (52 bytes).
    Removing stm32l0xx_hal.o(i.HAL_Delay), (44 bytes).
    Removing stm32l0xx_hal.o(i.HAL_GetDEVID), (16 bytes).
    Removing stm32l0xx_hal.o(i.HAL_GetHalVersion), (8 bytes).
    Removing stm32l0xx_hal.o(i.HAL_GetREVID), (12 bytes).
    Removing stm32l0xx_hal.o(i.HAL_GetTickFreq), (12 bytes).
    Removing stm32l0xx_hal.o(i.HAL_GetTickPrio), (12 bytes).
    Removing stm32l0xx_hal.o(i.HAL_GetUIDw0), (12 bytes).
    Removing stm32l0xx_hal.o(i.HAL_GetUIDw1), (12 bytes).
    Removing stm32l0xx_hal.o(i.HAL_GetUIDw2), (12 bytes).
    Removing stm32l0xx_hal.o(i.HAL_MspDeInit), (2 bytes).
    Removing stm32l0xx_hal.o(i.HAL_MspInit), (2 bytes).
    Removing stm32l0xx_hal.o(i.HAL_ResumeTick), (20 bytes).
    Removing stm32l0xx_hal.o(i.HAL_SYSCFG_Disable_Lock_VREFINT), (20 bytes).
    Removing stm32l0xx_hal.o(i.HAL_SYSCFG_Enable_Lock_VREFINT), (20 bytes).
    Removing stm32l0xx_hal.o(i.HAL_SYSCFG_GetBootMode), (16 bytes).
    Removing stm32l0xx_hal.o(i.HAL_SYSCFG_VREFINT_OutputSelect), (28 bytes).
    Removing stm32l0xx_hal.o(i.HAL_SetTickFreq), (52 bytes).
    Removing stm32l0xx_hal.o(i.HAL_SuspendTick), (20 bytes).
    Removing stm32l0xx_hal_i2c.o(.rev16_text), (4 bytes).
    Removing stm32l0xx_hal_i2c.o(.revsh_text), (4 bytes).
    Removing stm32l0xx_hal_i2c.o(i.HAL_I2C_AbortCpltCallback), (2 bytes).
    Removing stm32l0xx_hal_i2c.o(i.HAL_I2C_AddrCallback), (2 bytes).
    Removing stm32l0xx_hal_i2c.o(i.HAL_I2C_DeInit), (66 bytes).
    Removing stm32l0xx_hal_i2c.o(i.HAL_I2C_DisableListen_IT), (62 bytes).
    Removing stm32l0xx_hal_i2c.o(i.HAL_I2C_ER_IRQHandler), (140 bytes).
    Removing stm32l0xx_hal_i2c.o(i.HAL_I2C_EV_IRQHandler), (30 bytes).
    Removing stm32l0xx_hal_i2c.o(i.HAL_I2C_EnableListen_IT), (44 bytes).
    Removing stm32l0xx_hal_i2c.o(i.HAL_I2C_ErrorCallback), (2 bytes).
    Removing stm32l0xx_hal_i2c.o(i.HAL_I2C_GetError), (6 bytes).
    Removing stm32l0xx_hal_i2c.o(i.HAL_I2C_GetMode), (8 bytes).
    Removing stm32l0xx_hal_i2c.o(i.HAL_I2C_GetState), (8 bytes).
    Removing stm32l0xx_hal_i2c.o(i.HAL_I2C_Init), (212 bytes).
    Removing stm32l0xx_hal_i2c.o(i.HAL_I2C_IsDeviceReady), (434 bytes).
    Removing stm32l0xx_hal_i2c.o(i.HAL_I2C_ListenCpltCallback), (2 bytes).
    Removing stm32l0xx_hal_i2c.o(i.HAL_I2C_MasterRxCpltCallback), (2 bytes).
    Removing stm32l0xx_hal_i2c.o(i.HAL_I2C_MasterTxCpltCallback), (2 bytes).
    Removing stm32l0xx_hal_i2c.o(i.HAL_I2C_Master_Abort_IT), (128 bytes).
    Removing stm32l0xx_hal_i2c.o(i.HAL_I2C_Master_Receive), (364 bytes).
    Removing stm32l0xx_hal_i2c.o(i.HAL_I2C_Master_Receive_DMA), (376 bytes).
    Removing stm32l0xx_hal_i2c.o(i.HAL_I2C_Master_Receive_IT), (168 bytes).
    Removing stm32l0xx_hal_i2c.o(i.HAL_I2C_Master_Seq_Receive_DMA), (404 bytes).
    Removing stm32l0xx_hal_i2c.o(i.HAL_I2C_Master_Seq_Receive_IT), (192 bytes).
    Removing stm32l0xx_hal_i2c.o(i.HAL_I2C_Master_Seq_Transmit_DMA), (404 bytes).
    Removing stm32l0xx_hal_i2c.o(i.HAL_I2C_Master_Seq_Transmit_IT), (192 bytes).
    Removing stm32l0xx_hal_i2c.o(i.HAL_I2C_Master_Transmit), (364 bytes).
    Removing stm32l0xx_hal_i2c.o(i.HAL_I2C_Master_Transmit_DMA), (376 bytes).
    Removing stm32l0xx_hal_i2c.o(i.HAL_I2C_Master_Transmit_IT), (168 bytes).
    Removing stm32l0xx_hal_i2c.o(i.HAL_I2C_MemRxCpltCallback), (2 bytes).
    Removing stm32l0xx_hal_i2c.o(i.HAL_I2C_MemTxCpltCallback), (2 bytes).
    Removing stm32l0xx_hal_i2c.o(i.HAL_I2C_Mem_Read), (428 bytes).
    Removing stm32l0xx_hal_i2c.o(i.HAL_I2C_Mem_Read_DMA), (388 bytes).
    Removing stm32l0xx_hal_i2c.o(i.HAL_I2C_Mem_Read_IT), (228 bytes).
    Removing stm32l0xx_hal_i2c.o(i.HAL_I2C_Mem_Write), (420 bytes).
    Removing stm32l0xx_hal_i2c.o(i.HAL_I2C_Mem_Write_DMA), (380 bytes).
    Removing stm32l0xx_hal_i2c.o(i.HAL_I2C_Mem_Write_IT), (224 bytes).
    Removing stm32l0xx_hal_i2c.o(i.HAL_I2C_MspDeInit), (2 bytes).
    Removing stm32l0xx_hal_i2c.o(i.HAL_I2C_MspInit), (2 bytes).
    Removing stm32l0xx_hal_i2c.o(i.HAL_I2C_SlaveRxCpltCallback), (2 bytes).
    Removing stm32l0xx_hal_i2c.o(i.HAL_I2C_SlaveTxCpltCallback), (2 bytes).
    Removing stm32l0xx_hal_i2c.o(i.HAL_I2C_Slave_Receive), (390 bytes).
    Removing stm32l0xx_hal_i2c.o(i.HAL_I2C_Slave_Receive_DMA), (284 bytes).
    Removing stm32l0xx_hal_i2c.o(i.HAL_I2C_Slave_Receive_IT), (120 bytes).
    Removing stm32l0xx_hal_i2c.o(i.HAL_I2C_Slave_Seq_Receive_DMA), (468 bytes).
    Removing stm32l0xx_hal_i2c.o(i.HAL_I2C_Slave_Seq_Receive_IT), (240 bytes).
    Removing stm32l0xx_hal_i2c.o(i.HAL_I2C_Slave_Seq_Transmit_DMA), (468 bytes).
    Removing stm32l0xx_hal_i2c.o(i.HAL_I2C_Slave_Seq_Transmit_IT), (240 bytes).
    Removing stm32l0xx_hal_i2c.o(i.HAL_I2C_Slave_Transmit), (418 bytes).
    Removing stm32l0xx_hal_i2c.o(i.HAL_I2C_Slave_Transmit_DMA), (284 bytes).
    Removing stm32l0xx_hal_i2c.o(i.HAL_I2C_Slave_Transmit_IT), (120 bytes).
    Removing stm32l0xx_hal_i2c.o(i.I2C_ConvertOtherXferOptions), (30 bytes).
    Removing stm32l0xx_hal_i2c.o(i.I2C_DMAAbort), (38 bytes).
    Removing stm32l0xx_hal_i2c.o(i.I2C_DMAError), (30 bytes).
    Removing stm32l0xx_hal_i2c.o(i.I2C_DMAMasterReceiveCplt), (100 bytes).
    Removing stm32l0xx_hal_i2c.o(i.I2C_DMAMasterTransmitCplt), (100 bytes).
    Removing stm32l0xx_hal_i2c.o(i.I2C_DMASlaveReceiveCplt), (52 bytes).
    Removing stm32l0xx_hal_i2c.o(i.I2C_DMASlaveTransmitCplt), (42 bytes).
    Removing stm32l0xx_hal_i2c.o(i.I2C_Disable_IRQ), (116 bytes).
    Removing stm32l0xx_hal_i2c.o(i.I2C_Enable_IRQ), (136 bytes).
    Removing stm32l0xx_hal_i2c.o(i.I2C_Flush_TXDR), (50 bytes).
    Removing stm32l0xx_hal_i2c.o(i.I2C_ITAddrCplt), (208 bytes).
    Removing stm32l0xx_hal_i2c.o(i.I2C_ITError), (296 bytes).
    Removing stm32l0xx_hal_i2c.o(i.I2C_ITListenCplt), (120 bytes).
    Removing stm32l0xx_hal_i2c.o(i.I2C_ITMasterCplt), (308 bytes).
    Removing stm32l0xx_hal_i2c.o(i.I2C_ITMasterSeqCplt), (98 bytes).
    Removing stm32l0xx_hal_i2c.o(i.I2C_ITSlaveCplt), (408 bytes).
    Removing stm32l0xx_hal_i2c.o(i.I2C_ITSlaveSeqCplt), (156 bytes).
    Removing stm32l0xx_hal_i2c.o(i.I2C_IsAcknowledgeFailed), (160 bytes).
    Removing stm32l0xx_hal_i2c.o(i.I2C_Master_ISR_DMA), (392 bytes).
    Removing stm32l0xx_hal_i2c.o(i.I2C_Master_ISR_IT), (464 bytes).
    Removing stm32l0xx_hal_i2c.o(i.I2C_RequestMemoryRead), (128 bytes).
    Removing stm32l0xx_hal_i2c.o(i.I2C_RequestMemoryWrite), (128 bytes).
    Removing stm32l0xx_hal_i2c.o(i.I2C_Slave_ISR_DMA), (372 bytes).
    Removing stm32l0xx_hal_i2c.o(i.I2C_Slave_ISR_IT), (380 bytes).
    Removing stm32l0xx_hal_i2c.o(i.I2C_TransferConfig), (56 bytes).
    Removing stm32l0xx_hal_i2c.o(i.I2C_TreatErrorCallback), (62 bytes).
    Removing stm32l0xx_hal_i2c.o(i.I2C_WaitOnFlagUntilTimeout), (88 bytes).
    Removing stm32l0xx_hal_i2c.o(i.I2C_WaitOnRXNEFlagUntilTimeout), (176 bytes).
    Removing stm32l0xx_hal_i2c.o(i.I2C_WaitOnSTOPFlagUntilTimeout), (90 bytes).
    Removing stm32l0xx_hal_i2c.o(i.I2C_WaitOnTXISFlagUntilTimeout), (96 bytes).
    Removing stm32l0xx_hal_i2c_ex.o(.rev16_text), (4 bytes).
    Removing stm32l0xx_hal_i2c_ex.o(.revsh_text), (4 bytes).
    Removing stm32l0xx_hal_i2c_ex.o(i.HAL_I2CEx_ConfigAnalogFilter), (110 bytes).
    Removing stm32l0xx_hal_i2c_ex.o(i.HAL_I2CEx_ConfigDigitalFilter), (112 bytes).
    Removing stm32l0xx_hal_i2c_ex.o(i.HAL_I2CEx_DisableFastModePlus), (32 bytes).
    Removing stm32l0xx_hal_i2c_ex.o(i.HAL_I2CEx_DisableWakeUp), (100 bytes).
    Removing stm32l0xx_hal_i2c_ex.o(i.HAL_I2CEx_EnableFastModePlus), (32 bytes).
    Removing stm32l0xx_hal_i2c_ex.o(i.HAL_I2CEx_EnableWakeUp), (100 bytes).
    Removing stm32l0xx_hal_rcc.o(.rev16_text), (4 bytes).
    Removing stm32l0xx_hal_rcc.o(.revsh_text), (4 bytes).
    Removing stm32l0xx_hal_rcc.o(i.HAL_RCC_CSSCallback), (2 bytes).
    Removing stm32l0xx_hal_rcc.o(i.HAL_RCC_DeInit), (268 bytes).
    Removing stm32l0xx_hal_rcc.o(i.HAL_RCC_EnableCSS), (20 bytes).
    Removing stm32l0xx_hal_rcc.o(i.HAL_RCC_GetClockConfig), (68 bytes).
    Removing stm32l0xx_hal_rcc.o(i.HAL_RCC_GetHCLKFreq), (12 bytes).
    Removing stm32l0xx_hal_rcc.o(i.HAL_RCC_GetOscConfig), (268 bytes).
    Removing stm32l0xx_hal_rcc.o(i.HAL_RCC_GetPCLK1Freq), (36 bytes).
    Removing stm32l0xx_hal_rcc.o(i.HAL_RCC_GetPCLK2Freq), (36 bytes).
    Removing stm32l0xx_hal_rcc.o(i.HAL_RCC_MCOConfig), (160 bytes).
    Removing stm32l0xx_hal_rcc.o(i.HAL_RCC_NMI_IRQHandler), (36 bytes).
    Removing stm32l0xx_hal_rcc_ex.o(.rev16_text), (4 bytes).
    Removing stm32l0xx_hal_rcc_ex.o(.revsh_text), (4 bytes).
    Removing stm32l0xx_hal_rcc_ex.o(i.HAL_RCCEx_DisableLSECSS), (36 bytes).
    Removing stm32l0xx_hal_rcc_ex.o(i.HAL_RCCEx_EnableLSECSS), (20 bytes).
    Removing stm32l0xx_hal_rcc_ex.o(i.HAL_RCCEx_EnableLSECSS_IT), (68 bytes).
    Removing stm32l0xx_hal_rcc_ex.o(i.HAL_RCCEx_GetPeriphCLKConfig), (116 bytes).
    Removing stm32l0xx_hal_rcc_ex.o(i.HAL_RCCEx_GetPeriphCLKFreq), (676 bytes).
    Removing stm32l0xx_hal_rcc_ex.o(i.HAL_RCCEx_LSECSS_Callback), (2 bytes).
    Removing stm32l0xx_hal_rcc_ex.o(i.HAL_RCCEx_LSECSS_IRQHandler), (32 bytes).
    Removing stm32l0xx_hal_rcc_ex.o(i.HAL_RCCEx_PeriphCLKConfig), (556 bytes).
    Removing stm32l0xx_hal_flash_ramfunc.o(.rev16_text), (4 bytes).
    Removing stm32l0xx_hal_flash_ramfunc.o(.revsh_text), (4 bytes).
    Removing stm32l0xx_hal_flash_ramfunc.o(i.FLASHRAM_SetErrorCode), (240 bytes).
    Removing stm32l0xx_hal_flash_ramfunc.o(i.FLASHRAM_WaitForLastOperation), (152 bytes).
    Removing stm32l0xx_hal_flash_ramfunc.o(i.HAL_FLASHEx_DisableRunPowerDown), (44 bytes).
    Removing stm32l0xx_hal_flash_ramfunc.o(i.HAL_FLASHEx_EnableRunPowerDown), (44 bytes).
    Removing stm32l0xx_hal_flash_ramfunc.o(i.HAL_FLASHEx_GetError), (16 bytes).
    Removing stm32l0xx_hal_flash_ramfunc.o(i.HAL_FLASHEx_HalfPageProgram), (112 bytes).
    Removing stm32l0xx_hal_flash.o(.rev16_text), (4 bytes).
    Removing stm32l0xx_hal_flash.o(.revsh_text), (4 bytes).
    Removing stm32l0xx_hal_flash.o(i.FLASH_SetErrorCode), (240 bytes).
    Removing stm32l0xx_hal_flash.o(i.FLASH_WaitForLastOperation), (168 bytes).
    Removing stm32l0xx_hal_flash.o(i.HAL_FLASH_EndOfOperationCallback), (2 bytes).
    Removing stm32l0xx_hal_flash.o(i.HAL_FLASH_GetError), (12 bytes).
    Removing stm32l0xx_hal_flash.o(i.HAL_FLASH_IRQHandler), (336 bytes).
    Removing stm32l0xx_hal_flash.o(i.HAL_FLASH_Lock), (32 bytes).
    Removing stm32l0xx_hal_flash.o(i.HAL_FLASH_OB_Launch), (32 bytes).
    Removing stm32l0xx_hal_flash.o(i.HAL_FLASH_OB_Lock), (20 bytes).
    Removing stm32l0xx_hal_flash.o(i.HAL_FLASH_OB_Unlock), (92 bytes).
    Removing stm32l0xx_hal_flash.o(i.HAL_FLASH_OperationErrorCallback), (2 bytes).
    Removing stm32l0xx_hal_flash.o(i.HAL_FLASH_Program), (80 bytes).
    Removing stm32l0xx_hal_flash.o(i.HAL_FLASH_Program_IT), (76 bytes).
    Removing stm32l0xx_hal_flash.o(i.HAL_FLASH_Unlock), (140 bytes).
    Removing stm32l0xx_hal_flash.o(.bss), (24 bytes).
    Removing stm32l0xx_hal_flash_ex.o(.rev16_text), (4 bytes).
    Removing stm32l0xx_hal_flash_ex.o(.revsh_text), (4 bytes).
    Removing stm32l0xx_hal_flash_ex.o(i.FLASH_OB_BOOTBit1Config), (84 bytes).
    Removing stm32l0xx_hal_flash_ex.o(i.FLASH_OB_BORConfig), (84 bytes).
    Removing stm32l0xx_hal_flash_ex.o(i.FLASH_OB_GetBOOTBit1), (12 bytes).
    Removing stm32l0xx_hal_flash_ex.o(i.FLASH_OB_GetBOR), (20 bytes).
    Removing stm32l0xx_hal_flash_ex.o(i.FLASH_OB_GetRDP), (28 bytes).
    Removing stm32l0xx_hal_flash_ex.o(i.FLASH_OB_GetUser), (20 bytes).
    Removing stm32l0xx_hal_flash_ex.o(i.FLASH_OB_GetWRP), (12 bytes).
    Removing stm32l0xx_hal_flash_ex.o(i.FLASH_OB_ProtectedSectorsConfig), (112 bytes).
    Removing stm32l0xx_hal_flash_ex.o(i.FLASH_OB_RDPConfig), (96 bytes).
    Removing stm32l0xx_hal_flash_ex.o(i.FLASH_OB_UserConfig), (104 bytes).
    Removing stm32l0xx_hal_flash_ex.o(i.FLASH_PageErase), (52 bytes).
    Removing stm32l0xx_hal_flash_ex.o(i.HAL_FLASHEx_AdvOBGetConfig), (36 bytes).
    Removing stm32l0xx_hal_flash_ex.o(i.HAL_FLASHEx_AdvOBProgram), (28 bytes).
    Removing stm32l0xx_hal_flash_ex.o(i.HAL_FLASHEx_DATAEEPROM_DisableFixedTimeProgram), (20 bytes).
    Removing stm32l0xx_hal_flash_ex.o(i.HAL_FLASHEx_DATAEEPROM_EnableFixedTimeProgram), (20 bytes).
    Removing stm32l0xx_hal_flash_ex.o(i.HAL_FLASHEx_DATAEEPROM_Erase), (44 bytes).
    Removing stm32l0xx_hal_flash_ex.o(i.HAL_FLASHEx_DATAEEPROM_Lock), (20 bytes).
    Removing stm32l0xx_hal_flash_ex.o(i.HAL_FLASHEx_DATAEEPROM_Program), (108 bytes).
    Removing stm32l0xx_hal_flash_ex.o(i.HAL_FLASHEx_DATAEEPROM_Unlock), (76 bytes).
    Removing stm32l0xx_hal_flash_ex.o(i.HAL_FLASHEx_Erase), (140 bytes).
    Removing stm32l0xx_hal_flash_ex.o(i.HAL_FLASHEx_Erase_IT), (116 bytes).
    Removing stm32l0xx_hal_flash_ex.o(i.HAL_FLASHEx_OBGetConfig), (40 bytes).
    Removing stm32l0xx_hal_flash_ex.o(i.HAL_FLASHEx_OBProgram), (232 bytes).
    Removing stm32l0xx_hal_flash_ex.o(i.HAL_FLASHEx_OB_DeSelectPCROP), (80 bytes).
    Removing stm32l0xx_hal_flash_ex.o(i.HAL_FLASHEx_OB_SelectPCROP), (88 bytes).
    Removing stm32l0xx_hal_gpio.o(.rev16_text), (4 bytes).
    Removing stm32l0xx_hal_gpio.o(.revsh_text), (4 bytes).
    Removing stm32l0xx_hal_gpio.o(i.HAL_GPIO_DeInit), (280 bytes).
    Removing stm32l0xx_hal_gpio.o(i.HAL_GPIO_EXTI_Callback), (2 bytes).
    Removing stm32l0xx_hal_gpio.o(i.HAL_GPIO_EXTI_IRQHandler), (32 bytes).
    Removing stm32l0xx_hal_gpio.o(i.HAL_GPIO_LockPin), (50 bytes).
    Removing stm32l0xx_hal_gpio.o(i.HAL_GPIO_ReadPin), (18 bytes).
    Removing stm32l0xx_hal_gpio.o(i.HAL_GPIO_TogglePin), (20 bytes).
    Removing stm32l0xx_hal_dma.o(.rev16_text), (4 bytes).
    Removing stm32l0xx_hal_dma.o(.revsh_text), (4 bytes).
    Removing stm32l0xx_hal_dma.o(i.DMA_SetConfig), (46 bytes).
    Removing stm32l0xx_hal_dma.o(i.HAL_DMA_Abort), (88 bytes).
    Removing stm32l0xx_hal_dma.o(i.HAL_DMA_Abort_IT), (92 bytes).
    Removing stm32l0xx_hal_dma.o(i.HAL_DMA_DeInit), (124 bytes).
    Removing stm32l0xx_hal_dma.o(i.HAL_DMA_GetError), (6 bytes).
    Removing stm32l0xx_hal_dma.o(i.HAL_DMA_GetState), (8 bytes).
    Removing stm32l0xx_hal_dma.o(i.HAL_DMA_IRQHandler), (264 bytes).
    Removing stm32l0xx_hal_dma.o(i.HAL_DMA_Init), (168 bytes).
    Removing stm32l0xx_hal_dma.o(i.HAL_DMA_PollForTransfer), (256 bytes).
    Removing stm32l0xx_hal_dma.o(i.HAL_DMA_RegisterCallback), (92 bytes).
    Removing stm32l0xx_hal_dma.o(i.HAL_DMA_Start), (110 bytes).
    Removing stm32l0xx_hal_dma.o(i.HAL_DMA_Start_IT), (154 bytes).
    Removing stm32l0xx_hal_dma.o(i.HAL_DMA_UnRegisterCallback), (108 bytes).
    Removing stm32l0xx_hal_pwr.o(.rev16_text), (4 bytes).
    Removing stm32l0xx_hal_pwr.o(.revsh_text), (4 bytes).
    Removing stm32l0xx_hal_pwr.o(i.HAL_PWR_ConfigPVD), (176 bytes).
    Removing stm32l0xx_hal_pwr.o(i.HAL_PWR_DeInit), (32 bytes).
    Removing stm32l0xx_hal_pwr.o(i.HAL_PWR_DisableBkUpAccess), (20 bytes).
    Removing stm32l0xx_hal_pwr.o(i.HAL_PWR_DisablePVD), (20 bytes).
    Removing stm32l0xx_hal_pwr.o(i.HAL_PWR_DisableSEVOnPend), (20 bytes).
    Removing stm32l0xx_hal_pwr.o(i.HAL_PWR_DisableSleepOnExit), (20 bytes).
    Removing stm32l0xx_hal_pwr.o(i.HAL_PWR_DisableWakeUpPin), (16 bytes).
    Removing stm32l0xx_hal_pwr.o(i.HAL_PWR_EnableBkUpAccess), (20 bytes).
    Removing stm32l0xx_hal_pwr.o(i.HAL_PWR_EnablePVD), (20 bytes).
    Removing stm32l0xx_hal_pwr.o(i.HAL_PWR_EnableSEVOnPend), (20 bytes).
    Removing stm32l0xx_hal_pwr.o(i.HAL_PWR_EnableSleepOnExit), (20 bytes).
    Removing stm32l0xx_hal_pwr.o(i.HAL_PWR_EnableWakeUpPin), (16 bytes).
    Removing stm32l0xx_hal_pwr.o(i.HAL_PWR_EnterSLEEPMode), (64 bytes).
    Removing stm32l0xx_hal_pwr.o(i.HAL_PWR_EnterSTANDBYMode), (40 bytes).
    Removing stm32l0xx_hal_pwr.o(i.HAL_PWR_EnterSTOPMode), (72 bytes).
    Removing stm32l0xx_hal_pwr.o(i.HAL_PWR_PVDCallback), (2 bytes).
    Removing stm32l0xx_hal_pwr.o(i.HAL_PWR_PVD_IRQHandler), (36 bytes).
    Removing stm32l0xx_hal_pwr_ex.o(.rev16_text), (4 bytes).
    Removing stm32l0xx_hal_pwr_ex.o(.revsh_text), (4 bytes).
    Removing stm32l0xx_hal_pwr_ex.o(i.HAL_PWREx_DisableFastWakeUp), (20 bytes).
    Removing stm32l0xx_hal_pwr_ex.o(i.HAL_PWREx_DisableLowPowerRunMode), (96 bytes).
    Removing stm32l0xx_hal_pwr_ex.o(i.HAL_PWREx_DisableUltraLowPower), (20 bytes).
    Removing stm32l0xx_hal_pwr_ex.o(i.HAL_PWREx_EnableFastWakeUp), (20 bytes).
    Removing stm32l0xx_hal_pwr_ex.o(i.HAL_PWREx_EnableLowPowerRunMode), (32 bytes).
    Removing stm32l0xx_hal_pwr_ex.o(i.HAL_PWREx_EnableUltraLowPower), (20 bytes).
    Removing stm32l0xx_hal_pwr_ex.o(i.HAL_PWREx_GetVoltageRange), (16 bytes).
    Removing stm32l0xx_hal_cortex.o(.rev16_text), (4 bytes).
    Removing stm32l0xx_hal_cortex.o(.revsh_text), (4 bytes).
    Removing stm32l0xx_hal_cortex.o(i.HAL_MPU_ConfigRegion), (84 bytes).
    Removing stm32l0xx_hal_cortex.o(i.HAL_MPU_Disable), (28 bytes).
    Removing stm32l0xx_hal_cortex.o(i.HAL_MPU_Enable), (48 bytes).
    Removing stm32l0xx_hal_cortex.o(i.HAL_NVIC_ClearPendingIRQ), (24 bytes).
    Removing stm32l0xx_hal_cortex.o(i.HAL_NVIC_DisableIRQ), (24 bytes).
    Removing stm32l0xx_hal_cortex.o(i.HAL_NVIC_EnableIRQ), (24 bytes).
    Removing stm32l0xx_hal_cortex.o(i.HAL_NVIC_GetPendingIRQ), (40 bytes).
    Removing stm32l0xx_hal_cortex.o(i.HAL_NVIC_GetPriority), (72 bytes).
    Removing stm32l0xx_hal_cortex.o(i.HAL_NVIC_SetPendingIRQ), (24 bytes).
    Removing stm32l0xx_hal_cortex.o(i.HAL_NVIC_SystemReset), (56 bytes).
    Removing stm32l0xx_hal_cortex.o(i.HAL_SYSTICK_CLKSourceConfig), (36 bytes).
    Removing stm32l0xx_hal_cortex.o(i.HAL_SYSTICK_Callback), (2 bytes).
    Removing stm32l0xx_hal_cortex.o(i.HAL_SYSTICK_IRQHandler), (8 bytes).
    Removing system_stm32l0xx.o(.rev16_text), (4 bytes).
    Removing system_stm32l0xx.o(.revsh_text), (4 bytes).
    Removing system_stm32l0xx.o(i.SystemCoreClockUpdate), (276 bytes).
    Removing stm32l0xx_hal_dma.o(i.__ARM_common_switch8), (28 bytes).

272 unused section(s) (total 25302 bytes) removed from the image.

==============================================================================

Image Symbol Table

    Local Symbols

    Symbol Name                              Value     Ov Type        Size  Object(Section)

    ../Core/Src/main.c                       0x00000000   Number         0  main.o ABSOLUTE
    ../Core/Src/stm32l0xx_hal_msp.c          0x00000000   Number         0  stm32l0xx_hal_msp.o ABSOLUTE
    ../Core/Src/stm32l0xx_it.c               0x00000000   Number         0  stm32l0xx_it.o ABSOLUTE
    ../Core/Src/system_stm32l0xx.c           0x00000000   Number         0  system_stm32l0xx.o ABSOLUTE
    ../Drivers/STM32L0xx_HAL_Driver/Src/stm32l0xx_hal.c 0x00000000   Number         0  stm32l0xx_hal.o ABSOLUTE
    ../Drivers/STM32L0xx_HAL_Driver/Src/stm32l0xx_hal_cortex.c 0x00000000   Number         0  stm32l0xx_hal_cortex.o ABSOLUTE
    ../Drivers/STM32L0xx_HAL_Driver/Src/stm32l0xx_hal_dma.c 0x00000000   Number         0  stm32l0xx_hal_dma.o ABSOLUTE
    ../Drivers/STM32L0xx_HAL_Driver/Src/stm32l0xx_hal_flash.c 0x00000000   Number         0  stm32l0xx_hal_flash.o ABSOLUTE
    ../Drivers/STM32L0xx_HAL_Driver/Src/stm32l0xx_hal_flash_ex.c 0x00000000   Number         0  stm32l0xx_hal_flash_ex.o ABSOLUTE
    ../Drivers/STM32L0xx_HAL_Driver/Src/stm32l0xx_hal_flash_ramfunc.c 0x00000000   Number         0  stm32l0xx_hal_flash_ramfunc.o ABSOLUTE
    ../Drivers/STM32L0xx_HAL_Driver/Src/stm32l0xx_hal_gpio.c 0x00000000   Number         0  stm32l0xx_hal_gpio.o ABSOLUTE
    ../Drivers/STM32L0xx_HAL_Driver/Src/stm32l0xx_hal_i2c.c 0x00000000   Number         0  stm32l0xx_hal_i2c.o ABSOLUTE
    ../Drivers/STM32L0xx_HAL_Driver/Src/stm32l0xx_hal_i2c_ex.c 0x00000000   Number         0  stm32l0xx_hal_i2c_ex.o ABSOLUTE
    ../Drivers/STM32L0xx_HAL_Driver/Src/stm32l0xx_hal_pwr.c 0x00000000   Number         0  stm32l0xx_hal_pwr.o ABSOLUTE
    ../Drivers/STM32L0xx_HAL_Driver/Src/stm32l0xx_hal_pwr_ex.c 0x00000000   Number         0  stm32l0xx_hal_pwr_ex.o ABSOLUTE
    ../Drivers/STM32L0xx_HAL_Driver/Src/stm32l0xx_hal_rcc.c 0x00000000   Number         0  stm32l0xx_hal_rcc.o ABSOLUTE
    ../Drivers/STM32L0xx_HAL_Driver/Src/stm32l0xx_hal_rcc_ex.c 0x00000000   Number         0  stm32l0xx_hal_rcc_ex.o ABSOLUTE
    ../Drivers/STM32L0xx_HAL_Driver/Src/stm32l0xx_hal_tim.c 0x00000000   Number         0  stm32l0xx_hal_tim.o ABSOLUTE
    ../Drivers/STM32L0xx_HAL_Driver/Src/stm32l0xx_hal_tim_ex.c 0x00000000   Number         0  stm32l0xx_hal_tim_ex.o ABSOLUTE
    ../clib/microlib/division.c              0x00000000   Number         0  uidiv.o ABSOLUTE
    ../clib/microlib/init/entry.s            0x00000000   Number         0  entry11a.o ABSOLUTE
    ../clib/microlib/init/entry.s            0x00000000   Number         0  entry10b.o ABSOLUTE
    ../clib/microlib/init/entry.s            0x00000000   Number         0  entry7b.o ABSOLUTE
    ../clib/microlib/init/entry.s            0x00000000   Number         0  entry7a.o ABSOLUTE
    ../clib/microlib/init/entry.s            0x00000000   Number         0  entry11b.o ABSOLUTE
    ../clib/microlib/init/entry.s            0x00000000   Number         0  entry5.o ABSOLUTE
    ../clib/microlib/init/entry.s            0x00000000   Number         0  entry2.o ABSOLUTE
    ../clib/microlib/init/entry.s            0x00000000   Number         0  entry8b.o ABSOLUTE
    ../clib/microlib/init/entry.s            0x00000000   Number         0  entry9a.o ABSOLUTE
    ../clib/microlib/init/entry.s            0x00000000   Number         0  entry9b.o ABSOLUTE
    ../clib/microlib/init/entry.s            0x00000000   Number         0  entry.o ABSOLUTE
    ../clib/microlib/init/entry.s            0x00000000   Number         0  entry10a.o ABSOLUTE
    ../clib/microlib/init/entry.s            0x00000000   Number         0  entry8a.o ABSOLUTE
    ../clib/microlib/longlong.c              0x00000000   Number         0  llushr.o ABSOLUTE
    ../clib/microlib/longlong.c              0x00000000   Number         0  llshl.o ABSOLUTE
    ../clib/microlib/string/memset.c         0x00000000   Number         0  memseta.o ABSOLUTE
    ../clib/microlib/stubs.s                 0x00000000   Number         0  iusefp.o ABSOLUTE
    ../fplib/microlib/fpepilogue.c           0x00000000   Number         0  depilogue.o ABSOLUTE
    ../fplib/microlib/fpfix.c                0x00000000   Number         0  dfixui.o ABSOLUTE
    ../fplib/microlib/fpflt.c                0x00000000   Number         0  dfltui.o ABSOLUTE
    ../fplib/microlib/fpmul.c                0x00000000   Number         0  dmul.o ABSOLUTE
    ..\Core\Src\main.c                       0x00000000   Number         0  main.o ABSOLUTE
    ..\Core\Src\stm32l0xx_hal_msp.c          0x00000000   Number         0  stm32l0xx_hal_msp.o ABSOLUTE
    ..\Core\Src\stm32l0xx_it.c               0x00000000   Number         0  stm32l0xx_it.o ABSOLUTE
    ..\Core\Src\system_stm32l0xx.c           0x00000000   Number         0  system_stm32l0xx.o ABSOLUTE
    ..\Drivers\STM32L0xx_HAL_Driver\Src\stm32l0xx_hal.c 0x00000000   Number         0  stm32l0xx_hal.o ABSOLUTE
    ..\Drivers\STM32L0xx_HAL_Driver\Src\stm32l0xx_hal_cortex.c 0x00000000   Number         0  stm32l0xx_hal_cortex.o ABSOLUTE
    ..\Drivers\STM32L0xx_HAL_Driver\Src\stm32l0xx_hal_dma.c 0x00000000   Number         0  stm32l0xx_hal_dma.o ABSOLUTE
    ..\Drivers\STM32L0xx_HAL_Driver\Src\stm32l0xx_hal_flash.c 0x00000000   Number         0  stm32l0xx_hal_flash.o ABSOLUTE
    ..\Drivers\STM32L0xx_HAL_Driver\Src\stm32l0xx_hal_flash_ex.c 0x00000000   Number         0  stm32l0xx_hal_flash_ex.o ABSOLUTE
    ..\Drivers\STM32L0xx_HAL_Driver\Src\stm32l0xx_hal_flash_ramfunc.c 0x00000000   Number         0  stm32l0xx_hal_flash_ramfunc.o ABSOLUTE
    ..\Drivers\STM32L0xx_HAL_Driver\Src\stm32l0xx_hal_gpio.c 0x00000000   Number         0  stm32l0xx_hal_gpio.o ABSOLUTE
    ..\Drivers\STM32L0xx_HAL_Driver\Src\stm32l0xx_hal_i2c.c 0x00000000   Number         0  stm32l0xx_hal_i2c.o ABSOLUTE
    ..\Drivers\STM32L0xx_HAL_Driver\Src\stm32l0xx_hal_i2c_ex.c 0x00000000   Number         0  stm32l0xx_hal_i2c_ex.o ABSOLUTE
    ..\Drivers\STM32L0xx_HAL_Driver\Src\stm32l0xx_hal_pwr.c 0x00000000   Number         0  stm32l0xx_hal_pwr.o ABSOLUTE
    ..\Drivers\STM32L0xx_HAL_Driver\Src\stm32l0xx_hal_pwr_ex.c 0x00000000   Number         0  stm32l0xx_hal_pwr_ex.o ABSOLUTE
    ..\Drivers\STM32L0xx_HAL_Driver\Src\stm32l0xx_hal_rcc.c 0x00000000   Number         0  stm32l0xx_hal_rcc.o ABSOLUTE
    ..\Drivers\STM32L0xx_HAL_Driver\Src\stm32l0xx_hal_rcc_ex.c 0x00000000   Number         0  stm32l0xx_hal_rcc_ex.o ABSOLUTE
    ..\Drivers\STM32L0xx_HAL_Driver\Src\stm32l0xx_hal_tim.c 0x00000000   Number         0  stm32l0xx_hal_tim.o ABSOLUTE
    ..\Drivers\STM32L0xx_HAL_Driver\Src\stm32l0xx_hal_tim_ex.c 0x00000000   Number         0  stm32l0xx_hal_tim_ex.o ABSOLUTE
    dc.s                                     0x00000000   Number         0  dc.o ABSOLUTE
    handlers.s                               0x00000000   Number         0  handlers.o ABSOLUTE
    init.s                                   0x00000000   Number         0  init.o ABSOLUTE
    startup_stm32l051xx.s                    0x00000000   Number         0  startup_stm32l051xx.o ABSOLUTE
    RESET                                    0x08000000   Section      192  startup_stm32l051xx.o(RESET)
    .ARM.Collect$$$$00000000                 0x080000c0   Section        0  entry.o(.ARM.Collect$$$$00000000)
    .ARM.Collect$$$$00000001                 0x080000c0   Section        4  entry2.o(.ARM.Collect$$$$00000001)
    .ARM.Collect$$$$00000004                 0x080000c4   Section        4  entry5.o(.ARM.Collect$$$$00000004)
    .ARM.Collect$$$$00000008                 0x080000c8   Section        0  entry7b.o(.ARM.Collect$$$$00000008)
    .ARM.Collect$$$$0000000A                 0x080000c8   Section        0  entry8b.o(.ARM.Collect$$$$0000000A)
    .ARM.Collect$$$$0000000B                 0x080000c8   Section        8  entry9a.o(.ARM.Collect$$$$0000000B)
    .ARM.Collect$$$$0000000D                 0x080000d0   Section        0  entry10a.o(.ARM.Collect$$$$0000000D)
    .ARM.Collect$$$$0000000F                 0x080000d0   Section        0  entry11a.o(.ARM.Collect$$$$0000000F)
    .ARM.Collect$$$$00002712                 0x080000d0   Section        4  entry2.o(.ARM.Collect$$$$00002712)
    __lit__00000000                          0x080000d0   Data           4  entry2.o(.ARM.Collect$$$$00002712)
    .text                                    0x080000d4   Section       28  startup_stm32l051xx.o(.text)
    .text                                    0x080000f0   Section        0  uidiv.o(.text)
    .text                                    0x0800011c   Section        0  memseta.o(.text)
    .text                                    0x08000140   Section        0  dmul.o(.text)
    .text                                    0x08000210   Section        0  dfltui.o(.text)
    .text                                    0x0800022c   Section        0  dfixui.o(.text)
    .text                                    0x08000268   Section        0  llushr.o(.text)
    .text                                    0x0800028a   Section        0  depilogue.o(.text)
    .text                                    0x0800028a   Section        0  iusefp.o(.text)
    .text                                    0x08000348   Section       36  init.o(.text)
    .text                                    0x0800036c   Section        0  llshl.o(.text)
    i.AD9838_Init                            0x0800038c   Section        0  main.o(i.AD9838_Init)
    i.AD9838_Select_Wave                     0x08000400   Section        0  main.o(i.AD9838_Select_Wave)
    i.AD9838_Set_Freq                        0x08000440   Section        0  main.o(i.AD9838_Set_Freq)
    i.AD9838_Write_16Bits                    0x080004b8   Section        0  main.o(i.AD9838_Write_16Bits)
    i.Error_Handler                          0x08000540   Section        0  main.o(i.Error_Handler)
    i.HAL_GPIO_Init                          0x08000544   Section        0  stm32l0xx_hal_gpio.o(i.HAL_GPIO_Init)
    i.HAL_GPIO_WritePin                      0x08000730   Section        0  stm32l0xx_hal_gpio.o(i.HAL_GPIO_WritePin)
    i.HAL_GetTick                            0x0800073c   Section        0  stm32l0xx_hal.o(i.HAL_GetTick)
    i.HAL_IncTick                            0x08000748   Section        0  stm32l0xx_hal.o(i.HAL_IncTick)
    i.HAL_Init                               0x08000760   Section        0  stm32l0xx_hal.o(i.HAL_Init)
    i.HAL_InitTick                           0x0800078c   Section        0  stm32l0xx_hal.o(i.HAL_InitTick)
    i.HAL_MspInit                            0x080007e0   Section        0  stm32l0xx_hal_msp.o(i.HAL_MspInit)
    i.HAL_NVIC_SetPriority                   0x08000800   Section        0  stm32l0xx_hal_cortex.o(i.HAL_NVIC_SetPriority)
    i.HAL_RCC_ClockConfig                    0x08000814   Section        0  stm32l0xx_hal_rcc.o(i.HAL_RCC_ClockConfig)
    i.HAL_RCC_GetSysClockFreq                0x08000a1c   Section        0  stm32l0xx_hal_rcc.o(i.HAL_RCC_GetSysClockFreq)
    i.HAL_RCC_OscConfig                      0x08000aec   Section        0  stm32l0xx_hal_rcc.o(i.HAL_RCC_OscConfig)
    i.HAL_SYSTICK_Config                     0x08001110   Section        0  stm32l0xx_hal_cortex.o(i.HAL_SYSTICK_Config)
    i.HardFault_Handler                      0x08001148   Section        0  stm32l0xx_it.o(i.HardFault_Handler)
    i.MX_GPIO_Init                           0x0800114c   Section        0  main.o(i.MX_GPIO_Init)
    MX_GPIO_Init                             0x0800114d   Thumb Code   126  main.o(i.MX_GPIO_Init)
    i.NMI_Handler                            0x080011d0   Section        0  stm32l0xx_it.o(i.NMI_Handler)
    i.NVIC_SetPriority                       0x080011d4   Section        0  stm32l0xx_hal_cortex.o(i.NVIC_SetPriority)
    NVIC_SetPriority                         0x080011d5   Thumb Code   110  stm32l0xx_hal_cortex.o(i.NVIC_SetPriority)
    i.PendSV_Handler                         0x0800124c   Section        0  stm32l0xx_it.o(i.PendSV_Handler)
    i.SVC_Handler                            0x0800124e   Section        0  stm32l0xx_it.o(i.SVC_Handler)
    i.SysTick_Handler                        0x08001250   Section        0  stm32l0xx_it.o(i.SysTick_Handler)
    i.SystemClock_Config                     0x08001258   Section        0  main.o(i.SystemClock_Config)
    i.SystemInit                             0x080012d0   Section        0  system_stm32l0xx.o(i.SystemInit)
    i.__ARM_clz                              0x08001338   Section        0  depilogue.o(i.__ARM_clz)
    i.__scatterload_copy                     0x08001366   Section       14  handlers.o(i.__scatterload_copy)
    i.__scatterload_null                     0x08001374   Section        2  handlers.o(i.__scatterload_null)
    i.__scatterload_zeroinit                 0x08001376   Section       14  handlers.o(i.__scatterload_zeroinit)
    i.delay_n                                0x08001384   Section        0  main.o(i.delay_n)
    i.main                                   0x08001398   Section        0  main.o(i.main)
    .constdata                               0x080013e4   Section       33  system_stm32l0xx.o(.constdata)
    .data                                    0x20000000   Section        9  stm32l0xx_hal.o(.data)
    .data                                    0x2000000c   Section        4  system_stm32l0xx.o(.data)
    STACK                                    0x20000010   Section     1024  startup_stm32l051xx.o(STACK)

    Global Symbols

    Symbol Name                              Value     Ov Type        Size  Object(Section)

    BuildAttributes$$THM_ISAv3M$S$PE$A:L22$X:L11$S22$IEEE1$IW$USESV6$~STKCKD$USESV7$~SHL$OSPACE$ROPI$EBA8$MICROLIB$REQ8$PRES8$EABIv2 0x00000000   Number         0  anon$$obj.o ABSOLUTE
    __ARM_use_no_argv                        0x00000000   Number         0  main.o ABSOLUTE
    __cpp_initialize__aeabi_                  - Undefined Weak Reference
    __cxa_finalize                            - Undefined Weak Reference
    __decompress                              - Undefined Weak Reference
    _clock_init                               - Undefined Weak Reference
    _microlib_exit                            - Undefined Weak Reference
    __Vectors_Size                           0x000000c0   Number         0  startup_stm32l051xx.o ABSOLUTE
    __Vectors                                0x08000000   Data           4  startup_stm32l051xx.o(RESET)
    __Vectors_End                            0x080000c0   Data           0  startup_stm32l051xx.o(RESET)
    __main                                   0x080000c1   Thumb Code     0  entry.o(.ARM.Collect$$$$00000000)
    _main_stk                                0x080000c1   Thumb Code     0  entry2.o(.ARM.Collect$$$$00000001)
    _main_scatterload                        0x080000c5   Thumb Code     0  entry5.o(.ARM.Collect$$$$00000004)
    __main_after_scatterload                 0x080000c9   Thumb Code     0  entry5.o(.ARM.Collect$$$$00000004)
    _main_clock                              0x080000c9   Thumb Code     0  entry7b.o(.ARM.Collect$$$$00000008)
    _main_cpp_init                           0x080000c9   Thumb Code     0  entry8b.o(.ARM.Collect$$$$0000000A)
    _main_init                               0x080000c9   Thumb Code     0  entry9a.o(.ARM.Collect$$$$0000000B)
    __rt_final_cpp                           0x080000d1   Thumb Code     0  entry10a.o(.ARM.Collect$$$$0000000D)
    __rt_final_exit                          0x080000d1   Thumb Code     0  entry11a.o(.ARM.Collect$$$$0000000F)
    Reset_Handler                            0x080000d5   Thumb Code     8  startup_stm32l051xx.o(.text)
    ADC1_COMP_IRQHandler                     0x080000e7   Thumb Code     0  startup_stm32l051xx.o(.text)
    DMA1_Channel1_IRQHandler                 0x080000e7   Thumb Code     0  startup_stm32l051xx.o(.text)
    DMA1_Channel2_3_IRQHandler               0x080000e7   Thumb Code     0  startup_stm32l051xx.o(.text)
    DMA1_Channel4_5_6_7_IRQHandler           0x080000e7   Thumb Code     0  startup_stm32l051xx.o(.text)
    EXTI0_1_IRQHandler                       0x080000e7   Thumb Code     0  startup_stm32l051xx.o(.text)
    EXTI2_3_IRQHandler                       0x080000e7   Thumb Code     0  startup_stm32l051xx.o(.text)
    EXTI4_15_IRQHandler                      0x080000e7   Thumb Code     0  startup_stm32l051xx.o(.text)
    FLASH_IRQHandler                         0x080000e7   Thumb Code     0  startup_stm32l051xx.o(.text)
    I2C1_IRQHandler                          0x080000e7   Thumb Code     0  startup_stm32l051xx.o(.text)
    I2C2_IRQHandler                          0x080000e7   Thumb Code     0  startup_stm32l051xx.o(.text)
    LPTIM1_IRQHandler                        0x080000e7   Thumb Code     0  startup_stm32l051xx.o(.text)
    LPUART1_IRQHandler                       0x080000e7   Thumb Code     0  startup_stm32l051xx.o(.text)
    PVD_IRQHandler                           0x080000e7   Thumb Code     0  startup_stm32l051xx.o(.text)
    RCC_IRQHandler                           0x080000e7   Thumb Code     0  startup_stm32l051xx.o(.text)
    RTC_IRQHandler                           0x080000e7   Thumb Code     0  startup_stm32l051xx.o(.text)
    SPI1_IRQHandler                          0x080000e7   Thumb Code     0  startup_stm32l051xx.o(.text)
    SPI2_IRQHandler                          0x080000e7   Thumb Code     0  startup_stm32l051xx.o(.text)
    TIM21_IRQHandler                         0x080000e7   Thumb Code     0  startup_stm32l051xx.o(.text)
    TIM22_IRQHandler                         0x080000e7   Thumb Code     0  startup_stm32l051xx.o(.text)
    TIM2_IRQHandler                          0x080000e7   Thumb Code     0  startup_stm32l051xx.o(.text)
    TIM6_IRQHandler                          0x080000e7   Thumb Code     0  startup_stm32l051xx.o(.text)
    USART1_IRQHandler                        0x080000e7   Thumb Code     0  startup_stm32l051xx.o(.text)
    USART2_IRQHandler                        0x080000e7   Thumb Code     0  startup_stm32l051xx.o(.text)
    WWDG_IRQHandler                          0x080000e7   Thumb Code     0  startup_stm32l051xx.o(.text)
    __aeabi_uidiv                            0x080000f1   Thumb Code     0  uidiv.o(.text)
    __aeabi_uidivmod                         0x080000f1   Thumb Code    44  uidiv.o(.text)
    __aeabi_memset                           0x0800011d   Thumb Code    14  memseta.o(.text)
    __aeabi_memset4                          0x0800011d   Thumb Code     0  memseta.o(.text)
    __aeabi_memset8                          0x0800011d   Thumb Code     0  memseta.o(.text)
    __aeabi_memclr                           0x0800012b   Thumb Code     4  memseta.o(.text)
    __aeabi_memclr4                          0x0800012b   Thumb Code     0  memseta.o(.text)
    __aeabi_memclr8                          0x0800012b   Thumb Code     0  memseta.o(.text)
    _memset$wrapper                          0x0800012f   Thumb Code    18  memseta.o(.text)
    __aeabi_dmul                             0x08000141   Thumb Code   202  dmul.o(.text)
    __aeabi_ui2d                             0x08000211   Thumb Code    24  dfltui.o(.text)
    __aeabi_d2uiz                            0x0800022d   Thumb Code    50  dfixui.o(.text)
    __aeabi_llsr                             0x08000269   Thumb Code    34  llushr.o(.text)
    _ll_ushift_r                             0x08000269   Thumb Code     0  llushr.o(.text)
    __I$use$fp                               0x0800028b   Thumb Code     0  iusefp.o(.text)
    _double_round                            0x0800028b   Thumb Code    26  depilogue.o(.text)
    _double_epilogue                         0x080002a5   Thumb Code   164  depilogue.o(.text)
    __scatterload                            0x08000349   Thumb Code    28  init.o(.text)
    __scatterload_rt2                        0x08000349   Thumb Code     0  init.o(.text)
    __aeabi_llsl                             0x0800036d   Thumb Code    32  llshl.o(.text)
    _ll_shift_l                              0x0800036d   Thumb Code     0  llshl.o(.text)
    AD9838_Init                              0x0800038d   Thumb Code   110  main.o(i.AD9838_Init)
    AD9838_Select_Wave                       0x08000401   Thumb Code    62  main.o(i.AD9838_Select_Wave)
    AD9838_Set_Freq                          0x08000441   Thumb Code   112  main.o(i.AD9838_Set_Freq)
    AD9838_Write_16Bits                      0x080004b9   Thumb Code   136  main.o(i.AD9838_Write_16Bits)
    Error_Handler                            0x08000541   Thumb Code     2  main.o(i.Error_Handler)
    HAL_GPIO_Init                            0x08000545   Thumb Code   462  stm32l0xx_hal_gpio.o(i.HAL_GPIO_Init)
    HAL_GPIO_WritePin                        0x08000731   Thumb Code    12  stm32l0xx_hal_gpio.o(i.HAL_GPIO_WritePin)
    HAL_GetTick                              0x0800073d   Thumb Code     6  stm32l0xx_hal.o(i.HAL_GetTick)
    HAL_IncTick                              0x08000749   Thumb Code    16  stm32l0xx_hal.o(i.HAL_IncTick)
    HAL_Init                                 0x08000761   Thumb Code    38  stm32l0xx_hal.o(i.HAL_Init)
    HAL_InitTick                             0x0800078d   Thumb Code    70  stm32l0xx_hal.o(i.HAL_InitTick)
    HAL_MspInit                              0x080007e1   Thumb Code    26  stm32l0xx_hal_msp.o(i.HAL_MspInit)
    HAL_NVIC_SetPriority                     0x08000801   Thumb Code    18  stm32l0xx_hal_cortex.o(i.HAL_NVIC_SetPriority)
    HAL_RCC_ClockConfig                      0x08000815   Thumb Code   498  stm32l0xx_hal_rcc.o(i.HAL_RCC_ClockConfig)
    HAL_RCC_GetSysClockFreq                  0x08000a1d   Thumb Code   186  stm32l0xx_hal_rcc.o(i.HAL_RCC_GetSysClockFreq)
    HAL_RCC_OscConfig                        0x08000aed   Thumb Code  1558  stm32l0xx_hal_rcc.o(i.HAL_RCC_OscConfig)
    HAL_SYSTICK_Config                       0x08001111   Thumb Code    46  stm32l0xx_hal_cortex.o(i.HAL_SYSTICK_Config)
    HardFault_Handler                        0x08001149   Thumb Code     4  stm32l0xx_it.o(i.HardFault_Handler)
    NMI_Handler                              0x080011d1   Thumb Code     2  stm32l0xx_it.o(i.NMI_Handler)
    PendSV_Handler                           0x0800124d   Thumb Code     2  stm32l0xx_it.o(i.PendSV_Handler)
    SVC_Handler                              0x0800124f   Thumb Code     2  stm32l0xx_it.o(i.SVC_Handler)
    SysTick_Handler                          0x08001251   Thumb Code     8  stm32l0xx_it.o(i.SysTick_Handler)
    SystemClock_Config                       0x08001259   Thumb Code   116  main.o(i.SystemClock_Config)
    SystemInit                               0x080012d1   Thumb Code    88  system_stm32l0xx.o(i.SystemInit)
    __ARM_clz                                0x08001339   Thumb Code    46  depilogue.o(i.__ARM_clz)
    __scatterload_copy                       0x08001367   Thumb Code    14  handlers.o(i.__scatterload_copy)
    __scatterload_null                       0x08001375   Thumb Code     2  handlers.o(i.__scatterload_null)
    __scatterload_zeroinit                   0x08001377   Thumb Code    14  handlers.o(i.__scatterload_zeroinit)
    delay_n                                  0x08001385   Thumb Code    18  main.o(i.delay_n)
    main                                     0x08001399   Thumb Code    62  main.o(i.main)
    AHBPrescTable                            0x080013e4   Data          16  system_stm32l0xx.o(.constdata)
    APBPrescTable                            0x080013f4   Data           8  system_stm32l0xx.o(.constdata)
    PLLMulTable                              0x080013fc   Data           9  system_stm32l0xx.o(.constdata)
    Region$$Table$$Base                      0x08001408   Number         0  anon$$obj.o(Region$$Table)
    Region$$Table$$Limit                     0x08001428   Number         0  anon$$obj.o(Region$$Table)
    uwTick                                   0x20000000   Data           4  stm32l0xx_hal.o(.data)
    uwTickPrio                               0x20000004   Data           4  stm32l0xx_hal.o(.data)
    uwTickFreq                               0x20000008   Data           1  stm32l0xx_hal.o(.data)
    SystemCoreClock                          0x2000000c   Data           4  system_stm32l0xx.o(.data)
    __initial_sp                             0x20000410   Data           0  startup_stm32l051xx.o(STACK)



==============================================================================

Memory Map of the image

  Image Entry point : 0x080000c1

  Load Region LR_IROM1 (Base: 0x08000000, Size: 0x00001438, Max: 0x00010000, ABSOLUTE)

    Execution Region ER_IROM1 (Base: 0x08000000, Size: 0x00001428, Max: 0x00010000, ABSOLUTE)

    Base Addr    Size         Type   Attr      Idx    E Section Name        Object

    0x08000000   0x000000c0   Data   RO            3    RESET               startup_stm32l051xx.o
    0x080000c0   0x00000000   Code   RO         1897  * .ARM.Collect$$$$00000000  mc_p.l(entry.o)
    0x080000c0   0x00000004   Code   RO         1910    .ARM.Collect$$$$00000001  mc_p.l(entry2.o)
    0x080000c4   0x00000004   Code   RO         1913    .ARM.Collect$$$$00000004  mc_p.l(entry5.o)
    0x080000c8   0x00000000   Code   RO         1915    .ARM.Collect$$$$00000008  mc_p.l(entry7b.o)
    0x080000c8   0x00000000   Code   RO         1917    .ARM.Collect$$$$0000000A  mc_p.l(entry8b.o)
    0x080000c8   0x00000008   Code   RO         1918    .ARM.Collect$$$$0000000B  mc_p.l(entry9a.o)
    0x080000d0   0x00000000   Code   RO         1920    .ARM.Collect$$$$0000000D  mc_p.l(entry10a.o)
    0x080000d0   0x00000000   Code   RO         1922    .ARM.Collect$$$$0000000F  mc_p.l(entry11a.o)
    0x080000d0   0x00000004   Code   RO         1911    .ARM.Collect$$$$00002712  mc_p.l(entry2.o)
    0x080000d4   0x0000001c   Code   RO            4    .text               startup_stm32l051xx.o
    0x080000f0   0x0000002c   Code   RO         1900    .text               mc_p.l(uidiv.o)
    0x0800011c   0x00000024   Code   RO         1902    .text               mc_p.l(memseta.o)
    0x08000140   0x000000d0   Code   RO         1904    .text               mf_p.l(dmul.o)
    0x08000210   0x0000001c   Code   RO         1906    .text               mf_p.l(dfltui.o)
    0x0800022c   0x0000003c   Code   RO         1908    .text               mf_p.l(dfixui.o)
    0x08000268   0x00000022   Code   RO         1924    .text               mc_p.l(llushr.o)
    0x0800028a   0x00000000   Code   RO         1926    .text               mc_p.l(iusefp.o)
    0x0800028a   0x000000be   Code   RO         1927    .text               mf_p.l(depilogue.o)
    0x08000348   0x00000024   Code   RO         1931    .text               mc_p.l(init.o)
    0x0800036c   0x00000020   Code   RO         1933    .text               mc_p.l(llshl.o)
    0x0800038c   0x00000074   Code   RO           12    i.AD9838_Init       main.o
    0x08000400   0x0000003e   Code   RO           13    i.AD9838_Select_Wave  main.o
    0x0800043e   0x00000002   PAD
    0x08000440   0x00000078   Code   RO           14    i.AD9838_Set_Freq   main.o
    0x080004b8   0x00000088   Code   RO           15    i.AD9838_Write_16Bits  main.o
    0x08000540   0x00000002   Code   RO           16    i.Error_Handler     main.o
    0x08000542   0x00000002   PAD
    0x08000544   0x000001ec   Code   RO         1430    i.HAL_GPIO_Init     stm32l0xx_hal_gpio.o
    0x08000730   0x0000000c   Code   RO         1434    i.HAL_GPIO_WritePin  stm32l0xx_hal_gpio.o
    0x0800073c   0x0000000c   Code   RO          271    i.HAL_GetTick       stm32l0xx_hal.o
    0x08000748   0x00000018   Code   RO          277    i.HAL_IncTick       stm32l0xx_hal.o
    0x08000760   0x0000002c   Code   RO          278    i.HAL_Init          stm32l0xx_hal.o
    0x0800078c   0x00000054   Code   RO          279    i.HAL_InitTick      stm32l0xx_hal.o
    0x080007e0   0x00000020   Code   RO          210    i.HAL_MspInit       stm32l0xx_hal_msp.o
    0x08000800   0x00000012   Code   RO         1763    i.HAL_NVIC_SetPriority  stm32l0xx_hal_cortex.o
    0x08000812   0x00000002   PAD
    0x08000814   0x00000208   Code   RO          973    i.HAL_RCC_ClockConfig  stm32l0xx_hal_rcc.o
    0x08000a1c   0x000000d0   Code   RO          981    i.HAL_RCC_GetSysClockFreq  stm32l0xx_hal_rcc.o
    0x08000aec   0x00000624   Code   RO          984    i.HAL_RCC_OscConfig  stm32l0xx_hal_rcc.o
    0x08001110   0x00000038   Code   RO         1767    i.HAL_SYSTICK_Config  stm32l0xx_hal_cortex.o
    0x08001148   0x00000004   Code   RO          163    i.HardFault_Handler  stm32l0xx_it.o
    0x0800114c   0x00000084   Code   RO           17    i.MX_GPIO_Init      main.o
    0x080011d0   0x00000002   Code   RO          164    i.NMI_Handler       stm32l0xx_it.o
    0x080011d2   0x00000002   PAD
    0x080011d4   0x00000078   Code   RO         1769    i.NVIC_SetPriority  stm32l0xx_hal_cortex.o
    0x0800124c   0x00000002   Code   RO          165    i.PendSV_Handler    stm32l0xx_it.o
    0x0800124e   0x00000002   Code   RO          166    i.SVC_Handler       stm32l0xx_it.o
    0x08001250   0x00000008   Code   RO          167    i.SysTick_Handler   stm32l0xx_it.o
    0x08001258   0x00000078   Code   RO           18    i.SystemClock_Config  main.o
    0x080012d0   0x00000068   Code   RO         1867    i.SystemInit        system_stm32l0xx.o
    0x08001338   0x0000002e   Code   RO         1929    i.__ARM_clz         mf_p.l(depilogue.o)
    0x08001366   0x0000000e   Code   RO         1937    i.__scatterload_copy  mc_p.l(handlers.o)
    0x08001374   0x00000002   Code   RO         1938    i.__scatterload_null  mc_p.l(handlers.o)
    0x08001376   0x0000000e   Code   RO         1939    i.__scatterload_zeroinit  mc_p.l(handlers.o)
    0x08001384   0x00000012   Code   RO           19    i.delay_n           main.o
    0x08001396   0x00000002   PAD
    0x08001398   0x0000004c   Code   RO           20    i.main              main.o
    0x080013e4   0x00000021   Data   RO         1868    .constdata          system_stm32l0xx.o
    0x08001405   0x00000003   PAD
    0x08001408   0x00000020   Data   RO         1935    Region$$Table       anon$$obj.o


    Execution Region RW_IRAM1 (Base: 0x20000000, Size: 0x00000410, Max: 0x00002000, ABSOLUTE)

    Base Addr    Size         Type   Attr      Idx    E Section Name        Object

    0x20000000   0x00000009   Data   RW          289    .data               stm32l0xx_hal.o
    0x20000009   0x00000003   PAD
    0x2000000c   0x00000004   Data   RW         1869    .data               system_stm32l0xx.o
    0x20000010   0x00000400   Zero   RW            1    STACK               startup_stm32l051xx.o


==============================================================================

Image component sizes


      Code (inc. data)   RO Data    RW Data    ZI Data      Debug   Object Name

       782         38          0          0          0     246933   main.o
        28          8        192          0       1024        640   startup_stm32l051xx.o
       164         34          0          9          0       8093   stm32l0xx_hal.o
       194         20          0          0          0      10068   stm32l0xx_hal_cortex.o
       504         30          0          0          0       2276   stm32l0xx_hal_gpio.o
        32          6          0          0          0        446   stm32l0xx_hal_msp.o
      2300         74          0          0          0       4408   stm32l0xx_hal_rcc.o
        18          0          0          0          0       2183   stm32l0xx_it.o
       104         16         33          4          0       1255   system_stm32l0xx.o

    ----------------------------------------------------------------------
      4136        226        260         16       1024     276302   Object Totals
         0          0         32          0          0          0   (incl. Generated)
        10          0          3          3          0          0   (incl. Padding)

    ----------------------------------------------------------------------

      Code (inc. data)   RO Data    RW Data    ZI Data      Debug   Library Member Name

         0          0          0          0          0          0   entry.o
         0          0          0          0          0          0   entry10a.o
         0          0          0          0          0          0   entry11a.o
         8          4          0          0          0          0   entry2.o
         4          0          0          0          0          0   entry5.o
         0          0          0          0          0          0   entry7b.o
         0          0          0          0          0          0   entry8b.o
         8          4          0          0          0          0   entry9a.o
        30          0          0          0          0          0   handlers.o
        36          8          0          0          0         68   init.o
         0          0          0          0          0          0   iusefp.o
        32          0          0          0          0         68   llshl.o
        34          0          0          0          0         68   llushr.o
        36          0          0          0          0        100   memseta.o
        44          0          0          0          0         72   uidiv.o
       236          0          0          0          0        216   depilogue.o
        60         10          0          0          0         68   dfixui.o
        28          4          0          0          0         68   dfltui.o
       208          6          0          0          0         88   dmul.o

    ----------------------------------------------------------------------
       764         36          0          0          0        816   Library Totals
         0          0          0          0          0          0   (incl. Padding)

    ----------------------------------------------------------------------

      Code (inc. data)   RO Data    RW Data    ZI Data      Debug   Library Name

       232         16          0          0          0        376   mc_p.l
       532         20          0          0          0        440   mf_p.l

    ----------------------------------------------------------------------
       764         36          0          0          0        816   Library Totals

    ----------------------------------------------------------------------

==============================================================================


      Code (inc. data)   RO Data    RW Data    ZI Data      Debug   

      4900        262        260         16       1024     275818   Grand Totals
      4900        262        260         16       1024     275818   ELF Image Totals
      4900        262        260         16          0          0   ROM Totals

==============================================================================

    Total RO  Size (Code + RO Data)                 5160 (   5.04kB)
    Total RW  Size (RW Data + ZI Data)              1040 (   1.02kB)
    Total ROM Size (Code + RO Data + RW Data)       5176 (   5.05kB)

==============================================================================

