<html>
<body>
<pre>
<h1>µVision Build Log</h1>
<h2>Tool Versions:</h2>
IDE-Version: ¦ÌVision V5.14.0.0
Copyright (C) 2015 ARM Ltd and ARM Germany GmbH. All rights reserved.
License Information: dsef f, gre, LIC=PE7DL-090DR-IIM5V-P18US-GU9XD-1V4KS
 
Tool Versions:
Toolchain:       MDK-ARM Standard  Version: 5.14.0.0
Toolchain Path:  D:\application\MDK514\CORE\ARM\ARMCC\Bin
C Compiler:      Armcc.exe V5.05 update 1 (build 106)
Assembler:       Armasm.exe V5.05 update 1 (build 106)
Linker/Locator:  ArmLink.exe V5.05 update 1 (build 106)
Library Manager: ArmAr.exe V5.05 update 1 (build 106)
Hex Converter:   FromElf.exe V5.05 update 1 (build 106)
CPU DLL:         SARMCM3.DLL V5.14.0.0
Dialog DLL:      DCM.DLL V1.13.1.0
Target DLL:      Segger\JL2CM3.dll V2.99.13.0
Dialog DLL:      TCM.DLL V1.14.4.0
 
<h2>Project:</h2>
D:\Project\lab-Micro_power_consumption_backscatter\tag_l152c8t6a\MDK-ARM\tag_l152c8t6a.uvprojx
Project File Date:  09/28/2020

<h2>Output:</h2>
Build target 'tag_l152c8t6a'
assembling startup_stm32l152xba.s...
compiling sx1276-Hal.c...
compiling sx1276-LoRa.c...
compiling main.c...
../Core/Src/main.c(160): warning:  #167-D: argument of type "uint8_t *" is incompatible with parameter of type "const char *"
                                HAL_UART_Transmit(&huart1, (uint8_t *)Buffer, strlen(Buffer), 0xffff);
../Core/Src/main.c(232): warning:  #111-D: statement is unreachable
      switch( Radio->Process( ) )
../Core/Src/main.c(255): warning:  #167-D: argument of type "uint8_t *" is incompatible with parameter of type "const char *"
                                                HAL_UART_Transmit(&huart1, (uint8_t *)Buffer, strlen(Buffer), 0xffff);
../Core/Src/main.c(199): warning:  #177-D: variable "tickstart" was declared but never referenced
                uint32_t tickstart;
../Core/Src/main.c: 4 warnings, 0 errors
compiling stm32l1xx_it.c...
compiling stm32l1xx_hal_msp.c...
compiling stm32l1xx_hal_spi.c...
compiling stm32l1xx_hal.c...
compiling stm32l1xx_hal_rcc.c...
compiling stm32l1xx_hal_rcc_ex.c...
compiling stm32l1xx_hal_flash.c...
compiling stm32l1xx_hal_flash_ex.c...
compiling stm32l1xx_hal_flash_ramfunc.c...
compiling stm32l1xx_hal_gpio.c...
compiling stm32l1xx_hal_dma.c...
compiling stm32l1xx_hal_pwr.c...
compiling stm32l1xx_hal_pwr_ex.c...
compiling stm32l1xx_hal_cortex.c...
compiling stm32l1xx_hal_exti.c...
compiling stm32l1xx_hal_tim.c...
compiling stm32l1xx_hal_tim_ex.c...
compiling stm32l1xx_hal_uart.c...
compiling system_stm32l1xx.c...
linking...
Program Size: Code=17812 RO-data=524 RW-data=280 ZI-data=2056  
FromELF: creating hex file...
"tag_l152c8t6a\tag_l152c8t6a.axf" - 0 Error(s), 4 Warning(s).

<h2>Software Packages used:</h2>

Package Vendor: ARM
                http://www.keil.com/pack/ARM.CMSIS.4.5.0.pack
                ARM::CMSIS:CORE:4.3.0
                CMSIS (Cortex Microcontroller Software Interface Standard)
   * Component: CORE Version: 4.3.0

<h2>Collection of Component include folders:</h2>
  D:\Project\lab-Micro_power_consumption_backscatter\tag_l152c8t6a\MDK-ARM\RTE
  D:\application\MDK514\PACK\ARM\CMSIS\4.5.0\CMSIS\Include
  D:\application\MDK514\PACK\Keil\STM32L1xx_DFP\1.3.0

<h2>Collection of Component Files used:</h2>

   * Component: ARM::CMSIS:CORE:4.3.0
</pre>
</body>
</html>
