<html>
<body>
<pre>
<h1>µVision Build Log</h1>
<h2>Tool Versions:</h2>
IDE-Version: ¦ÌVision V5.14.0.0
Copyright (C) 2015 ARM Ltd and ARM Germany GmbH. All rights reserved.
License Information: dsef f, gre, LIC=PE7DL-090DR-IIM5V-P18US-GU9XD-1V4KS
 
Tool Versions:
Toolchain:       MDK-ARM Standard  Version: 5.14.0.0
Toolchain Path:  D:\application\MDK514\CORE\ARM\ARMCC\Bin
C Compiler:      Armcc.exe V5.05 update 1 (build 106)
Assembler:       Armasm.exe V5.05 update 1 (build 106)
Linker/Locator:  ArmLink.exe V5.05 update 1 (build 106)
Library Manager: ArmAr.exe V5.05 update 1 (build 106)
Hex Converter:   FromElf.exe V5.05 update 1 (build 106)
CPU DLL:         SARMCM3.DLL V5.14.0.0
Dialog DLL:      DCM.DLL V1.13.1.0
Target DLL:      STLink\ST-LINKIII-KEIL_SWO.dll V2.0.14.0_KEIL
Dialog DLL:      TCM.DLL V1.14.4.0
 
<h2>Project:</h2>
D:\Project\lab-Micro_power_consumption_backscatter\tag_l152c8t6a\MDK-ARM\tag_l152c8t6a.uvprojx
Project File Date:  09/28/2020

<h2>Output:</h2>
Build target 'tag_l152c8t6a'
assembling startup_stm32l152xba.s...
compiling main.c...
compiling stm32l1xx_it.c...
compiling stm32l1xx_hal_msp.c...
compiling stm32l1xx_hal_tim.c...
compiling stm32l1xx_hal_tim_ex.c...
compiling stm32l1xx_hal.c...
compiling stm32l1xx_hal_rcc.c...
compiling stm32l1xx_hal_rcc_ex.c...
compiling stm32l1xx_hal_flash.c...
compiling stm32l1xx_hal_flash_ex.c...
compiling stm32l1xx_hal_flash_ramfunc.c...
compiling stm32l1xx_hal_gpio.c...
compiling stm32l1xx_hal_dma.c...
compiling stm32l1xx_hal_pwr.c...
compiling stm32l1xx_hal_pwr_ex.c...
compiling stm32l1xx_hal_cortex.c...
compiling stm32l1xx_hal_exti.c...
compiling system_stm32l1xx.c...
linking...
Program Size: Code=2530 RO-data=302 RW-data=16 ZI-data=1024  
FromELF: creating hex file...
"tag_l152c8t6a\tag_l152c8t6a.axf" - 0 Error(s), 0 Warning(s).

<h2>Software Packages used:</h2>

Package Vendor: ARM
                http://www.keil.com/pack/ARM.CMSIS.4.5.0.pack
                ARM::CMSIS:CORE:4.3.0
                CMSIS (Cortex Microcontroller Software Interface Standard)
   * Component: CORE Version: 4.3.0

<h2>Collection of Component include folders:</h2>
  D:\Project\lab-Micro_power_consumption_backscatter\tag_l152c8t6a\MDK-ARM\RTE
  D:\application\MDK514\PACK\ARM\CMSIS\4.5.0\CMSIS\Include
  D:\application\MDK514\PACK\Keil\STM32L1xx_DFP\1.3.0

<h2>Collection of Component Files used:</h2>

   * Component: ARM::CMSIS:CORE:4.3.0
</pre>
</body>
</html>
