Archive member included because of file (symbol)

f:/other_software/kinetisdesignstudio/toolchain/bin/../lib/gcc/arm-none-eabi/4.8.4/../../../../arm-none-eabi/lib/armv6-m\libg_s.a(lib_a-exit.o)
                              f:/other_software/kinetisdesignstudio/toolchain/bin/../lib/gcc/arm-none-eabi/4.8.4/../../../../arm-none-eabi/lib/armv6-m/crt0.o (exit)
f:/other_software/kinetisdesignstudio/toolchain/bin/../lib/gcc/arm-none-eabi/4.8.4/../../../../arm-none-eabi/lib/armv6-m\libg_s.a(lib_a-impure.o)
                              f:/other_software/kinetisdesignstudio/toolchain/bin/../lib/gcc/arm-none-eabi/4.8.4/../../../../arm-none-eabi/lib/armv6-m\libg_s.a(lib_a-exit.o) (_global_impure_ptr)
f:/other_software/kinetisdesignstudio/toolchain/bin/../lib/gcc/arm-none-eabi/4.8.4/../../../../arm-none-eabi/lib/armv6-m\libg_s.a(lib_a-init.o)
                              f:/other_software/kinetisdesignstudio/toolchain/bin/../lib/gcc/arm-none-eabi/4.8.4/../../../../arm-none-eabi/lib/armv6-m/crt0.o (__libc_init_array)
f:/other_software/kinetisdesignstudio/toolchain/bin/../lib/gcc/arm-none-eabi/4.8.4/../../../../arm-none-eabi/lib/armv6-m\libg_s.a(lib_a-memcpy-stub.o)
                              ./drivers/fsl_flash.o (memcpy)
f:/other_software/kinetisdesignstudio/toolchain/bin/../lib/gcc/arm-none-eabi/4.8.4/../../../../arm-none-eabi/lib/armv6-m\libg_s.a(lib_a-memset.o)
                              f:/other_software/kinetisdesignstudio/toolchain/bin/../lib/gcc/arm-none-eabi/4.8.4/../../../../arm-none-eabi/lib/armv6-m/crt0.o (memset)
f:/other_software/kinetisdesignstudio/toolchain/bin/../lib/gcc/arm-none-eabi/4.8.4/../../../../arm-none-eabi/lib/armv6-m\libg_s.a(lib_a-strlen.o)
                              ./utilities/fsl_str.o (strlen)
f:/other_software/kinetisdesignstudio/toolchain/bin/../lib/gcc/arm-none-eabi/4.8.4/armv6-m\libgcc.a(_udivsi3.o)
                              ./utilities/fsl_str.o (__aeabi_uidiv)
f:/other_software/kinetisdesignstudio/toolchain/bin/../lib/gcc/arm-none-eabi/4.8.4/armv6-m\libgcc.a(_divsi3.o)
                              ./utilities/fsl_str.o (__aeabi_idiv)
f:/other_software/kinetisdesignstudio/toolchain/bin/../lib/gcc/arm-none-eabi/4.8.4/armv6-m\libgcc.a(_dvmd_tls.o)
                              f:/other_software/kinetisdesignstudio/toolchain/bin/../lib/gcc/arm-none-eabi/4.8.4/armv6-m\libgcc.a(_udivsi3.o) (__aeabi_idiv0)
f:/other_software/kinetisdesignstudio/toolchain/bin/../lib/gcc/arm-none-eabi/4.8.4/../../../../arm-none-eabi/lib/armv6-m\libnosys.a(_exit.o)
                              f:/other_software/kinetisdesignstudio/toolchain/bin/../lib/gcc/arm-none-eabi/4.8.4/../../../../arm-none-eabi/lib/armv6-m\libg_s.a(lib_a-exit.o) (_exit)

Discarded input sections

 .text          0x00000000        0x0 f:/other_software/kinetisdesignstudio/toolchain/bin/../lib/gcc/arm-none-eabi/4.8.4/armv6-m/crti.o
 .data          0x00000000        0x0 f:/other_software/kinetisdesignstudio/toolchain/bin/../lib/gcc/arm-none-eabi/4.8.4/armv6-m/crti.o
 .bss           0x00000000        0x0 f:/other_software/kinetisdesignstudio/toolchain/bin/../lib/gcc/arm-none-eabi/4.8.4/armv6-m/crti.o
 .data          0x00000000        0x4 f:/other_software/kinetisdesignstudio/toolchain/bin/../lib/gcc/arm-none-eabi/4.8.4/armv6-m/crtbegin.o
 .data          0x00000000        0x0 f:/other_software/kinetisdesignstudio/toolchain/bin/../lib/gcc/arm-none-eabi/4.8.4/../../../../arm-none-eabi/lib/armv6-m/crt0.o
 .bss           0x00000000        0x0 f:/other_software/kinetisdesignstudio/toolchain/bin/../lib/gcc/arm-none-eabi/4.8.4/../../../../arm-none-eabi/lib/armv6-m/crt0.o
 .ARM.extab     0x00000000        0x0 f:/other_software/kinetisdesignstudio/toolchain/bin/../lib/gcc/arm-none-eabi/4.8.4/../../../../arm-none-eabi/lib/armv6-m/crt0.o
 .text          0x00000000        0x0 ./utilities/fsl_assert.o
 .data          0x00000000        0x0 ./utilities/fsl_assert.o
 .bss           0x00000000        0x0 ./utilities/fsl_assert.o
 .text          0x00000000        0x0 ./utilities/fsl_debug_console.o
 .data          0x00000000        0x0 ./utilities/fsl_debug_console.o
 .bss           0x00000000        0x0 ./utilities/fsl_debug_console.o
 .text.DbgConsole_Deinit
                0x00000000       0x10 ./utilities/fsl_debug_console.o
 .text.DbgConsole_Flush
                0x00000000       0x10 ./utilities/fsl_debug_console.o
 .text.DbgConsole_Putchar
                0x00000000       0x1c ./utilities/fsl_debug_console.o
 .text.DbgConsole_Scanf
                0x00000000       0x58 ./utilities/fsl_debug_console.o
 .text.DbgConsole_Getchar
                0x00000000       0x1c ./utilities/fsl_debug_console.o
 .text._write   0x00000000       0x40 ./utilities/fsl_debug_console.o
 .text._read    0x00000000       0x30 ./utilities/fsl_debug_console.o
 .text          0x00000000        0x0 ./utilities/fsl_io.o
 .data          0x00000000        0x0 ./utilities/fsl_io.o
 .bss           0x00000000        0x0 ./utilities/fsl_io.o
 .text.IO_Deinit
                0x00000000       0x40 ./utilities/fsl_io.o
 .text.IO_WaitIdle
                0x00000000       0x34 ./utilities/fsl_io.o
 .text          0x00000000        0x0 ./utilities/fsl_log.o
 .data          0x00000000        0x0 ./utilities/fsl_log.o
 .bss           0x00000000        0x0 ./utilities/fsl_log.o
 .text.LOG_Deinit
                0x00000000        0xc ./utilities/fsl_log.o
 .text.LOG_WaitIdle
                0x00000000       0x10 ./utilities/fsl_log.o
 .text.LOG_ReadLine
                0x00000000       0xb8 ./utilities/fsl_log.o
 .text.LOG_ReadCharacter
                0x00000000       0x50 ./utilities/fsl_log.o
 .text.LOG_ReadOneCharacter
                0x00000000       0x28 ./utilities/fsl_log.o
 .rodata.__func__.4883
                0x00000000       0x10 ./utilities/fsl_log.o
 .rodata.__func__.4891
                0x00000000       0x14 ./utilities/fsl_log.o
 .text          0x00000000        0x0 ./utilities/fsl_str.o
 .data          0x00000000        0x0 ./utilities/fsl_str.o
 .bss           0x00000000        0x0 ./utilities/fsl_str.o
 .text.ScanIgnoreWhiteSpace
                0x00000000       0x8c ./utilities/fsl_str.o
 .text.StrFormatScanf
                0x00000000      0x550 ./utilities/fsl_str.o
 .rodata.StrFormatScanf
                0x00000000      0x124 ./utilities/fsl_str.o
 .data          0x00000000        0x0 ./startup/startup_MKL03Z4.o
 .bss           0x00000000        0x0 ./startup/startup_MKL03Z4.o
 .text          0x00000000        0x0 ./startup/system_MKL03Z4.o
 .data          0x00000000        0x0 ./startup/system_MKL03Z4.o
 .bss           0x00000000        0x0 ./startup/system_MKL03Z4.o
 .text.SystemCoreClockUpdate
                0x00000000       0xa4 ./startup/system_MKL03Z4.o
 .text          0x00000000        0x0 ./source/i2c_interrupt_b2b_transfer_slave.o
 .data          0x00000000        0x0 ./source/i2c_interrupt_b2b_transfer_slave.o
 .bss           0x00000000        0x0 ./source/i2c_interrupt_b2b_transfer_slave.o
 .bss.g_slave_buff
                0x00000000       0x24 ./source/i2c_interrupt_b2b_transfer_slave.o
 .bss.g_s_handle
                0x00000000       0x24 ./source/i2c_interrupt_b2b_transfer_slave.o
 .bss.g_SlaveCompletionFlag
                0x00000000        0x1 ./source/i2c_interrupt_b2b_transfer_slave.o
 .text.i2c_slave_callback
                0x00000000       0x84 ./source/i2c_interrupt_b2b_transfer_slave.o
 .text          0x00000000        0x0 ./drivers/fsl_clock.o
 .data          0x00000000        0x0 ./drivers/fsl_clock.o
 .bss           0x00000000        0x0 ./drivers/fsl_clock.o
 .text.OSC_SetExtRefClkConfig
                0x00000000       0x48 ./drivers/fsl_clock.o
 .text.OSC_SetCapLoad
                0x00000000       0x4c ./drivers/fsl_clock.o
 .bss.g_xtal32Freq
                0x00000000        0x4 ./drivers/fsl_clock.o
 .text.CLOCK_GetOsc0ErClkFreq
                0x00000000       0x4c ./drivers/fsl_clock.o
 .text.CLOCK_GetEr32kClkFreq
                0x00000000       0x84 ./drivers/fsl_clock.o
 .text.CLOCK_GetPlatClkFreq
                0x00000000       0x2c ./drivers/fsl_clock.o
 .text.CLOCK_GetFlashClkFreq
                0x00000000       0x50 ./drivers/fsl_clock.o
 .text.CLOCK_GetBusClkFreq
                0x00000000       0x50 ./drivers/fsl_clock.o
 .text.CLOCK_GetFreq
                0x00000000       0xc4 ./drivers/fsl_clock.o
 .rodata.CLOCK_GetFreq
                0x00000000       0x30 ./drivers/fsl_clock.o
 .text.CLOCK_GetInternalRefClkFreq
                0x00000000       0x48 ./drivers/fsl_clock.o
 .text.CLOCK_GetPeriphClkFreq
                0x00000000       0x38 ./drivers/fsl_clock.o
 .text.CLOCK_GetMode
                0x00000000       0x68 ./drivers/fsl_clock.o
 .text.CLOCK_InitOsc0
                0x00000000       0x70 ./drivers/fsl_clock.o
 .text.CLOCK_DeinitOsc0
                0x00000000       0x28 ./drivers/fsl_clock.o
 .rodata.__func__.4824
                0x00000000       0x18 ./drivers/fsl_clock.o
 .rodata.__func__.4832
                0x00000000       0x18 ./drivers/fsl_clock.o
 .text          0x00000000        0x0 ./drivers/fsl_common.o
 .data          0x00000000        0x0 ./drivers/fsl_common.o
 .bss           0x00000000        0x0 ./drivers/fsl_common.o
 .debug_info    0x00000000       0x9a ./drivers/fsl_common.o
 .debug_abbrev  0x00000000       0x44 ./drivers/fsl_common.o
 .debug_aranges
                0x00000000       0x18 ./drivers/fsl_common.o
 .debug_line    0x00000000      0x106 ./drivers/fsl_common.o
 .debug_str     0x00000000      0x2e3 ./drivers/fsl_common.o
 .comment       0x00000000       0x71 ./drivers/fsl_common.o
 .ARM.attributes
                0x00000000       0x32 ./drivers/fsl_common.o
 .text          0x00000000        0x0 ./drivers/fsl_flash.o
 .data          0x00000000        0x0 ./drivers/fsl_flash.o
 .bss           0x00000000        0x0 ./drivers/fsl_flash.o
 .rodata.kFCCOBx
                0x00000000        0x4 ./drivers/fsl_flash.o
 .rodata.kFPROTL
                0x00000000        0x4 ./drivers/fsl_flash.o
 .bss.callFlashRunCommand
                0x00000000        0x4 ./drivers/fsl_flash.o
 .rodata.s_flashRunCommandFunctionCode
                0x00000000        0xc ./drivers/fsl_flash.o
 .bss.s_flashRunCommand
                0x00000000       0x40 ./drivers/fsl_flash.o
 .bss.s_flashExecuteInRamFunctionInfo
                0x00000000        0xc ./drivers/fsl_flash.o
 .rodata.kPFlashDensities
                0x00000000       0x20 ./drivers/fsl_flash.o
 .text.FLASH_Init
                0x00000000       0xc0 ./drivers/fsl_flash.o
 .text.FLASH_PrepareExecuteInRamFunctions
                0x00000000       0x3c ./drivers/fsl_flash.o
 .text.FLASH_EraseAll
                0x00000000       0x60 ./drivers/fsl_flash.o
 .text.FLASH_Erase
                0x00000000       0xec ./drivers/fsl_flash.o
 .text.FLASH_EraseAllUnsecure
                0x00000000       0x60 ./drivers/fsl_flash.o
 .text.FLASH_EraseAllExecuteOnlySegments
                0x00000000       0x60 ./drivers/fsl_flash.o
 .text.FLASH_Program
                0x00000000       0xf8 ./drivers/fsl_flash.o
 .text.FLASH_ProgramOnce
                0x00000000       0x8c ./drivers/fsl_flash.o
 .text.FLASH_ReadResource
                0x00000000      0x104 ./drivers/fsl_flash.o
 .text.FLASH_ReadOnce
                0x00000000       0x7c ./drivers/fsl_flash.o
 .text.FLASH_GetSecurityState
                0x00000000       0x70 ./drivers/fsl_flash.o
 .text.FLASH_SecurityBypass
                0x00000000       0xb0 ./drivers/fsl_flash.o
 .text.FLASH_VerifyEraseAll
                0x00000000       0x40 ./drivers/fsl_flash.o
 .text.FLASH_VerifyErase
                0x00000000      0x118 ./drivers/fsl_flash.o
 .text.FLASH_VerifyProgram
                0x00000000       0xec ./drivers/fsl_flash.o
 .text.FLASH_VerifyEraseAllExecuteOnlySegments
                0x00000000       0x40 ./drivers/fsl_flash.o
 .text.FLASH_IsProtected
                0x00000000      0x2c4 ./drivers/fsl_flash.o
 .text.FLASH_IsExecuteOnly
                0x00000000       0x48 ./drivers/fsl_flash.o
 .text.FLASH_GetProperty
                0x00000000       0xbc ./drivers/fsl_flash.o
 .rodata.FLASH_GetProperty
                0x00000000       0x28 ./drivers/fsl_flash.o
 .text.FLASH_SetProperty
                0x00000000       0x44 ./drivers/fsl_flash.o
 .text.FLASH_PflashSetProtection
                0x00000000       0x3c ./drivers/fsl_flash.o
 .text.FLASH_PflashGetProtection
                0x00000000       0x30 ./drivers/fsl_flash.o
 .text.FLASH_PflashGetPrefetchSpeculation
                0x00000000       0x5c ./drivers/fsl_flash.o
 .text.copy_flash_run_command
                0x00000000       0x30 ./drivers/fsl_flash.o
 .text.flash_command_sequence
                0x00000000       0x7c ./drivers/fsl_flash.o
 .text.flash_cache_clear
                0x00000000       0x18 ./drivers/fsl_flash.o
 .text.flash_cache_clear_process
                0x00000000       0x28 ./drivers/fsl_flash.o
 .text.flash_check_execute_in_ram_function_info
                0x00000000       0x38 ./drivers/fsl_flash.o
 .text.flash_check_range
                0x00000000       0x5c ./drivers/fsl_flash.o
 .text.flash_get_matched_operation_info
                0x00000000       0x7c ./drivers/fsl_flash.o
 .text.flash_check_user_key
                0x00000000       0x24 ./drivers/fsl_flash.o
 .text.flash_check_resource_range
                0x00000000       0x94 ./drivers/fsl_flash.o
 .text.flash_get_protection_info
                0x00000000       0x70 ./drivers/fsl_flash.o
 .text          0x00000000        0x0 ./drivers/fsl_gpio.o
 .data          0x00000000        0x0 ./drivers/fsl_gpio.o
 .bss           0x00000000        0x0 ./drivers/fsl_gpio.o
 .text.GPIO_PinWrite
                0x00000000       0x34 ./drivers/fsl_gpio.o
 .text.GPIO_WritePinOutput
                0x00000000       0x28 ./drivers/fsl_gpio.o
 .text.FGPIO_PinWrite
                0x00000000       0x40 ./drivers/fsl_gpio.o
 .text.FGPIO_WritePinOutput
                0x00000000       0x28 ./drivers/fsl_gpio.o
 .rodata.s_portBases
                0x00000000        0x8 ./drivers/fsl_gpio.o
 .rodata.s_gpioBases
                0x00000000        0x8 ./drivers/fsl_gpio.o
 .rodata        0x00000000       0xd4 ./drivers/fsl_gpio.o
 .text.GPIO_GetInstance
                0x00000000       0x58 ./drivers/fsl_gpio.o
 .text.GPIO_PinInit
                0x00000000       0x78 ./drivers/fsl_gpio.o
 .text.GPIO_PortGetInterruptFlags
                0x00000000       0x38 ./drivers/fsl_gpio.o
 .text.GPIO_PortClearInterruptFlags
                0x00000000       0x3c ./drivers/fsl_gpio.o
 .rodata.s_fgpioBases
                0x00000000        0x8 ./drivers/fsl_gpio.o
 .text.FGPIO_GetInstance
                0x00000000       0x58 ./drivers/fsl_gpio.o
 .text.FGPIO_PinInit
                0x00000000       0x78 ./drivers/fsl_gpio.o
 .text.FGPIO_PortGetInterruptFlags
                0x00000000       0x38 ./drivers/fsl_gpio.o
 .text.FGPIO_PortClearInterruptFlags
                0x00000000       0x3c ./drivers/fsl_gpio.o
 .rodata.__func__.4953
                0x00000000       0x14 ./drivers/fsl_gpio.o
 .rodata.__func__.4959
                0x00000000       0x10 ./drivers/fsl_gpio.o
 .rodata.__func__.4981
                0x00000000       0x14 ./drivers/fsl_gpio.o
 .rodata.__func__.4987
                0x00000000       0x10 ./drivers/fsl_gpio.o
 .debug_info    0x00000000      0x835 ./drivers/fsl_gpio.o
 .debug_abbrev  0x00000000      0x1e7 ./drivers/fsl_gpio.o
 .debug_aranges
                0x00000000       0x78 ./drivers/fsl_gpio.o
 .debug_ranges  0x00000000       0x68 ./drivers/fsl_gpio.o
 .debug_line    0x00000000      0x297 ./drivers/fsl_gpio.o
 .debug_str     0x00000000      0xa5e ./drivers/fsl_gpio.o
 .comment       0x00000000       0x71 ./drivers/fsl_gpio.o
 .ARM.attributes
                0x00000000       0x32 ./drivers/fsl_gpio.o
 .debug_frame   0x00000000      0x190 ./drivers/fsl_gpio.o
 .text          0x00000000        0x0 ./drivers/fsl_i2c.o
 .data          0x00000000        0x0 ./drivers/fsl_i2c.o
 .bss           0x00000000        0x0 ./drivers/fsl_i2c.o
 .text.__NVIC_EnableIRQ
                0x00000000       0x34 ./drivers/fsl_i2c.o
 .text.CLOCK_EnableClock
                0x00000000       0x34 ./drivers/fsl_i2c.o
 .text.CLOCK_DisableClock
                0x00000000       0x38 ./drivers/fsl_i2c.o
 .text.EnableIRQ
                0x00000000       0x34 ./drivers/fsl_i2c.o
 .text.I2C_Enable
                0x00000000       0x40 ./drivers/fsl_i2c.o
 .text.I2C_SlaveGetStatusFlags
                0x00000000       0x1c ./drivers/fsl_i2c.o
 .text.I2C_MasterClearStatusFlags
                0x00000000       0x54 ./drivers/fsl_i2c.o
 .text.I2C_SlaveClearStatusFlags
                0x00000000       0x1c ./drivers/fsl_i2c.o
 .rodata.s_i2cDividerTable
                0x00000000       0x80 ./drivers/fsl_i2c.o
 .rodata.s_i2cBases
                0x00000000        0x4 ./drivers/fsl_i2c.o
 .rodata.s_i2cIrqs
                0x00000000        0x4 ./drivers/fsl_i2c.o
 .rodata.s_i2cClocks
                0x00000000        0x4 ./drivers/fsl_i2c.o
 .rodata        0x00000000      0x130 ./drivers/fsl_i2c.o
 .text.I2C_GetInstance
                0x00000000       0x54 ./drivers/fsl_i2c.o
 .text.I2C_SetHoldTime
                0x00000000       0xf8 ./drivers/fsl_i2c.o
 .text.I2C_InitTransferStateMachine
                0x00000000       0xf4 ./drivers/fsl_i2c.o
 .text.I2C_CheckAndClearError
                0x00000000       0x40 ./drivers/fsl_i2c.o
 .text.I2C_MasterTransferRunStateMachine
                0x00000000      0x268 ./drivers/fsl_i2c.o
 .text.I2C_MasterInit
                0x00000000      0x118 ./drivers/fsl_i2c.o
 .text.I2C_MasterDeinit
                0x00000000       0x2c ./drivers/fsl_i2c.o
 .text.I2C_MasterGetDefaultConfig
                0x00000000       0x4c ./drivers/fsl_i2c.o
 .text.I2C_EnableInterrupts
                0x00000000       0x64 ./drivers/fsl_i2c.o
 .text.I2C_DisableInterrupts
                0x00000000       0x40 ./drivers/fsl_i2c.o
 .text.I2C_MasterSetBaudRate
                0x00000000       0xf0 ./drivers/fsl_i2c.o
 .text.I2C_MasterStart
                0x00000000       0x7c ./drivers/fsl_i2c.o
 .text.I2C_MasterRepeatedStart
                0x00000000       0xcc ./drivers/fsl_i2c.o
 .text.I2C_MasterStop
                0x00000000       0x38 ./drivers/fsl_i2c.o
 .text.I2C_MasterGetStatusFlags
                0x00000000       0x4c ./drivers/fsl_i2c.o
 .text.I2C_MasterWriteBlocking
                0x00000000       0xec ./drivers/fsl_i2c.o
 .text.I2C_MasterReadBlocking
                0x00000000       0xf0 ./drivers/fsl_i2c.o
 .text.I2C_MasterTransferBlocking
                0x00000000      0x268 ./drivers/fsl_i2c.o
 .text.I2C_MasterTransferCreateHandle
                0x00000000       0x80 ./drivers/fsl_i2c.o
 .text.I2C_MasterTransferNonBlocking
                0x00000000       0x8c ./drivers/fsl_i2c.o
 .text.I2C_MasterTransferAbort
                0x00000000       0xe8 ./drivers/fsl_i2c.o
 .text.I2C_MasterTransferGetCount
                0x00000000       0x50 ./drivers/fsl_i2c.o
 .text.I2C_MasterTransferHandleIRQ
                0x00000000       0xd4 ./drivers/fsl_i2c.o
 .text.I2C_SlaveInit
                0x00000000      0x180 ./drivers/fsl_i2c.o
 .text.I2C_SlaveDeinit
                0x00000000       0x2c ./drivers/fsl_i2c.o
 .text.I2C_SlaveGetDefaultConfig
                0x00000000       0x54 ./drivers/fsl_i2c.o
 .text.I2C_SlaveWriteBlocking
                0x00000000       0xa8 ./drivers/fsl_i2c.o
 .text.I2C_SlaveReadBlocking
                0x00000000       0xcc ./drivers/fsl_i2c.o
 .text.I2C_SlaveTransferCreateHandle
                0x00000000       0x80 ./drivers/fsl_i2c.o
 .text.I2C_SlaveTransferNonBlocking
                0x00000000       0x8c ./drivers/fsl_i2c.o
 .text.I2C_SlaveTransferAbort
                0x00000000       0x5c ./drivers/fsl_i2c.o
 .text.I2C_SlaveTransferGetCount
                0x00000000       0x64 ./drivers/fsl_i2c.o
 .text.I2C_SlaveTransferHandleIRQ
                0x00000000      0x384 ./drivers/fsl_i2c.o
 .rodata.__func__.5074
                0x00000000       0x10 ./drivers/fsl_i2c.o
 .rodata.__func__.5133
                0x00000000       0x10 ./drivers/fsl_i2c.o
 .rodata.__func__.5141
                0x00000000       0x1c ./drivers/fsl_i2c.o
 .rodata.__func__.5244
                0x00000000       0x1c ./drivers/fsl_i2c.o
 .rodata.__func__.5267
                0x00000000       0x20 ./drivers/fsl_i2c.o
 .rodata.__func__.5274
                0x00000000       0x20 ./drivers/fsl_i2c.o
 .rodata.__func__.5280
                0x00000000       0x18 ./drivers/fsl_i2c.o
 .rodata.__func__.5293
                0x00000000       0x1c ./drivers/fsl_i2c.o
 .rodata.__func__.5298
                0x00000000       0x1c ./drivers/fsl_i2c.o
 .rodata.__func__.5307
                0x00000000       0x10 ./drivers/fsl_i2c.o
 .rodata.__func__.5319
                0x00000000       0x1c ./drivers/fsl_i2c.o
 .rodata.__func__.5361
                0x00000000       0x20 ./drivers/fsl_i2c.o
 .rodata.__func__.5368
                0x00000000       0x20 ./drivers/fsl_i2c.o
 .rodata.__func__.5373
                0x00000000       0x18 ./drivers/fsl_i2c.o
 .rodata.__func__.5379
                0x00000000       0x1c ./drivers/fsl_i2c.o
 .rodata.__func__.5384
                0x00000000       0x1c ./drivers/fsl_i2c.o
 .text          0x00000000        0x0 ./drivers/fsl_lpuart.o
 .data          0x00000000        0x0 ./drivers/fsl_lpuart.o
 .bss           0x00000000        0x0 ./drivers/fsl_lpuart.o
 .text.__NVIC_EnableIRQ
                0x00000000       0x34 ./drivers/fsl_lpuart.o
 .text.CLOCK_DisableClock
                0x00000000       0x38 ./drivers/fsl_lpuart.o
 .text.EnableIRQ
                0x00000000       0x34 ./drivers/fsl_lpuart.o
 .rodata.s_lpuartBases
                0x00000000        0x4 ./drivers/fsl_lpuart.o
 .rodata.s_lpuartIRQ
                0x00000000        0x4 ./drivers/fsl_lpuart.o
 .rodata.s_lpuartClock
                0x00000000        0x4 ./drivers/fsl_lpuart.o
 .text.LPUART_TransferGetRxRingBufferLength
                0x00000000       0x70 ./drivers/fsl_lpuart.o
 .text.LPUART_TransferIsRxRingBufferFull
                0x00000000       0x64 ./drivers/fsl_lpuart.o
 .text.LPUART_WriteNonBlocking
                0x00000000       0x54 ./drivers/fsl_lpuart.o
 .text.LPUART_ReadNonBlocking
                0x00000000       0x54 ./drivers/fsl_lpuart.o
 .text.LPUART_Deinit
                0x00000000       0x64 ./drivers/fsl_lpuart.o
 .text.LPUART_SetBaudRate
                0x00000000      0x198 ./drivers/fsl_lpuart.o
 .text.LPUART_EnableInterrupts
                0x00000000       0x38 ./drivers/fsl_lpuart.o
 .text.LPUART_DisableInterrupts
                0x00000000       0x3c ./drivers/fsl_lpuart.o
 .text.LPUART_GetEnabledInterrupts
                0x00000000       0x34 ./drivers/fsl_lpuart.o
 .text.LPUART_TransferCreateHandle
                0x00000000       0x90 ./drivers/fsl_lpuart.o
 .text.LPUART_TransferStartRingBuffer
                0x00000000       0x78 ./drivers/fsl_lpuart.o
 .text.LPUART_TransferStopRingBuffer
                0x00000000       0x64 ./drivers/fsl_lpuart.o
 .text.LPUART_TransferSendNonBlocking
                0x00000000       0xd0 ./drivers/fsl_lpuart.o
 .text.LPUART_TransferAbortSend
                0x00000000       0x50 ./drivers/fsl_lpuart.o
 .text.LPUART_TransferGetSendCount
                0x00000000       0x70 ./drivers/fsl_lpuart.o
 .text.LPUART_TransferReceiveNonBlocking
                0x00000000      0x1dc ./drivers/fsl_lpuart.o
 .text.LPUART_TransferAbortReceive
                0x00000000       0x58 ./drivers/fsl_lpuart.o
 .text.LPUART_TransferGetReceiveCount
                0x00000000       0x70 ./drivers/fsl_lpuart.o
 .text.LPUART_TransferHandleIRQ
                0x00000000      0x31c ./drivers/fsl_lpuart.o
 .text.LPUART_TransferHandleErrorIRQ
                0x00000000       0x10 ./drivers/fsl_lpuart.o
 .rodata.__func__.5049
                0x00000000       0x28 ./drivers/fsl_lpuart.o
 .rodata.__func__.5055
                0x00000000       0x24 ./drivers/fsl_lpuart.o
 .rodata.__func__.5062
                0x00000000       0x18 ./drivers/fsl_lpuart.o
 .rodata.__func__.5072
                0x00000000       0x18 ./drivers/fsl_lpuart.o
 .rodata.__func__.5112
                0x00000000       0x14 ./drivers/fsl_lpuart.o
 .rodata.__func__.5178
                0x00000000       0x1c ./drivers/fsl_lpuart.o
 .rodata.__func__.5186
                0x00000000       0x20 ./drivers/fsl_lpuart.o
 .rodata.__func__.5191
                0x00000000       0x20 ./drivers/fsl_lpuart.o
 .rodata.__func__.5197
                0x00000000       0x20 ./drivers/fsl_lpuart.o
 .rodata.__func__.5203
                0x00000000       0x1c ./drivers/fsl_lpuart.o
 .rodata.__func__.5209
                0x00000000       0x1c ./drivers/fsl_lpuart.o
 .rodata.__func__.5216
                0x00000000       0x24 ./drivers/fsl_lpuart.o
 .rodata.__func__.5229
                0x00000000       0x1c ./drivers/fsl_lpuart.o
 .rodata.__func__.5235
                0x00000000       0x20 ./drivers/fsl_lpuart.o
 .rodata.__func__.5240
                0x00000000       0x1c ./drivers/fsl_lpuart.o
 .text          0x00000000        0x0 ./drivers/fsl_smc.o
 .data          0x00000000        0x0 ./drivers/fsl_smc.o
 .bss           0x00000000        0x0 ./drivers/fsl_smc.o
 .text.SMC_PreEnterWaitModes
                0x00000000       0x1c ./drivers/fsl_smc.o
 .text.SMC_PostExitWaitModes
                0x00000000       0x1c ./drivers/fsl_smc.o
 .text.SMC_SetPowerModeWait
                0x00000000       0x2c ./drivers/fsl_smc.o
 .text.SMC_SetPowerModeStop
                0x00000000       0xb8 ./drivers/fsl_smc.o
 .text.SMC_SetPowerModeVlpw
                0x00000000       0x2c ./drivers/fsl_smc.o
 .text.SMC_SetPowerModeVlps
                0x00000000       0x7c ./drivers/fsl_smc.o
 .text          0x00000000        0x0 ./board/board.o
 .data          0x00000000        0x0 ./board/board.o
 .bss           0x00000000        0x0 ./board/board.o
 .text          0x00000000        0x0 ./board/clock_config.o
 .data          0x00000000        0x0 ./board/clock_config.o
 .bss           0x00000000        0x0 ./board/clock_config.o
 .text.SMC_SetPowerModeProtection
                0x00000000       0x1c ./board/clock_config.o
 .text.SMC_GetPowerModeState
                0x00000000       0x18 ./board/clock_config.o
 .rodata.oscConfig_BOARD_BootClockRUN
                0x00000000        0x8 ./board/clock_config.o
 .rodata.mcgliteConfig_BOARD_BootClockVLPR
                0x00000000        0x8 ./board/clock_config.o
 .rodata.simConfig_BOARD_BootClockVLPR
                0x00000000        0x8 ./board/clock_config.o
 .rodata.oscConfig_BOARD_BootClockVLPR
                0x00000000        0x8 ./board/clock_config.o
 .text.BOARD_BootClockVLPR
                0x00000000       0x58 ./board/clock_config.o
 .text          0x00000000        0x0 ./board/pin_mux.o
 .data          0x00000000        0x0 ./board/pin_mux.o
 .bss           0x00000000        0x0 ./board/pin_mux.o
 .text.BOARD_I2C_ConfigurePins
                0x00000000       0x88 ./board/pin_mux.o
 .text          0x00000000        0x0 f:/other_software/kinetisdesignstudio/toolchain/bin/../lib/gcc/arm-none-eabi/4.8.4/../../../../arm-none-eabi/lib/armv6-m\libg_s.a(lib_a-exit.o)
 .data          0x00000000        0x0 f:/other_software/kinetisdesignstudio/toolchain/bin/../lib/gcc/arm-none-eabi/4.8.4/../../../../arm-none-eabi/lib/armv6-m\libg_s.a(lib_a-exit.o)
 .bss           0x00000000        0x0 f:/other_software/kinetisdesignstudio/toolchain/bin/../lib/gcc/arm-none-eabi/4.8.4/../../../../arm-none-eabi/lib/armv6-m\libg_s.a(lib_a-exit.o)
 .text          0x00000000        0x0 f:/other_software/kinetisdesignstudio/toolchain/bin/../lib/gcc/arm-none-eabi/4.8.4/../../../../arm-none-eabi/lib/armv6-m\libg_s.a(lib_a-impure.o)
 .data          0x00000000        0x0 f:/other_software/kinetisdesignstudio/toolchain/bin/../lib/gcc/arm-none-eabi/4.8.4/../../../../arm-none-eabi/lib/armv6-m\libg_s.a(lib_a-impure.o)
 .bss           0x00000000        0x0 f:/other_software/kinetisdesignstudio/toolchain/bin/../lib/gcc/arm-none-eabi/4.8.4/../../../../arm-none-eabi/lib/armv6-m\libg_s.a(lib_a-impure.o)
 .data._impure_ptr
                0x00000000        0x4 f:/other_software/kinetisdesignstudio/toolchain/bin/../lib/gcc/arm-none-eabi/4.8.4/../../../../arm-none-eabi/lib/armv6-m\libg_s.a(lib_a-impure.o)
 .text          0x00000000        0x0 f:/other_software/kinetisdesignstudio/toolchain/bin/../lib/gcc/arm-none-eabi/4.8.4/../../../../arm-none-eabi/lib/armv6-m\libg_s.a(lib_a-init.o)
 .data          0x00000000        0x0 f:/other_software/kinetisdesignstudio/toolchain/bin/../lib/gcc/arm-none-eabi/4.8.4/../../../../arm-none-eabi/lib/armv6-m\libg_s.a(lib_a-init.o)
 .bss           0x00000000        0x0 f:/other_software/kinetisdesignstudio/toolchain/bin/../lib/gcc/arm-none-eabi/4.8.4/../../../../arm-none-eabi/lib/armv6-m\libg_s.a(lib_a-init.o)
 .text          0x00000000        0x0 f:/other_software/kinetisdesignstudio/toolchain/bin/../lib/gcc/arm-none-eabi/4.8.4/../../../../arm-none-eabi/lib/armv6-m\libg_s.a(lib_a-memcpy-stub.o)
 .data          0x00000000        0x0 f:/other_software/kinetisdesignstudio/toolchain/bin/../lib/gcc/arm-none-eabi/4.8.4/../../../../arm-none-eabi/lib/armv6-m\libg_s.a(lib_a-memcpy-stub.o)
 .bss           0x00000000        0x0 f:/other_software/kinetisdesignstudio/toolchain/bin/../lib/gcc/arm-none-eabi/4.8.4/../../../../arm-none-eabi/lib/armv6-m\libg_s.a(lib_a-memcpy-stub.o)
 .text          0x00000000        0x0 f:/other_software/kinetisdesignstudio/toolchain/bin/../lib/gcc/arm-none-eabi/4.8.4/../../../../arm-none-eabi/lib/armv6-m\libg_s.a(lib_a-memset.o)
 .data          0x00000000        0x0 f:/other_software/kinetisdesignstudio/toolchain/bin/../lib/gcc/arm-none-eabi/4.8.4/../../../../arm-none-eabi/lib/armv6-m\libg_s.a(lib_a-memset.o)
 .bss           0x00000000        0x0 f:/other_software/kinetisdesignstudio/toolchain/bin/../lib/gcc/arm-none-eabi/4.8.4/../../../../arm-none-eabi/lib/armv6-m\libg_s.a(lib_a-memset.o)
 .text          0x00000000        0x0 f:/other_software/kinetisdesignstudio/toolchain/bin/../lib/gcc/arm-none-eabi/4.8.4/../../../../arm-none-eabi/lib/armv6-m\libg_s.a(lib_a-strlen.o)
 .data          0x00000000        0x0 f:/other_software/kinetisdesignstudio/toolchain/bin/../lib/gcc/arm-none-eabi/4.8.4/../../../../arm-none-eabi/lib/armv6-m\libg_s.a(lib_a-strlen.o)
 .bss           0x00000000        0x0 f:/other_software/kinetisdesignstudio/toolchain/bin/../lib/gcc/arm-none-eabi/4.8.4/../../../../arm-none-eabi/lib/armv6-m\libg_s.a(lib_a-strlen.o)
 .data          0x00000000        0x0 f:/other_software/kinetisdesignstudio/toolchain/bin/../lib/gcc/arm-none-eabi/4.8.4/armv6-m\libgcc.a(_udivsi3.o)
 .bss           0x00000000        0x0 f:/other_software/kinetisdesignstudio/toolchain/bin/../lib/gcc/arm-none-eabi/4.8.4/armv6-m\libgcc.a(_udivsi3.o)
 .data          0x00000000        0x0 f:/other_software/kinetisdesignstudio/toolchain/bin/../lib/gcc/arm-none-eabi/4.8.4/armv6-m\libgcc.a(_divsi3.o)
 .bss           0x00000000        0x0 f:/other_software/kinetisdesignstudio/toolchain/bin/../lib/gcc/arm-none-eabi/4.8.4/armv6-m\libgcc.a(_divsi3.o)
 .data          0x00000000        0x0 f:/other_software/kinetisdesignstudio/toolchain/bin/../lib/gcc/arm-none-eabi/4.8.4/armv6-m\libgcc.a(_dvmd_tls.o)
 .bss           0x00000000        0x0 f:/other_software/kinetisdesignstudio/toolchain/bin/../lib/gcc/arm-none-eabi/4.8.4/armv6-m\libgcc.a(_dvmd_tls.o)
 .text          0x00000000        0x0 f:/other_software/kinetisdesignstudio/toolchain/bin/../lib/gcc/arm-none-eabi/4.8.4/../../../../arm-none-eabi/lib/armv6-m\libnosys.a(_exit.o)
 .data          0x00000000        0x0 f:/other_software/kinetisdesignstudio/toolchain/bin/../lib/gcc/arm-none-eabi/4.8.4/../../../../arm-none-eabi/lib/armv6-m\libnosys.a(_exit.o)
 .bss           0x00000000        0x0 f:/other_software/kinetisdesignstudio/toolchain/bin/../lib/gcc/arm-none-eabi/4.8.4/../../../../arm-none-eabi/lib/armv6-m\libnosys.a(_exit.o)
 .text          0x00000000        0x0 f:/other_software/kinetisdesignstudio/toolchain/bin/../lib/gcc/arm-none-eabi/4.8.4/armv6-m/crtend.o
 .data          0x00000000        0x0 f:/other_software/kinetisdesignstudio/toolchain/bin/../lib/gcc/arm-none-eabi/4.8.4/armv6-m/crtend.o
 .bss           0x00000000        0x0 f:/other_software/kinetisdesignstudio/toolchain/bin/../lib/gcc/arm-none-eabi/4.8.4/armv6-m/crtend.o
 .eh_frame      0x00000000        0x4 f:/other_software/kinetisdesignstudio/toolchain/bin/../lib/gcc/arm-none-eabi/4.8.4/armv6-m/crtend.o
 .text          0x00000000        0x0 f:/other_software/kinetisdesignstudio/toolchain/bin/../lib/gcc/arm-none-eabi/4.8.4/armv6-m/crtn.o
 .data          0x00000000        0x0 f:/other_software/kinetisdesignstudio/toolchain/bin/../lib/gcc/arm-none-eabi/4.8.4/armv6-m/crtn.o
 .bss           0x00000000        0x0 f:/other_software/kinetisdesignstudio/toolchain/bin/../lib/gcc/arm-none-eabi/4.8.4/armv6-m/crtn.o

Memory Configuration

Name             Origin             Length             Attributes
m_interrupts     0x00000000         0x00000100         xr
m_flash_config   0x00000400         0x00000010         xr
m_text           0x00000410         0x00007bf0         xr
m_data           0x1ffffe00         0x00000800         rw
*default*        0x00000000         0xffffffff

Linker script and memory map

LOAD f:/other_software/kinetisdesignstudio/toolchain/bin/../lib/gcc/arm-none-eabi/4.8.4/armv6-m/crti.o
LOAD f:/other_software/kinetisdesignstudio/toolchain/bin/../lib/gcc/arm-none-eabi/4.8.4/armv6-m/crtbegin.o
LOAD f:/other_software/kinetisdesignstudio/toolchain/bin/../lib/gcc/arm-none-eabi/4.8.4/../../../../arm-none-eabi/lib/armv6-m/crt0.o
START GROUP
LOAD ./utilities/fsl_assert.o
LOAD ./utilities/fsl_debug_console.o
LOAD ./utilities/fsl_io.o
LOAD ./utilities/fsl_log.o
LOAD ./utilities/fsl_str.o
LOAD ./startup/startup_MKL03Z4.o
LOAD ./startup/system_MKL03Z4.o
LOAD ./source/i2c_interrupt_b2b_transfer_slave.o
LOAD ./drivers/fsl_clock.o
LOAD ./drivers/fsl_common.o
LOAD ./drivers/fsl_flash.o
LOAD ./drivers/fsl_gpio.o
LOAD ./drivers/fsl_i2c.o
LOAD ./drivers/fsl_lpuart.o
LOAD ./drivers/fsl_smc.o
LOAD ./board/board.o
LOAD ./board/clock_config.o
LOAD ./board/pin_mux.o
LOAD f:/other_software/kinetisdesignstudio/toolchain/bin/../lib/gcc/arm-none-eabi/4.8.4/../../../../arm-none-eabi/lib/armv6-m\libg_s.a
LOAD f:/other_software/kinetisdesignstudio/toolchain/bin/../lib/gcc/arm-none-eabi/4.8.4/armv6-m\libgcc.a
LOAD f:/other_software/kinetisdesignstudio/toolchain/bin/../lib/gcc/arm-none-eabi/4.8.4/../../../../arm-none-eabi/lib/armv6-m\libnosys.a
END GROUP
LOAD f:/other_software/kinetisdesignstudio/toolchain/bin/../lib/gcc/arm-none-eabi/4.8.4/../../../../arm-none-eabi/lib/armv6-m\libstdc++_s.a
LOAD f:/other_software/kinetisdesignstudio/toolchain/bin/../lib/gcc/arm-none-eabi/4.8.4/../../../../arm-none-eabi/lib/armv6-m\libm.a
START GROUP
LOAD f:/other_software/kinetisdesignstudio/toolchain/bin/../lib/gcc/arm-none-eabi/4.8.4/armv6-m\libgcc.a
LOAD f:/other_software/kinetisdesignstudio/toolchain/bin/../lib/gcc/arm-none-eabi/4.8.4/../../../../arm-none-eabi/lib/armv6-m\libg_s.a
LOAD f:/other_software/kinetisdesignstudio/toolchain/bin/../lib/gcc/arm-none-eabi/4.8.4/../../../../arm-none-eabi/lib/armv6-m\libc_s.a
END GROUP
START GROUP
LOAD f:/other_software/kinetisdesignstudio/toolchain/bin/../lib/gcc/arm-none-eabi/4.8.4/armv6-m\libgcc.a
LOAD f:/other_software/kinetisdesignstudio/toolchain/bin/../lib/gcc/arm-none-eabi/4.8.4/../../../../arm-none-eabi/lib/armv6-m\libc_s.a
END GROUP
LOAD f:/other_software/kinetisdesignstudio/toolchain/bin/../lib/gcc/arm-none-eabi/4.8.4/armv6-m/crtend.o
LOAD f:/other_software/kinetisdesignstudio/toolchain/bin/../lib/gcc/arm-none-eabi/4.8.4/armv6-m/crtn.o
                0x00000200                HEAP_SIZE = DEFINED (__heap_size__)?__heap_size__:0x200
                0x00000050                STACK_SIZE = DEFINED (__stack_size__)?__stack_size__:0x50

.interrupts     0x00000000       0xc0
                0x00000000                . = ALIGN (0x4)
 *(.isr_vector)
 .isr_vector    0x00000000       0xc0 ./startup/startup_MKL03Z4.o
                0x00000000                __isr_vector
                0x000000c0                . = ALIGN (0x4)

.flash_config   0x00000400       0x10
                0x00000400                . = ALIGN (0x4)
 *(.FlashConfig)
 .FlashConfig   0x00000400       0x10 ./startup/startup_MKL03Z4.o
                0x00000410                . = ALIGN (0x4)

.text           0x00000410     0x233c
                0x00000410                . = ALIGN (0x4)
 *(.text)
 .text          0x00000410       0x60 f:/other_software/kinetisdesignstudio/toolchain/bin/../lib/gcc/arm-none-eabi/4.8.4/armv6-m/crtbegin.o
 .text          0x00000470       0x78 f:/other_software/kinetisdesignstudio/toolchain/bin/../lib/gcc/arm-none-eabi/4.8.4/../../../../arm-none-eabi/lib/armv6-m/crt0.o
                0x00000470                _start
                0x00000470                _mainCRTStartup
 .text          0x000004e8       0xa8 ./startup/startup_MKL03Z4.o
                0x000004e8                Reset_Handler
                0x00000548                Reserved16_IRQHandler
                0x00000548                LPTMR0_IRQHandler
                0x00000548                Reserved38_IRQHandler
                0x00000548                Reserved40_IRQHandler
                0x00000548                FTFA_IRQHandler
                0x00000548                PORTA_IRQHandler
                0x00000548                Reserved19_IRQHandler
                0x00000548                Reserved29_IRQHandler
                0x00000548                TPM0_IRQHandler
                0x00000548                LLWU_IRQHandler
                0x00000548                Reserved42_IRQHandler
                0x00000548                ADC0_IRQHandler
                0x00000548                Reserved39_IRQHandler
                0x00000548                DefaultISR
                0x00000548                Reserved25_IRQHandler
                0x00000548                PORTB_IRQHandler
                0x00000548                Reserved43_IRQHandler
                0x00000548                RTC_IRQHandler
                0x00000548                Reserved18_IRQHandler
                0x00000548                Reserved27_IRQHandler
                0x00000548                RTC_Seconds_IRQHandler
                0x00000548                Reserved35_IRQHandler
                0x00000548                Reserved20_IRQHandler
                0x00000548                Reserved17_IRQHandler
                0x00000548                Reserved41_IRQHandler
                0x00000548                TPM1_IRQHandler
                0x00000548                PMC_IRQHandler
                0x00000548                Reserved45_IRQHandler
                0x00000548                Reserved30_IRQHandler
                0x00000548                SPI0_DriverIRQHandler
                0x00000548                CMP0_IRQHandler
                0x0000054c                NMI_Handler
                0x00000550                HardFault_Handler
                0x00000554                SVC_Handler
                0x00000558                PendSV_Handler
                0x0000055c                SysTick_Handler
                0x00000560                I2C0_IRQHandler
                0x00000564                SPI0_IRQHandler
                0x00000568                LPUART0_IRQHandler
 .text          0x00000590       0x9c f:/other_software/kinetisdesignstudio/toolchain/bin/../lib/gcc/arm-none-eabi/4.8.4/armv6-m\libgcc.a(_udivsi3.o)
                0x00000590                __aeabi_uidiv
                0x00000590                __udivsi3
                0x00000618                __aeabi_uidivmod
 .text          0x0000062c       0xc0 f:/other_software/kinetisdesignstudio/toolchain/bin/../lib/gcc/arm-none-eabi/4.8.4/armv6-m\libgcc.a(_divsi3.o)
                0x0000062c                __divsi3
                0x0000062c                __aeabi_idiv
                0x000006d8                __aeabi_idivmod
 .text          0x000006ec        0x4 f:/other_software/kinetisdesignstudio/toolchain/bin/../lib/gcc/arm-none-eabi/4.8.4/armv6-m\libgcc.a(_dvmd_tls.o)
                0x000006ec                __aeabi_idiv0
                0x000006ec                __aeabi_ldiv0
 *(.text*)
 .text.__assert_func
                0x000006f0       0x28 ./utilities/fsl_assert.o
                0x000006f0                __assert_func
 .text.DbgConsole_Init
                0x00000718       0x4c ./utilities/fsl_debug_console.o
                0x00000718                DbgConsole_Init
 .text.DbgConsole_Printf
                0x00000764       0x80 ./utilities/fsl_debug_console.o
                0x00000764                DbgConsole_Printf
 .text.DbgConsole_RelocateLog
                0x000007e4       0x64 ./utilities/fsl_debug_console.o
 .text.LPUART_EnableTx
                0x00000848       0x3c ./utilities/fsl_io.o
 .text.LPUART_EnableRx
                0x00000884       0x3c ./utilities/fsl_io.o
 .text.IO_Init  0x000008c0       0x90 ./utilities/fsl_io.o
                0x000008c0                IO_Init
 .text.IO_Transfer
                0x00000950       0x64 ./utilities/fsl_io.o
                0x00000950                IO_Transfer
 .text.LOG_Init
                0x000009b4       0x48 ./utilities/fsl_log.o
                0x000009b4                LOG_Init
 .text.LOG_Push
                0x000009fc       0x44 ./utilities/fsl_log.o
                0x000009fc                LOG_Push
 .text.LOG_Pop  0x00000a40       0x54 ./utilities/fsl_log.o
                0x00000a40                LOG_Pop
 .text.ConvertRadixNumToString
                0x00000a94      0x118 ./utilities/fsl_str.o
 .text.StrFormatPrintf
                0x00000bac      0x378 ./utilities/fsl_str.o
                0x00000bac                StrFormatPrintf
 .text.SystemInit
                0x00000f24       0x38 ./startup/system_MKL03Z4.o
                0x00000f24                SystemInit
 .text.__NVIC_EnableIRQ
                0x00000f5c       0x34 ./source/i2c_interrupt_b2b_transfer_slave.o
 .text.__NVIC_ClearPendingIRQ
                0x00000f90       0x34 ./source/i2c_interrupt_b2b_transfer_slave.o
 .text.SMC_SetPowerModeProtection
                0x00000fc4       0x1c ./source/i2c_interrupt_b2b_transfer_slave.o
 .text.SMC_GetPowerModeState
                0x00000fe0       0x18 ./source/i2c_interrupt_b2b_transfer_slave.o
 .text.RCM_GetPreviousResetSources
                0x00000ff8       0x24 ./source/i2c_interrupt_b2b_transfer_slave.o
 .text.PMC_ClearPeriphIOIsolationFlag
                0x0000101c       0x20 ./source/i2c_interrupt_b2b_transfer_slave.o
 .text.APP_CheckPowerMode
                0x0000103c       0xd4 ./source/i2c_interrupt_b2b_transfer_slave.o
                0x0000103c                APP_CheckPowerMode
 .text.APP_PowerModeSwitch
                0x00001110       0xb4 ./source/i2c_interrupt_b2b_transfer_slave.o
                0x00001110                APP_PowerModeSwitch
 .text.user_VLPR
                0x000011c4       0xd4 ./source/i2c_interrupt_b2b_transfer_slave.o
                0x000011c4                user_VLPR
 .text.main     0x00001298       0x80 ./source/i2c_interrupt_b2b_transfer_slave.o
                0x00001298                main
 .text.CLOCK_SetEr32kClock
                0x00001318       0x30 ./drivers/fsl_clock.o
 .text.CLOCK_GetLircClkFreq
                0x00001348       0x48 ./drivers/fsl_clock.o
 .text.CLOCK_GetCoreSysClkFreq
                0x00001390       0x2c ./drivers/fsl_clock.o
                0x00001390                CLOCK_GetCoreSysClkFreq
 .text.CLOCK_SetSimConfig
                0x000013bc       0x2c ./drivers/fsl_clock.o
                0x000013bc                CLOCK_SetSimConfig
 .text.CLOCK_GetOutClkFreq
                0x000013e8       0x8c ./drivers/fsl_clock.o
                0x000013e8                CLOCK_GetOutClkFreq
 .text.CLOCK_SetMcgliteConfig
                0x00001474      0x124 ./drivers/fsl_clock.o
                0x00001474                CLOCK_SetMcgliteConfig
 .text.FLASH_PflashSetPrefetchSpeculation
                0x00001598       0x78 ./drivers/fsl_flash.o
                0x00001598                FLASH_PflashSetPrefetchSpeculation
 .text.I2C_TransferCommonIRQHandler
                0x00001610       0x58 ./drivers/fsl_i2c.o
 .text.I2C0_DriverIRQHandler
                0x00001668       0x20 ./drivers/fsl_i2c.o
                0x00001668                I2C0_DriverIRQHandler
 .text.CLOCK_EnableClock
                0x00001688       0x34 ./drivers/fsl_lpuart.o
 .text.LPUART_GetInstance
                0x000016bc       0x54 ./drivers/fsl_lpuart.o
                0x000016bc                LPUART_GetInstance
 .text.LPUART_Init
                0x00001710      0x2bc ./drivers/fsl_lpuart.o
                0x00001710                LPUART_Init
 .text.LPUART_GetDefaultConfig
                0x000019cc       0x68 ./drivers/fsl_lpuart.o
                0x000019cc                LPUART_GetDefaultConfig
 .text.LPUART_GetStatusFlags
                0x00001a34       0x18 ./drivers/fsl_lpuart.o
                0x00001a34                LPUART_GetStatusFlags
 .text.LPUART_ClearStatusFlags
                0x00001a4c       0x88 ./drivers/fsl_lpuart.o
                0x00001a4c                LPUART_ClearStatusFlags
 .text.LPUART_WriteBlocking
                0x00001ad4       0x5c ./drivers/fsl_lpuart.o
                0x00001ad4                LPUART_WriteBlocking
 .text.LPUART_ReadBlocking
                0x00001b30       0xec ./drivers/fsl_lpuart.o
                0x00001b30                LPUART_ReadBlocking
 .text.LPUART0_DriverIRQHandler
                0x00001c1c       0x24 ./drivers/fsl_lpuart.o
                0x00001c1c                LPUART0_DriverIRQHandler
 .text.DisableGlobalIRQ
                0x00001c40       0x1c ./drivers/fsl_smc.o
 .text.EnableGlobalIRQ
                0x00001c5c       0x18 ./drivers/fsl_smc.o
 .text.SMC_PreEnterStopModes
                0x00001c74       0x40 ./drivers/fsl_smc.o
                0x00001c74                SMC_PreEnterStopModes
 .text.SMC_PostExitStopModes
                0x00001cb4       0x34 ./drivers/fsl_smc.o
                0x00001cb4                SMC_PostExitStopModes
 .text.SMC_SetPowerModeRun
                0x00001ce8       0x44 ./drivers/fsl_smc.o
                0x00001ce8                SMC_SetPowerModeRun
 .text.SMC_SetPowerModeVlpr
                0x00001d2c       0x48 ./drivers/fsl_smc.o
                0x00001d2c                SMC_SetPowerModeVlpr
 .text.SMC_SetPowerModeVlls
                0x00001d74      0x110 ./drivers/fsl_smc.o
                0x00001d74                SMC_SetPowerModeVlls
 .text.CLOCK_SetLpuart0Clock
                0x00001e84       0x38 ./board/board.o
 .text.BOARD_InitDebugConsole
                0x00001ebc       0x30 ./board/board.o
                0x00001ebc                BOARD_InitDebugConsole
 .text.CLOCK_SetSimSafeDivs
                0x00001eec       0x1c ./board/clock_config.o
 .text.BOARD_BootClockRUN
                0x00001f08       0x34 ./board/clock_config.o
                0x00001f08                BOARD_BootClockRUN
 .text.CLOCK_EnableClock
                0x00001f3c       0x34 ./board/pin_mux.o
 .text.PORT_SetPinConfig
                0x00001f70       0x44 ./board/pin_mux.o
 .text.PORT_SetPinMux
                0x00001fb4       0x3c ./board/pin_mux.o
 .text.BOARD_InitPins
                0x00001ff0       0x9c ./board/pin_mux.o
                0x00001ff0                BOARD_InitPins
 .text.exit     0x0000208c       0x2c f:/other_software/kinetisdesignstudio/toolchain/bin/../lib/gcc/arm-none-eabi/4.8.4/../../../../arm-none-eabi/lib/armv6-m\libg_s.a(lib_a-exit.o)
                0x0000208c                exit
 .text.__libc_init_array
                0x000020b8       0x4c f:/other_software/kinetisdesignstudio/toolchain/bin/../lib/gcc/arm-none-eabi/4.8.4/../../../../arm-none-eabi/lib/armv6-m\libg_s.a(lib_a-init.o)
                0x000020b8                __libc_init_array
 .text.memcpy   0x00002104       0x12 f:/other_software/kinetisdesignstudio/toolchain/bin/../lib/gcc/arm-none-eabi/4.8.4/../../../../arm-none-eabi/lib/armv6-m\libg_s.a(lib_a-memcpy-stub.o)
                0x00002104                memcpy
 .text.memset   0x00002116       0x10 f:/other_software/kinetisdesignstudio/toolchain/bin/../lib/gcc/arm-none-eabi/4.8.4/../../../../arm-none-eabi/lib/armv6-m\libg_s.a(lib_a-memset.o)
                0x00002116                memset
 .text.strlen   0x00002126        0xe f:/other_software/kinetisdesignstudio/toolchain/bin/../lib/gcc/arm-none-eabi/4.8.4/../../../../arm-none-eabi/lib/armv6-m\libg_s.a(lib_a-strlen.o)
                0x00002126                strlen
 .text._exit    0x00002134        0x4 f:/other_software/kinetisdesignstudio/toolchain/bin/../lib/gcc/arm-none-eabi/4.8.4/../../../../arm-none-eabi/lib/armv6-m\libnosys.a(_exit.o)
                0x00002134                _exit
 *(.rodata)
 .rodata        0x00002138       0x40 ./utilities/fsl_assert.o
 .rodata        0x00002178       0xb8 ./utilities/fsl_debug_console.o
 .rodata        0x00002230       0x90 ./utilities/fsl_io.o
 .rodata        0x000022c0       0xa0 ./utilities/fsl_log.o
 .rodata        0x00002360       0xd0 ./source/i2c_interrupt_b2b_transfer_slave.o
 .rodata        0x00002430       0xb0 ./drivers/fsl_clock.o
 .rodata        0x000024e0      0x124 ./drivers/fsl_lpuart.o
 .rodata        0x00002604        0x4 ./drivers/fsl_smc.o
 .rodata        0x00002608       0x44 ./board/pin_mux.o
 *(.rodata*)
 .rodata.__func__.5281
                0x0000264c       0x10 ./utilities/fsl_debug_console.o
 .rodata.__func__.5039
                0x0000265c        0x8 ./utilities/fsl_io.o
 .rodata.__func__.4873
                0x00002664        0xc ./utilities/fsl_log.o
 .rodata.lircFreqs.4820
                0x00002670        0x8 ./drivers/fsl_clock.o
 .rodata.__func__.4884
                0x00002678       0x14 ./drivers/fsl_clock.o
 .rodata.__func__.4898
                0x0000268c       0x18 ./drivers/fsl_clock.o
 .rodata.__func__.5044
                0x000026a4       0x14 ./drivers/fsl_lpuart.o
 .rodata.__func__.5082
                0x000026b8        0xc ./drivers/fsl_lpuart.o
 .rodata.__func__.5106
                0x000026c4       0x18 ./drivers/fsl_lpuart.o
 .rodata.__func__.5152
                0x000026dc       0x18 ./drivers/fsl_lpuart.o
 .rodata.__func__.5164
                0x000026f4       0x14 ./drivers/fsl_lpuart.o
 .rodata.mcgliteConfig_BOARD_BootClockRUN
                0x00002708        0x8 ./board/clock_config.o
                0x00002708                mcgliteConfig_BOARD_BootClockRUN
 .rodata.simConfig_BOARD_BootClockRUN
                0x00002710        0x8 ./board/clock_config.o
                0x00002710                simConfig_BOARD_BootClockRUN
 .rodata.__func__.4870
                0x00002718       0x14 ./board/pin_mux.o
 .rodata.str1.1
                0x0000272c        0x2 f:/other_software/kinetisdesignstudio/toolchain/bin/../lib/gcc/arm-none-eabi/4.8.4/../../../../arm-none-eabi/lib/armv6-m\libg_s.a(lib_a-impure.o)
 *fill*         0x0000272e        0x2 
 .rodata._global_impure_ptr
                0x00002730        0x4 f:/other_software/kinetisdesignstudio/toolchain/bin/../lib/gcc/arm-none-eabi/4.8.4/../../../../arm-none-eabi/lib/armv6-m\libg_s.a(lib_a-impure.o)
                0x00002730                _global_impure_ptr
 *(.glue_7)
 .glue_7        0x00000000        0x0 linker stubs
 *(.glue_7t)
 .glue_7t       0x00000000        0x0 linker stubs
 *(.eh_frame)
 .eh_frame      0x00002734        0x0 f:/other_software/kinetisdesignstudio/toolchain/bin/../lib/gcc/arm-none-eabi/4.8.4/armv6-m/crtbegin.o
 *(.init)
 .init          0x00002734        0x4 f:/other_software/kinetisdesignstudio/toolchain/bin/../lib/gcc/arm-none-eabi/4.8.4/armv6-m/crti.o
                0x00002734                _init
 .init          0x00002738        0x8 f:/other_software/kinetisdesignstudio/toolchain/bin/../lib/gcc/arm-none-eabi/4.8.4/armv6-m/crtn.o
 *(.fini)
 .fini          0x00002740        0x4 f:/other_software/kinetisdesignstudio/toolchain/bin/../lib/gcc/arm-none-eabi/4.8.4/armv6-m/crti.o
                0x00002740                _fini
 .fini          0x00002744        0x8 f:/other_software/kinetisdesignstudio/toolchain/bin/../lib/gcc/arm-none-eabi/4.8.4/armv6-m/crtn.o
                0x0000274c                . = ALIGN (0x4)

.vfp11_veneer   0x0000274c        0x0
 .vfp11_veneer  0x00000000        0x0 linker stubs

.v4_bx          0x0000274c        0x0
 .v4_bx         0x00000000        0x0 linker stubs

.iplt           0x0000274c        0x0
 .iplt          0x00000000        0x0 f:/other_software/kinetisdesignstudio/toolchain/bin/../lib/gcc/arm-none-eabi/4.8.4/armv6-m/crtbegin.o

.ARM.extab
 *(.ARM.extab* .gnu.linkonce.armextab.*)

.ARM            0x0000274c        0x8
                0x0000274c                __exidx_start = .
 *(.ARM.exidx*)
 .ARM.exidx     0x0000274c        0x8 f:/other_software/kinetisdesignstudio/toolchain/bin/../lib/gcc/arm-none-eabi/4.8.4/../../../../arm-none-eabi/lib/armv6-m/crt0.o
                0x00002754                __exidx_end = .

.rel.dyn        0x00002754        0x0
 .rel.iplt      0x00000000        0x0 f:/other_software/kinetisdesignstudio/toolchain/bin/../lib/gcc/arm-none-eabi/4.8.4/armv6-m/crtbegin.o

.ctors          0x00002754        0x0
                0x00002754                __CTOR_LIST__ = .
 *crtbegin.o(.ctors)
 *crtbegin?.o(.ctors)
 *(EXCLUDE_FILE(*crtend.o *crtend?.o) .ctors)
 *(SORT(.ctors.*))
 *(.ctors)
                0x00002754                __CTOR_END__ = .

.dtors          0x00002754        0x0
                0x00002754                __DTOR_LIST__ = .
 *crtbegin.o(.dtors)
 *crtbegin?.o(.dtors)
 *(EXCLUDE_FILE(*crtend.o *crtend?.o) .dtors)
 *(SORT(.dtors.*))
 *(.dtors)
                0x00002754                __DTOR_END__ = .

.preinit_array  0x00002754        0x0
                0x00002754                PROVIDE (__preinit_array_start, .)
 *(.preinit_array*)
                0x00002754                PROVIDE (__preinit_array_end, .)

.init_array     0x00002754        0x4
                0x00002754                PROVIDE (__init_array_start, .)
 *(SORT(.init_array.*))
 *(.init_array*)
 .init_array    0x00002754        0x4 f:/other_software/kinetisdesignstudio/toolchain/bin/../lib/gcc/arm-none-eabi/4.8.4/armv6-m/crtbegin.o
                0x00002758                PROVIDE (__init_array_end, .)

.fini_array     0x00002758        0x4
                0x00002758                PROVIDE (__fini_array_start, .)
 *(SORT(.fini_array.*))
 *(.fini_array*)
 .fini_array    0x00002758        0x4 f:/other_software/kinetisdesignstudio/toolchain/bin/../lib/gcc/arm-none-eabi/4.8.4/armv6-m/crtbegin.o
                0x0000275c                PROVIDE (__fini_array_end, .)
                0x0000275c                __etext = .
                0x0000275c                __DATA_ROM = .

.mtb            0x1ffffe00        0x0
                0x1ffffe00                . = ALIGN (0x8)
                0x1ffffe00                _mtb_start = .
 *(.mtb_buf)
                0x1ffffe00                . = ALIGN (0x8)
                0x1ffffe00                _mtb_end = .

.data           0x1ffffe00       0x68 load address 0x0000275c
                0x1ffffe00                . = ALIGN (0x4)
                0x1ffffe00                __DATA_RAM = .
                0x1ffffe00                __data_start__ = .
 *(.data)
 *(.data*)
 .data.SystemCoreClock
                0x1ffffe00        0x4 ./startup/system_MKL03Z4.o
                0x1ffffe00                SystemCoreClock
 .data.impure_data
                0x1ffffe04       0x60 f:/other_software/kinetisdesignstudio/toolchain/bin/../lib/gcc/arm-none-eabi/4.8.4/../../../../arm-none-eabi/lib/armv6-m\libg_s.a(lib_a-impure.o)
 *(.jcr*)
 .jcr           0x1ffffe64        0x0 f:/other_software/kinetisdesignstudio/toolchain/bin/../lib/gcc/arm-none-eabi/4.8.4/armv6-m/crtbegin.o
 .jcr           0x1ffffe64        0x4 f:/other_software/kinetisdesignstudio/toolchain/bin/../lib/gcc/arm-none-eabi/4.8.4/armv6-m/crtend.o
                0x1ffffe68                . = ALIGN (0x4)
                0x1ffffe68                __data_end__ = .
                0x000027c4                __DATA_END = (__DATA_ROM + (__data_end__ - __data_start__))
                0x00008000                text_end = (ORIGIN (m_text) + 0x7bf0)
                0x00000001                ASSERT ((__DATA_END <= text_end), region m_text overflowed with text and data)

.igot.plt       0x1ffffe68        0x0 load address 0x000027c4
 .igot.plt      0x00000000        0x0 f:/other_software/kinetisdesignstudio/toolchain/bin/../lib/gcc/arm-none-eabi/4.8.4/armv6-m/crtbegin.o

.bss            0x1ffffe68       0x40 load address 0x000027c4
                0x1ffffe68                . = ALIGN (0x4)
                0x1ffffe68                __START_BSS = .
                0x1ffffe68                __bss_start__ = .
 *(.bss)
 .bss           0x1ffffe68       0x1c f:/other_software/kinetisdesignstudio/toolchain/bin/../lib/gcc/arm-none-eabi/4.8.4/armv6-m/crtbegin.o
 *(.bss*)
 .bss.s_debugConsoleIO
                0x1ffffe84        0x8 ./utilities/fsl_io.o
 .bss.g_xtal0Freq
                0x1ffffe8c        0x4 ./drivers/fsl_clock.o
                0x1ffffe8c                g_xtal0Freq
 .bss.s_i2cHandle
                0x1ffffe90        0x4 ./drivers/fsl_i2c.o
 .bss.s_i2cMasterIsr
                0x1ffffe94        0x4 ./drivers/fsl_i2c.o
 .bss.s_i2cSlaveIsr
                0x1ffffe98        0x4 ./drivers/fsl_i2c.o
 .bss.s_lpuartHandle
                0x1ffffe9c        0x4 ./drivers/fsl_lpuart.o
 .bss.s_lpuartIsr
                0x1ffffea0        0x4 ./drivers/fsl_lpuart.o
 .bss.g_savedPrimask
                0x1ffffea4        0x4 ./drivers/fsl_smc.o
 *(COMMON)
                0x1ffffea8                . = ALIGN (0x4)
                0x1ffffea8                __bss_end__ = .
                0x1ffffea8                __END_BSS = .

.heap           0x1ffffea8      0x200 load address 0x00002804
                0x1ffffea8                . = ALIGN (0x8)
                0x1ffffea8                __end__ = .
                0x1ffffea8                PROVIDE (end, .)
                0x1ffffea8                __HeapBase = .
                0x200000a8                . = (. + HEAP_SIZE)
 *fill*         0x1ffffea8      0x200 
                0x200000a8                __HeapLimit = .
                0x200000a8                __heap_limit = .

.stack          0x200000a8       0x50 load address 0x00002a04
                0x200000a8                . = ALIGN (0x8)
                0x200000f8                . = (. + STACK_SIZE)
 *fill*         0x200000a8       0x50 
                0x20000600                __StackTop = (ORIGIN (m_data) + 0x800)
                0x200005b0                __StackLimit = (__StackTop - STACK_SIZE)
                0x20000600                PROVIDE (__stack, __StackTop)

.ARM.attributes
                0x00000000       0x28
 *(.ARM.attributes)
 .ARM.attributes
                0x00000000       0x1e f:/other_software/kinetisdesignstudio/toolchain/bin/../lib/gcc/arm-none-eabi/4.8.4/armv6-m/crti.o
 .ARM.attributes
                0x0000001e       0x2c f:/other_software/kinetisdesignstudio/toolchain/bin/../lib/gcc/arm-none-eabi/4.8.4/armv6-m/crtbegin.o
 .ARM.attributes
                0x0000004a       0x1b f:/other_software/kinetisdesignstudio/toolchain/bin/../lib/gcc/arm-none-eabi/4.8.4/../../../../arm-none-eabi/lib/armv6-m/crt0.o
 .ARM.attributes
                0x00000065       0x32 ./utilities/fsl_assert.o
 .ARM.attributes
                0x00000097       0x32 ./utilities/fsl_debug_console.o
 .ARM.attributes
                0x000000c9       0x32 ./utilities/fsl_io.o
 .ARM.attributes
                0x000000fb       0x32 ./utilities/fsl_log.o
 .ARM.attributes
                0x0000012d       0x32 ./utilities/fsl_str.o
 .ARM.attributes
                0x0000015f       0x1b ./startup/startup_MKL03Z4.o
 .ARM.attributes
                0x0000017a       0x32 ./startup/system_MKL03Z4.o
 .ARM.attributes
                0x000001ac       0x32 ./source/i2c_interrupt_b2b_transfer_slave.o
 .ARM.attributes
                0x000001de       0x32 ./drivers/fsl_clock.o
 .ARM.attributes
                0x00000210       0x32 ./drivers/fsl_flash.o
 .ARM.attributes
                0x00000242       0x32 ./drivers/fsl_i2c.o
 .ARM.attributes
                0x00000274       0x32 ./drivers/fsl_lpuart.o
 .ARM.attributes
                0x000002a6       0x32 ./drivers/fsl_smc.o
 .ARM.attributes
                0x000002d8       0x32 ./board/board.o
 .ARM.attributes
                0x0000030a       0x32 ./board/clock_config.o
 .ARM.attributes
                0x0000033c       0x32 ./board/pin_mux.o
 .ARM.attributes
                0x0000036e       0x2c f:/other_software/kinetisdesignstudio/toolchain/bin/../lib/gcc/arm-none-eabi/4.8.4/../../../../arm-none-eabi/lib/armv6-m\libg_s.a(lib_a-exit.o)
 .ARM.attributes
                0x0000039a       0x2c f:/other_software/kinetisdesignstudio/toolchain/bin/../lib/gcc/arm-none-eabi/4.8.4/../../../../arm-none-eabi/lib/armv6-m\libg_s.a(lib_a-impure.o)
 .ARM.attributes
                0x000003c6       0x2c f:/other_software/kinetisdesignstudio/toolchain/bin/../lib/gcc/arm-none-eabi/4.8.4/../../../../arm-none-eabi/lib/armv6-m\libg_s.a(lib_a-init.o)
 .ARM.attributes
                0x000003f2       0x2c f:/other_software/kinetisdesignstudio/toolchain/bin/../lib/gcc/arm-none-eabi/4.8.4/../../../../arm-none-eabi/lib/armv6-m\libg_s.a(lib_a-memcpy-stub.o)
 .ARM.attributes
                0x0000041e       0x2c f:/other_software/kinetisdesignstudio/toolchain/bin/../lib/gcc/arm-none-eabi/4.8.4/../../../../arm-none-eabi/lib/armv6-m\libg_s.a(lib_a-memset.o)
 .ARM.attributes
                0x0000044a       0x2c f:/other_software/kinetisdesignstudio/toolchain/bin/../lib/gcc/arm-none-eabi/4.8.4/../../../../arm-none-eabi/lib/armv6-m\libg_s.a(lib_a-strlen.o)
 .ARM.attributes
                0x00000476       0x1e f:/other_software/kinetisdesignstudio/toolchain/bin/../lib/gcc/arm-none-eabi/4.8.4/armv6-m\libgcc.a(_udivsi3.o)
 .ARM.attributes
                0x00000494       0x1e f:/other_software/kinetisdesignstudio/toolchain/bin/../lib/gcc/arm-none-eabi/4.8.4/armv6-m\libgcc.a(_divsi3.o)
 .ARM.attributes
                0x000004b2       0x1e f:/other_software/kinetisdesignstudio/toolchain/bin/../lib/gcc/arm-none-eabi/4.8.4/armv6-m\libgcc.a(_dvmd_tls.o)
 .ARM.attributes
                0x000004d0       0x2c f:/other_software/kinetisdesignstudio/toolchain/bin/../lib/gcc/arm-none-eabi/4.8.4/../../../../arm-none-eabi/lib/armv6-m\libnosys.a(_exit.o)
 .ARM.attributes
                0x000004fc       0x2c f:/other_software/kinetisdesignstudio/toolchain/bin/../lib/gcc/arm-none-eabi/4.8.4/armv6-m/crtend.o
 .ARM.attributes
                0x00000528       0x1e f:/other_software/kinetisdesignstudio/toolchain/bin/../lib/gcc/arm-none-eabi/4.8.4/armv6-m/crtn.o
                0x00000001                ASSERT ((__StackLimit >= __HeapLimit), region m_data overflowed with stack and heap)
OUTPUT(i2c_interrupt_b2b_transfer_slave_frdmkl03z.elf elf32-littlearm)

.debug_info     0x00000000     0x949f
 .debug_info    0x00000000       0xfb ./utilities/fsl_assert.o
 .debug_info    0x000000fb      0x3eb ./utilities/fsl_debug_console.o
 .debug_info    0x000004e6      0x6c0 ./utilities/fsl_io.o
 .debug_info    0x00000ba6      0x35e ./utilities/fsl_log.o
 .debug_info    0x00000f04      0x4dd ./utilities/fsl_str.o
 .debug_info    0x000013e1      0x156 ./startup/startup_MKL03Z4.o
 .debug_info    0x00001537      0x3a3 ./startup/system_MKL03Z4.o
 .debug_info    0x000018da      0xc57 ./source/i2c_interrupt_b2b_transfer_slave.o
 .debug_info    0x00002531      0xb7a ./drivers/fsl_clock.o
 .debug_info    0x000030ab     0x1898 ./drivers/fsl_flash.o
 .debug_info    0x00004943     0x1ac0 ./drivers/fsl_i2c.o
 .debug_info    0x00006403     0x1676 ./drivers/fsl_lpuart.o
 .debug_info    0x00007a79      0x8bd ./drivers/fsl_smc.o
 .debug_info    0x00008336      0x32a ./board/board.o
 .debug_info    0x00008660      0x7f3 ./board/clock_config.o
 .debug_info    0x00008e53      0x64c ./board/pin_mux.o

.debug_abbrev   0x00000000     0x1afc
 .debug_abbrev  0x00000000       0x81 ./utilities/fsl_assert.o
 .debug_abbrev  0x00000081      0x16c ./utilities/fsl_debug_console.o
 .debug_abbrev  0x000001ed      0x1af ./utilities/fsl_io.o
 .debug_abbrev  0x0000039c      0x158 ./utilities/fsl_log.o
 .debug_abbrev  0x000004f4      0x17d ./utilities/fsl_str.o
 .debug_abbrev  0x00000671       0x14 ./startup/startup_MKL03Z4.o
 .debug_abbrev  0x00000685      0x106 ./startup/system_MKL03Z4.o
 .debug_abbrev  0x0000078b      0x294 ./source/i2c_interrupt_b2b_transfer_slave.o
 .debug_abbrev  0x00000a1f      0x280 ./drivers/fsl_clock.o
 .debug_abbrev  0x00000c9f      0x220 ./drivers/fsl_flash.o
 .debug_abbrev  0x00000ebf      0x2f4 ./drivers/fsl_i2c.o
 .debug_abbrev  0x000011b3      0x27d ./drivers/fsl_lpuart.o
 .debug_abbrev  0x00001430      0x290 ./drivers/fsl_smc.o
 .debug_abbrev  0x000016c0      0x106 ./board/board.o
 .debug_abbrev  0x000017c6      0x184 ./board/clock_config.o
 .debug_abbrev  0x0000194a      0x1b2 ./board/pin_mux.o

.debug_aranges  0x00000000      0x7a0
 .debug_aranges
                0x00000000       0x20 ./utilities/fsl_assert.o
 .debug_aranges
                0x00000020       0x68 ./utilities/fsl_debug_console.o
 .debug_aranges
                0x00000088       0x48 ./utilities/fsl_io.o
 .debug_aranges
                0x000000d0       0x58 ./utilities/fsl_log.o
 .debug_aranges
                0x00000128       0x38 ./utilities/fsl_str.o
 .debug_aranges
                0x00000160       0x20 ./startup/startup_MKL03Z4.o
 .debug_aranges
                0x00000180       0x28 ./startup/system_MKL03Z4.o
 .debug_aranges
                0x000001a8       0x70 ./source/i2c_interrupt_b2b_transfer_slave.o
 .debug_aranges
                0x00000218       0xb0 ./drivers/fsl_clock.o
 .debug_aranges
                0x000002c8      0x128 ./drivers/fsl_flash.o
 .debug_aranges
                0x000003f0      0x170 ./drivers/fsl_i2c.o
 .debug_aranges
                0x00000560      0x118 ./drivers/fsl_lpuart.o
 .debug_aranges
                0x00000678       0x80 ./drivers/fsl_smc.o
 .debug_aranges
                0x000006f8       0x28 ./board/board.o
 .debug_aranges
                0x00000720       0x40 ./board/clock_config.o
 .debug_aranges
                0x00000760       0x40 ./board/pin_mux.o

.debug_ranges   0x00000000      0x690
 .debug_ranges  0x00000000       0x10 ./utilities/fsl_assert.o
 .debug_ranges  0x00000010       0x58 ./utilities/fsl_debug_console.o
 .debug_ranges  0x00000068       0x38 ./utilities/fsl_io.o
 .debug_ranges  0x000000a0       0x48 ./utilities/fsl_log.o
 .debug_ranges  0x000000e8       0x28 ./utilities/fsl_str.o
 .debug_ranges  0x00000110       0x18 ./startup/system_MKL03Z4.o
 .debug_ranges  0x00000128       0x60 ./source/i2c_interrupt_b2b_transfer_slave.o
 .debug_ranges  0x00000188       0xa0 ./drivers/fsl_clock.o
 .debug_ranges  0x00000228      0x118 ./drivers/fsl_flash.o
 .debug_ranges  0x00000340      0x160 ./drivers/fsl_i2c.o
 .debug_ranges  0x000004a0      0x108 ./drivers/fsl_lpuart.o
 .debug_ranges  0x000005a8       0x70 ./drivers/fsl_smc.o
 .debug_ranges  0x00000618       0x18 ./board/board.o
 .debug_ranges  0x00000630       0x30 ./board/clock_config.o
 .debug_ranges  0x00000660       0x30 ./board/pin_mux.o

.debug_line     0x00000000     0x37be
 .debug_line    0x00000000      0x1b4 ./utilities/fsl_assert.o
 .debug_line    0x000001b4      0x260 ./utilities/fsl_debug_console.o
 .debug_line    0x00000414      0x26d ./utilities/fsl_io.o
 .debug_line    0x00000681      0x286 ./utilities/fsl_log.o
 .debug_line    0x00000907      0x424 ./utilities/fsl_str.o
 .debug_line    0x00000d2b      0x114 ./startup/startup_MKL03Z4.o
 .debug_line    0x00000e3f      0x13e ./startup/system_MKL03Z4.o
 .debug_line    0x00000f7d      0x3a0 ./source/i2c_interrupt_b2b_transfer_slave.o
 .debug_line    0x0000131d      0x39f ./drivers/fsl_clock.o
 .debug_line    0x000016bc      0x664 ./drivers/fsl_flash.o
 .debug_line    0x00001d20      0x9ae ./drivers/fsl_i2c.o
 .debug_line    0x000026ce      0x70e ./drivers/fsl_lpuart.o
 .debug_line    0x00002ddc      0x3b2 ./drivers/fsl_smc.o
 .debug_line    0x0000318e      0x1c7 ./board/board.o
 .debug_line    0x00003355      0x236 ./board/clock_config.o
 .debug_line    0x0000358b      0x233 ./board/pin_mux.o

.debug_str      0x00000000     0x58d3
 .debug_str     0x00000000      0x2ca ./utilities/fsl_assert.o
                                0x30d (size before relaxing)
 .debug_str     0x000002ca      0x257 ./utilities/fsl_debug_console.o
                                0x4dc (size before relaxing)
 .debug_str     0x00000521      0xac4 ./utilities/fsl_io.o
                                0xe1b (size before relaxing)
 .debug_str     0x00000fe5       0xf4 ./utilities/fsl_log.o
                                0x45e (size before relaxing)
 .debug_str     0x000010d9      0x237 ./utilities/fsl_str.o
                                0x4eb (size before relaxing)
 .debug_str     0x00001310      0x1c5 ./startup/system_MKL03Z4.o
                                0x409 (size before relaxing)
 .debug_str     0x000014d5      0xa67 ./source/i2c_interrupt_b2b_transfer_slave.o
                               0x12b5 (size before relaxing)
 .debug_str     0x00001f3c      0x66e ./drivers/fsl_clock.o
                                0xfb4 (size before relaxing)
 .debug_str     0x000025aa     0x1561 ./drivers/fsl_flash.o
                               0x1ead (size before relaxing)
 .debug_str     0x00003b0b      0xba2 ./drivers/fsl_i2c.o
                               0x18d2 (size before relaxing)
 .debug_str     0x000046ad      0x8c5 ./drivers/fsl_lpuart.o
                               0x19a8 (size before relaxing)
 .debug_str     0x00004f72      0x301 ./drivers/fsl_smc.o
                                0xd69 (size before relaxing)
 .debug_str     0x00005273       0xe4 ./board/board.o
                                0x444 (size before relaxing)
 .debug_str     0x00005357      0x1c8 ./board/clock_config.o
                                0xea2 (size before relaxing)
 .debug_str     0x0000551f      0x3b4 ./board/pin_mux.o
                                0x7ff (size before relaxing)

.comment        0x00000000       0x70
 .comment       0x00000000       0x70 ./utilities/fsl_assert.o
                                 0x71 (size before relaxing)
 .comment       0x00000000       0x71 ./utilities/fsl_debug_console.o
 .comment       0x00000000       0x71 ./utilities/fsl_io.o
 .comment       0x00000000       0x71 ./utilities/fsl_log.o
 .comment       0x00000000       0x71 ./utilities/fsl_str.o
 .comment       0x00000000       0x71 ./startup/system_MKL03Z4.o
 .comment       0x00000000       0x71 ./source/i2c_interrupt_b2b_transfer_slave.o
 .comment       0x00000000       0x71 ./drivers/fsl_clock.o
 .comment       0x00000000       0x71 ./drivers/fsl_flash.o
 .comment       0x00000000       0x71 ./drivers/fsl_i2c.o
 .comment       0x00000000       0x71 ./drivers/fsl_lpuart.o
 .comment       0x00000000       0x71 ./drivers/fsl_smc.o
 .comment       0x00000000       0x71 ./board/board.o
 .comment       0x00000000       0x71 ./board/clock_config.o
 .comment       0x00000000       0x71 ./board/pin_mux.o

.debug_frame    0x00000000     0x1a24
 .debug_frame   0x00000000       0x30 ./utilities/fsl_assert.o
 .debug_frame   0x00000030      0x14c ./utilities/fsl_debug_console.o
 .debug_frame   0x0000017c       0xc8 ./utilities/fsl_io.o
 .debug_frame   0x00000244      0x108 ./utilities/fsl_log.o
 .debug_frame   0x0000034c       0x94 ./utilities/fsl_str.o
 .debug_frame   0x000003e0       0x4c ./startup/system_MKL03Z4.o
 .debug_frame   0x0000042c      0x170 ./source/i2c_interrupt_b2b_transfer_slave.o
 .debug_frame   0x0000059c      0x258 ./drivers/fsl_clock.o
 .debug_frame   0x000007f4      0x450 ./drivers/fsl_flash.o
 .debug_frame   0x00000c44      0x56c ./drivers/fsl_i2c.o
 .debug_frame   0x000011b0      0x40c ./drivers/fsl_lpuart.o
 .debug_frame   0x000015bc      0x1a8 ./drivers/fsl_smc.o
 .debug_frame   0x00001764       0x50 ./board/board.o
 .debug_frame   0x000017b4       0xa4 ./board/clock_config.o
 .debug_frame   0x00001858       0xb0 ./board/pin_mux.o
 .debug_frame   0x00001908       0x28 f:/other_software/kinetisdesignstudio/toolchain/bin/../lib/gcc/arm-none-eabi/4.8.4/../../../../arm-none-eabi/lib/armv6-m\libg_s.a(lib_a-exit.o)
 .debug_frame   0x00001930       0x2c f:/other_software/kinetisdesignstudio/toolchain/bin/../lib/gcc/arm-none-eabi/4.8.4/../../../../arm-none-eabi/lib/armv6-m\libg_s.a(lib_a-init.o)
 .debug_frame   0x0000195c       0x28 f:/other_software/kinetisdesignstudio/toolchain/bin/../lib/gcc/arm-none-eabi/4.8.4/../../../../arm-none-eabi/lib/armv6-m\libg_s.a(lib_a-memcpy-stub.o)
 .debug_frame   0x00001984       0x20 f:/other_software/kinetisdesignstudio/toolchain/bin/../lib/gcc/arm-none-eabi/4.8.4/../../../../arm-none-eabi/lib/armv6-m\libg_s.a(lib_a-memset.o)
 .debug_frame   0x000019a4       0x20 f:/other_software/kinetisdesignstudio/toolchain/bin/../lib/gcc/arm-none-eabi/4.8.4/../../../../arm-none-eabi/lib/armv6-m\libg_s.a(lib_a-strlen.o)
 .debug_frame   0x000019c4       0x20 f:/other_software/kinetisdesignstudio/toolchain/bin/../lib/gcc/arm-none-eabi/4.8.4/armv6-m\libgcc.a(_udivsi3.o)
 .debug_frame   0x000019e4       0x20 f:/other_software/kinetisdesignstudio/toolchain/bin/../lib/gcc/arm-none-eabi/4.8.4/armv6-m\libgcc.a(_divsi3.o)
 .debug_frame   0x00001a04       0x20 f:/other_software/kinetisdesignstudio/toolchain/bin/../lib/gcc/arm-none-eabi/4.8.4/../../../../arm-none-eabi/lib/armv6-m\libnosys.a(_exit.o)
