Archive member included because of file (symbol)

f:/other_software/kinetisdesignstudio/toolchain/bin/../lib/gcc/arm-none-eabi/4.8.4/../../../../arm-none-eabi/lib/armv6-m\libg_s.a(lib_a-exit.o)
                              f:/other_software/kinetisdesignstudio/toolchain/bin/../lib/gcc/arm-none-eabi/4.8.4/../../../../arm-none-eabi/lib/armv6-m/crt0.o (exit)
f:/other_software/kinetisdesignstudio/toolchain/bin/../lib/gcc/arm-none-eabi/4.8.4/../../../../arm-none-eabi/lib/armv6-m\libg_s.a(lib_a-impure.o)
                              f:/other_software/kinetisdesignstudio/toolchain/bin/../lib/gcc/arm-none-eabi/4.8.4/../../../../arm-none-eabi/lib/armv6-m\libg_s.a(lib_a-exit.o) (_global_impure_ptr)
f:/other_software/kinetisdesignstudio/toolchain/bin/../lib/gcc/arm-none-eabi/4.8.4/../../../../arm-none-eabi/lib/armv6-m\libg_s.a(lib_a-init.o)
                              f:/other_software/kinetisdesignstudio/toolchain/bin/../lib/gcc/arm-none-eabi/4.8.4/../../../../arm-none-eabi/lib/armv6-m/crt0.o (__libc_init_array)
f:/other_software/kinetisdesignstudio/toolchain/bin/../lib/gcc/arm-none-eabi/4.8.4/../../../../arm-none-eabi/lib/armv6-m\libg_s.a(lib_a-memcpy-stub.o)
                              ./source/clock_mcglite.o (memcpy)
f:/other_software/kinetisdesignstudio/toolchain/bin/../lib/gcc/arm-none-eabi/4.8.4/../../../../arm-none-eabi/lib/armv6-m\libg_s.a(lib_a-memset.o)
                              f:/other_software/kinetisdesignstudio/toolchain/bin/../lib/gcc/arm-none-eabi/4.8.4/../../../../arm-none-eabi/lib/armv6-m/crt0.o (memset)
f:/other_software/kinetisdesignstudio/toolchain/bin/../lib/gcc/arm-none-eabi/4.8.4/../../../../arm-none-eabi/lib/armv6-m\libg_s.a(lib_a-strlen.o)
                              ./utilities/fsl_str.o (strlen)
f:/other_software/kinetisdesignstudio/toolchain/bin/../lib/gcc/arm-none-eabi/4.8.4/armv6-m\libgcc.a(_udivsi3.o)
                              ./utilities/fsl_str.o (__aeabi_uidiv)
f:/other_software/kinetisdesignstudio/toolchain/bin/../lib/gcc/arm-none-eabi/4.8.4/armv6-m\libgcc.a(_divsi3.o)
                              ./utilities/fsl_str.o (__aeabi_idiv)
f:/other_software/kinetisdesignstudio/toolchain/bin/../lib/gcc/arm-none-eabi/4.8.4/armv6-m\libgcc.a(_dvmd_tls.o)
                              f:/other_software/kinetisdesignstudio/toolchain/bin/../lib/gcc/arm-none-eabi/4.8.4/armv6-m\libgcc.a(_udivsi3.o) (__aeabi_idiv0)
f:/other_software/kinetisdesignstudio/toolchain/bin/../lib/gcc/arm-none-eabi/4.8.4/../../../../arm-none-eabi/lib/armv6-m\libnosys.a(_exit.o)
                              f:/other_software/kinetisdesignstudio/toolchain/bin/../lib/gcc/arm-none-eabi/4.8.4/../../../../arm-none-eabi/lib/armv6-m\libg_s.a(lib_a-exit.o) (_exit)

Discarded input sections

 .text          0x00000000        0x0 f:/other_software/kinetisdesignstudio/toolchain/bin/../lib/gcc/arm-none-eabi/4.8.4/armv6-m/crti.o
 .data          0x00000000        0x0 f:/other_software/kinetisdesignstudio/toolchain/bin/../lib/gcc/arm-none-eabi/4.8.4/armv6-m/crti.o
 .bss           0x00000000        0x0 f:/other_software/kinetisdesignstudio/toolchain/bin/../lib/gcc/arm-none-eabi/4.8.4/armv6-m/crti.o
 .data          0x00000000        0x4 f:/other_software/kinetisdesignstudio/toolchain/bin/../lib/gcc/arm-none-eabi/4.8.4/armv6-m/crtbegin.o
 .data          0x00000000        0x0 f:/other_software/kinetisdesignstudio/toolchain/bin/../lib/gcc/arm-none-eabi/4.8.4/../../../../arm-none-eabi/lib/armv6-m/crt0.o
 .bss           0x00000000        0x0 f:/other_software/kinetisdesignstudio/toolchain/bin/../lib/gcc/arm-none-eabi/4.8.4/../../../../arm-none-eabi/lib/armv6-m/crt0.o
 .ARM.extab     0x00000000        0x0 f:/other_software/kinetisdesignstudio/toolchain/bin/../lib/gcc/arm-none-eabi/4.8.4/../../../../arm-none-eabi/lib/armv6-m/crt0.o
 .text          0x00000000        0x0 ./utilities/fsl_assert.o
 .data          0x00000000        0x0 ./utilities/fsl_assert.o
 .bss           0x00000000        0x0 ./utilities/fsl_assert.o
 .text          0x00000000        0x0 ./utilities/fsl_debug_console.o
 .data          0x00000000        0x0 ./utilities/fsl_debug_console.o
 .bss           0x00000000        0x0 ./utilities/fsl_debug_console.o
 .text.DbgConsole_Flush
                0x00000000       0x10 ./utilities/fsl_debug_console.o
 .text.DbgConsole_Putchar
                0x00000000       0x1c ./utilities/fsl_debug_console.o
 .text.DbgConsole_Scanf
                0x00000000       0x58 ./utilities/fsl_debug_console.o
 .text._write   0x00000000       0x40 ./utilities/fsl_debug_console.o
 .text._read    0x00000000       0x30 ./utilities/fsl_debug_console.o
 .text          0x00000000        0x0 ./utilities/fsl_io.o
 .data          0x00000000        0x0 ./utilities/fsl_io.o
 .bss           0x00000000        0x0 ./utilities/fsl_io.o
 .text.IO_WaitIdle
                0x00000000       0x34 ./utilities/fsl_io.o
 .text          0x00000000        0x0 ./utilities/fsl_log.o
 .data          0x00000000        0x0 ./utilities/fsl_log.o
 .bss           0x00000000        0x0 ./utilities/fsl_log.o
 .text.LOG_WaitIdle
                0x00000000       0x10 ./utilities/fsl_log.o
 .text.LOG_ReadLine
                0x00000000       0xb8 ./utilities/fsl_log.o
 .rodata.__func__.4883
                0x00000000       0x10 ./utilities/fsl_log.o
 .text          0x00000000        0x0 ./utilities/fsl_str.o
 .data          0x00000000        0x0 ./utilities/fsl_str.o
 .bss           0x00000000        0x0 ./utilities/fsl_str.o
 .text.ScanIgnoreWhiteSpace
                0x00000000       0x8c ./utilities/fsl_str.o
 .text.StrFormatScanf
                0x00000000      0x550 ./utilities/fsl_str.o
 .rodata.StrFormatScanf
                0x00000000      0x124 ./utilities/fsl_str.o
 .data          0x00000000        0x0 ./startup/startup_MKL03Z4.o
 .bss           0x00000000        0x0 ./startup/startup_MKL03Z4.o
 .text          0x00000000        0x0 ./startup/system_MKL03Z4.o
 .data          0x00000000        0x0 ./startup/system_MKL03Z4.o
 .bss           0x00000000        0x0 ./startup/system_MKL03Z4.o
 .text.SystemCoreClockUpdate
                0x00000000       0xa4 ./startup/system_MKL03Z4.o
 .text          0x00000000        0x0 ./source/clock_mcglite.o
 .data          0x00000000        0x0 ./source/clock_mcglite.o
 .bss           0x00000000        0x0 ./source/clock_mcglite.o
 .text          0x00000000        0x0 ./source/power_mode_switch.o
 .data          0x00000000        0x0 ./source/power_mode_switch.o
 .bss           0x00000000        0x0 ./source/power_mode_switch.o
 .data.brightnessUp
                0x00000000        0x1 ./source/power_mode_switch.o
 .data.updatedDutycycle
                0x00000000        0x1 ./source/power_mode_switch.o
 .bss.getCharValue
                0x00000000        0x1 ./source/power_mode_switch.o
 .text.user_showFreqList
                0x00000000       0xe4 ./source/power_mode_switch.o
 .text.APP_ShowPowerMode
                0x00000000       0x4c ./source/power_mode_switch.o
 .text.delay    0x00000000       0x2c ./source/power_mode_switch.o
 .text          0x00000000        0x0 ./drivers/fsl_adc16.o
 .data          0x00000000        0x0 ./drivers/fsl_adc16.o
 .bss           0x00000000        0x0 ./drivers/fsl_adc16.o
 .text.CLOCK_DisableClock
                0x00000000       0x38 ./drivers/fsl_adc16.o
 .rodata.s_adc16Bases
                0x00000000        0x4 ./drivers/fsl_adc16.o
 .rodata.s_adc16Clocks
                0x00000000        0x4 ./drivers/fsl_adc16.o
 .text.ADC16_Deinit
                0x00000000       0x24 ./drivers/fsl_adc16.o
 .text.ADC16_SetChannelMuxMode
                0x00000000       0x3c ./drivers/fsl_adc16.o
 .text.ADC16_SetHardwareCompareConfig
                0x00000000       0x8c ./drivers/fsl_adc16.o
 .text.ADC16_ClearStatusFlags
                0x00000000       0x24 ./drivers/fsl_adc16.o
 .text          0x00000000        0x0 ./drivers/fsl_clock.o
 .data          0x00000000        0x0 ./drivers/fsl_clock.o
 .bss           0x00000000        0x0 ./drivers/fsl_clock.o
 .text.OSC_SetExtRefClkConfig
                0x00000000       0x48 ./drivers/fsl_clock.o
 .text.OSC_SetCapLoad
                0x00000000       0x4c ./drivers/fsl_clock.o
 .text.CLOCK_GetPlatClkFreq
                0x00000000       0x2c ./drivers/fsl_clock.o
 .text.CLOCK_GetFlashClkFreq
                0x00000000       0x50 ./drivers/fsl_clock.o
 .text.CLOCK_GetBusClkFreq
                0x00000000       0x50 ./drivers/fsl_clock.o
 .text.CLOCK_GetCoreSysClkFreq
                0x00000000       0x2c ./drivers/fsl_clock.o
 .text.CLOCK_GetMode
                0x00000000       0x68 ./drivers/fsl_clock.o
 .text.CLOCK_InitOsc0
                0x00000000       0x70 ./drivers/fsl_clock.o
 .text.CLOCK_DeinitOsc0
                0x00000000       0x28 ./drivers/fsl_clock.o
 .text          0x00000000        0x0 ./drivers/fsl_common.o
 .data          0x00000000        0x0 ./drivers/fsl_common.o
 .bss           0x00000000        0x0 ./drivers/fsl_common.o
 .debug_info    0x00000000       0x9a ./drivers/fsl_common.o
 .debug_abbrev  0x00000000       0x44 ./drivers/fsl_common.o
 .debug_aranges
                0x00000000       0x18 ./drivers/fsl_common.o
 .debug_line    0x00000000      0x106 ./drivers/fsl_common.o
 .debug_str     0x00000000      0x2ce ./drivers/fsl_common.o
 .comment       0x00000000       0x71 ./drivers/fsl_common.o
 .ARM.attributes
                0x00000000       0x32 ./drivers/fsl_common.o
 .text          0x00000000        0x0 ./drivers/fsl_flash.o
 .data          0x00000000        0x0 ./drivers/fsl_flash.o
 .bss           0x00000000        0x0 ./drivers/fsl_flash.o
 .rodata.kFCCOBx
                0x00000000        0x4 ./drivers/fsl_flash.o
 .rodata.kFPROTL
                0x00000000        0x4 ./drivers/fsl_flash.o
 .bss.callFlashRunCommand
                0x00000000        0x4 ./drivers/fsl_flash.o
 .rodata.s_flashRunCommandFunctionCode
                0x00000000        0xc ./drivers/fsl_flash.o
 .bss.s_flashRunCommand
                0x00000000       0x40 ./drivers/fsl_flash.o
 .bss.s_flashExecuteInRamFunctionInfo
                0x00000000        0xc ./drivers/fsl_flash.o
 .rodata.kPFlashDensities
                0x00000000       0x20 ./drivers/fsl_flash.o
 .text.FLASH_Init
                0x00000000       0xc0 ./drivers/fsl_flash.o
 .text.FLASH_PrepareExecuteInRamFunctions
                0x00000000       0x3c ./drivers/fsl_flash.o
 .text.FLASH_EraseAll
                0x00000000       0x60 ./drivers/fsl_flash.o
 .text.FLASH_Erase
                0x00000000       0xec ./drivers/fsl_flash.o
 .text.FLASH_EraseAllUnsecure
                0x00000000       0x60 ./drivers/fsl_flash.o
 .text.FLASH_EraseAllExecuteOnlySegments
                0x00000000       0x60 ./drivers/fsl_flash.o
 .text.FLASH_Program
                0x00000000       0xf8 ./drivers/fsl_flash.o
 .text.FLASH_ProgramOnce
                0x00000000       0x8c ./drivers/fsl_flash.o
 .text.FLASH_ReadResource
                0x00000000      0x104 ./drivers/fsl_flash.o
 .text.FLASH_ReadOnce
                0x00000000       0x7c ./drivers/fsl_flash.o
 .text.FLASH_GetSecurityState
                0x00000000       0x70 ./drivers/fsl_flash.o
 .text.FLASH_SecurityBypass
                0x00000000       0xb0 ./drivers/fsl_flash.o
 .text.FLASH_VerifyEraseAll
                0x00000000       0x40 ./drivers/fsl_flash.o
 .text.FLASH_VerifyErase
                0x00000000      0x118 ./drivers/fsl_flash.o
 .text.FLASH_VerifyProgram
                0x00000000       0xec ./drivers/fsl_flash.o
 .text.FLASH_VerifyEraseAllExecuteOnlySegments
                0x00000000       0x40 ./drivers/fsl_flash.o
 .text.FLASH_IsProtected
                0x00000000      0x2c4 ./drivers/fsl_flash.o
 .text.FLASH_IsExecuteOnly
                0x00000000       0x48 ./drivers/fsl_flash.o
 .text.FLASH_GetProperty
                0x00000000       0xbc ./drivers/fsl_flash.o
 .rodata.FLASH_GetProperty
                0x00000000       0x28 ./drivers/fsl_flash.o
 .text.FLASH_SetProperty
                0x00000000       0x44 ./drivers/fsl_flash.o
 .text.FLASH_PflashSetProtection
                0x00000000       0x3c ./drivers/fsl_flash.o
 .text.FLASH_PflashGetProtection
                0x00000000       0x30 ./drivers/fsl_flash.o
 .text.FLASH_PflashGetPrefetchSpeculation
                0x00000000       0x5c ./drivers/fsl_flash.o
 .text.copy_flash_run_command
                0x00000000       0x30 ./drivers/fsl_flash.o
 .text.flash_command_sequence
                0x00000000       0x7c ./drivers/fsl_flash.o
 .text.flash_cache_clear
                0x00000000       0x18 ./drivers/fsl_flash.o
 .text.flash_cache_clear_process
                0x00000000       0x28 ./drivers/fsl_flash.o
 .text.flash_check_execute_in_ram_function_info
                0x00000000       0x38 ./drivers/fsl_flash.o
 .text.flash_check_range
                0x00000000       0x5c ./drivers/fsl_flash.o
 .text.flash_get_matched_operation_info
                0x00000000       0x7c ./drivers/fsl_flash.o
 .text.flash_check_user_key
                0x00000000       0x24 ./drivers/fsl_flash.o
 .text.flash_check_resource_range
                0x00000000       0x94 ./drivers/fsl_flash.o
 .text.flash_get_protection_info
                0x00000000       0x70 ./drivers/fsl_flash.o
 .text          0x00000000        0x0 ./drivers/fsl_gpio.o
 .data          0x00000000        0x0 ./drivers/fsl_gpio.o
 .bss           0x00000000        0x0 ./drivers/fsl_gpio.o
 .text.FGPIO_PinWrite
                0x00000000       0x40 ./drivers/fsl_gpio.o
 .text.FGPIO_WritePinOutput
                0x00000000       0x28 ./drivers/fsl_gpio.o
 .rodata.s_portBases
                0x00000000        0x8 ./drivers/fsl_gpio.o
 .rodata.s_gpioBases
                0x00000000        0x8 ./drivers/fsl_gpio.o
 .text.GPIO_GetInstance
                0x00000000       0x58 ./drivers/fsl_gpio.o
 .text.GPIO_PortGetInterruptFlags
                0x00000000       0x38 ./drivers/fsl_gpio.o
 .text.GPIO_PortClearInterruptFlags
                0x00000000       0x3c ./drivers/fsl_gpio.o
 .rodata.s_fgpioBases
                0x00000000        0x8 ./drivers/fsl_gpio.o
 .text.FGPIO_GetInstance
                0x00000000       0x58 ./drivers/fsl_gpio.o
 .text.FGPIO_PinInit
                0x00000000       0x78 ./drivers/fsl_gpio.o
 .text.FGPIO_PortGetInterruptFlags
                0x00000000       0x38 ./drivers/fsl_gpio.o
 .text.FGPIO_PortClearInterruptFlags
                0x00000000       0x3c ./drivers/fsl_gpio.o
 .rodata.__func__.4953
                0x00000000       0x14 ./drivers/fsl_gpio.o
 .rodata.__func__.4981
                0x00000000       0x14 ./drivers/fsl_gpio.o
 .rodata.__func__.4987
                0x00000000       0x10 ./drivers/fsl_gpio.o
 .text          0x00000000        0x0 ./drivers/fsl_llwu.o
 .data          0x00000000        0x0 ./drivers/fsl_llwu.o
 .bss           0x00000000        0x0 ./drivers/fsl_llwu.o
 .text.LLWU_SetPinFilterMode
                0x00000000       0x6c ./drivers/fsl_llwu.o
 .text.LLWU_GetPinFilterFlag
                0x00000000       0x40 ./drivers/fsl_llwu.o
 .text.LLWU_ClearPinFilterFlag
                0x00000000       0x50 ./drivers/fsl_llwu.o
 .text          0x00000000        0x0 ./drivers/fsl_lptmr.o
 .data          0x00000000        0x0 ./drivers/fsl_lptmr.o
 .bss           0x00000000        0x0 ./drivers/fsl_lptmr.o
 .text.CLOCK_DisableClock
                0x00000000       0x38 ./drivers/fsl_lptmr.o
 .rodata.s_lptmrBases
                0x00000000        0x4 ./drivers/fsl_lptmr.o
 .rodata.s_lptmrClocks
                0x00000000        0x4 ./drivers/fsl_lptmr.o
 .text.LPTMR_Deinit
                0x00000000       0x38 ./drivers/fsl_lptmr.o
 .text          0x00000000        0x0 ./drivers/fsl_lpuart.o
 .data          0x00000000        0x0 ./drivers/fsl_lpuart.o
 .bss           0x00000000        0x0 ./drivers/fsl_lpuart.o
 .text.__NVIC_EnableIRQ
                0x00000000       0x34 ./drivers/fsl_lpuart.o
 .text.EnableIRQ
                0x00000000       0x34 ./drivers/fsl_lpuart.o
 .rodata.s_lpuartBases
                0x00000000        0x4 ./drivers/fsl_lpuart.o
 .rodata.s_lpuartIRQ
                0x00000000        0x4 ./drivers/fsl_lpuart.o
 .rodata.s_lpuartClock
                0x00000000        0x4 ./drivers/fsl_lpuart.o
 .text.LPUART_TransferGetRxRingBufferLength
                0x00000000       0x70 ./drivers/fsl_lpuart.o
 .text.LPUART_TransferIsRxRingBufferFull
                0x00000000       0x64 ./drivers/fsl_lpuart.o
 .text.LPUART_WriteNonBlocking
                0x00000000       0x54 ./drivers/fsl_lpuart.o
 .text.LPUART_ReadNonBlocking
                0x00000000       0x54 ./drivers/fsl_lpuart.o
 .text.LPUART_SetBaudRate
                0x00000000      0x198 ./drivers/fsl_lpuart.o
 .text.LPUART_EnableInterrupts
                0x00000000       0x38 ./drivers/fsl_lpuart.o
 .text.LPUART_DisableInterrupts
                0x00000000       0x3c ./drivers/fsl_lpuart.o
 .text.LPUART_GetEnabledInterrupts
                0x00000000       0x34 ./drivers/fsl_lpuart.o
 .text.LPUART_TransferCreateHandle
                0x00000000       0x90 ./drivers/fsl_lpuart.o
 .text.LPUART_TransferStartRingBuffer
                0x00000000       0x78 ./drivers/fsl_lpuart.o
 .text.LPUART_TransferStopRingBuffer
                0x00000000       0x64 ./drivers/fsl_lpuart.o
 .text.LPUART_TransferSendNonBlocking
                0x00000000       0xd0 ./drivers/fsl_lpuart.o
 .text.LPUART_TransferAbortSend
                0x00000000       0x50 ./drivers/fsl_lpuart.o
 .text.LPUART_TransferGetSendCount
                0x00000000       0x70 ./drivers/fsl_lpuart.o
 .text.LPUART_TransferReceiveNonBlocking
                0x00000000      0x1dc ./drivers/fsl_lpuart.o
 .text.LPUART_TransferAbortReceive
                0x00000000       0x58 ./drivers/fsl_lpuart.o
 .text.LPUART_TransferGetReceiveCount
                0x00000000       0x70 ./drivers/fsl_lpuart.o
 .text.LPUART_TransferHandleIRQ
                0x00000000      0x31c ./drivers/fsl_lpuart.o
 .text.LPUART_TransferHandleErrorIRQ
                0x00000000       0x10 ./drivers/fsl_lpuart.o
 .rodata.__func__.5049
                0x00000000       0x28 ./drivers/fsl_lpuart.o
 .rodata.__func__.5055
                0x00000000       0x24 ./drivers/fsl_lpuart.o
 .rodata.__func__.5062
                0x00000000       0x18 ./drivers/fsl_lpuart.o
 .rodata.__func__.5072
                0x00000000       0x18 ./drivers/fsl_lpuart.o
 .rodata.__func__.5112
                0x00000000       0x14 ./drivers/fsl_lpuart.o
 .rodata.__func__.5178
                0x00000000       0x1c ./drivers/fsl_lpuart.o
 .rodata.__func__.5186
                0x00000000       0x20 ./drivers/fsl_lpuart.o
 .rodata.__func__.5191
                0x00000000       0x20 ./drivers/fsl_lpuart.o
 .rodata.__func__.5197
                0x00000000       0x20 ./drivers/fsl_lpuart.o
 .rodata.__func__.5203
                0x00000000       0x1c ./drivers/fsl_lpuart.o
 .rodata.__func__.5209
                0x00000000       0x1c ./drivers/fsl_lpuart.o
 .rodata.__func__.5216
                0x00000000       0x24 ./drivers/fsl_lpuart.o
 .rodata.__func__.5229
                0x00000000       0x1c ./drivers/fsl_lpuart.o
 .rodata.__func__.5235
                0x00000000       0x20 ./drivers/fsl_lpuart.o
 .rodata.__func__.5240
                0x00000000       0x1c ./drivers/fsl_lpuart.o
 .text          0x00000000        0x0 ./drivers/fsl_pmc.o
 .data          0x00000000        0x0 ./drivers/fsl_pmc.o
 .bss           0x00000000        0x0 ./drivers/fsl_pmc.o
 .text.PMC_ConfigureLowVoltDetect
                0x00000000       0x38 ./drivers/fsl_pmc.o
 .text.PMC_ConfigureLowVoltWarning
                0x00000000       0x2c ./drivers/fsl_pmc.o
 .text          0x00000000        0x0 ./drivers/fsl_rcm.o
 .data          0x00000000        0x0 ./drivers/fsl_rcm.o
 .bss           0x00000000        0x0 ./drivers/fsl_rcm.o
 .rodata        0x00000000       0x88 ./drivers/fsl_rcm.o
 .text.RCM_ConfigureResetPinFilter
                0x00000000       0x54 ./drivers/fsl_rcm.o
 .text.RCM_SetForceBootRomSource
                0x00000000       0x38 ./drivers/fsl_rcm.o
 .rodata.__func__.4867
                0x00000000       0x1c ./drivers/fsl_rcm.o
 .debug_info    0x00000000      0x28d ./drivers/fsl_rcm.o
 .debug_abbrev  0x00000000      0x13e ./drivers/fsl_rcm.o
 .debug_aranges
                0x00000000       0x28 ./drivers/fsl_rcm.o
 .debug_ranges  0x00000000       0x18 ./drivers/fsl_rcm.o
 .debug_line    0x00000000      0x180 ./drivers/fsl_rcm.o
 .debug_str     0x00000000      0x4a1 ./drivers/fsl_rcm.o
 .comment       0x00000000       0x71 ./drivers/fsl_rcm.o
 .ARM.attributes
                0x00000000       0x32 ./drivers/fsl_rcm.o
 .debug_frame   0x00000000       0x50 ./drivers/fsl_rcm.o
 .text          0x00000000        0x0 ./drivers/fsl_smc.o
 .data          0x00000000        0x0 ./drivers/fsl_smc.o
 .bss           0x00000000        0x0 ./drivers/fsl_smc.o
 .text.SMC_PreEnterWaitModes
                0x00000000       0x1c ./drivers/fsl_smc.o
 .text.SMC_PostExitWaitModes
                0x00000000       0x1c ./drivers/fsl_smc.o
 .text.SMC_SetPowerModeWait
                0x00000000       0x2c ./drivers/fsl_smc.o
 .text.SMC_SetPowerModeStop
                0x00000000       0xb8 ./drivers/fsl_smc.o
 .text.SMC_SetPowerModeVlpw
                0x00000000       0x2c ./drivers/fsl_smc.o
 .text.SMC_SetPowerModeVlps
                0x00000000       0x7c ./drivers/fsl_smc.o
 .text          0x00000000        0x0 ./drivers/fsl_tpm.o
 .data          0x00000000        0x0 ./drivers/fsl_tpm.o
 .bss           0x00000000        0x0 ./drivers/fsl_tpm.o
 .text.CLOCK_EnableClock
                0x00000000       0x34 ./drivers/fsl_tpm.o
 .text.CLOCK_DisableClock
                0x00000000       0x38 ./drivers/fsl_tpm.o
 .rodata.s_tpmBases
                0x00000000        0x8 ./drivers/fsl_tpm.o
 .rodata.s_tpmClocks
                0x00000000        0x8 ./drivers/fsl_tpm.o
 .rodata        0x00000000      0x118 ./drivers/fsl_tpm.o
 .text.TPM_GetInstance
                0x00000000       0x60 ./drivers/fsl_tpm.o
 .text.TPM_Init
                0x00000000       0xe0 ./drivers/fsl_tpm.o
 .text.TPM_Deinit
                0x00000000       0x38 ./drivers/fsl_tpm.o
 .text.TPM_GetDefaultConfig
                0x00000000       0x60 ./drivers/fsl_tpm.o
 .text.TPM_SetupPwm
                0x00000000      0x214 ./drivers/fsl_tpm.o
 .text.TPM_UpdatePwmDutycycle
                0x00000000       0xa0 ./drivers/fsl_tpm.o
 .text.TPM_UpdateChnlEdgeLevelSelect
                0x00000000       0xd0 ./drivers/fsl_tpm.o
 .text.TPM_SetupInputCapture
                0x00000000       0xac ./drivers/fsl_tpm.o
 .text.TPM_SetupOutputCompare
                0x00000000       0xd4 ./drivers/fsl_tpm.o
 .text.TPM_EnableInterrupts
                0x00000000       0x80 ./drivers/fsl_tpm.o
 .text.TPM_DisableInterrupts
                0x00000000       0x88 ./drivers/fsl_tpm.o
 .text.TPM_GetEnabledInterrupts
                0x00000000       0xa8 ./drivers/fsl_tpm.o
 .rodata.__func__.4992
                0x00000000       0x10 ./drivers/fsl_tpm.o
 .rodata.__func__.4997
                0x00000000        0xc ./drivers/fsl_tpm.o
 .rodata.__func__.5004
                0x00000000       0x18 ./drivers/fsl_tpm.o
 .rodata.__func__.5013
                0x00000000       0x10 ./drivers/fsl_tpm.o
 .rodata.__func__.5037
                0x00000000       0x18 ./drivers/fsl_tpm.o
 .rodata.__func__.5045
                0x00000000       0x20 ./drivers/fsl_tpm.o
 .rodata.__func__.5058
                0x00000000       0x18 ./drivers/fsl_tpm.o
 .rodata.__func__.5071
                0x00000000       0x18 ./drivers/fsl_tpm.o
 .rodata.__func__.5101
                0x00000000       0x1c ./drivers/fsl_tpm.o
 .debug_info    0x00000000      0xca6 ./drivers/fsl_tpm.o
 .debug_abbrev  0x00000000      0x20d ./drivers/fsl_tpm.o
 .debug_aranges
                0x00000000       0x88 ./drivers/fsl_tpm.o
 .debug_ranges  0x00000000       0x78 ./drivers/fsl_tpm.o
 .debug_line    0x00000000      0x3ba ./drivers/fsl_tpm.o
 .debug_str     0x00000000     0x126c ./drivers/fsl_tpm.o
 .comment       0x00000000       0x71 ./drivers/fsl_tpm.o
 .ARM.attributes
                0x00000000       0x32 ./drivers/fsl_tpm.o
 .debug_frame   0x00000000      0x1d0 ./drivers/fsl_tpm.o
 .text          0x00000000        0x0 ./board/board.o
 .data          0x00000000        0x0 ./board/board.o
 .bss           0x00000000        0x0 ./board/board.o
 .text.CLOCK_SetLpuart0Clock
                0x00000000       0x38 ./board/board.o
 .text.BOARD_InitDebugConsole
                0x00000000       0x30 ./board/board.o
 .debug_info    0x00000000      0x32a ./board/board.o
 .debug_abbrev  0x00000000      0x106 ./board/board.o
 .debug_aranges
                0x00000000       0x28 ./board/board.o
 .debug_ranges  0x00000000       0x18 ./board/board.o
 .debug_line    0x00000000      0x1a6 ./board/board.o
 .debug_str     0x00000000      0x41a ./board/board.o
 .comment       0x00000000       0x71 ./board/board.o
 .ARM.attributes
                0x00000000       0x32 ./board/board.o
 .debug_frame   0x00000000       0x50 ./board/board.o
 .text          0x00000000        0x0 ./board/clock_config.o
 .data          0x00000000        0x0 ./board/clock_config.o
 .bss           0x00000000        0x0 ./board/clock_config.o
 .text.SMC_SetPowerModeProtection
                0x00000000       0x1c ./board/clock_config.o
 .text.SMC_GetPowerModeState
                0x00000000       0x18 ./board/clock_config.o
 .rodata.oscConfig_BOARD_BootClockRUN
                0x00000000        0x8 ./board/clock_config.o
 .rodata.mcgliteConfig_BOARD_BootClockVLPR
                0x00000000        0x8 ./board/clock_config.o
 .rodata.simConfig_BOARD_BootClockVLPR
                0x00000000        0x8 ./board/clock_config.o
 .rodata.oscConfig_BOARD_BootClockVLPR
                0x00000000        0x8 ./board/clock_config.o
 .text.BOARD_BootClockVLPR
                0x00000000       0x58 ./board/clock_config.o
 .text          0x00000000        0x0 ./board/pin_mux.o
 .data          0x00000000        0x0 ./board/pin_mux.o
 .bss           0x00000000        0x0 ./board/pin_mux.o
 .text          0x00000000        0x0 f:/other_software/kinetisdesignstudio/toolchain/bin/../lib/gcc/arm-none-eabi/4.8.4/../../../../arm-none-eabi/lib/armv6-m\libg_s.a(lib_a-exit.o)
 .data          0x00000000        0x0 f:/other_software/kinetisdesignstudio/toolchain/bin/../lib/gcc/arm-none-eabi/4.8.4/../../../../arm-none-eabi/lib/armv6-m\libg_s.a(lib_a-exit.o)
 .bss           0x00000000        0x0 f:/other_software/kinetisdesignstudio/toolchain/bin/../lib/gcc/arm-none-eabi/4.8.4/../../../../arm-none-eabi/lib/armv6-m\libg_s.a(lib_a-exit.o)
 .text          0x00000000        0x0 f:/other_software/kinetisdesignstudio/toolchain/bin/../lib/gcc/arm-none-eabi/4.8.4/../../../../arm-none-eabi/lib/armv6-m\libg_s.a(lib_a-impure.o)
 .data          0x00000000        0x0 f:/other_software/kinetisdesignstudio/toolchain/bin/../lib/gcc/arm-none-eabi/4.8.4/../../../../arm-none-eabi/lib/armv6-m\libg_s.a(lib_a-impure.o)
 .bss           0x00000000        0x0 f:/other_software/kinetisdesignstudio/toolchain/bin/../lib/gcc/arm-none-eabi/4.8.4/../../../../arm-none-eabi/lib/armv6-m\libg_s.a(lib_a-impure.o)
 .data._impure_ptr
                0x00000000        0x4 f:/other_software/kinetisdesignstudio/toolchain/bin/../lib/gcc/arm-none-eabi/4.8.4/../../../../arm-none-eabi/lib/armv6-m\libg_s.a(lib_a-impure.o)
 .text          0x00000000        0x0 f:/other_software/kinetisdesignstudio/toolchain/bin/../lib/gcc/arm-none-eabi/4.8.4/../../../../arm-none-eabi/lib/armv6-m\libg_s.a(lib_a-init.o)
 .data          0x00000000        0x0 f:/other_software/kinetisdesignstudio/toolchain/bin/../lib/gcc/arm-none-eabi/4.8.4/../../../../arm-none-eabi/lib/armv6-m\libg_s.a(lib_a-init.o)
 .bss           0x00000000        0x0 f:/other_software/kinetisdesignstudio/toolchain/bin/../lib/gcc/arm-none-eabi/4.8.4/../../../../arm-none-eabi/lib/armv6-m\libg_s.a(lib_a-init.o)
 .text          0x00000000        0x0 f:/other_software/kinetisdesignstudio/toolchain/bin/../lib/gcc/arm-none-eabi/4.8.4/../../../../arm-none-eabi/lib/armv6-m\libg_s.a(lib_a-memcpy-stub.o)
 .data          0x00000000        0x0 f:/other_software/kinetisdesignstudio/toolchain/bin/../lib/gcc/arm-none-eabi/4.8.4/../../../../arm-none-eabi/lib/armv6-m\libg_s.a(lib_a-memcpy-stub.o)
 .bss           0x00000000        0x0 f:/other_software/kinetisdesignstudio/toolchain/bin/../lib/gcc/arm-none-eabi/4.8.4/../../../../arm-none-eabi/lib/armv6-m\libg_s.a(lib_a-memcpy-stub.o)
 .text          0x00000000        0x0 f:/other_software/kinetisdesignstudio/toolchain/bin/../lib/gcc/arm-none-eabi/4.8.4/../../../../arm-none-eabi/lib/armv6-m\libg_s.a(lib_a-memset.o)
 .data          0x00000000        0x0 f:/other_software/kinetisdesignstudio/toolchain/bin/../lib/gcc/arm-none-eabi/4.8.4/../../../../arm-none-eabi/lib/armv6-m\libg_s.a(lib_a-memset.o)
 .bss           0x00000000        0x0 f:/other_software/kinetisdesignstudio/toolchain/bin/../lib/gcc/arm-none-eabi/4.8.4/../../../../arm-none-eabi/lib/armv6-m\libg_s.a(lib_a-memset.o)
 .text          0x00000000        0x0 f:/other_software/kinetisdesignstudio/toolchain/bin/../lib/gcc/arm-none-eabi/4.8.4/../../../../arm-none-eabi/lib/armv6-m\libg_s.a(lib_a-strlen.o)
 .data          0x00000000        0x0 f:/other_software/kinetisdesignstudio/toolchain/bin/../lib/gcc/arm-none-eabi/4.8.4/../../../../arm-none-eabi/lib/armv6-m\libg_s.a(lib_a-strlen.o)
 .bss           0x00000000        0x0 f:/other_software/kinetisdesignstudio/toolchain/bin/../lib/gcc/arm-none-eabi/4.8.4/../../../../arm-none-eabi/lib/armv6-m\libg_s.a(lib_a-strlen.o)
 .data          0x00000000        0x0 f:/other_software/kinetisdesignstudio/toolchain/bin/../lib/gcc/arm-none-eabi/4.8.4/armv6-m\libgcc.a(_udivsi3.o)
 .bss           0x00000000        0x0 f:/other_software/kinetisdesignstudio/toolchain/bin/../lib/gcc/arm-none-eabi/4.8.4/armv6-m\libgcc.a(_udivsi3.o)
 .data          0x00000000        0x0 f:/other_software/kinetisdesignstudio/toolchain/bin/../lib/gcc/arm-none-eabi/4.8.4/armv6-m\libgcc.a(_divsi3.o)
 .bss           0x00000000        0x0 f:/other_software/kinetisdesignstudio/toolchain/bin/../lib/gcc/arm-none-eabi/4.8.4/armv6-m\libgcc.a(_divsi3.o)
 .data          0x00000000        0x0 f:/other_software/kinetisdesignstudio/toolchain/bin/../lib/gcc/arm-none-eabi/4.8.4/armv6-m\libgcc.a(_dvmd_tls.o)
 .bss           0x00000000        0x0 f:/other_software/kinetisdesignstudio/toolchain/bin/../lib/gcc/arm-none-eabi/4.8.4/armv6-m\libgcc.a(_dvmd_tls.o)
 .text          0x00000000        0x0 f:/other_software/kinetisdesignstudio/toolchain/bin/../lib/gcc/arm-none-eabi/4.8.4/../../../../arm-none-eabi/lib/armv6-m\libnosys.a(_exit.o)
 .data          0x00000000        0x0 f:/other_software/kinetisdesignstudio/toolchain/bin/../lib/gcc/arm-none-eabi/4.8.4/../../../../arm-none-eabi/lib/armv6-m\libnosys.a(_exit.o)
 .bss           0x00000000        0x0 f:/other_software/kinetisdesignstudio/toolchain/bin/../lib/gcc/arm-none-eabi/4.8.4/../../../../arm-none-eabi/lib/armv6-m\libnosys.a(_exit.o)
 .text          0x00000000        0x0 f:/other_software/kinetisdesignstudio/toolchain/bin/../lib/gcc/arm-none-eabi/4.8.4/armv6-m/crtend.o
 .data          0x00000000        0x0 f:/other_software/kinetisdesignstudio/toolchain/bin/../lib/gcc/arm-none-eabi/4.8.4/armv6-m/crtend.o
 .bss           0x00000000        0x0 f:/other_software/kinetisdesignstudio/toolchain/bin/../lib/gcc/arm-none-eabi/4.8.4/armv6-m/crtend.o
 .eh_frame      0x00000000        0x4 f:/other_software/kinetisdesignstudio/toolchain/bin/../lib/gcc/arm-none-eabi/4.8.4/armv6-m/crtend.o
 .text          0x00000000        0x0 f:/other_software/kinetisdesignstudio/toolchain/bin/../lib/gcc/arm-none-eabi/4.8.4/armv6-m/crtn.o
 .data          0x00000000        0x0 f:/other_software/kinetisdesignstudio/toolchain/bin/../lib/gcc/arm-none-eabi/4.8.4/armv6-m/crtn.o
 .bss           0x00000000        0x0 f:/other_software/kinetisdesignstudio/toolchain/bin/../lib/gcc/arm-none-eabi/4.8.4/armv6-m/crtn.o

Memory Configuration

Name             Origin             Length             Attributes
m_interrupts     0x00000000         0x00000100         xr
m_flash_config   0x00000400         0x00000010         xr
m_text           0x00000410         0x00007bf0         xr
m_data           0x1ffffe00         0x00000800         rw
*default*        0x00000000         0xffffffff

Linker script and memory map

LOAD f:/other_software/kinetisdesignstudio/toolchain/bin/../lib/gcc/arm-none-eabi/4.8.4/armv6-m/crti.o
LOAD f:/other_software/kinetisdesignstudio/toolchain/bin/../lib/gcc/arm-none-eabi/4.8.4/armv6-m/crtbegin.o
LOAD f:/other_software/kinetisdesignstudio/toolchain/bin/../lib/gcc/arm-none-eabi/4.8.4/../../../../arm-none-eabi/lib/armv6-m/crt0.o
START GROUP
LOAD ./utilities/fsl_assert.o
LOAD ./utilities/fsl_debug_console.o
LOAD ./utilities/fsl_io.o
LOAD ./utilities/fsl_log.o
LOAD ./utilities/fsl_str.o
LOAD ./startup/startup_MKL03Z4.o
LOAD ./startup/system_MKL03Z4.o
LOAD ./source/clock_mcglite.o
LOAD ./source/power_mode_switch.o
LOAD ./drivers/fsl_adc16.o
LOAD ./drivers/fsl_clock.o
LOAD ./drivers/fsl_common.o
LOAD ./drivers/fsl_flash.o
LOAD ./drivers/fsl_gpio.o
LOAD ./drivers/fsl_llwu.o
LOAD ./drivers/fsl_lptmr.o
LOAD ./drivers/fsl_lpuart.o
LOAD ./drivers/fsl_pmc.o
LOAD ./drivers/fsl_rcm.o
LOAD ./drivers/fsl_smc.o
LOAD ./drivers/fsl_tpm.o
LOAD ./board/board.o
LOAD ./board/clock_config.o
LOAD ./board/pin_mux.o
LOAD f:/other_software/kinetisdesignstudio/toolchain/bin/../lib/gcc/arm-none-eabi/4.8.4/../../../../arm-none-eabi/lib/armv6-m\libg_s.a
LOAD f:/other_software/kinetisdesignstudio/toolchain/bin/../lib/gcc/arm-none-eabi/4.8.4/armv6-m\libgcc.a
LOAD f:/other_software/kinetisdesignstudio/toolchain/bin/../lib/gcc/arm-none-eabi/4.8.4/../../../../arm-none-eabi/lib/armv6-m\libnosys.a
END GROUP
LOAD f:/other_software/kinetisdesignstudio/toolchain/bin/../lib/gcc/arm-none-eabi/4.8.4/../../../../arm-none-eabi/lib/armv6-m\libstdc++_s.a
LOAD f:/other_software/kinetisdesignstudio/toolchain/bin/../lib/gcc/arm-none-eabi/4.8.4/../../../../arm-none-eabi/lib/armv6-m\libm.a
START GROUP
LOAD f:/other_software/kinetisdesignstudio/toolchain/bin/../lib/gcc/arm-none-eabi/4.8.4/armv6-m\libgcc.a
LOAD f:/other_software/kinetisdesignstudio/toolchain/bin/../lib/gcc/arm-none-eabi/4.8.4/../../../../arm-none-eabi/lib/armv6-m\libg_s.a
LOAD f:/other_software/kinetisdesignstudio/toolchain/bin/../lib/gcc/arm-none-eabi/4.8.4/../../../../arm-none-eabi/lib/armv6-m\libc_s.a
END GROUP
START GROUP
LOAD f:/other_software/kinetisdesignstudio/toolchain/bin/../lib/gcc/arm-none-eabi/4.8.4/armv6-m\libgcc.a
LOAD f:/other_software/kinetisdesignstudio/toolchain/bin/../lib/gcc/arm-none-eabi/4.8.4/../../../../arm-none-eabi/lib/armv6-m\libc_s.a
END GROUP
LOAD f:/other_software/kinetisdesignstudio/toolchain/bin/../lib/gcc/arm-none-eabi/4.8.4/armv6-m/crtend.o
LOAD f:/other_software/kinetisdesignstudio/toolchain/bin/../lib/gcc/arm-none-eabi/4.8.4/armv6-m/crtn.o
                0x00000200                HEAP_SIZE = DEFINED (__heap_size__)?__heap_size__:0x200
                0x00000050                STACK_SIZE = DEFINED (__stack_size__)?__stack_size__:0x50

.interrupts     0x00000000       0xc0
                0x00000000                . = ALIGN (0x4)
 *(.isr_vector)
 .isr_vector    0x00000000       0xc0 ./startup/startup_MKL03Z4.o
                0x00000000                __isr_vector
                0x000000c0                . = ALIGN (0x4)

.flash_config   0x00000400       0x10
                0x00000400                . = ALIGN (0x4)
 *(.FlashConfig)
 .FlashConfig   0x00000400       0x10 ./startup/startup_MKL03Z4.o
                0x00000410                . = ALIGN (0x4)

.text           0x00000410     0x3ffc
                0x00000410                . = ALIGN (0x4)
 *(.text)
 .text          0x00000410       0x60 f:/other_software/kinetisdesignstudio/toolchain/bin/../lib/gcc/arm-none-eabi/4.8.4/armv6-m/crtbegin.o
 .text          0x00000470       0x78 f:/other_software/kinetisdesignstudio/toolchain/bin/../lib/gcc/arm-none-eabi/4.8.4/../../../../arm-none-eabi/lib/armv6-m/crt0.o
                0x00000470                _start
                0x00000470                _mainCRTStartup
 .text          0x000004e8       0xa8 ./startup/startup_MKL03Z4.o
                0x000004e8                Reset_Handler
                0x00000548                Reserved16_IRQHandler
                0x00000548                I2C0_DriverIRQHandler
                0x00000548                LPTMR0_IRQHandler
                0x00000548                Reserved38_IRQHandler
                0x00000548                Reserved40_IRQHandler
                0x00000548                FTFA_IRQHandler
                0x00000548                Reserved19_IRQHandler
                0x00000548                Reserved29_IRQHandler
                0x00000548                TPM0_IRQHandler
                0x00000548                Reserved42_IRQHandler
                0x00000548                Reserved39_IRQHandler
                0x00000548                DefaultISR
                0x00000548                Reserved25_IRQHandler
                0x00000548                Reserved43_IRQHandler
                0x00000548                RTC_IRQHandler
                0x00000548                Reserved18_IRQHandler
                0x00000548                Reserved27_IRQHandler
                0x00000548                RTC_Seconds_IRQHandler
                0x00000548                Reserved35_IRQHandler
                0x00000548                Reserved20_IRQHandler
                0x00000548                Reserved17_IRQHandler
                0x00000548                Reserved41_IRQHandler
                0x00000548                PORTA_IRQHandler
                0x00000548                TPM1_IRQHandler
                0x00000548                Reserved45_IRQHandler
                0x00000548                Reserved30_IRQHandler
                0x00000548                SPI0_DriverIRQHandler
                0x00000548                PMC_IRQHandler
                0x00000548                CMP0_IRQHandler
                0x0000054c                NMI_Handler
                0x00000550                HardFault_Handler
                0x00000554                SVC_Handler
                0x00000558                PendSV_Handler
                0x0000055c                SysTick_Handler
                0x00000560                I2C0_IRQHandler
                0x00000564                SPI0_IRQHandler
                0x00000568                LPUART0_IRQHandler
 .text          0x00000590       0x9c f:/other_software/kinetisdesignstudio/toolchain/bin/../lib/gcc/arm-none-eabi/4.8.4/armv6-m\libgcc.a(_udivsi3.o)
                0x00000590                __aeabi_uidiv
                0x00000590                __udivsi3
                0x00000618                __aeabi_uidivmod
 .text          0x0000062c       0xc0 f:/other_software/kinetisdesignstudio/toolchain/bin/../lib/gcc/arm-none-eabi/4.8.4/armv6-m\libgcc.a(_divsi3.o)
                0x0000062c                __divsi3
                0x0000062c                __aeabi_idiv
                0x000006d8                __aeabi_idivmod
 .text          0x000006ec        0x4 f:/other_software/kinetisdesignstudio/toolchain/bin/../lib/gcc/arm-none-eabi/4.8.4/armv6-m\libgcc.a(_dvmd_tls.o)
                0x000006ec                __aeabi_idiv0
                0x000006ec                __aeabi_ldiv0
 *(.text*)
 .text.__assert_func
                0x000006f0       0x28 ./utilities/fsl_assert.o
                0x000006f0                __assert_func
 .text.DbgConsole_Init
                0x00000718       0x4c ./utilities/fsl_debug_console.o
                0x00000718                DbgConsole_Init
 .text.DbgConsole_Deinit
                0x00000764       0x10 ./utilities/fsl_debug_console.o
                0x00000764                DbgConsole_Deinit
 .text.DbgConsole_Printf
                0x00000774       0x80 ./utilities/fsl_debug_console.o
                0x00000774                DbgConsole_Printf
 .text.DbgConsole_Getchar
                0x000007f4       0x1c ./utilities/fsl_debug_console.o
                0x000007f4                DbgConsole_Getchar
 .text.DbgConsole_RelocateLog
                0x00000810       0x64 ./utilities/fsl_debug_console.o
 .text.LPUART_EnableTx
                0x00000874       0x3c ./utilities/fsl_io.o
 .text.LPUART_EnableRx
                0x000008b0       0x3c ./utilities/fsl_io.o
 .text.IO_Init  0x000008ec       0x90 ./utilities/fsl_io.o
                0x000008ec                IO_Init
 .text.IO_Deinit
                0x0000097c       0x40 ./utilities/fsl_io.o
                0x0000097c                IO_Deinit
 .text.IO_Transfer
                0x000009bc       0x64 ./utilities/fsl_io.o
                0x000009bc                IO_Transfer
 .text.LOG_Init
                0x00000a20       0x48 ./utilities/fsl_log.o
                0x00000a20                LOG_Init
 .text.LOG_Deinit
                0x00000a68        0xc ./utilities/fsl_log.o
                0x00000a68                LOG_Deinit
 .text.LOG_Push
                0x00000a74       0x44 ./utilities/fsl_log.o
                0x00000a74                LOG_Push
 .text.LOG_Pop  0x00000ab8       0x54 ./utilities/fsl_log.o
                0x00000ab8                LOG_Pop
 .text.LOG_ReadCharacter
                0x00000b0c       0x50 ./utilities/fsl_log.o
                0x00000b0c                LOG_ReadCharacter
 .text.LOG_ReadOneCharacter
                0x00000b5c       0x28 ./utilities/fsl_log.o
 .text.ConvertRadixNumToString
                0x00000b84      0x118 ./utilities/fsl_str.o
 .text.StrFormatPrintf
                0x00000c9c      0x378 ./utilities/fsl_str.o
                0x00000c9c                StrFormatPrintf
 .text.SystemInit
                0x00001014       0x38 ./startup/system_MKL03Z4.o
                0x00001014                SystemInit
 .text.CLOCK_SetSimSafeDivs
                0x0000104c       0x1c ./source/clock_mcglite.o
 .text.APP_SetClockRunFromVlpr
                0x00001068       0x4c ./source/clock_mcglite.o
                0x00001068                APP_SetClockRunFromVlpr
 .text.APP_SetClockVlpr
                0x000010b4       0x4c ./source/clock_mcglite.o
                0x000010b4                APP_SetClockVlpr
 .text.__NVIC_EnableIRQ
                0x00001100       0x34 ./source/power_mode_switch.o
 .text.__NVIC_ClearPendingIRQ
                0x00001134       0x34 ./source/power_mode_switch.o
 .text.CLOCK_EnableClock
                0x00001168       0x34 ./source/power_mode_switch.o
 .text.CLOCK_DisableClock
                0x0000119c       0x38 ./source/power_mode_switch.o
 .text.CLOCK_SetLpuart0Clock
                0x000011d4       0x38 ./source/power_mode_switch.o
 .text.SMC_SetPowerModeProtection
                0x0000120c       0x1c ./source/power_mode_switch.o
 .text.SMC_GetPowerModeState
                0x00001228       0x18 ./source/power_mode_switch.o
 .text.RCM_GetPreviousResetSources
                0x00001240       0x24 ./source/power_mode_switch.o
 .text.LPTMR_EnableInterrupts
                0x00001264       0x2c ./source/power_mode_switch.o
 .text.LPTMR_SetTimerPeriod
                0x00001290       0x3c ./source/power_mode_switch.o
 .text.LPTMR_StartTimer
                0x000012cc       0x2c ./source/power_mode_switch.o
 .text.PORT_SetPinMux
                0x000012f8       0x3c ./source/power_mode_switch.o
 .text.PORT_SetPinInterruptConfig
                0x00001334       0x3c ./source/power_mode_switch.o
 .text.PORT_GetPinsInterruptFlags
                0x00001370       0x18 ./source/power_mode_switch.o
 .text.PORT_ClearPinsInterruptFlags
                0x00001388       0x18 ./source/power_mode_switch.o
 .text.ADC16_SetOffsetValue
                0x000013a0       0x20 ./source/power_mode_switch.o
 .text.ADC16_EnableHardwareTrigger
                0x000013c0       0x3c ./source/power_mode_switch.o
 .text.ADC16_GetChannelConversionValue
                0x000013fc       0x40 ./source/power_mode_switch.o
 .text.GPIO_PinWrite
                0x0000143c       0x34 ./source/power_mode_switch.o
 .text.GPIO_PortSet
                0x00001470       0x18 ./source/power_mode_switch.o
 .text.GPIO_PortClear
                0x00001488       0x18 ./source/power_mode_switch.o
 .text.PMC_ClearPeriphIOIsolationFlag
                0x000014a0       0x20 ./source/power_mode_switch.o
 .text.APP_InitDefaultDebugConsole
                0x000014c0       0x50 ./source/power_mode_switch.o
 .text.APP_InitVlprDebugConsole
                0x00001510       0x34 ./source/power_mode_switch.o
 .text.APP_PowerPreSwitchHook
                0x00001544       0x54 ./source/power_mode_switch.o
                0x00001544                APP_PowerPreSwitchHook
 .text.APP_PowerPostSwitchHook
                0x00001598       0x78 ./source/power_mode_switch.o
                0x00001598                APP_PowerPostSwitchHook
 .text.LLWU_IRQHandler
                0x00001610       0x40 ./source/power_mode_switch.o
                0x00001610                LLWU_IRQHandler
 .text.PORTB_IRQHandler
                0x00001650       0x34 ./source/power_mode_switch.o
                0x00001650                PORTB_IRQHandler
 .text.APP_GetWakeupTimeout
                0x00001684       0x84 ./source/power_mode_switch.o
 .text.APP_GetWakeupSource
                0x00001708       0x90 ./source/power_mode_switch.o
 .text.APP_GetWakeupConfig
                0x00001798       0x90 ./source/power_mode_switch.o
                0x00001798                APP_GetWakeupConfig
 .text.APP_SetWakeupConfig
                0x00001828       0xa0 ./source/power_mode_switch.o
                0x00001828                APP_SetWakeupConfig
 .text.APP_CheckPowerMode
                0x000018c8       0xd4 ./source/power_mode_switch.o
                0x000018c8                APP_CheckPowerMode
 .text.APP_PowerModeSwitch
                0x0000199c       0xb4 ./source/power_mode_switch.o
                0x0000199c                APP_PowerModeSwitch
 .text.BOARD_ConfigTriggerSource
                0x00001a50       0x20 ./source/power_mode_switch.o
                0x00001a50                BOARD_ConfigTriggerSource
 .text.LPTMR_InitTriggerSourceOfAdc
                0x00001a70       0x40 ./source/power_mode_switch.o
 .text.ADC16_CalibrateParams
                0x00001ab0       0xac ./source/power_mode_switch.o
 .text.ADC16_InitHardwareTrigger
                0x00001b5c       0xb4 ./source/power_mode_switch.o
 .text.ADC0_IRQHandler
                0x00001c10       0x2c ./source/power_mode_switch.o
                0x00001c10                ADC0_IRQHandler
 .text.main     0x00001c3c      0x224 ./source/power_mode_switch.o
                0x00001c3c                main
 .text.CLOCK_EnableClock
                0x00001e60       0x34 ./drivers/fsl_adc16.o
 .text.ADC16_GetInstance
                0x00001e94       0x54 ./drivers/fsl_adc16.o
 .text.ADC16_Init
                0x00001ee8      0x120 ./drivers/fsl_adc16.o
                0x00001ee8                ADC16_Init
 .text.ADC16_GetDefaultConfig
                0x00002008       0x64 ./drivers/fsl_adc16.o
                0x00002008                ADC16_GetDefaultConfig
 .text.ADC16_DoAutoCalibration
                0x0000206c       0xe8 ./drivers/fsl_adc16.o
                0x0000206c                ADC16_DoAutoCalibration
 .text.ADC16_SetHardwareAverage
                0x00002154       0x40 ./drivers/fsl_adc16.o
                0x00002154                ADC16_SetHardwareAverage
 .text.ADC16_GetStatusFlags
                0x00002194       0x3c ./drivers/fsl_adc16.o
                0x00002194                ADC16_GetStatusFlags
 .text.ADC16_SetChannelConfig
                0x000021d0       0x70 ./drivers/fsl_adc16.o
                0x000021d0                ADC16_SetChannelConfig
 .text.ADC16_GetChannelStatusFlags
                0x00002240       0x50 ./drivers/fsl_adc16.o
                0x00002240                ADC16_GetChannelStatusFlags
 .text.CLOCK_SetEr32kClock
                0x00002290       0x30 ./drivers/fsl_clock.o
 .text.CLOCK_GetLircClkFreq
                0x000022c0       0x48 ./drivers/fsl_clock.o
 .text.CLOCK_GetOsc0ErClkFreq
                0x00002308       0x4c ./drivers/fsl_clock.o
                0x00002308                CLOCK_GetOsc0ErClkFreq
 .text.CLOCK_GetEr32kClkFreq
                0x00002354       0x84 ./drivers/fsl_clock.o
                0x00002354                CLOCK_GetEr32kClkFreq
 .text.CLOCK_GetFreq
                0x000023d8       0xc4 ./drivers/fsl_clock.o
                0x000023d8                CLOCK_GetFreq
 .text.CLOCK_SetSimConfig
                0x0000249c       0x2c ./drivers/fsl_clock.o
                0x0000249c                CLOCK_SetSimConfig
 .text.CLOCK_GetInternalRefClkFreq
                0x000024c8       0x48 ./drivers/fsl_clock.o
                0x000024c8                CLOCK_GetInternalRefClkFreq
 .text.CLOCK_GetPeriphClkFreq
                0x00002510       0x38 ./drivers/fsl_clock.o
                0x00002510                CLOCK_GetPeriphClkFreq
 .text.CLOCK_GetOutClkFreq
                0x00002548       0x8c ./drivers/fsl_clock.o
                0x00002548                CLOCK_GetOutClkFreq
 .text.CLOCK_SetMcgliteConfig
                0x000025d4      0x124 ./drivers/fsl_clock.o
                0x000025d4                CLOCK_SetMcgliteConfig
 .text.FLASH_PflashSetPrefetchSpeculation
                0x000026f8       0x78 ./drivers/fsl_flash.o
                0x000026f8                FLASH_PflashSetPrefetchSpeculation
 .text.GPIO_PinWrite
                0x00002770       0x34 ./drivers/fsl_gpio.o
 .text.GPIO_WritePinOutput
                0x000027a4       0x28 ./drivers/fsl_gpio.o
 .text.GPIO_PinInit
                0x000027cc       0x78 ./drivers/fsl_gpio.o
                0x000027cc                GPIO_PinInit
 .text.LLWU_SetExternalWakeupPinMode
                0x00002844       0xa4 ./drivers/fsl_llwu.o
                0x00002844                LLWU_SetExternalWakeupPinMode
 .text.LLWU_GetExternalWakeupPinFlag
                0x000028e8       0x4c ./drivers/fsl_llwu.o
                0x000028e8                LLWU_GetExternalWakeupPinFlag
 .text.LLWU_ClearExternalWakeupPinFlag
                0x00002934       0x40 ./drivers/fsl_llwu.o
                0x00002934                LLWU_ClearExternalWakeupPinFlag
 .text.CLOCK_EnableClock
                0x00002974       0x34 ./drivers/fsl_lptmr.o
 .text.LPTMR_GetInstance
                0x000029a8       0x54 ./drivers/fsl_lptmr.o
 .text.LPTMR_Init
                0x000029fc       0xa0 ./drivers/fsl_lptmr.o
                0x000029fc                LPTMR_Init
 .text.LPTMR_GetDefaultConfig
                0x00002a9c       0x58 ./drivers/fsl_lptmr.o
                0x00002a9c                LPTMR_GetDefaultConfig
 .text.CLOCK_EnableClock
                0x00002af4       0x34 ./drivers/fsl_lpuart.o
 .text.CLOCK_DisableClock
                0x00002b28       0x38 ./drivers/fsl_lpuart.o
 .text.LPUART_GetInstance
                0x00002b60       0x54 ./drivers/fsl_lpuart.o
                0x00002b60                LPUART_GetInstance
 .text.LPUART_Init
                0x00002bb4      0x2bc ./drivers/fsl_lpuart.o
                0x00002bb4                LPUART_Init
 .text.LPUART_Deinit
                0x00002e70       0x64 ./drivers/fsl_lpuart.o
                0x00002e70                LPUART_Deinit
 .text.LPUART_GetDefaultConfig
                0x00002ed4       0x68 ./drivers/fsl_lpuart.o
                0x00002ed4                LPUART_GetDefaultConfig
 .text.LPUART_GetStatusFlags
                0x00002f3c       0x18 ./drivers/fsl_lpuart.o
                0x00002f3c                LPUART_GetStatusFlags
 .text.LPUART_ClearStatusFlags
                0x00002f54       0x88 ./drivers/fsl_lpuart.o
                0x00002f54                LPUART_ClearStatusFlags
 .text.LPUART_WriteBlocking
                0x00002fdc       0x5c ./drivers/fsl_lpuart.o
                0x00002fdc                LPUART_WriteBlocking
 .text.LPUART_ReadBlocking
                0x00003038       0xec ./drivers/fsl_lpuart.o
                0x00003038                LPUART_ReadBlocking
 .text.LPUART0_DriverIRQHandler
                0x00003124       0x24 ./drivers/fsl_lpuart.o
                0x00003124                LPUART0_DriverIRQHandler
 .text.PMC_ConfigureBandgapBuffer
                0x00003148       0x28 ./drivers/fsl_pmc.o
                0x00003148                PMC_ConfigureBandgapBuffer
 .text.DisableGlobalIRQ
                0x00003170       0x1c ./drivers/fsl_smc.o
 .text.EnableGlobalIRQ
                0x0000318c       0x18 ./drivers/fsl_smc.o
 .text.SMC_PreEnterStopModes
                0x000031a4       0x40 ./drivers/fsl_smc.o
                0x000031a4                SMC_PreEnterStopModes
 .text.SMC_PostExitStopModes
                0x000031e4       0x34 ./drivers/fsl_smc.o
                0x000031e4                SMC_PostExitStopModes
 .text.SMC_SetPowerModeRun
                0x00003218       0x44 ./drivers/fsl_smc.o
                0x00003218                SMC_SetPowerModeRun
 .text.SMC_SetPowerModeVlpr
                0x0000325c       0x48 ./drivers/fsl_smc.o
                0x0000325c                SMC_SetPowerModeVlpr
 .text.SMC_SetPowerModeVlls
                0x000032a4      0x110 ./drivers/fsl_smc.o
                0x000032a4                SMC_SetPowerModeVlls
 .text.CLOCK_SetSimSafeDivs
                0x000033b4       0x1c ./board/clock_config.o
 .text.BOARD_BootClockRUN
                0x000033d0       0x34 ./board/clock_config.o
                0x000033d0                BOARD_BootClockRUN
 .text.CLOCK_EnableClock
                0x00003404       0x34 ./board/pin_mux.o
 .text.PORT_SetPinConfig
                0x00003438       0x44 ./board/pin_mux.o
 .text.PORT_SetPinMux
                0x0000347c       0x3c ./board/pin_mux.o
 .text.BOARD_InitPins
                0x000034b8       0xcc ./board/pin_mux.o
                0x000034b8                BOARD_InitPins
 .text.exit     0x00003584       0x2c f:/other_software/kinetisdesignstudio/toolchain/bin/../lib/gcc/arm-none-eabi/4.8.4/../../../../arm-none-eabi/lib/armv6-m\libg_s.a(lib_a-exit.o)
                0x00003584                exit
 .text.__libc_init_array
                0x000035b0       0x4c f:/other_software/kinetisdesignstudio/toolchain/bin/../lib/gcc/arm-none-eabi/4.8.4/../../../../arm-none-eabi/lib/armv6-m\libg_s.a(lib_a-init.o)
                0x000035b0                __libc_init_array
 .text.memcpy   0x000035fc       0x12 f:/other_software/kinetisdesignstudio/toolchain/bin/../lib/gcc/arm-none-eabi/4.8.4/../../../../arm-none-eabi/lib/armv6-m\libg_s.a(lib_a-memcpy-stub.o)
                0x000035fc                memcpy
 .text.memset   0x0000360e       0x10 f:/other_software/kinetisdesignstudio/toolchain/bin/../lib/gcc/arm-none-eabi/4.8.4/../../../../arm-none-eabi/lib/armv6-m\libg_s.a(lib_a-memset.o)
                0x0000360e                memset
 .text.strlen   0x0000361e        0xe f:/other_software/kinetisdesignstudio/toolchain/bin/../lib/gcc/arm-none-eabi/4.8.4/../../../../arm-none-eabi/lib/armv6-m\libg_s.a(lib_a-strlen.o)
                0x0000361e                strlen
 .text._exit    0x0000362c        0x4 f:/other_software/kinetisdesignstudio/toolchain/bin/../lib/gcc/arm-none-eabi/4.8.4/../../../../arm-none-eabi/lib/armv6-m\libnosys.a(_exit.o)
                0x0000362c                _exit
 *(.rodata)
 .rodata        0x00003630       0x40 ./utilities/fsl_assert.o
 .rodata        0x00003670       0xb8 ./utilities/fsl_debug_console.o
 .rodata        0x00003728       0x90 ./utilities/fsl_io.o
 .rodata        0x000037b8       0xa0 ./utilities/fsl_log.o
 .rodata        0x00003858       0x10 ./source/clock_mcglite.o
 .rodata        0x00003868      0x4d0 ./source/power_mode_switch.o
 .rodata        0x00003d38       0xd8 ./drivers/fsl_adc16.o
 .rodata        0x00003e10       0xb0 ./drivers/fsl_clock.o
 .rodata        0x00003ec0       0xd4 ./drivers/fsl_gpio.o
 .rodata        0x00003f94       0xb0 ./drivers/fsl_lptmr.o
 .rodata        0x00004044      0x124 ./drivers/fsl_lpuart.o
 .rodata        0x00004168        0x4 ./drivers/fsl_smc.o
 .rodata        0x0000416c       0x40 ./board/pin_mux.o
 *(.rodata*)
 .rodata.__func__.5281
                0x000041ac       0x10 ./utilities/fsl_debug_console.o
 .rodata.__func__.5039
                0x000041bc        0x8 ./utilities/fsl_io.o
 .rodata.__func__.4873
                0x000041c4        0xc ./utilities/fsl_log.o
 .rodata.__func__.4891
                0x000041d0       0x14 ./utilities/fsl_log.o
 .rodata.__func__.5057
                0x000041e4       0x18 ./source/power_mode_switch.o
 .rodata.__func__.5287
                0x000041fc       0x20 ./source/power_mode_switch.o
 .rodata.__func__.4941
                0x0000421c       0x14 ./drivers/fsl_adc16.o
 .rodata.__func__.4946
                0x00004230        0xc ./drivers/fsl_adc16.o
 .rodata.__func__.4954
                0x0000423c       0x18 ./drivers/fsl_adc16.o
 .rodata.__func__.4997
                0x00004254       0x18 ./drivers/fsl_adc16.o
 .rodata.__func__.5003
                0x0000426c       0x1c ./drivers/fsl_adc16.o
 .rodata.CLOCK_GetFreq
                0x00004288       0x30 ./drivers/fsl_clock.o
 .rodata.lircFreqs.4820
                0x000042b8        0x8 ./drivers/fsl_clock.o
 .rodata.__func__.4824
                0x000042c0       0x18 ./drivers/fsl_clock.o
 .rodata.__func__.4832
                0x000042d8       0x18 ./drivers/fsl_clock.o
 .rodata.__func__.4884
                0x000042f0       0x14 ./drivers/fsl_clock.o
 .rodata.__func__.4898
                0x00004304       0x18 ./drivers/fsl_clock.o
 .rodata.__func__.4959
                0x0000431c       0x10 ./drivers/fsl_gpio.o
 .rodata.__func__.4920
                0x0000432c       0x14 ./drivers/fsl_lptmr.o
 .rodata.__func__.4925
                0x00004340        0xc ./drivers/fsl_lptmr.o
 .rodata.__func__.4934
                0x0000434c       0x18 ./drivers/fsl_lptmr.o
 .rodata.__func__.5044
                0x00004364       0x14 ./drivers/fsl_lpuart.o
 .rodata.__func__.5082
                0x00004378        0xc ./drivers/fsl_lpuart.o
 .rodata.__func__.5106
                0x00004384       0x18 ./drivers/fsl_lpuart.o
 .rodata.__func__.5152
                0x0000439c       0x18 ./drivers/fsl_lpuart.o
 .rodata.__func__.5164
                0x000043b4       0x14 ./drivers/fsl_lpuart.o
 .rodata.mcgliteConfig_BOARD_BootClockRUN
                0x000043c8        0x8 ./board/clock_config.o
                0x000043c8                mcgliteConfig_BOARD_BootClockRUN
 .rodata.simConfig_BOARD_BootClockRUN
                0x000043d0        0x8 ./board/clock_config.o
                0x000043d0                simConfig_BOARD_BootClockRUN
 .rodata.__func__.4870
                0x000043d8       0x14 ./board/pin_mux.o
 .rodata.str1.1
                0x000043ec        0x2 f:/other_software/kinetisdesignstudio/toolchain/bin/../lib/gcc/arm-none-eabi/4.8.4/../../../../arm-none-eabi/lib/armv6-m\libg_s.a(lib_a-impure.o)
 *fill*         0x000043ee        0x2 
 .rodata._global_impure_ptr
                0x000043f0        0x4 f:/other_software/kinetisdesignstudio/toolchain/bin/../lib/gcc/arm-none-eabi/4.8.4/../../../../arm-none-eabi/lib/armv6-m\libg_s.a(lib_a-impure.o)
                0x000043f0                _global_impure_ptr
 *(.glue_7)
 .glue_7        0x00000000        0x0 linker stubs
 *(.glue_7t)
 .glue_7t       0x00000000        0x0 linker stubs
 *(.eh_frame)
 .eh_frame      0x000043f4        0x0 f:/other_software/kinetisdesignstudio/toolchain/bin/../lib/gcc/arm-none-eabi/4.8.4/armv6-m/crtbegin.o
 *(.init)
 .init          0x000043f4        0x4 f:/other_software/kinetisdesignstudio/toolchain/bin/../lib/gcc/arm-none-eabi/4.8.4/armv6-m/crti.o
                0x000043f4                _init
 .init          0x000043f8        0x8 f:/other_software/kinetisdesignstudio/toolchain/bin/../lib/gcc/arm-none-eabi/4.8.4/armv6-m/crtn.o
 *(.fini)
 .fini          0x00004400        0x4 f:/other_software/kinetisdesignstudio/toolchain/bin/../lib/gcc/arm-none-eabi/4.8.4/armv6-m/crti.o
                0x00004400                _fini
 .fini          0x00004404        0x8 f:/other_software/kinetisdesignstudio/toolchain/bin/../lib/gcc/arm-none-eabi/4.8.4/armv6-m/crtn.o
                0x0000440c                . = ALIGN (0x4)

.vfp11_veneer   0x0000440c        0x0
 .vfp11_veneer  0x00000000        0x0 linker stubs

.v4_bx          0x0000440c        0x0
 .v4_bx         0x00000000        0x0 linker stubs

.iplt           0x0000440c        0x0
 .iplt          0x00000000        0x0 f:/other_software/kinetisdesignstudio/toolchain/bin/../lib/gcc/arm-none-eabi/4.8.4/armv6-m/crtbegin.o

.ARM.extab
 *(.ARM.extab* .gnu.linkonce.armextab.*)

.ARM            0x0000440c        0x8
                0x0000440c                __exidx_start = .
 *(.ARM.exidx*)
 .ARM.exidx     0x0000440c        0x8 f:/other_software/kinetisdesignstudio/toolchain/bin/../lib/gcc/arm-none-eabi/4.8.4/../../../../arm-none-eabi/lib/armv6-m/crt0.o
                0x00004414                __exidx_end = .

.rel.dyn        0x00004414        0x0
 .rel.iplt      0x00000000        0x0 f:/other_software/kinetisdesignstudio/toolchain/bin/../lib/gcc/arm-none-eabi/4.8.4/armv6-m/crtbegin.o

.ctors          0x00004414        0x0
                0x00004414                __CTOR_LIST__ = .
 *crtbegin.o(.ctors)
 *crtbegin?.o(.ctors)
 *(EXCLUDE_FILE(*crtend.o *crtend?.o) .ctors)
 *(SORT(.ctors.*))
 *(.ctors)
                0x00004414                __CTOR_END__ = .

.dtors          0x00004414        0x0
                0x00004414                __DTOR_LIST__ = .
 *crtbegin.o(.dtors)
 *crtbegin?.o(.dtors)
 *(EXCLUDE_FILE(*crtend.o *crtend?.o) .dtors)
 *(SORT(.dtors.*))
 *(.dtors)
                0x00004414                __DTOR_END__ = .

.preinit_array  0x00004414        0x0
                0x00004414                PROVIDE (__preinit_array_start, .)
 *(.preinit_array*)
                0x00004414                PROVIDE (__preinit_array_end, .)

.init_array     0x00004414        0x4
                0x00004414                PROVIDE (__init_array_start, .)
 *(SORT(.init_array.*))
 *(.init_array*)
 .init_array    0x00004414        0x4 f:/other_software/kinetisdesignstudio/toolchain/bin/../lib/gcc/arm-none-eabi/4.8.4/armv6-m/crtbegin.o
                0x00004418                PROVIDE (__init_array_end, .)

.fini_array     0x00004418        0x4
                0x00004418                PROVIDE (__fini_array_start, .)
 *(SORT(.fini_array.*))
 *(.fini_array*)
 .fini_array    0x00004418        0x4 f:/other_software/kinetisdesignstudio/toolchain/bin/../lib/gcc/arm-none-eabi/4.8.4/armv6-m/crtbegin.o
                0x0000441c                PROVIDE (__fini_array_end, .)
                0x0000441c                __etext = .
                0x0000441c                __DATA_ROM = .

.mtb            0x1ffffe00        0x0
                0x1ffffe00                . = ALIGN (0x8)
                0x1ffffe00                _mtb_start = .
 *(.mtb_buf)
                0x1ffffe00                . = ALIGN (0x8)
                0x1ffffe00                _mtb_end = .

.data           0x1ffffe00       0x68 load address 0x0000441c
                0x1ffffe00                . = ALIGN (0x4)
                0x1ffffe00                __DATA_RAM = .
                0x1ffffe00                __data_start__ = .
 *(.data)
 *(.data*)
 .data.SystemCoreClock
                0x1ffffe00        0x4 ./startup/system_MKL03Z4.o
                0x1ffffe00                SystemCoreClock
 .data.impure_data
                0x1ffffe04       0x60 f:/other_software/kinetisdesignstudio/toolchain/bin/../lib/gcc/arm-none-eabi/4.8.4/../../../../arm-none-eabi/lib/armv6-m\libg_s.a(lib_a-impure.o)
 *(.jcr*)
 .jcr           0x1ffffe64        0x0 f:/other_software/kinetisdesignstudio/toolchain/bin/../lib/gcc/arm-none-eabi/4.8.4/armv6-m/crtbegin.o
 .jcr           0x1ffffe64        0x4 f:/other_software/kinetisdesignstudio/toolchain/bin/../lib/gcc/arm-none-eabi/4.8.4/armv6-m/crtend.o
                0x1ffffe68                . = ALIGN (0x4)
                0x1ffffe68                __data_end__ = .
                0x00004484                __DATA_END = (__DATA_ROM + (__data_end__ - __data_start__))
                0x00008000                text_end = (ORIGIN (m_text) + 0x7bf0)
                0x00000001                ASSERT ((__DATA_END <= text_end), region m_text overflowed with text and data)

.igot.plt       0x1ffffe68        0x0 load address 0x00004484
 .igot.plt      0x00000000        0x0 f:/other_software/kinetisdesignstudio/toolchain/bin/../lib/gcc/arm-none-eabi/4.8.4/armv6-m/crtbegin.o

.bss            0x1ffffe68       0x44 load address 0x00004484
                0x1ffffe68                . = ALIGN (0x4)
                0x1ffffe68                __START_BSS = .
                0x1ffffe68                __bss_start__ = .
 *(.bss)
 .bss           0x1ffffe68       0x1c f:/other_software/kinetisdesignstudio/toolchain/bin/../lib/gcc/arm-none-eabi/4.8.4/armv6-m/crtbegin.o
 *(.bss*)
 .bss.s_debugConsoleIO
                0x1ffffe84        0x8 ./utilities/fsl_io.o
 .bss.s_wakeupTimeout
                0x1ffffe8c        0x1 ./source/power_mode_switch.o
 .bss.s_wakeupSource
                0x1ffffe8d        0x1 ./source/power_mode_switch.o
 *fill*         0x1ffffe8e        0x2 
 .bss.adcValue  0x1ffffe90        0x4 ./source/power_mode_switch.o
 .bss.conversionCompleted
                0x1ffffe94        0x1 ./source/power_mode_switch.o
                0x1ffffe94                conversionCompleted
 *fill*         0x1ffffe95        0x3 
 .bss.g_xtal0Freq
                0x1ffffe98        0x4 ./drivers/fsl_clock.o
                0x1ffffe98                g_xtal0Freq
 .bss.g_xtal32Freq
                0x1ffffe9c        0x4 ./drivers/fsl_clock.o
                0x1ffffe9c                g_xtal32Freq
 .bss.s_lpuartHandle
                0x1ffffea0        0x4 ./drivers/fsl_lpuart.o
 .bss.s_lpuartIsr
                0x1ffffea4        0x4 ./drivers/fsl_lpuart.o
 .bss.g_savedPrimask
                0x1ffffea8        0x4 ./drivers/fsl_smc.o
 *(COMMON)
                0x1ffffeac                . = ALIGN (0x4)
                0x1ffffeac                __bss_end__ = .
                0x1ffffeac                __END_BSS = .

.heap           0x1ffffeac      0x204 load address 0x000044c8
                0x1ffffeb0                . = ALIGN (0x8)
 *fill*         0x1ffffeac        0x4 
                0x1ffffeb0                __end__ = .
                0x1ffffeb0                PROVIDE (end, .)
                0x1ffffeb0                __HeapBase = .
                0x200000b0                . = (. + HEAP_SIZE)
 *fill*         0x1ffffeb0      0x200 
                0x200000b0                __HeapLimit = .
                0x200000b0                __heap_limit = .

.stack          0x200000b0       0x50 load address 0x000046cc
                0x200000b0                . = ALIGN (0x8)
                0x20000100                . = (. + STACK_SIZE)
 *fill*         0x200000b0       0x50 
                0x20000600                __StackTop = (ORIGIN (m_data) + 0x800)
                0x200005b0                __StackLimit = (__StackTop - STACK_SIZE)
                0x20000600                PROVIDE (__stack, __StackTop)

.ARM.attributes
                0x00000000       0x28
 *(.ARM.attributes)
 .ARM.attributes
                0x00000000       0x1e f:/other_software/kinetisdesignstudio/toolchain/bin/../lib/gcc/arm-none-eabi/4.8.4/armv6-m/crti.o
 .ARM.attributes
                0x0000001e       0x2c f:/other_software/kinetisdesignstudio/toolchain/bin/../lib/gcc/arm-none-eabi/4.8.4/armv6-m/crtbegin.o
 .ARM.attributes
                0x0000004a       0x1b f:/other_software/kinetisdesignstudio/toolchain/bin/../lib/gcc/arm-none-eabi/4.8.4/../../../../arm-none-eabi/lib/armv6-m/crt0.o
 .ARM.attributes
                0x00000065       0x32 ./utilities/fsl_assert.o
 .ARM.attributes
                0x00000097       0x32 ./utilities/fsl_debug_console.o
 .ARM.attributes
                0x000000c9       0x32 ./utilities/fsl_io.o
 .ARM.attributes
                0x000000fb       0x32 ./utilities/fsl_log.o
 .ARM.attributes
                0x0000012d       0x32 ./utilities/fsl_str.o
 .ARM.attributes
                0x0000015f       0x1b ./startup/startup_MKL03Z4.o
 .ARM.attributes
                0x0000017a       0x32 ./startup/system_MKL03Z4.o
 .ARM.attributes
                0x000001ac       0x32 ./source/clock_mcglite.o
 .ARM.attributes
                0x000001de       0x32 ./source/power_mode_switch.o
 .ARM.attributes
                0x00000210       0x32 ./drivers/fsl_adc16.o
 .ARM.attributes
                0x00000242       0x32 ./drivers/fsl_clock.o
 .ARM.attributes
                0x00000274       0x32 ./drivers/fsl_flash.o
 .ARM.attributes
                0x000002a6       0x32 ./drivers/fsl_gpio.o
 .ARM.attributes
                0x000002d8       0x32 ./drivers/fsl_llwu.o
 .ARM.attributes
                0x0000030a       0x32 ./drivers/fsl_lptmr.o
 .ARM.attributes
                0x0000033c       0x32 ./drivers/fsl_lpuart.o
 .ARM.attributes
                0x0000036e       0x32 ./drivers/fsl_pmc.o
 .ARM.attributes
                0x000003a0       0x32 ./drivers/fsl_smc.o
 .ARM.attributes
                0x000003d2       0x32 ./board/clock_config.o
 .ARM.attributes
                0x00000404       0x32 ./board/pin_mux.o
 .ARM.attributes
                0x00000436       0x2c f:/other_software/kinetisdesignstudio/toolchain/bin/../lib/gcc/arm-none-eabi/4.8.4/../../../../arm-none-eabi/lib/armv6-m\libg_s.a(lib_a-exit.o)
 .ARM.attributes
                0x00000462       0x2c f:/other_software/kinetisdesignstudio/toolchain/bin/../lib/gcc/arm-none-eabi/4.8.4/../../../../arm-none-eabi/lib/armv6-m\libg_s.a(lib_a-impure.o)
 .ARM.attributes
                0x0000048e       0x2c f:/other_software/kinetisdesignstudio/toolchain/bin/../lib/gcc/arm-none-eabi/4.8.4/../../../../arm-none-eabi/lib/armv6-m\libg_s.a(lib_a-init.o)
 .ARM.attributes
                0x000004ba       0x2c f:/other_software/kinetisdesignstudio/toolchain/bin/../lib/gcc/arm-none-eabi/4.8.4/../../../../arm-none-eabi/lib/armv6-m\libg_s.a(lib_a-memcpy-stub.o)
 .ARM.attributes
                0x000004e6       0x2c f:/other_software/kinetisdesignstudio/toolchain/bin/../lib/gcc/arm-none-eabi/4.8.4/../../../../arm-none-eabi/lib/armv6-m\libg_s.a(lib_a-memset.o)
 .ARM.attributes
                0x00000512       0x2c f:/other_software/kinetisdesignstudio/toolchain/bin/../lib/gcc/arm-none-eabi/4.8.4/../../../../arm-none-eabi/lib/armv6-m\libg_s.a(lib_a-strlen.o)
 .ARM.attributes
                0x0000053e       0x1e f:/other_software/kinetisdesignstudio/toolchain/bin/../lib/gcc/arm-none-eabi/4.8.4/armv6-m\libgcc.a(_udivsi3.o)
 .ARM.attributes
                0x0000055c       0x1e f:/other_software/kinetisdesignstudio/toolchain/bin/../lib/gcc/arm-none-eabi/4.8.4/armv6-m\libgcc.a(_divsi3.o)
 .ARM.attributes
                0x0000057a       0x1e f:/other_software/kinetisdesignstudio/toolchain/bin/../lib/gcc/arm-none-eabi/4.8.4/armv6-m\libgcc.a(_dvmd_tls.o)
 .ARM.attributes
                0x00000598       0x2c f:/other_software/kinetisdesignstudio/toolchain/bin/../lib/gcc/arm-none-eabi/4.8.4/../../../../arm-none-eabi/lib/armv6-m\libnosys.a(_exit.o)
 .ARM.attributes
                0x000005c4       0x2c f:/other_software/kinetisdesignstudio/toolchain/bin/../lib/gcc/arm-none-eabi/4.8.4/armv6-m/crtend.o
 .ARM.attributes
                0x000005f0       0x1e f:/other_software/kinetisdesignstudio/toolchain/bin/../lib/gcc/arm-none-eabi/4.8.4/armv6-m/crtn.o
                0x00000001                ASSERT ((__StackLimit >= __HeapLimit), region m_data overflowed with stack and heap)
OUTPUT(power_mode_switch_frdmkl03z.elf elf32-littlearm)

.debug_info     0x00000000     0xab8f
 .debug_info    0x00000000       0xfb ./utilities/fsl_assert.o
 .debug_info    0x000000fb      0x3eb ./utilities/fsl_debug_console.o
 .debug_info    0x000004e6      0x6c0 ./utilities/fsl_io.o
 .debug_info    0x00000ba6      0x35e ./utilities/fsl_log.o
 .debug_info    0x00000f04      0x4dd ./utilities/fsl_str.o
 .debug_info    0x000013e1      0x141 ./startup/startup_MKL03Z4.o
 .debug_info    0x00001522      0x3a3 ./startup/system_MKL03Z4.o
 .debug_info    0x000018c5      0x460 ./source/clock_mcglite.o
 .debug_info    0x00001d25     0x1c7f ./source/power_mode_switch.o
 .debug_info    0x000039a4      0xb6c ./drivers/fsl_adc16.o
 .debug_info    0x00004510      0xb7a ./drivers/fsl_clock.o
 .debug_info    0x0000508a     0x1898 ./drivers/fsl_flash.o
 .debug_info    0x00006922      0x835 ./drivers/fsl_gpio.o
 .debug_info    0x00007157      0x38b ./drivers/fsl_llwu.o
 .debug_info    0x000074e2      0x6d1 ./drivers/fsl_lptmr.o
 .debug_info    0x00007bb3     0x1676 ./drivers/fsl_lpuart.o
 .debug_info    0x00009229      0x29c ./drivers/fsl_pmc.o
 .debug_info    0x000094c5      0x8bd ./drivers/fsl_smc.o
 .debug_info    0x00009d82      0x7f3 ./board/clock_config.o
 .debug_info    0x0000a575      0x61a ./board/pin_mux.o

.debug_abbrev   0x00000000     0x203f
 .debug_abbrev  0x00000000       0x81 ./utilities/fsl_assert.o
 .debug_abbrev  0x00000081      0x16c ./utilities/fsl_debug_console.o
 .debug_abbrev  0x000001ed      0x1af ./utilities/fsl_io.o
 .debug_abbrev  0x0000039c      0x158 ./utilities/fsl_log.o
 .debug_abbrev  0x000004f4      0x17d ./utilities/fsl_str.o
 .debug_abbrev  0x00000671       0x14 ./startup/startup_MKL03Z4.o
 .debug_abbrev  0x00000685      0x106 ./startup/system_MKL03Z4.o
 .debug_abbrev  0x0000078b      0x11e ./source/clock_mcglite.o
 .debug_abbrev  0x000008a9      0x2e4 ./source/power_mode_switch.o
 .debug_abbrev  0x00000b8d      0x209 ./drivers/fsl_adc16.o
 .debug_abbrev  0x00000d96      0x280 ./drivers/fsl_clock.o
 .debug_abbrev  0x00001016      0x220 ./drivers/fsl_flash.o
 .debug_abbrev  0x00001236      0x1e7 ./drivers/fsl_gpio.o
 .debug_abbrev  0x0000141d      0x193 ./drivers/fsl_llwu.o
 .debug_abbrev  0x000015b0      0x165 ./drivers/fsl_lptmr.o
 .debug_abbrev  0x00001715      0x27d ./drivers/fsl_lpuart.o
 .debug_abbrev  0x00001992       0xe7 ./drivers/fsl_pmc.o
 .debug_abbrev  0x00001a79      0x290 ./drivers/fsl_smc.o
 .debug_abbrev  0x00001d09      0x184 ./board/clock_config.o
 .debug_abbrev  0x00001e8d      0x1b2 ./board/pin_mux.o

.debug_aranges  0x00000000      0x8f0
 .debug_aranges
                0x00000000       0x20 ./utilities/fsl_assert.o
 .debug_aranges
                0x00000020       0x68 ./utilities/fsl_debug_console.o
 .debug_aranges
                0x00000088       0x48 ./utilities/fsl_io.o
 .debug_aranges
                0x000000d0       0x58 ./utilities/fsl_log.o
 .debug_aranges
                0x00000128       0x38 ./utilities/fsl_str.o
 .debug_aranges
                0x00000160       0x20 ./startup/startup_MKL03Z4.o
 .debug_aranges
                0x00000180       0x28 ./startup/system_MKL03Z4.o
 .debug_aranges
                0x000001a8       0x30 ./source/clock_mcglite.o
 .debug_aranges
                0x000001d8      0x170 ./source/power_mode_switch.o
 .debug_aranges
                0x00000348       0x88 ./drivers/fsl_adc16.o
 .debug_aranges
                0x000003d0       0xb0 ./drivers/fsl_clock.o
 .debug_aranges
                0x00000480      0x128 ./drivers/fsl_flash.o
 .debug_aranges
                0x000005a8       0x78 ./drivers/fsl_gpio.o
 .debug_aranges
                0x00000620       0x48 ./drivers/fsl_llwu.o
 .debug_aranges
                0x00000668       0x48 ./drivers/fsl_lptmr.o
 .debug_aranges
                0x000006b0      0x118 ./drivers/fsl_lpuart.o
 .debug_aranges
                0x000007c8       0x30 ./drivers/fsl_pmc.o
 .debug_aranges
                0x000007f8       0x80 ./drivers/fsl_smc.o
 .debug_aranges
                0x00000878       0x40 ./board/clock_config.o
 .debug_aranges
                0x000008b8       0x38 ./board/pin_mux.o

.debug_ranges   0x00000000      0x7a0
 .debug_ranges  0x00000000       0x10 ./utilities/fsl_assert.o
 .debug_ranges  0x00000010       0x58 ./utilities/fsl_debug_console.o
 .debug_ranges  0x00000068       0x38 ./utilities/fsl_io.o
 .debug_ranges  0x000000a0       0x48 ./utilities/fsl_log.o
 .debug_ranges  0x000000e8       0x28 ./utilities/fsl_str.o
 .debug_ranges  0x00000110       0x18 ./startup/system_MKL03Z4.o
 .debug_ranges  0x00000128       0x20 ./source/clock_mcglite.o
 .debug_ranges  0x00000148      0x160 ./source/power_mode_switch.o
 .debug_ranges  0x000002a8       0x78 ./drivers/fsl_adc16.o
 .debug_ranges  0x00000320       0xa0 ./drivers/fsl_clock.o
 .debug_ranges  0x000003c0      0x118 ./drivers/fsl_flash.o
 .debug_ranges  0x000004d8       0x68 ./drivers/fsl_gpio.o
 .debug_ranges  0x00000540       0x38 ./drivers/fsl_llwu.o
 .debug_ranges  0x00000578       0x38 ./drivers/fsl_lptmr.o
 .debug_ranges  0x000005b0      0x108 ./drivers/fsl_lpuart.o
 .debug_ranges  0x000006b8       0x20 ./drivers/fsl_pmc.o
 .debug_ranges  0x000006d8       0x70 ./drivers/fsl_smc.o
 .debug_ranges  0x00000748       0x30 ./board/clock_config.o
 .debug_ranges  0x00000778       0x28 ./board/pin_mux.o

.debug_line     0x00000000     0x3c5c
 .debug_line    0x00000000      0x1ae ./utilities/fsl_assert.o
 .debug_line    0x000001ae      0x25a ./utilities/fsl_debug_console.o
 .debug_line    0x00000408      0x261 ./utilities/fsl_io.o
 .debug_line    0x00000669      0x27a ./utilities/fsl_log.o
 .debug_line    0x000008e3      0x41e ./utilities/fsl_str.o
 .debug_line    0x00000d01      0x114 ./startup/startup_MKL03Z4.o
 .debug_line    0x00000e15      0x13e ./startup/system_MKL03Z4.o
 .debug_line    0x00000f53      0x1ce ./source/clock_mcglite.o
 .debug_line    0x00001121      0x73b ./source/power_mode_switch.o
 .debug_line    0x0000185c      0x31f ./drivers/fsl_adc16.o
 .debug_line    0x00001b7b      0x399 ./drivers/fsl_clock.o
 .debug_line    0x00001f14      0x65e ./drivers/fsl_flash.o
 .debug_line    0x00002572      0x291 ./drivers/fsl_gpio.o
 .debug_line    0x00002803      0x207 ./drivers/fsl_llwu.o
 .debug_line    0x00002a0a      0x20f ./drivers/fsl_lptmr.o
 .debug_line    0x00002c19      0x702 ./drivers/fsl_lpuart.o
 .debug_line    0x0000331b      0x18e ./drivers/fsl_pmc.o
 .debug_line    0x000034a9      0x3a6 ./drivers/fsl_smc.o
 .debug_line    0x0000384f      0x215 ./board/clock_config.o
 .debug_line    0x00003a64      0x1f8 ./board/pin_mux.o

.debug_str      0x00000000     0x65b7
 .debug_str     0x00000000      0x2b5 ./utilities/fsl_assert.o
                                0x2f8 (size before relaxing)
 .debug_str     0x000002b5      0x257 ./utilities/fsl_debug_console.o
                                0x4c7 (size before relaxing)
 .debug_str     0x0000050c      0xac4 ./utilities/fsl_io.o
                                0xe06 (size before relaxing)
 .debug_str     0x00000fd0       0xf4 ./utilities/fsl_log.o
                                0x449 (size before relaxing)
 .debug_str     0x000010c4      0x237 ./utilities/fsl_str.o
                                0x4d6 (size before relaxing)
 .debug_str     0x000012fb      0x1bd ./startup/system_MKL03Z4.o
                                0x3f4 (size before relaxing)
 .debug_str     0x000014b8      0x364 ./source/clock_mcglite.o
                                0x689 (size before relaxing)
 .debug_str     0x0000181c     0x1ab6 ./source/power_mode_switch.o
                               0x2610 (size before relaxing)
 .debug_str     0x000032d2      0x3be ./drivers/fsl_adc16.o
                               0x1260 (size before relaxing)
 .debug_str     0x00003690      0x35e ./drivers/fsl_clock.o
                                0xf9f (size before relaxing)
 .debug_str     0x000039ee     0x1569 ./drivers/fsl_flash.o
                               0x1e98 (size before relaxing)
 .debug_str     0x00004f57      0x138 ./drivers/fsl_gpio.o
                                0xa49 (size before relaxing)
 .debug_str     0x0000508f      0x23b ./drivers/fsl_llwu.o
                                0x535 (size before relaxing)
 .debug_str     0x000052ca       0xde ./drivers/fsl_lptmr.o
                                0xdc9 (size before relaxing)
 .debug_str     0x000053a8      0x8f6 ./drivers/fsl_lpuart.o
                               0x1993 (size before relaxing)
 .debug_str     0x00005c9e      0x293 ./drivers/fsl_pmc.o
                                0x562 (size before relaxing)
 .debug_str     0x00005f31      0x307 ./drivers/fsl_smc.o
                                0xd54 (size before relaxing)
 .debug_str     0x00006238      0x153 ./board/clock_config.o
                                0xe78 (size before relaxing)
 .debug_str     0x0000638b      0x22c ./board/pin_mux.o
                                0x795 (size before relaxing)

.comment        0x00000000       0x70
 .comment       0x00000000       0x70 ./utilities/fsl_assert.o
                                 0x71 (size before relaxing)
 .comment       0x00000000       0x71 ./utilities/fsl_debug_console.o
 .comment       0x00000000       0x71 ./utilities/fsl_io.o
 .comment       0x00000000       0x71 ./utilities/fsl_log.o
 .comment       0x00000000       0x71 ./utilities/fsl_str.o
 .comment       0x00000000       0x71 ./startup/system_MKL03Z4.o
 .comment       0x00000000       0x71 ./source/clock_mcglite.o
 .comment       0x00000000       0x71 ./source/power_mode_switch.o
 .comment       0x00000000       0x71 ./drivers/fsl_adc16.o
 .comment       0x00000000       0x71 ./drivers/fsl_clock.o
 .comment       0x00000000       0x71 ./drivers/fsl_flash.o
 .comment       0x00000000       0x71 ./drivers/fsl_gpio.o
 .comment       0x00000000       0x71 ./drivers/fsl_llwu.o
 .comment       0x00000000       0x71 ./drivers/fsl_lptmr.o
 .comment       0x00000000       0x71 ./drivers/fsl_lpuart.o
 .comment       0x00000000       0x71 ./drivers/fsl_pmc.o
 .comment       0x00000000       0x71 ./drivers/fsl_smc.o
 .comment       0x00000000       0x71 ./board/clock_config.o
 .comment       0x00000000       0x71 ./board/pin_mux.o

.debug_frame    0x00000000     0x1e10
 .debug_frame   0x00000000       0x30 ./utilities/fsl_assert.o
 .debug_frame   0x00000030      0x14c ./utilities/fsl_debug_console.o
 .debug_frame   0x0000017c       0xc8 ./utilities/fsl_io.o
 .debug_frame   0x00000244      0x108 ./utilities/fsl_log.o
 .debug_frame   0x0000034c       0x94 ./utilities/fsl_str.o
 .debug_frame   0x000003e0       0x4c ./startup/system_MKL03Z4.o
 .debug_frame   0x0000042c       0x6c ./source/clock_mcglite.o
 .debug_frame   0x00000498      0x55c ./source/power_mode_switch.o
 .debug_frame   0x000009f4      0x1d0 ./drivers/fsl_adc16.o
 .debug_frame   0x00000bc4      0x258 ./drivers/fsl_clock.o
 .debug_frame   0x00000e1c      0x450 ./drivers/fsl_flash.o
 .debug_frame   0x0000126c      0x190 ./drivers/fsl_gpio.o
 .debug_frame   0x000013fc       0xd0 ./drivers/fsl_llwu.o
 .debug_frame   0x000014cc       0xd0 ./drivers/fsl_lptmr.o
 .debug_frame   0x0000159c      0x40c ./drivers/fsl_lpuart.o
 .debug_frame   0x000019a8       0x70 ./drivers/fsl_pmc.o
 .debug_frame   0x00001a18      0x1a8 ./drivers/fsl_smc.o
 .debug_frame   0x00001bc0       0xa4 ./board/clock_config.o
 .debug_frame   0x00001c64       0x90 ./board/pin_mux.o
 .debug_frame   0x00001cf4       0x28 f:/other_software/kinetisdesignstudio/toolchain/bin/../lib/gcc/arm-none-eabi/4.8.4/../../../../arm-none-eabi/lib/armv6-m\libg_s.a(lib_a-exit.o)
 .debug_frame   0x00001d1c       0x2c f:/other_software/kinetisdesignstudio/toolchain/bin/../lib/gcc/arm-none-eabi/4.8.4/../../../../arm-none-eabi/lib/armv6-m\libg_s.a(lib_a-init.o)
 .debug_frame   0x00001d48       0x28 f:/other_software/kinetisdesignstudio/toolchain/bin/../lib/gcc/arm-none-eabi/4.8.4/../../../../arm-none-eabi/lib/armv6-m\libg_s.a(lib_a-memcpy-stub.o)
 .debug_frame   0x00001d70       0x20 f:/other_software/kinetisdesignstudio/toolchain/bin/../lib/gcc/arm-none-eabi/4.8.4/../../../../arm-none-eabi/lib/armv6-m\libg_s.a(lib_a-memset.o)
 .debug_frame   0x00001d90       0x20 f:/other_software/kinetisdesignstudio/toolchain/bin/../lib/gcc/arm-none-eabi/4.8.4/../../../../arm-none-eabi/lib/armv6-m\libg_s.a(lib_a-strlen.o)
 .debug_frame   0x00001db0       0x20 f:/other_software/kinetisdesignstudio/toolchain/bin/../lib/gcc/arm-none-eabi/4.8.4/armv6-m\libgcc.a(_udivsi3.o)
 .debug_frame   0x00001dd0       0x20 f:/other_software/kinetisdesignstudio/toolchain/bin/../lib/gcc/arm-none-eabi/4.8.4/armv6-m\libgcc.a(_divsi3.o)
 .debug_frame   0x00001df0       0x20 f:/other_software/kinetisdesignstudio/toolchain/bin/../lib/gcc/arm-none-eabi/4.8.4/../../../../arm-none-eabi/lib/armv6-m\libnosys.a(_exit.o)
