Archive member included because of file (symbol)

f:/other_software/kinetisdesignstudio/toolchain/bin/../lib/gcc/arm-none-eabi/4.8.4/../../../../arm-none-eabi/lib/armv6-m\libg_s.a(lib_a-exit.o)
                              f:/other_software/kinetisdesignstudio/toolchain/bin/../lib/gcc/arm-none-eabi/4.8.4/../../../../arm-none-eabi/lib/armv6-m/crt0.o (exit)
f:/other_software/kinetisdesignstudio/toolchain/bin/../lib/gcc/arm-none-eabi/4.8.4/../../../../arm-none-eabi/lib/armv6-m\libg_s.a(lib_a-impure.o)
                              f:/other_software/kinetisdesignstudio/toolchain/bin/../lib/gcc/arm-none-eabi/4.8.4/../../../../arm-none-eabi/lib/armv6-m\libg_s.a(lib_a-exit.o) (_global_impure_ptr)
f:/other_software/kinetisdesignstudio/toolchain/bin/../lib/gcc/arm-none-eabi/4.8.4/../../../../arm-none-eabi/lib/armv6-m\libg_s.a(lib_a-init.o)
                              f:/other_software/kinetisdesignstudio/toolchain/bin/../lib/gcc/arm-none-eabi/4.8.4/../../../../arm-none-eabi/lib/armv6-m/crt0.o (__libc_init_array)
f:/other_software/kinetisdesignstudio/toolchain/bin/../lib/gcc/arm-none-eabi/4.8.4/../../../../arm-none-eabi/lib/armv6-m\libg_s.a(lib_a-memcpy-stub.o)
                              ./source/clock_mcglite.o (memcpy)
f:/other_software/kinetisdesignstudio/toolchain/bin/../lib/gcc/arm-none-eabi/4.8.4/../../../../arm-none-eabi/lib/armv6-m\libg_s.a(lib_a-memset.o)
                              f:/other_software/kinetisdesignstudio/toolchain/bin/../lib/gcc/arm-none-eabi/4.8.4/../../../../arm-none-eabi/lib/armv6-m/crt0.o (memset)
f:/other_software/kinetisdesignstudio/toolchain/bin/../lib/gcc/arm-none-eabi/4.8.4/../../../../arm-none-eabi/lib/armv6-m\libg_s.a(lib_a-strlen.o)
                              ./utilities/fsl_str.o (strlen)
f:/other_software/kinetisdesignstudio/toolchain/bin/../lib/gcc/arm-none-eabi/4.8.4/armv6-m\libgcc.a(_udivsi3.o)
                              ./utilities/fsl_str.o (__aeabi_uidiv)
f:/other_software/kinetisdesignstudio/toolchain/bin/../lib/gcc/arm-none-eabi/4.8.4/armv6-m\libgcc.a(_divsi3.o)
                              ./utilities/fsl_str.o (__aeabi_idiv)
f:/other_software/kinetisdesignstudio/toolchain/bin/../lib/gcc/arm-none-eabi/4.8.4/armv6-m\libgcc.a(_dvmd_tls.o)
                              f:/other_software/kinetisdesignstudio/toolchain/bin/../lib/gcc/arm-none-eabi/4.8.4/armv6-m\libgcc.a(_udivsi3.o) (__aeabi_idiv0)
f:/other_software/kinetisdesignstudio/toolchain/bin/../lib/gcc/arm-none-eabi/4.8.4/../../../../arm-none-eabi/lib/armv6-m\libnosys.a(_exit.o)
                              f:/other_software/kinetisdesignstudio/toolchain/bin/../lib/gcc/arm-none-eabi/4.8.4/../../../../arm-none-eabi/lib/armv6-m\libg_s.a(lib_a-exit.o) (_exit)

Discarded input sections

 .text          0x00000000        0x0 f:/other_software/kinetisdesignstudio/toolchain/bin/../lib/gcc/arm-none-eabi/4.8.4/armv6-m/crti.o
 .data          0x00000000        0x0 f:/other_software/kinetisdesignstudio/toolchain/bin/../lib/gcc/arm-none-eabi/4.8.4/armv6-m/crti.o
 .bss           0x00000000        0x0 f:/other_software/kinetisdesignstudio/toolchain/bin/../lib/gcc/arm-none-eabi/4.8.4/armv6-m/crti.o
 .data          0x00000000        0x4 f:/other_software/kinetisdesignstudio/toolchain/bin/../lib/gcc/arm-none-eabi/4.8.4/armv6-m/crtbegin.o
 .data          0x00000000        0x0 f:/other_software/kinetisdesignstudio/toolchain/bin/../lib/gcc/arm-none-eabi/4.8.4/../../../../arm-none-eabi/lib/armv6-m/crt0.o
 .bss           0x00000000        0x0 f:/other_software/kinetisdesignstudio/toolchain/bin/../lib/gcc/arm-none-eabi/4.8.4/../../../../arm-none-eabi/lib/armv6-m/crt0.o
 .ARM.extab     0x00000000        0x0 f:/other_software/kinetisdesignstudio/toolchain/bin/../lib/gcc/arm-none-eabi/4.8.4/../../../../arm-none-eabi/lib/armv6-m/crt0.o
 .text          0x00000000        0x0 ./utilities/fsl_assert.o
 .data          0x00000000        0x0 ./utilities/fsl_assert.o
 .bss           0x00000000        0x0 ./utilities/fsl_assert.o
 .text          0x00000000        0x0 ./utilities/fsl_debug_console.o
 .data          0x00000000        0x0 ./utilities/fsl_debug_console.o
 .bss           0x00000000        0x0 ./utilities/fsl_debug_console.o
 .text.DbgConsole_Flush
                0x00000000       0x10 ./utilities/fsl_debug_console.o
 .text.DbgConsole_Putchar
                0x00000000       0x1c ./utilities/fsl_debug_console.o
 .text.DbgConsole_Scanf
                0x00000000       0x58 ./utilities/fsl_debug_console.o
 .text._write   0x00000000       0x40 ./utilities/fsl_debug_console.o
 .text._read    0x00000000       0x30 ./utilities/fsl_debug_console.o
 .text          0x00000000        0x0 ./utilities/fsl_io.o
 .data          0x00000000        0x0 ./utilities/fsl_io.o
 .bss           0x00000000        0x0 ./utilities/fsl_io.o
 .text.IO_WaitIdle
                0x00000000       0x34 ./utilities/fsl_io.o
 .text          0x00000000        0x0 ./utilities/fsl_log.o
 .data          0x00000000        0x0 ./utilities/fsl_log.o
 .bss           0x00000000        0x0 ./utilities/fsl_log.o
 .text.LOG_WaitIdle
                0x00000000       0x10 ./utilities/fsl_log.o
 .text.LOG_ReadLine
                0x00000000       0xb8 ./utilities/fsl_log.o
 .rodata.__func__.4883
                0x00000000       0x10 ./utilities/fsl_log.o
 .text          0x00000000        0x0 ./utilities/fsl_str.o
 .data          0x00000000        0x0 ./utilities/fsl_str.o
 .bss           0x00000000        0x0 ./utilities/fsl_str.o
 .text.ScanIgnoreWhiteSpace
                0x00000000       0x8c ./utilities/fsl_str.o
 .text.StrFormatScanf
                0x00000000      0x550 ./utilities/fsl_str.o
 .rodata.StrFormatScanf
                0x00000000      0x124 ./utilities/fsl_str.o
 .data          0x00000000        0x0 ./startup/startup_MKL03Z4.o
 .bss           0x00000000        0x0 ./startup/startup_MKL03Z4.o
 .text          0x00000000        0x0 ./startup/system_MKL03Z4.o
 .data          0x00000000        0x0 ./startup/system_MKL03Z4.o
 .bss           0x00000000        0x0 ./startup/system_MKL03Z4.o
 .text.SystemCoreClockUpdate
                0x00000000       0xa4 ./startup/system_MKL03Z4.o
 .text          0x00000000        0x0 ./source/clock_mcglite.o
 .data          0x00000000        0x0 ./source/clock_mcglite.o
 .bss           0x00000000        0x0 ./source/clock_mcglite.o
 .text          0x00000000        0x0 ./source/power_mode_switch.o
 .data          0x00000000        0x0 ./source/power_mode_switch.o
 .bss           0x00000000        0x0 ./source/power_mode_switch.o
 .text          0x00000000        0x0 ./drivers/fsl_clock.o
 .data          0x00000000        0x0 ./drivers/fsl_clock.o
 .bss           0x00000000        0x0 ./drivers/fsl_clock.o
 .text.OSC_SetExtRefClkConfig
                0x00000000       0x48 ./drivers/fsl_clock.o
 .text.OSC_SetCapLoad
                0x00000000       0x4c ./drivers/fsl_clock.o
 .text.CLOCK_GetPlatClkFreq
                0x00000000       0x2c ./drivers/fsl_clock.o
 .text.CLOCK_GetFlashClkFreq
                0x00000000       0x50 ./drivers/fsl_clock.o
 .text.CLOCK_GetBusClkFreq
                0x00000000       0x50 ./drivers/fsl_clock.o
 .text.CLOCK_GetCoreSysClkFreq
                0x00000000       0x2c ./drivers/fsl_clock.o
 .text.CLOCK_GetMode
                0x00000000       0x68 ./drivers/fsl_clock.o
 .text.CLOCK_InitOsc0
                0x00000000       0x70 ./drivers/fsl_clock.o
 .text.CLOCK_DeinitOsc0
                0x00000000       0x28 ./drivers/fsl_clock.o
 .text          0x00000000        0x0 ./drivers/fsl_common.o
 .data          0x00000000        0x0 ./drivers/fsl_common.o
 .bss           0x00000000        0x0 ./drivers/fsl_common.o
 .debug_info    0x00000000       0x9a ./drivers/fsl_common.o
 .debug_abbrev  0x00000000       0x44 ./drivers/fsl_common.o
 .debug_aranges
                0x00000000       0x18 ./drivers/fsl_common.o
 .debug_line    0x00000000       0xde ./drivers/fsl_common.o
 .debug_str     0x00000000      0x27e ./drivers/fsl_common.o
 .comment       0x00000000       0x71 ./drivers/fsl_common.o
 .ARM.attributes
                0x00000000       0x32 ./drivers/fsl_common.o
 .text          0x00000000        0x0 ./drivers/fsl_flash.o
 .data          0x00000000        0x0 ./drivers/fsl_flash.o
 .bss           0x00000000        0x0 ./drivers/fsl_flash.o
 .rodata.kFCCOBx
                0x00000000        0x4 ./drivers/fsl_flash.o
 .rodata.kFPROTL
                0x00000000        0x4 ./drivers/fsl_flash.o
 .bss.callFlashRunCommand
                0x00000000        0x4 ./drivers/fsl_flash.o
 .rodata.s_flashRunCommandFunctionCode
                0x00000000        0xc ./drivers/fsl_flash.o
 .bss.s_flashRunCommand
                0x00000000       0x40 ./drivers/fsl_flash.o
 .bss.s_flashExecuteInRamFunctionInfo
                0x00000000        0xc ./drivers/fsl_flash.o
 .rodata.kPFlashDensities
                0x00000000       0x20 ./drivers/fsl_flash.o
 .text.FLASH_Init
                0x00000000       0xc0 ./drivers/fsl_flash.o
 .text.FLASH_PrepareExecuteInRamFunctions
                0x00000000       0x3c ./drivers/fsl_flash.o
 .text.FLASH_EraseAll
                0x00000000       0x60 ./drivers/fsl_flash.o
 .text.FLASH_Erase
                0x00000000       0xec ./drivers/fsl_flash.o
 .text.FLASH_EraseAllUnsecure
                0x00000000       0x60 ./drivers/fsl_flash.o
 .text.FLASH_EraseAllExecuteOnlySegments
                0x00000000       0x60 ./drivers/fsl_flash.o
 .text.FLASH_Program
                0x00000000       0xf8 ./drivers/fsl_flash.o
 .text.FLASH_ProgramOnce
                0x00000000       0x8c ./drivers/fsl_flash.o
 .text.FLASH_ReadResource
                0x00000000      0x104 ./drivers/fsl_flash.o
 .text.FLASH_ReadOnce
                0x00000000       0x7c ./drivers/fsl_flash.o
 .text.FLASH_GetSecurityState
                0x00000000       0x70 ./drivers/fsl_flash.o
 .text.FLASH_SecurityBypass
                0x00000000       0xb0 ./drivers/fsl_flash.o
 .text.FLASH_VerifyEraseAll
                0x00000000       0x40 ./drivers/fsl_flash.o
 .text.FLASH_VerifyErase
                0x00000000      0x118 ./drivers/fsl_flash.o
 .text.FLASH_VerifyProgram
                0x00000000       0xec ./drivers/fsl_flash.o
 .text.FLASH_VerifyEraseAllExecuteOnlySegments
                0x00000000       0x40 ./drivers/fsl_flash.o
 .text.FLASH_IsProtected
                0x00000000      0x2c4 ./drivers/fsl_flash.o
 .text.FLASH_IsExecuteOnly
                0x00000000       0x48 ./drivers/fsl_flash.o
 .text.FLASH_GetProperty
                0x00000000       0xbc ./drivers/fsl_flash.o
 .rodata.FLASH_GetProperty
                0x00000000       0x28 ./drivers/fsl_flash.o
 .text.FLASH_SetProperty
                0x00000000       0x44 ./drivers/fsl_flash.o
 .text.FLASH_PflashSetProtection
                0x00000000       0x3c ./drivers/fsl_flash.o
 .text.FLASH_PflashGetProtection
                0x00000000       0x30 ./drivers/fsl_flash.o
 .text.FLASH_PflashGetPrefetchSpeculation
                0x00000000       0x5c ./drivers/fsl_flash.o
 .text.copy_flash_run_command
                0x00000000       0x30 ./drivers/fsl_flash.o
 .text.flash_command_sequence
                0x00000000       0x7c ./drivers/fsl_flash.o
 .text.flash_cache_clear
                0x00000000       0x18 ./drivers/fsl_flash.o
 .text.flash_cache_clear_process
                0x00000000       0x28 ./drivers/fsl_flash.o
 .text.flash_check_execute_in_ram_function_info
                0x00000000       0x38 ./drivers/fsl_flash.o
 .text.flash_check_range
                0x00000000       0x5c ./drivers/fsl_flash.o
 .text.flash_get_matched_operation_info
                0x00000000       0x7c ./drivers/fsl_flash.o
 .text.flash_check_user_key
                0x00000000       0x24 ./drivers/fsl_flash.o
 .text.flash_check_resource_range
                0x00000000       0x94 ./drivers/fsl_flash.o
 .text.flash_get_protection_info
                0x00000000       0x70 ./drivers/fsl_flash.o
 .text          0x00000000        0x0 ./drivers/fsl_gpio.o
 .data          0x00000000        0x0 ./drivers/fsl_gpio.o
 .bss           0x00000000        0x0 ./drivers/fsl_gpio.o
 .text.FGPIO_PinWrite
                0x00000000       0x40 ./drivers/fsl_gpio.o
 .text.FGPIO_WritePinOutput
                0x00000000       0x28 ./drivers/fsl_gpio.o
 .rodata.s_portBases
                0x00000000        0x8 ./drivers/fsl_gpio.o
 .rodata.s_gpioBases
                0x00000000        0x8 ./drivers/fsl_gpio.o
 .text.GPIO_GetInstance
                0x00000000       0x58 ./drivers/fsl_gpio.o
 .text.GPIO_PortGetInterruptFlags
                0x00000000       0x38 ./drivers/fsl_gpio.o
 .text.GPIO_PortClearInterruptFlags
                0x00000000       0x3c ./drivers/fsl_gpio.o
 .rodata.s_fgpioBases
                0x00000000        0x8 ./drivers/fsl_gpio.o
 .text.FGPIO_GetInstance
                0x00000000       0x58 ./drivers/fsl_gpio.o
 .text.FGPIO_PinInit
                0x00000000       0x78 ./drivers/fsl_gpio.o
 .text.FGPIO_PortGetInterruptFlags
                0x00000000       0x38 ./drivers/fsl_gpio.o
 .text.FGPIO_PortClearInterruptFlags
                0x00000000       0x3c ./drivers/fsl_gpio.o
 .rodata.__func__.4953
                0x00000000       0x14 ./drivers/fsl_gpio.o
 .rodata.__func__.4981
                0x00000000       0x14 ./drivers/fsl_gpio.o
 .rodata.__func__.4987
                0x00000000       0x10 ./drivers/fsl_gpio.o
 .text          0x00000000        0x0 ./drivers/fsl_llwu.o
 .data          0x00000000        0x0 ./drivers/fsl_llwu.o
 .bss           0x00000000        0x0 ./drivers/fsl_llwu.o
 .text.LLWU_SetPinFilterMode
                0x00000000       0x6c ./drivers/fsl_llwu.o
 .text.LLWU_GetPinFilterFlag
                0x00000000       0x40 ./drivers/fsl_llwu.o
 .text.LLWU_ClearPinFilterFlag
                0x00000000       0x50 ./drivers/fsl_llwu.o
 .text          0x00000000        0x0 ./drivers/fsl_lptmr.o
 .data          0x00000000        0x0 ./drivers/fsl_lptmr.o
 .bss           0x00000000        0x0 ./drivers/fsl_lptmr.o
 .text.CLOCK_DisableClock
                0x00000000       0x38 ./drivers/fsl_lptmr.o
 .rodata.s_lptmrBases
                0x00000000        0x4 ./drivers/fsl_lptmr.o
 .rodata.s_lptmrClocks
                0x00000000        0x4 ./drivers/fsl_lptmr.o
 .text.LPTMR_Deinit
                0x00000000       0x38 ./drivers/fsl_lptmr.o
 .text          0x00000000        0x0 ./drivers/fsl_lpuart.o
 .data          0x00000000        0x0 ./drivers/fsl_lpuart.o
 .bss           0x00000000        0x0 ./drivers/fsl_lpuart.o
 .text.__NVIC_EnableIRQ
                0x00000000       0x34 ./drivers/fsl_lpuart.o
 .text.EnableIRQ
                0x00000000       0x34 ./drivers/fsl_lpuart.o
 .rodata.s_lpuartBases
                0x00000000        0x4 ./drivers/fsl_lpuart.o
 .rodata.s_lpuartIRQ
                0x00000000        0x4 ./drivers/fsl_lpuart.o
 .rodata.s_lpuartClock
                0x00000000        0x4 ./drivers/fsl_lpuart.o
 .text.LPUART_TransferGetRxRingBufferLength
                0x00000000       0x70 ./drivers/fsl_lpuart.o
 .text.LPUART_TransferIsRxRingBufferFull
                0x00000000       0x64 ./drivers/fsl_lpuart.o
 .text.LPUART_WriteNonBlocking
                0x00000000       0x54 ./drivers/fsl_lpuart.o
 .text.LPUART_ReadNonBlocking
                0x00000000       0x54 ./drivers/fsl_lpuart.o
 .text.LPUART_SetBaudRate
                0x00000000      0x198 ./drivers/fsl_lpuart.o
 .text.LPUART_EnableInterrupts
                0x00000000       0x38 ./drivers/fsl_lpuart.o
 .text.LPUART_DisableInterrupts
                0x00000000       0x3c ./drivers/fsl_lpuart.o
 .text.LPUART_GetEnabledInterrupts
                0x00000000       0x34 ./drivers/fsl_lpuart.o
 .text.LPUART_TransferCreateHandle
                0x00000000       0x90 ./drivers/fsl_lpuart.o
 .text.LPUART_TransferStartRingBuffer
                0x00000000       0x78 ./drivers/fsl_lpuart.o
 .text.LPUART_TransferStopRingBuffer
                0x00000000       0x64 ./drivers/fsl_lpuart.o
 .text.LPUART_TransferSendNonBlocking
                0x00000000       0xd0 ./drivers/fsl_lpuart.o
 .text.LPUART_TransferAbortSend
                0x00000000       0x50 ./drivers/fsl_lpuart.o
 .text.LPUART_TransferGetSendCount
                0x00000000       0x70 ./drivers/fsl_lpuart.o
 .text.LPUART_TransferReceiveNonBlocking
                0x00000000      0x1dc ./drivers/fsl_lpuart.o
 .text.LPUART_TransferAbortReceive
                0x00000000       0x58 ./drivers/fsl_lpuart.o
 .text.LPUART_TransferGetReceiveCount
                0x00000000       0x70 ./drivers/fsl_lpuart.o
 .text.LPUART_TransferHandleIRQ
                0x00000000      0x31c ./drivers/fsl_lpuart.o
 .text.LPUART_TransferHandleErrorIRQ
                0x00000000       0x10 ./drivers/fsl_lpuart.o
 .rodata.__func__.5049
                0x00000000       0x28 ./drivers/fsl_lpuart.o
 .rodata.__func__.5055
                0x00000000       0x24 ./drivers/fsl_lpuart.o
 .rodata.__func__.5062
                0x00000000       0x18 ./drivers/fsl_lpuart.o
 .rodata.__func__.5072
                0x00000000       0x18 ./drivers/fsl_lpuart.o
 .rodata.__func__.5112
                0x00000000       0x14 ./drivers/fsl_lpuart.o
 .rodata.__func__.5178
                0x00000000       0x1c ./drivers/fsl_lpuart.o
 .rodata.__func__.5186
                0x00000000       0x20 ./drivers/fsl_lpuart.o
 .rodata.__func__.5191
                0x00000000       0x20 ./drivers/fsl_lpuart.o
 .rodata.__func__.5197
                0x00000000       0x20 ./drivers/fsl_lpuart.o
 .rodata.__func__.5203
                0x00000000       0x1c ./drivers/fsl_lpuart.o
 .rodata.__func__.5209
                0x00000000       0x1c ./drivers/fsl_lpuart.o
 .rodata.__func__.5216
                0x00000000       0x24 ./drivers/fsl_lpuart.o
 .rodata.__func__.5229
                0x00000000       0x1c ./drivers/fsl_lpuart.o
 .rodata.__func__.5235
                0x00000000       0x20 ./drivers/fsl_lpuart.o
 .rodata.__func__.5240
                0x00000000       0x1c ./drivers/fsl_lpuart.o
 .text          0x00000000        0x0 ./drivers/fsl_pmc.o
 .data          0x00000000        0x0 ./drivers/fsl_pmc.o
 .bss           0x00000000        0x0 ./drivers/fsl_pmc.o
 .text.PMC_ConfigureLowVoltDetect
                0x00000000       0x38 ./drivers/fsl_pmc.o
 .text.PMC_ConfigureLowVoltWarning
                0x00000000       0x2c ./drivers/fsl_pmc.o
 .text.PMC_ConfigureBandgapBuffer
                0x00000000       0x28 ./drivers/fsl_pmc.o
 .debug_info    0x00000000      0x29c ./drivers/fsl_pmc.o
 .debug_abbrev  0x00000000       0xe7 ./drivers/fsl_pmc.o
 .debug_aranges
                0x00000000       0x30 ./drivers/fsl_pmc.o
 .debug_ranges  0x00000000       0x20 ./drivers/fsl_pmc.o
 .debug_line    0x00000000      0x166 ./drivers/fsl_pmc.o
 .debug_str     0x00000000      0x512 ./drivers/fsl_pmc.o
 .comment       0x00000000       0x71 ./drivers/fsl_pmc.o
 .ARM.attributes
                0x00000000       0x32 ./drivers/fsl_pmc.o
 .debug_frame   0x00000000       0x70 ./drivers/fsl_pmc.o
 .text          0x00000000        0x0 ./drivers/fsl_rcm.o
 .data          0x00000000        0x0 ./drivers/fsl_rcm.o
 .bss           0x00000000        0x0 ./drivers/fsl_rcm.o
 .rodata        0x00000000       0x60 ./drivers/fsl_rcm.o
 .text.RCM_ConfigureResetPinFilter
                0x00000000       0x54 ./drivers/fsl_rcm.o
 .text.RCM_SetForceBootRomSource
                0x00000000       0x38 ./drivers/fsl_rcm.o
 .rodata.__func__.4867
                0x00000000       0x1c ./drivers/fsl_rcm.o
 .debug_info    0x00000000      0x28d ./drivers/fsl_rcm.o
 .debug_abbrev  0x00000000      0x13e ./drivers/fsl_rcm.o
 .debug_aranges
                0x00000000       0x28 ./drivers/fsl_rcm.o
 .debug_ranges  0x00000000       0x18 ./drivers/fsl_rcm.o
 .debug_line    0x00000000      0x158 ./drivers/fsl_rcm.o
 .debug_str     0x00000000      0x451 ./drivers/fsl_rcm.o
 .comment       0x00000000       0x71 ./drivers/fsl_rcm.o
 .ARM.attributes
                0x00000000       0x32 ./drivers/fsl_rcm.o
 .debug_frame   0x00000000       0x50 ./drivers/fsl_rcm.o
 .text          0x00000000        0x0 ./drivers/fsl_smc.o
 .data          0x00000000        0x0 ./drivers/fsl_smc.o
 .bss           0x00000000        0x0 ./drivers/fsl_smc.o
 .text          0x00000000        0x0 ./board/board.o
 .data          0x00000000        0x0 ./board/board.o
 .bss           0x00000000        0x0 ./board/board.o
 .text.CLOCK_SetLpuart0Clock
                0x00000000       0x38 ./board/board.o
 .text.BOARD_InitDebugConsole
                0x00000000       0x30 ./board/board.o
 .debug_info    0x00000000      0x32a ./board/board.o
 .debug_abbrev  0x00000000      0x106 ./board/board.o
 .debug_aranges
                0x00000000       0x28 ./board/board.o
 .debug_ranges  0x00000000       0x18 ./board/board.o
 .debug_line    0x00000000      0x17e ./board/board.o
 .debug_str     0x00000000      0x3ca ./board/board.o
 .comment       0x00000000       0x71 ./board/board.o
 .ARM.attributes
                0x00000000       0x32 ./board/board.o
 .debug_frame   0x00000000       0x50 ./board/board.o
 .text          0x00000000        0x0 ./board/clock_config.o
 .data          0x00000000        0x0 ./board/clock_config.o
 .bss           0x00000000        0x0 ./board/clock_config.o
 .text.SMC_SetPowerModeProtection
                0x00000000       0x1c ./board/clock_config.o
 .text.SMC_GetPowerModeState
                0x00000000       0x18 ./board/clock_config.o
 .rodata.oscConfig_BOARD_BootClockRUN
                0x00000000        0x8 ./board/clock_config.o
 .rodata.mcgliteConfig_BOARD_BootClockVLPR
                0x00000000        0x8 ./board/clock_config.o
 .rodata.simConfig_BOARD_BootClockVLPR
                0x00000000        0x8 ./board/clock_config.o
 .rodata.oscConfig_BOARD_BootClockVLPR
                0x00000000        0x8 ./board/clock_config.o
 .text.BOARD_BootClockVLPR
                0x00000000       0x58 ./board/clock_config.o
 .text          0x00000000        0x0 ./board/pin_mux.o
 .data          0x00000000        0x0 ./board/pin_mux.o
 .bss           0x00000000        0x0 ./board/pin_mux.o
 .text          0x00000000        0x0 f:/other_software/kinetisdesignstudio/toolchain/bin/../lib/gcc/arm-none-eabi/4.8.4/../../../../arm-none-eabi/lib/armv6-m\libg_s.a(lib_a-exit.o)
 .data          0x00000000        0x0 f:/other_software/kinetisdesignstudio/toolchain/bin/../lib/gcc/arm-none-eabi/4.8.4/../../../../arm-none-eabi/lib/armv6-m\libg_s.a(lib_a-exit.o)
 .bss           0x00000000        0x0 f:/other_software/kinetisdesignstudio/toolchain/bin/../lib/gcc/arm-none-eabi/4.8.4/../../../../arm-none-eabi/lib/armv6-m\libg_s.a(lib_a-exit.o)
 .text          0x00000000        0x0 f:/other_software/kinetisdesignstudio/toolchain/bin/../lib/gcc/arm-none-eabi/4.8.4/../../../../arm-none-eabi/lib/armv6-m\libg_s.a(lib_a-impure.o)
 .data          0x00000000        0x0 f:/other_software/kinetisdesignstudio/toolchain/bin/../lib/gcc/arm-none-eabi/4.8.4/../../../../arm-none-eabi/lib/armv6-m\libg_s.a(lib_a-impure.o)
 .bss           0x00000000        0x0 f:/other_software/kinetisdesignstudio/toolchain/bin/../lib/gcc/arm-none-eabi/4.8.4/../../../../arm-none-eabi/lib/armv6-m\libg_s.a(lib_a-impure.o)
 .data._impure_ptr
                0x00000000        0x4 f:/other_software/kinetisdesignstudio/toolchain/bin/../lib/gcc/arm-none-eabi/4.8.4/../../../../arm-none-eabi/lib/armv6-m\libg_s.a(lib_a-impure.o)
 .text          0x00000000        0x0 f:/other_software/kinetisdesignstudio/toolchain/bin/../lib/gcc/arm-none-eabi/4.8.4/../../../../arm-none-eabi/lib/armv6-m\libg_s.a(lib_a-init.o)
 .data          0x00000000        0x0 f:/other_software/kinetisdesignstudio/toolchain/bin/../lib/gcc/arm-none-eabi/4.8.4/../../../../arm-none-eabi/lib/armv6-m\libg_s.a(lib_a-init.o)
 .bss           0x00000000        0x0 f:/other_software/kinetisdesignstudio/toolchain/bin/../lib/gcc/arm-none-eabi/4.8.4/../../../../arm-none-eabi/lib/armv6-m\libg_s.a(lib_a-init.o)
 .text          0x00000000        0x0 f:/other_software/kinetisdesignstudio/toolchain/bin/../lib/gcc/arm-none-eabi/4.8.4/../../../../arm-none-eabi/lib/armv6-m\libg_s.a(lib_a-memcpy-stub.o)
 .data          0x00000000        0x0 f:/other_software/kinetisdesignstudio/toolchain/bin/../lib/gcc/arm-none-eabi/4.8.4/../../../../arm-none-eabi/lib/armv6-m\libg_s.a(lib_a-memcpy-stub.o)
 .bss           0x00000000        0x0 f:/other_software/kinetisdesignstudio/toolchain/bin/../lib/gcc/arm-none-eabi/4.8.4/../../../../arm-none-eabi/lib/armv6-m\libg_s.a(lib_a-memcpy-stub.o)
 .text          0x00000000        0x0 f:/other_software/kinetisdesignstudio/toolchain/bin/../lib/gcc/arm-none-eabi/4.8.4/../../../../arm-none-eabi/lib/armv6-m\libg_s.a(lib_a-memset.o)
 .data          0x00000000        0x0 f:/other_software/kinetisdesignstudio/toolchain/bin/../lib/gcc/arm-none-eabi/4.8.4/../../../../arm-none-eabi/lib/armv6-m\libg_s.a(lib_a-memset.o)
 .bss           0x00000000        0x0 f:/other_software/kinetisdesignstudio/toolchain/bin/../lib/gcc/arm-none-eabi/4.8.4/../../../../arm-none-eabi/lib/armv6-m\libg_s.a(lib_a-memset.o)
 .text          0x00000000        0x0 f:/other_software/kinetisdesignstudio/toolchain/bin/../lib/gcc/arm-none-eabi/4.8.4/../../../../arm-none-eabi/lib/armv6-m\libg_s.a(lib_a-strlen.o)
 .data          0x00000000        0x0 f:/other_software/kinetisdesignstudio/toolchain/bin/../lib/gcc/arm-none-eabi/4.8.4/../../../../arm-none-eabi/lib/armv6-m\libg_s.a(lib_a-strlen.o)
 .bss           0x00000000        0x0 f:/other_software/kinetisdesignstudio/toolchain/bin/../lib/gcc/arm-none-eabi/4.8.4/../../../../arm-none-eabi/lib/armv6-m\libg_s.a(lib_a-strlen.o)
 .data          0x00000000        0x0 f:/other_software/kinetisdesignstudio/toolchain/bin/../lib/gcc/arm-none-eabi/4.8.4/armv6-m\libgcc.a(_udivsi3.o)
 .bss           0x00000000        0x0 f:/other_software/kinetisdesignstudio/toolchain/bin/../lib/gcc/arm-none-eabi/4.8.4/armv6-m\libgcc.a(_udivsi3.o)
 .data          0x00000000        0x0 f:/other_software/kinetisdesignstudio/toolchain/bin/../lib/gcc/arm-none-eabi/4.8.4/armv6-m\libgcc.a(_divsi3.o)
 .bss           0x00000000        0x0 f:/other_software/kinetisdesignstudio/toolchain/bin/../lib/gcc/arm-none-eabi/4.8.4/armv6-m\libgcc.a(_divsi3.o)
 .data          0x00000000        0x0 f:/other_software/kinetisdesignstudio/toolchain/bin/../lib/gcc/arm-none-eabi/4.8.4/armv6-m\libgcc.a(_dvmd_tls.o)
 .bss           0x00000000        0x0 f:/other_software/kinetisdesignstudio/toolchain/bin/../lib/gcc/arm-none-eabi/4.8.4/armv6-m\libgcc.a(_dvmd_tls.o)
 .text          0x00000000        0x0 f:/other_software/kinetisdesignstudio/toolchain/bin/../lib/gcc/arm-none-eabi/4.8.4/../../../../arm-none-eabi/lib/armv6-m\libnosys.a(_exit.o)
 .data          0x00000000        0x0 f:/other_software/kinetisdesignstudio/toolchain/bin/../lib/gcc/arm-none-eabi/4.8.4/../../../../arm-none-eabi/lib/armv6-m\libnosys.a(_exit.o)
 .bss           0x00000000        0x0 f:/other_software/kinetisdesignstudio/toolchain/bin/../lib/gcc/arm-none-eabi/4.8.4/../../../../arm-none-eabi/lib/armv6-m\libnosys.a(_exit.o)
 .text          0x00000000        0x0 f:/other_software/kinetisdesignstudio/toolchain/bin/../lib/gcc/arm-none-eabi/4.8.4/armv6-m/crtend.o
 .data          0x00000000        0x0 f:/other_software/kinetisdesignstudio/toolchain/bin/../lib/gcc/arm-none-eabi/4.8.4/armv6-m/crtend.o
 .bss           0x00000000        0x0 f:/other_software/kinetisdesignstudio/toolchain/bin/../lib/gcc/arm-none-eabi/4.8.4/armv6-m/crtend.o
 .eh_frame      0x00000000        0x4 f:/other_software/kinetisdesignstudio/toolchain/bin/../lib/gcc/arm-none-eabi/4.8.4/armv6-m/crtend.o
 .text          0x00000000        0x0 f:/other_software/kinetisdesignstudio/toolchain/bin/../lib/gcc/arm-none-eabi/4.8.4/armv6-m/crtn.o
 .data          0x00000000        0x0 f:/other_software/kinetisdesignstudio/toolchain/bin/../lib/gcc/arm-none-eabi/4.8.4/armv6-m/crtn.o
 .bss           0x00000000        0x0 f:/other_software/kinetisdesignstudio/toolchain/bin/../lib/gcc/arm-none-eabi/4.8.4/armv6-m/crtn.o

Memory Configuration

Name             Origin             Length             Attributes
m_interrupts     0x00000000         0x00000100         xr
m_flash_config   0x00000400         0x00000010         xr
m_text           0x00000410         0x00007bf0         xr
m_data           0x1ffffe00         0x00000800         rw
*default*        0x00000000         0xffffffff

Linker script and memory map

LOAD f:/other_software/kinetisdesignstudio/toolchain/bin/../lib/gcc/arm-none-eabi/4.8.4/armv6-m/crti.o
LOAD f:/other_software/kinetisdesignstudio/toolchain/bin/../lib/gcc/arm-none-eabi/4.8.4/armv6-m/crtbegin.o
LOAD f:/other_software/kinetisdesignstudio/toolchain/bin/../lib/gcc/arm-none-eabi/4.8.4/../../../../arm-none-eabi/lib/armv6-m/crt0.o
START GROUP
LOAD ./utilities/fsl_assert.o
LOAD ./utilities/fsl_debug_console.o
LOAD ./utilities/fsl_io.o
LOAD ./utilities/fsl_log.o
LOAD ./utilities/fsl_str.o
LOAD ./startup/startup_MKL03Z4.o
LOAD ./startup/system_MKL03Z4.o
LOAD ./source/clock_mcglite.o
LOAD ./source/power_mode_switch.o
LOAD ./drivers/fsl_clock.o
LOAD ./drivers/fsl_common.o
LOAD ./drivers/fsl_flash.o
LOAD ./drivers/fsl_gpio.o
LOAD ./drivers/fsl_llwu.o
LOAD ./drivers/fsl_lptmr.o
LOAD ./drivers/fsl_lpuart.o
LOAD ./drivers/fsl_pmc.o
LOAD ./drivers/fsl_rcm.o
LOAD ./drivers/fsl_smc.o
LOAD ./board/board.o
LOAD ./board/clock_config.o
LOAD ./board/pin_mux.o
LOAD f:/other_software/kinetisdesignstudio/toolchain/bin/../lib/gcc/arm-none-eabi/4.8.4/../../../../arm-none-eabi/lib/armv6-m\libg_s.a
LOAD f:/other_software/kinetisdesignstudio/toolchain/bin/../lib/gcc/arm-none-eabi/4.8.4/armv6-m\libgcc.a
LOAD f:/other_software/kinetisdesignstudio/toolchain/bin/../lib/gcc/arm-none-eabi/4.8.4/../../../../arm-none-eabi/lib/armv6-m\libnosys.a
END GROUP
LOAD f:/other_software/kinetisdesignstudio/toolchain/bin/../lib/gcc/arm-none-eabi/4.8.4/../../../../arm-none-eabi/lib/armv6-m\libstdc++_s.a
LOAD f:/other_software/kinetisdesignstudio/toolchain/bin/../lib/gcc/arm-none-eabi/4.8.4/../../../../arm-none-eabi/lib/armv6-m\libm.a
START GROUP
LOAD f:/other_software/kinetisdesignstudio/toolchain/bin/../lib/gcc/arm-none-eabi/4.8.4/armv6-m\libgcc.a
LOAD f:/other_software/kinetisdesignstudio/toolchain/bin/../lib/gcc/arm-none-eabi/4.8.4/../../../../arm-none-eabi/lib/armv6-m\libg_s.a
LOAD f:/other_software/kinetisdesignstudio/toolchain/bin/../lib/gcc/arm-none-eabi/4.8.4/../../../../arm-none-eabi/lib/armv6-m\libc_s.a
END GROUP
START GROUP
LOAD f:/other_software/kinetisdesignstudio/toolchain/bin/../lib/gcc/arm-none-eabi/4.8.4/armv6-m\libgcc.a
LOAD f:/other_software/kinetisdesignstudio/toolchain/bin/../lib/gcc/arm-none-eabi/4.8.4/../../../../arm-none-eabi/lib/armv6-m\libc_s.a
END GROUP
LOAD f:/other_software/kinetisdesignstudio/toolchain/bin/../lib/gcc/arm-none-eabi/4.8.4/armv6-m/crtend.o
LOAD f:/other_software/kinetisdesignstudio/toolchain/bin/../lib/gcc/arm-none-eabi/4.8.4/armv6-m/crtn.o
                0x00000200                HEAP_SIZE = DEFINED (__heap_size__)?__heap_size__:0x200
                0x00000050                STACK_SIZE = DEFINED (__stack_size__)?__stack_size__:0x50

.interrupts     0x00000000       0xc0
                0x00000000                . = ALIGN (0x4)
 *(.isr_vector)
 .isr_vector    0x00000000       0xc0 ./startup/startup_MKL03Z4.o
                0x00000000                __isr_vector
                0x000000c0                . = ALIGN (0x4)

.flash_config   0x00000400       0x10
                0x00000400                . = ALIGN (0x4)
 *(.FlashConfig)
 .FlashConfig   0x00000400       0x10 ./startup/startup_MKL03Z4.o
                0x00000410                . = ALIGN (0x4)

.text           0x00000410     0x3868
                0x00000410                . = ALIGN (0x4)
 *(.text)
 .text          0x00000410       0x60 f:/other_software/kinetisdesignstudio/toolchain/bin/../lib/gcc/arm-none-eabi/4.8.4/armv6-m/crtbegin.o
 .text          0x00000470       0x78 f:/other_software/kinetisdesignstudio/toolchain/bin/../lib/gcc/arm-none-eabi/4.8.4/../../../../arm-none-eabi/lib/armv6-m/crt0.o
                0x00000470                _start
                0x00000470                _mainCRTStartup
 .text          0x000004e8       0xa8 ./startup/startup_MKL03Z4.o
                0x000004e8                Reset_Handler
                0x00000548                Reserved16_IRQHandler
                0x00000548                I2C0_DriverIRQHandler
                0x00000548                Reserved38_IRQHandler
                0x00000548                Reserved40_IRQHandler
                0x00000548                FTFA_IRQHandler
                0x00000548                PORTA_IRQHandler
                0x00000548                Reserved19_IRQHandler
                0x00000548                Reserved29_IRQHandler
                0x00000548                TPM0_IRQHandler
                0x00000548                Reserved42_IRQHandler
                0x00000548                ADC0_IRQHandler
                0x00000548                Reserved39_IRQHandler
                0x00000548                DefaultISR
                0x00000548                Reserved25_IRQHandler
                0x00000548                Reserved43_IRQHandler
                0x00000548                RTC_IRQHandler
                0x00000548                Reserved18_IRQHandler
                0x00000548                Reserved27_IRQHandler
                0x00000548                RTC_Seconds_IRQHandler
                0x00000548                Reserved35_IRQHandler
                0x00000548                Reserved20_IRQHandler
                0x00000548                Reserved17_IRQHandler
                0x00000548                Reserved41_IRQHandler
                0x00000548                TPM1_IRQHandler
                0x00000548                PMC_IRQHandler
                0x00000548                Reserved45_IRQHandler
                0x00000548                Reserved30_IRQHandler
                0x00000548                SPI0_DriverIRQHandler
                0x00000548                CMP0_IRQHandler
                0x0000054c                NMI_Handler
                0x00000550                HardFault_Handler
                0x00000554                SVC_Handler
                0x00000558                PendSV_Handler
                0x0000055c                SysTick_Handler
                0x00000560                I2C0_IRQHandler
                0x00000564                SPI0_IRQHandler
                0x00000568                LPUART0_IRQHandler
 .text          0x00000590       0x9c f:/other_software/kinetisdesignstudio/toolchain/bin/../lib/gcc/arm-none-eabi/4.8.4/armv6-m\libgcc.a(_udivsi3.o)
                0x00000590                __aeabi_uidiv
                0x00000590                __udivsi3
                0x00000618                __aeabi_uidivmod
 .text          0x0000062c       0xc0 f:/other_software/kinetisdesignstudio/toolchain/bin/../lib/gcc/arm-none-eabi/4.8.4/armv6-m\libgcc.a(_divsi3.o)
                0x0000062c                __divsi3
                0x0000062c                __aeabi_idiv
                0x000006d8                __aeabi_idivmod
 .text          0x000006ec        0x4 f:/other_software/kinetisdesignstudio/toolchain/bin/../lib/gcc/arm-none-eabi/4.8.4/armv6-m\libgcc.a(_dvmd_tls.o)
                0x000006ec                __aeabi_idiv0
                0x000006ec                __aeabi_ldiv0
 *(.text*)
 .text.__assert_func
                0x000006f0       0x28 ./utilities/fsl_assert.o
                0x000006f0                __assert_func
 .text.DbgConsole_Init
                0x00000718       0x4c ./utilities/fsl_debug_console.o
                0x00000718                DbgConsole_Init
 .text.DbgConsole_Deinit
                0x00000764       0x10 ./utilities/fsl_debug_console.o
                0x00000764                DbgConsole_Deinit
 .text.DbgConsole_Printf
                0x00000774       0x80 ./utilities/fsl_debug_console.o
                0x00000774                DbgConsole_Printf
 .text.DbgConsole_Getchar
                0x000007f4       0x1c ./utilities/fsl_debug_console.o
                0x000007f4                DbgConsole_Getchar
 .text.DbgConsole_RelocateLog
                0x00000810       0x64 ./utilities/fsl_debug_console.o
 .text.LPUART_EnableTx
                0x00000874       0x3c ./utilities/fsl_io.o
 .text.LPUART_EnableRx
                0x000008b0       0x3c ./utilities/fsl_io.o
 .text.IO_Init  0x000008ec       0x90 ./utilities/fsl_io.o
                0x000008ec                IO_Init
 .text.IO_Deinit
                0x0000097c       0x40 ./utilities/fsl_io.o
                0x0000097c                IO_Deinit
 .text.IO_Transfer
                0x000009bc       0x64 ./utilities/fsl_io.o
                0x000009bc                IO_Transfer
 .text.LOG_Init
                0x00000a20       0x48 ./utilities/fsl_log.o
                0x00000a20                LOG_Init
 .text.LOG_Deinit
                0x00000a68        0xc ./utilities/fsl_log.o
                0x00000a68                LOG_Deinit
 .text.LOG_Push
                0x00000a74       0x44 ./utilities/fsl_log.o
                0x00000a74                LOG_Push
 .text.LOG_Pop  0x00000ab8       0x54 ./utilities/fsl_log.o
                0x00000ab8                LOG_Pop
 .text.LOG_ReadCharacter
                0x00000b0c       0x50 ./utilities/fsl_log.o
                0x00000b0c                LOG_ReadCharacter
 .text.LOG_ReadOneCharacter
                0x00000b5c       0x28 ./utilities/fsl_log.o
 .text.ConvertRadixNumToString
                0x00000b84      0x118 ./utilities/fsl_str.o
 .text.StrFormatPrintf
                0x00000c9c      0x378 ./utilities/fsl_str.o
                0x00000c9c                StrFormatPrintf
 .text.SystemInit
                0x00001014       0x38 ./startup/system_MKL03Z4.o
                0x00001014                SystemInit
 .text.CLOCK_SetSimSafeDivs
                0x0000104c       0x1c ./source/clock_mcglite.o
 .text.APP_SetClockRunFromVlpr
                0x00001068       0x4c ./source/clock_mcglite.o
                0x00001068                APP_SetClockRunFromVlpr
 .text.APP_SetClockVlpr
                0x000010b4       0x4c ./source/clock_mcglite.o
                0x000010b4                APP_SetClockVlpr
 .text.__NVIC_EnableIRQ
                0x00001100       0x34 ./source/power_mode_switch.o
 .text.__NVIC_ClearPendingIRQ
                0x00001134       0x34 ./source/power_mode_switch.o
 .text.CLOCK_EnableClock
                0x00001168       0x34 ./source/power_mode_switch.o
 .text.CLOCK_DisableClock
                0x0000119c       0x38 ./source/power_mode_switch.o
 .text.CLOCK_SetLpuart0Clock
                0x000011d4       0x38 ./source/power_mode_switch.o
 .text.SMC_SetPowerModeProtection
                0x0000120c       0x1c ./source/power_mode_switch.o
 .text.SMC_GetPowerModeState
                0x00001228       0x18 ./source/power_mode_switch.o
 .text.RCM_GetPreviousResetSources
                0x00001240       0x24 ./source/power_mode_switch.o
 .text.LPTMR_EnableInterrupts
                0x00001264       0x2c ./source/power_mode_switch.o
 .text.LPTMR_DisableInterrupts
                0x00001290       0x30 ./source/power_mode_switch.o
 .text.LPTMR_GetEnabledInterrupts
                0x000012c0       0x18 ./source/power_mode_switch.o
 .text.LPTMR_ClearStatusFlags
                0x000012d8       0x1c ./source/power_mode_switch.o
 .text.LPTMR_SetTimerPeriod
                0x000012f4       0x3c ./source/power_mode_switch.o
 .text.LPTMR_StartTimer
                0x00001330       0x2c ./source/power_mode_switch.o
 .text.LPTMR_StopTimer
                0x0000135c       0x2c ./source/power_mode_switch.o
 .text.PORT_SetPinMux
                0x00001388       0x3c ./source/power_mode_switch.o
 .text.PORT_SetPinInterruptConfig
                0x000013c4       0x3c ./source/power_mode_switch.o
 .text.PORT_GetPinsInterruptFlags
                0x00001400       0x18 ./source/power_mode_switch.o
 .text.PORT_ClearPinsInterruptFlags
                0x00001418       0x18 ./source/power_mode_switch.o
 .text.PMC_ClearPeriphIOIsolationFlag
                0x00001430       0x20 ./source/power_mode_switch.o
 .text.APP_InitDefaultDebugConsole
                0x00001450       0x50 ./source/power_mode_switch.o
 .text.APP_InitVlprDebugConsole
                0x000014a0       0x34 ./source/power_mode_switch.o
 .text.APP_PowerPreSwitchHook
                0x000014d4       0x54 ./source/power_mode_switch.o
                0x000014d4                APP_PowerPreSwitchHook
 .text.APP_PowerPostSwitchHook
                0x00001528       0x78 ./source/power_mode_switch.o
                0x00001528                APP_PowerPostSwitchHook
 .text.LLWU_IRQHandler
                0x000015a0       0x40 ./source/power_mode_switch.o
                0x000015a0                LLWU_IRQHandler
 .text.LPTMR0_IRQHandler
                0x000015e0       0x38 ./source/power_mode_switch.o
                0x000015e0                LPTMR0_IRQHandler
 .text.PORTB_IRQHandler
                0x00001618       0x34 ./source/power_mode_switch.o
                0x00001618                PORTB_IRQHandler
 .text.APP_GetWakeupTimeout
                0x0000164c       0x84 ./source/power_mode_switch.o
 .text.APP_GetWakeupSource
                0x000016d0       0x90 ./source/power_mode_switch.o
 .text.APP_GetWakeupConfig
                0x00001760       0x90 ./source/power_mode_switch.o
                0x00001760                APP_GetWakeupConfig
 .text.APP_SetWakeupConfig
                0x000017f0       0xa0 ./source/power_mode_switch.o
                0x000017f0                APP_SetWakeupConfig
 .text.APP_ShowPowerMode
                0x00001890       0x4c ./source/power_mode_switch.o
                0x00001890                APP_ShowPowerMode
 .text.APP_CheckPowerMode
                0x000018dc       0xd4 ./source/power_mode_switch.o
                0x000018dc                APP_CheckPowerMode
 .text.APP_PowerModeSwitch
                0x000019b0      0x144 ./source/power_mode_switch.o
                0x000019b0                APP_PowerModeSwitch
 .text.main     0x00001af4      0x224 ./source/power_mode_switch.o
                0x00001af4                main
 .text.CLOCK_SetEr32kClock
                0x00001d18       0x30 ./drivers/fsl_clock.o
 .text.CLOCK_GetLircClkFreq
                0x00001d48       0x48 ./drivers/fsl_clock.o
 .text.CLOCK_GetOsc0ErClkFreq
                0x00001d90       0x4c ./drivers/fsl_clock.o
                0x00001d90                CLOCK_GetOsc0ErClkFreq
 .text.CLOCK_GetEr32kClkFreq
                0x00001ddc       0x84 ./drivers/fsl_clock.o
                0x00001ddc                CLOCK_GetEr32kClkFreq
 .text.CLOCK_GetFreq
                0x00001e60       0xc4 ./drivers/fsl_clock.o
                0x00001e60                CLOCK_GetFreq
 .text.CLOCK_SetSimConfig
                0x00001f24       0x2c ./drivers/fsl_clock.o
                0x00001f24                CLOCK_SetSimConfig
 .text.CLOCK_GetInternalRefClkFreq
                0x00001f50       0x48 ./drivers/fsl_clock.o
                0x00001f50                CLOCK_GetInternalRefClkFreq
 .text.CLOCK_GetPeriphClkFreq
                0x00001f98       0x38 ./drivers/fsl_clock.o
                0x00001f98                CLOCK_GetPeriphClkFreq
 .text.CLOCK_GetOutClkFreq
                0x00001fd0       0x8c ./drivers/fsl_clock.o
                0x00001fd0                CLOCK_GetOutClkFreq
 .text.CLOCK_SetMcgliteConfig
                0x0000205c      0x124 ./drivers/fsl_clock.o
                0x0000205c                CLOCK_SetMcgliteConfig
 .text.FLASH_PflashSetPrefetchSpeculation
                0x00002180       0x78 ./drivers/fsl_flash.o
                0x00002180                FLASH_PflashSetPrefetchSpeculation
 .text.GPIO_PinWrite
                0x000021f8       0x34 ./drivers/fsl_gpio.o
 .text.GPIO_WritePinOutput
                0x0000222c       0x28 ./drivers/fsl_gpio.o
 .text.GPIO_PinInit
                0x00002254       0x78 ./drivers/fsl_gpio.o
                0x00002254                GPIO_PinInit
 .text.LLWU_SetExternalWakeupPinMode
                0x000022cc       0xa4 ./drivers/fsl_llwu.o
                0x000022cc                LLWU_SetExternalWakeupPinMode
 .text.LLWU_GetExternalWakeupPinFlag
                0x00002370       0x4c ./drivers/fsl_llwu.o
                0x00002370                LLWU_GetExternalWakeupPinFlag
 .text.LLWU_ClearExternalWakeupPinFlag
                0x000023bc       0x40 ./drivers/fsl_llwu.o
                0x000023bc                LLWU_ClearExternalWakeupPinFlag
 .text.CLOCK_EnableClock
                0x000023fc       0x34 ./drivers/fsl_lptmr.o
 .text.LPTMR_GetInstance
                0x00002430       0x54 ./drivers/fsl_lptmr.o
 .text.LPTMR_Init
                0x00002484       0xa0 ./drivers/fsl_lptmr.o
                0x00002484                LPTMR_Init
 .text.LPTMR_GetDefaultConfig
                0x00002524       0x58 ./drivers/fsl_lptmr.o
                0x00002524                LPTMR_GetDefaultConfig
 .text.CLOCK_EnableClock
                0x0000257c       0x34 ./drivers/fsl_lpuart.o
 .text.CLOCK_DisableClock
                0x000025b0       0x38 ./drivers/fsl_lpuart.o
 .text.LPUART_GetInstance
                0x000025e8       0x54 ./drivers/fsl_lpuart.o
                0x000025e8                LPUART_GetInstance
 .text.LPUART_Init
                0x0000263c      0x2bc ./drivers/fsl_lpuart.o
                0x0000263c                LPUART_Init
 .text.LPUART_Deinit
                0x000028f8       0x64 ./drivers/fsl_lpuart.o
                0x000028f8                LPUART_Deinit
 .text.LPUART_GetDefaultConfig
                0x0000295c       0x68 ./drivers/fsl_lpuart.o
                0x0000295c                LPUART_GetDefaultConfig
 .text.LPUART_GetStatusFlags
                0x000029c4       0x18 ./drivers/fsl_lpuart.o
                0x000029c4                LPUART_GetStatusFlags
 .text.LPUART_ClearStatusFlags
                0x000029dc       0x88 ./drivers/fsl_lpuart.o
                0x000029dc                LPUART_ClearStatusFlags
 .text.LPUART_WriteBlocking
                0x00002a64       0x5c ./drivers/fsl_lpuart.o
                0x00002a64                LPUART_WriteBlocking
 .text.LPUART_ReadBlocking
                0x00002ac0       0xec ./drivers/fsl_lpuart.o
                0x00002ac0                LPUART_ReadBlocking
 .text.LPUART0_DriverIRQHandler
                0x00002bac       0x24 ./drivers/fsl_lpuart.o
                0x00002bac                LPUART0_DriverIRQHandler
 .text.DisableGlobalIRQ
                0x00002bd0       0x1c ./drivers/fsl_smc.o
 .text.EnableGlobalIRQ
                0x00002bec       0x18 ./drivers/fsl_smc.o
 .text.SMC_PreEnterStopModes
                0x00002c04       0x40 ./drivers/fsl_smc.o
                0x00002c04                SMC_PreEnterStopModes
 .text.SMC_PostExitStopModes
                0x00002c44       0x34 ./drivers/fsl_smc.o
                0x00002c44                SMC_PostExitStopModes
 .text.SMC_PreEnterWaitModes
                0x00002c78       0x1c ./drivers/fsl_smc.o
                0x00002c78                SMC_PreEnterWaitModes
 .text.SMC_PostExitWaitModes
                0x00002c94       0x1c ./drivers/fsl_smc.o
                0x00002c94                SMC_PostExitWaitModes
 .text.SMC_SetPowerModeRun
                0x00002cb0       0x44 ./drivers/fsl_smc.o
                0x00002cb0                SMC_SetPowerModeRun
 .text.SMC_SetPowerModeWait
                0x00002cf4       0x2c ./drivers/fsl_smc.o
                0x00002cf4                SMC_SetPowerModeWait
 .text.SMC_SetPowerModeStop
                0x00002d20       0xb8 ./drivers/fsl_smc.o
                0x00002d20                SMC_SetPowerModeStop
 .text.SMC_SetPowerModeVlpr
                0x00002dd8       0x48 ./drivers/fsl_smc.o
                0x00002dd8                SMC_SetPowerModeVlpr
 .text.SMC_SetPowerModeVlpw
                0x00002e20       0x2c ./drivers/fsl_smc.o
                0x00002e20                SMC_SetPowerModeVlpw
 .text.SMC_SetPowerModeVlps
                0x00002e4c       0x7c ./drivers/fsl_smc.o
                0x00002e4c                SMC_SetPowerModeVlps
 .text.SMC_SetPowerModeVlls
                0x00002ec8      0x110 ./drivers/fsl_smc.o
                0x00002ec8                SMC_SetPowerModeVlls
 .text.CLOCK_SetSimSafeDivs
                0x00002fd8       0x1c ./board/clock_config.o
 .text.BOARD_BootClockRUN
                0x00002ff4       0x34 ./board/clock_config.o
                0x00002ff4                BOARD_BootClockRUN
 .text.CLOCK_EnableClock
                0x00003028       0x34 ./board/pin_mux.o
 .text.PORT_SetPinConfig
                0x0000305c       0x44 ./board/pin_mux.o
 .text.PORT_SetPinMux
                0x000030a0       0x3c ./board/pin_mux.o
 .text.BOARD_InitPins
                0x000030dc       0x9c ./board/pin_mux.o
                0x000030dc                BOARD_InitPins
 .text.exit     0x00003178       0x2c f:/other_software/kinetisdesignstudio/toolchain/bin/../lib/gcc/arm-none-eabi/4.8.4/../../../../arm-none-eabi/lib/armv6-m\libg_s.a(lib_a-exit.o)
                0x00003178                exit
 .text.__libc_init_array
                0x000031a4       0x4c f:/other_software/kinetisdesignstudio/toolchain/bin/../lib/gcc/arm-none-eabi/4.8.4/../../../../arm-none-eabi/lib/armv6-m\libg_s.a(lib_a-init.o)
                0x000031a4                __libc_init_array
 .text.memcpy   0x000031f0       0x12 f:/other_software/kinetisdesignstudio/toolchain/bin/../lib/gcc/arm-none-eabi/4.8.4/../../../../arm-none-eabi/lib/armv6-m\libg_s.a(lib_a-memcpy-stub.o)
                0x000031f0                memcpy
 .text.memset   0x00003202       0x10 f:/other_software/kinetisdesignstudio/toolchain/bin/../lib/gcc/arm-none-eabi/4.8.4/../../../../arm-none-eabi/lib/armv6-m\libg_s.a(lib_a-memset.o)
                0x00003202                memset
 .text.strlen   0x00003212        0xe f:/other_software/kinetisdesignstudio/toolchain/bin/../lib/gcc/arm-none-eabi/4.8.4/../../../../arm-none-eabi/lib/armv6-m\libg_s.a(lib_a-strlen.o)
                0x00003212                strlen
 .text._exit    0x00003220        0x4 f:/other_software/kinetisdesignstudio/toolchain/bin/../lib/gcc/arm-none-eabi/4.8.4/../../../../arm-none-eabi/lib/armv6-m\libnosys.a(_exit.o)
                0x00003220                _exit
 *(.rodata)
 .rodata        0x00003224       0x40 ./utilities/fsl_assert.o
 .rodata        0x00003264       0x90 ./utilities/fsl_debug_console.o
 .rodata        0x000032f4       0x68 ./utilities/fsl_io.o
 .rodata        0x0000335c       0x78 ./utilities/fsl_log.o
 .rodata        0x000033d4       0x10 ./source/clock_mcglite.o
 .rodata        0x000033e4      0x3a0 ./source/power_mode_switch.o
 .rodata        0x00003784       0x88 ./drivers/fsl_clock.o
 .rodata        0x0000380c       0xac ./drivers/fsl_gpio.o
 .rodata        0x000038b8       0x88 ./drivers/fsl_lptmr.o
 .rodata        0x00003940       0xfc ./drivers/fsl_lpuart.o
 .rodata        0x00003a3c        0x4 ./drivers/fsl_smc.o
 .rodata        0x00003a40       0x40 ./board/pin_mux.o
 *(.rodata*)
 .rodata.__func__.5281
                0x00003a80       0x10 ./utilities/fsl_debug_console.o
 .rodata.__func__.5039
                0x00003a90        0x8 ./utilities/fsl_io.o
 .rodata.__func__.4873
                0x00003a98        0xc ./utilities/fsl_log.o
 .rodata.__func__.4891
                0x00003aa4       0x14 ./utilities/fsl_log.o
 .rodata.APP_PowerModeSwitch
                0x00003ab8       0x24 ./source/power_mode_switch.o
 .rodata.__func__.5057
                0x00003adc       0x18 ./source/power_mode_switch.o
 .rodata.CLOCK_GetFreq
                0x00003af4       0x30 ./drivers/fsl_clock.o
 .rodata.lircFreqs.4820
                0x00003b24        0x8 ./drivers/fsl_clock.o
 .rodata.__func__.4824
                0x00003b2c       0x18 ./drivers/fsl_clock.o
 .rodata.__func__.4832
                0x00003b44       0x18 ./drivers/fsl_clock.o
 .rodata.__func__.4884
                0x00003b5c       0x14 ./drivers/fsl_clock.o
 .rodata.__func__.4898
                0x00003b70       0x18 ./drivers/fsl_clock.o
 .rodata.__func__.4959
                0x00003b88       0x10 ./drivers/fsl_gpio.o
 .rodata.__func__.4920
                0x00003b98       0x14 ./drivers/fsl_lptmr.o
 .rodata.__func__.4925
                0x00003bac        0xc ./drivers/fsl_lptmr.o
 .rodata.__func__.4934
                0x00003bb8       0x18 ./drivers/fsl_lptmr.o
 .rodata.__func__.5044
                0x00003bd0       0x14 ./drivers/fsl_lpuart.o
 .rodata.__func__.5082
                0x00003be4        0xc ./drivers/fsl_lpuart.o
 .rodata.__func__.5106
                0x00003bf0       0x18 ./drivers/fsl_lpuart.o
 .rodata.__func__.5152
                0x00003c08       0x18 ./drivers/fsl_lpuart.o
 .rodata.__func__.5164
                0x00003c20       0x14 ./drivers/fsl_lpuart.o
 .rodata.mcgliteConfig_BOARD_BootClockRUN
                0x00003c34        0x8 ./board/clock_config.o
                0x00003c34                mcgliteConfig_BOARD_BootClockRUN
 .rodata.simConfig_BOARD_BootClockRUN
                0x00003c3c        0x8 ./board/clock_config.o
                0x00003c3c                simConfig_BOARD_BootClockRUN
 .rodata.__func__.4870
                0x00003c44       0x14 ./board/pin_mux.o
 .rodata.str1.1
                0x00003c58        0x2 f:/other_software/kinetisdesignstudio/toolchain/bin/../lib/gcc/arm-none-eabi/4.8.4/../../../../arm-none-eabi/lib/armv6-m\libg_s.a(lib_a-impure.o)
 *fill*         0x00003c5a        0x2 
 .rodata._global_impure_ptr
                0x00003c5c        0x4 f:/other_software/kinetisdesignstudio/toolchain/bin/../lib/gcc/arm-none-eabi/4.8.4/../../../../arm-none-eabi/lib/armv6-m\libg_s.a(lib_a-impure.o)
                0x00003c5c                _global_impure_ptr
 *(.glue_7)
 .glue_7        0x00000000        0x0 linker stubs
 *(.glue_7t)
 .glue_7t       0x00000000        0x0 linker stubs
 *(.eh_frame)
 .eh_frame      0x00003c60        0x0 f:/other_software/kinetisdesignstudio/toolchain/bin/../lib/gcc/arm-none-eabi/4.8.4/armv6-m/crtbegin.o
 *(.init)
 .init          0x00003c60        0x4 f:/other_software/kinetisdesignstudio/toolchain/bin/../lib/gcc/arm-none-eabi/4.8.4/armv6-m/crti.o
                0x00003c60                _init
 .init          0x00003c64        0x8 f:/other_software/kinetisdesignstudio/toolchain/bin/../lib/gcc/arm-none-eabi/4.8.4/armv6-m/crtn.o
 *(.fini)
 .fini          0x00003c6c        0x4 f:/other_software/kinetisdesignstudio/toolchain/bin/../lib/gcc/arm-none-eabi/4.8.4/armv6-m/crti.o
                0x00003c6c                _fini
 .fini          0x00003c70        0x8 f:/other_software/kinetisdesignstudio/toolchain/bin/../lib/gcc/arm-none-eabi/4.8.4/armv6-m/crtn.o
                0x00003c78                . = ALIGN (0x4)

.vfp11_veneer   0x00003c78        0x0
 .vfp11_veneer  0x00000000        0x0 linker stubs

.v4_bx          0x00003c78        0x0
 .v4_bx         0x00000000        0x0 linker stubs

.iplt           0x00003c78        0x0
 .iplt          0x00000000        0x0 f:/other_software/kinetisdesignstudio/toolchain/bin/../lib/gcc/arm-none-eabi/4.8.4/armv6-m/crtbegin.o

.ARM.extab
 *(.ARM.extab* .gnu.linkonce.armextab.*)

.ARM            0x00003c78        0x8
                0x00003c78                __exidx_start = .
 *(.ARM.exidx*)
 .ARM.exidx     0x00003c78        0x8 f:/other_software/kinetisdesignstudio/toolchain/bin/../lib/gcc/arm-none-eabi/4.8.4/../../../../arm-none-eabi/lib/armv6-m/crt0.o
                0x00003c80                __exidx_end = .

.rel.dyn        0x00003c80        0x0
 .rel.iplt      0x00000000        0x0 f:/other_software/kinetisdesignstudio/toolchain/bin/../lib/gcc/arm-none-eabi/4.8.4/armv6-m/crtbegin.o

.ctors          0x00003c80        0x0
                0x00003c80                __CTOR_LIST__ = .
 *crtbegin.o(.ctors)
 *crtbegin?.o(.ctors)
 *(EXCLUDE_FILE(*crtend.o *crtend?.o) .ctors)
 *(SORT(.ctors.*))
 *(.ctors)
                0x00003c80                __CTOR_END__ = .

.dtors          0x00003c80        0x0
                0x00003c80                __DTOR_LIST__ = .
 *crtbegin.o(.dtors)
 *crtbegin?.o(.dtors)
 *(EXCLUDE_FILE(*crtend.o *crtend?.o) .dtors)
 *(SORT(.dtors.*))
 *(.dtors)
                0x00003c80                __DTOR_END__ = .

.preinit_array  0x00003c80        0x0
                0x00003c80                PROVIDE (__preinit_array_start, .)
 *(.preinit_array*)
                0x00003c80                PROVIDE (__preinit_array_end, .)

.init_array     0x00003c80        0x4
                0x00003c80                PROVIDE (__init_array_start, .)
 *(SORT(.init_array.*))
 *(.init_array*)
 .init_array    0x00003c80        0x4 f:/other_software/kinetisdesignstudio/toolchain/bin/../lib/gcc/arm-none-eabi/4.8.4/armv6-m/crtbegin.o
                0x00003c84                PROVIDE (__init_array_end, .)

.fini_array     0x00003c84        0x4
                0x00003c84                PROVIDE (__fini_array_start, .)
 *(SORT(.fini_array.*))
 *(.fini_array*)
 .fini_array    0x00003c84        0x4 f:/other_software/kinetisdesignstudio/toolchain/bin/../lib/gcc/arm-none-eabi/4.8.4/armv6-m/crtbegin.o
                0x00003c88                PROVIDE (__fini_array_end, .)
                0x00003c88                __etext = .
                0x00003c88                __DATA_ROM = .

.mtb            0x1ffffe00        0x0
                0x1ffffe00                . = ALIGN (0x8)
                0x1ffffe00                _mtb_start = .
 *(.mtb_buf)
                0x1ffffe00                . = ALIGN (0x8)
                0x1ffffe00                _mtb_end = .

.data           0x1ffffe00       0x68 load address 0x00003c88
                0x1ffffe00                . = ALIGN (0x4)
                0x1ffffe00                __DATA_RAM = .
                0x1ffffe00                __data_start__ = .
 *(.data)
 *(.data*)
 .data.SystemCoreClock
                0x1ffffe00        0x4 ./startup/system_MKL03Z4.o
                0x1ffffe00                SystemCoreClock
 .data.impure_data
                0x1ffffe04       0x60 f:/other_software/kinetisdesignstudio/toolchain/bin/../lib/gcc/arm-none-eabi/4.8.4/../../../../arm-none-eabi/lib/armv6-m\libg_s.a(lib_a-impure.o)
 *(.jcr*)
 .jcr           0x1ffffe64        0x0 f:/other_software/kinetisdesignstudio/toolchain/bin/../lib/gcc/arm-none-eabi/4.8.4/armv6-m/crtbegin.o
 .jcr           0x1ffffe64        0x4 f:/other_software/kinetisdesignstudio/toolchain/bin/../lib/gcc/arm-none-eabi/4.8.4/armv6-m/crtend.o
                0x1ffffe68                . = ALIGN (0x4)
                0x1ffffe68                __data_end__ = .
                0x00003cf0                __DATA_END = (__DATA_ROM + (__data_end__ - __data_start__))
                0x00008000                text_end = (ORIGIN (m_text) + 0x7bf0)
                0x00000001                ASSERT ((__DATA_END <= text_end), region m_text overflowed with text and data)

.igot.plt       0x1ffffe68        0x0 load address 0x00003cf0
 .igot.plt      0x00000000        0x0 f:/other_software/kinetisdesignstudio/toolchain/bin/../lib/gcc/arm-none-eabi/4.8.4/armv6-m/crtbegin.o

.bss            0x1ffffe68       0x3c load address 0x00003cf0
                0x1ffffe68                . = ALIGN (0x4)
                0x1ffffe68                __START_BSS = .
                0x1ffffe68                __bss_start__ = .
 *(.bss)
 .bss           0x1ffffe68       0x1c f:/other_software/kinetisdesignstudio/toolchain/bin/../lib/gcc/arm-none-eabi/4.8.4/armv6-m/crtbegin.o
 *(.bss*)
 .bss.s_debugConsoleIO
                0x1ffffe84        0x8 ./utilities/fsl_io.o
 .bss.s_wakeupTimeout
                0x1ffffe8c        0x1 ./source/power_mode_switch.o
 .bss.s_wakeupSource
                0x1ffffe8d        0x1 ./source/power_mode_switch.o
 *fill*         0x1ffffe8e        0x2 
 .bss.g_xtal0Freq
                0x1ffffe90        0x4 ./drivers/fsl_clock.o
                0x1ffffe90                g_xtal0Freq
 .bss.g_xtal32Freq
                0x1ffffe94        0x4 ./drivers/fsl_clock.o
                0x1ffffe94                g_xtal32Freq
 .bss.s_lpuartHandle
                0x1ffffe98        0x4 ./drivers/fsl_lpuart.o
 .bss.s_lpuartIsr
                0x1ffffe9c        0x4 ./drivers/fsl_lpuart.o
 .bss.g_savedPrimask
                0x1ffffea0        0x4 ./drivers/fsl_smc.o
 *(COMMON)
                0x1ffffea4                . = ALIGN (0x4)
                0x1ffffea4                __bss_end__ = .
                0x1ffffea4                __END_BSS = .

.heap           0x1ffffea4      0x204 load address 0x00003d2c
                0x1ffffea8                . = ALIGN (0x8)
 *fill*         0x1ffffea4        0x4 
                0x1ffffea8                __end__ = .
                0x1ffffea8                PROVIDE (end, .)
                0x1ffffea8                __HeapBase = .
                0x200000a8                . = (. + HEAP_SIZE)
 *fill*         0x1ffffea8      0x200 
                0x200000a8                __HeapLimit = .
                0x200000a8                __heap_limit = .

.stack          0x200000a8       0x50 load address 0x00003f30
                0x200000a8                . = ALIGN (0x8)
                0x200000f8                . = (. + STACK_SIZE)
 *fill*         0x200000a8       0x50 
                0x20000600                __StackTop = (ORIGIN (m_data) + 0x800)
                0x200005b0                __StackLimit = (__StackTop - STACK_SIZE)
                0x20000600                PROVIDE (__stack, __StackTop)

.ARM.attributes
                0x00000000       0x28
 *(.ARM.attributes)
 .ARM.attributes
                0x00000000       0x1e f:/other_software/kinetisdesignstudio/toolchain/bin/../lib/gcc/arm-none-eabi/4.8.4/armv6-m/crti.o
 .ARM.attributes
                0x0000001e       0x2c f:/other_software/kinetisdesignstudio/toolchain/bin/../lib/gcc/arm-none-eabi/4.8.4/armv6-m/crtbegin.o
 .ARM.attributes
                0x0000004a       0x1b f:/other_software/kinetisdesignstudio/toolchain/bin/../lib/gcc/arm-none-eabi/4.8.4/../../../../arm-none-eabi/lib/armv6-m/crt0.o
 .ARM.attributes
                0x00000065       0x32 ./utilities/fsl_assert.o
 .ARM.attributes
                0x00000097       0x32 ./utilities/fsl_debug_console.o
 .ARM.attributes
                0x000000c9       0x32 ./utilities/fsl_io.o
 .ARM.attributes
                0x000000fb       0x32 ./utilities/fsl_log.o
 .ARM.attributes
                0x0000012d       0x32 ./utilities/fsl_str.o
 .ARM.attributes
                0x0000015f       0x1b ./startup/startup_MKL03Z4.o
 .ARM.attributes
                0x0000017a       0x32 ./startup/system_MKL03Z4.o
 .ARM.attributes
                0x000001ac       0x32 ./source/clock_mcglite.o
 .ARM.attributes
                0x000001de       0x32 ./source/power_mode_switch.o
 .ARM.attributes
                0x00000210       0x32 ./drivers/fsl_clock.o
 .ARM.attributes
                0x00000242       0x32 ./drivers/fsl_flash.o
 .ARM.attributes
                0x00000274       0x32 ./drivers/fsl_gpio.o
 .ARM.attributes
                0x000002a6       0x32 ./drivers/fsl_llwu.o
 .ARM.attributes
                0x000002d8       0x32 ./drivers/fsl_lptmr.o
 .ARM.attributes
                0x0000030a       0x32 ./drivers/fsl_lpuart.o
 .ARM.attributes
                0x0000033c       0x32 ./drivers/fsl_smc.o
 .ARM.attributes
                0x0000036e       0x32 ./board/clock_config.o
 .ARM.attributes
                0x000003a0       0x32 ./board/pin_mux.o
 .ARM.attributes
                0x000003d2       0x2c f:/other_software/kinetisdesignstudio/toolchain/bin/../lib/gcc/arm-none-eabi/4.8.4/../../../../arm-none-eabi/lib/armv6-m\libg_s.a(lib_a-exit.o)
 .ARM.attributes
                0x000003fe       0x2c f:/other_software/kinetisdesignstudio/toolchain/bin/../lib/gcc/arm-none-eabi/4.8.4/../../../../arm-none-eabi/lib/armv6-m\libg_s.a(lib_a-impure.o)
 .ARM.attributes
                0x0000042a       0x2c f:/other_software/kinetisdesignstudio/toolchain/bin/../lib/gcc/arm-none-eabi/4.8.4/../../../../arm-none-eabi/lib/armv6-m\libg_s.a(lib_a-init.o)
 .ARM.attributes
                0x00000456       0x2c f:/other_software/kinetisdesignstudio/toolchain/bin/../lib/gcc/arm-none-eabi/4.8.4/../../../../arm-none-eabi/lib/armv6-m\libg_s.a(lib_a-memcpy-stub.o)
 .ARM.attributes
                0x00000482       0x2c f:/other_software/kinetisdesignstudio/toolchain/bin/../lib/gcc/arm-none-eabi/4.8.4/../../../../arm-none-eabi/lib/armv6-m\libg_s.a(lib_a-memset.o)
 .ARM.attributes
                0x000004ae       0x2c f:/other_software/kinetisdesignstudio/toolchain/bin/../lib/gcc/arm-none-eabi/4.8.4/../../../../arm-none-eabi/lib/armv6-m\libg_s.a(lib_a-strlen.o)
 .ARM.attributes
                0x000004da       0x1e f:/other_software/kinetisdesignstudio/toolchain/bin/../lib/gcc/arm-none-eabi/4.8.4/armv6-m\libgcc.a(_udivsi3.o)
 .ARM.attributes
                0x000004f8       0x1e f:/other_software/kinetisdesignstudio/toolchain/bin/../lib/gcc/arm-none-eabi/4.8.4/armv6-m\libgcc.a(_divsi3.o)
 .ARM.attributes
                0x00000516       0x1e f:/other_software/kinetisdesignstudio/toolchain/bin/../lib/gcc/arm-none-eabi/4.8.4/armv6-m\libgcc.a(_dvmd_tls.o)
 .ARM.attributes
                0x00000534       0x2c f:/other_software/kinetisdesignstudio/toolchain/bin/../lib/gcc/arm-none-eabi/4.8.4/../../../../arm-none-eabi/lib/armv6-m\libnosys.a(_exit.o)
 .ARM.attributes
                0x00000560       0x2c f:/other_software/kinetisdesignstudio/toolchain/bin/../lib/gcc/arm-none-eabi/4.8.4/armv6-m/crtend.o
 .ARM.attributes
                0x0000058c       0x1e f:/other_software/kinetisdesignstudio/toolchain/bin/../lib/gcc/arm-none-eabi/4.8.4/armv6-m/crtn.o
                0x00000001                ASSERT ((__StackLimit >= __HeapLimit), region m_data overflowed with stack and heap)
OUTPUT(power_mode_switch_frdmkl03z.elf elf32-littlearm)

.debug_info     0x00000000     0x97ab
 .debug_info    0x00000000       0xfb ./utilities/fsl_assert.o
 .debug_info    0x000000fb      0x3eb ./utilities/fsl_debug_console.o
 .debug_info    0x000004e6      0x6c0 ./utilities/fsl_io.o
 .debug_info    0x00000ba6      0x35e ./utilities/fsl_log.o
 .debug_info    0x00000f04      0x4dd ./utilities/fsl_str.o
 .debug_info    0x000013e1       0xf1 ./startup/startup_MKL03Z4.o
 .debug_info    0x000014d2      0x3a3 ./startup/system_MKL03Z4.o
 .debug_info    0x00001875      0x460 ./source/clock_mcglite.o
 .debug_info    0x00001cd5     0x16f3 ./source/power_mode_switch.o
 .debug_info    0x000033c8      0xb7a ./drivers/fsl_clock.o
 .debug_info    0x00003f42     0x1898 ./drivers/fsl_flash.o
 .debug_info    0x000057da      0x835 ./drivers/fsl_gpio.o
 .debug_info    0x0000600f      0x38b ./drivers/fsl_llwu.o
 .debug_info    0x0000639a      0x6d1 ./drivers/fsl_lptmr.o
 .debug_info    0x00006a6b     0x1676 ./drivers/fsl_lpuart.o
 .debug_info    0x000080e1      0x8bd ./drivers/fsl_smc.o
 .debug_info    0x0000899e      0x7f3 ./board/clock_config.o
 .debug_info    0x00009191      0x61a ./board/pin_mux.o

.debug_abbrev   0x00000000     0x1d24
 .debug_abbrev  0x00000000       0x81 ./utilities/fsl_assert.o
 .debug_abbrev  0x00000081      0x16c ./utilities/fsl_debug_console.o
 .debug_abbrev  0x000001ed      0x1af ./utilities/fsl_io.o
 .debug_abbrev  0x0000039c      0x158 ./utilities/fsl_log.o
 .debug_abbrev  0x000004f4      0x17d ./utilities/fsl_str.o
 .debug_abbrev  0x00000671       0x14 ./startup/startup_MKL03Z4.o
 .debug_abbrev  0x00000685      0x106 ./startup/system_MKL03Z4.o
 .debug_abbrev  0x0000078b      0x11e ./source/clock_mcglite.o
 .debug_abbrev  0x000008a9      0x2b9 ./source/power_mode_switch.o
 .debug_abbrev  0x00000b62      0x280 ./drivers/fsl_clock.o
 .debug_abbrev  0x00000de2      0x220 ./drivers/fsl_flash.o
 .debug_abbrev  0x00001002      0x1e7 ./drivers/fsl_gpio.o
 .debug_abbrev  0x000011e9      0x193 ./drivers/fsl_llwu.o
 .debug_abbrev  0x0000137c      0x165 ./drivers/fsl_lptmr.o
 .debug_abbrev  0x000014e1      0x27d ./drivers/fsl_lpuart.o
 .debug_abbrev  0x0000175e      0x290 ./drivers/fsl_smc.o
 .debug_abbrev  0x000019ee      0x184 ./board/clock_config.o
 .debug_abbrev  0x00001b72      0x1b2 ./board/pin_mux.o

.debug_aranges  0x00000000      0x7f8
 .debug_aranges
                0x00000000       0x20 ./utilities/fsl_assert.o
 .debug_aranges
                0x00000020       0x68 ./utilities/fsl_debug_console.o
 .debug_aranges
                0x00000088       0x48 ./utilities/fsl_io.o
 .debug_aranges
                0x000000d0       0x58 ./utilities/fsl_log.o
 .debug_aranges
                0x00000128       0x38 ./utilities/fsl_str.o
 .debug_aranges
                0x00000160       0x20 ./startup/startup_MKL03Z4.o
 .debug_aranges
                0x00000180       0x28 ./startup/system_MKL03Z4.o
 .debug_aranges
                0x000001a8       0x30 ./source/clock_mcglite.o
 .debug_aranges
                0x000001d8      0x130 ./source/power_mode_switch.o
 .debug_aranges
                0x00000308       0xb0 ./drivers/fsl_clock.o
 .debug_aranges
                0x000003b8      0x128 ./drivers/fsl_flash.o
 .debug_aranges
                0x000004e0       0x78 ./drivers/fsl_gpio.o
 .debug_aranges
                0x00000558       0x48 ./drivers/fsl_llwu.o
 .debug_aranges
                0x000005a0       0x48 ./drivers/fsl_lptmr.o
 .debug_aranges
                0x000005e8      0x118 ./drivers/fsl_lpuart.o
 .debug_aranges
                0x00000700       0x80 ./drivers/fsl_smc.o
 .debug_aranges
                0x00000780       0x40 ./board/clock_config.o
 .debug_aranges
                0x000007c0       0x38 ./board/pin_mux.o

.debug_ranges   0x00000000      0x6c8
 .debug_ranges  0x00000000       0x10 ./utilities/fsl_assert.o
 .debug_ranges  0x00000010       0x58 ./utilities/fsl_debug_console.o
 .debug_ranges  0x00000068       0x38 ./utilities/fsl_io.o
 .debug_ranges  0x000000a0       0x48 ./utilities/fsl_log.o
 .debug_ranges  0x000000e8       0x28 ./utilities/fsl_str.o
 .debug_ranges  0x00000110       0x18 ./startup/system_MKL03Z4.o
 .debug_ranges  0x00000128       0x20 ./source/clock_mcglite.o
 .debug_ranges  0x00000148      0x120 ./source/power_mode_switch.o
 .debug_ranges  0x00000268       0xa0 ./drivers/fsl_clock.o
 .debug_ranges  0x00000308      0x118 ./drivers/fsl_flash.o
 .debug_ranges  0x00000420       0x68 ./drivers/fsl_gpio.o
 .debug_ranges  0x00000488       0x38 ./drivers/fsl_llwu.o
 .debug_ranges  0x000004c0       0x38 ./drivers/fsl_lptmr.o
 .debug_ranges  0x000004f8      0x108 ./drivers/fsl_lpuart.o
 .debug_ranges  0x00000600       0x70 ./drivers/fsl_smc.o
 .debug_ranges  0x00000670       0x30 ./board/clock_config.o
 .debug_ranges  0x000006a0       0x28 ./board/pin_mux.o

.debug_line     0x00000000     0x3430
 .debug_line    0x00000000      0x186 ./utilities/fsl_assert.o
 .debug_line    0x00000186      0x232 ./utilities/fsl_debug_console.o
 .debug_line    0x000003b8      0x239 ./utilities/fsl_io.o
 .debug_line    0x000005f1      0x252 ./utilities/fsl_log.o
 .debug_line    0x00000843      0x3f6 ./utilities/fsl_str.o
 .debug_line    0x00000c39       0xec ./startup/startup_MKL03Z4.o
 .debug_line    0x00000d25      0x116 ./startup/system_MKL03Z4.o
 .debug_line    0x00000e3b      0x1a2 ./source/clock_mcglite.o
 .debug_line    0x00000fdd      0x644 ./source/power_mode_switch.o
 .debug_line    0x00001621      0x371 ./drivers/fsl_clock.o
 .debug_line    0x00001992      0x636 ./drivers/fsl_flash.o
 .debug_line    0x00001fc8      0x269 ./drivers/fsl_gpio.o
 .debug_line    0x00002231      0x1df ./drivers/fsl_llwu.o
 .debug_line    0x00002410      0x1e7 ./drivers/fsl_lptmr.o
 .debug_line    0x000025f7      0x6da ./drivers/fsl_lpuart.o
 .debug_line    0x00002cd1      0x37e ./drivers/fsl_smc.o
 .debug_line    0x0000304f      0x1ed ./board/clock_config.o
 .debug_line    0x0000323c      0x1f4 ./board/pin_mux.o

.debug_str      0x00000000     0x572d
 .debug_str     0x00000000      0x265 ./utilities/fsl_assert.o
                                0x2a8 (size before relaxing)
 .debug_str     0x00000265      0x22f ./utilities/fsl_debug_console.o
                                0x477 (size before relaxing)
 .debug_str     0x00000494      0xa9c ./utilities/fsl_io.o
                                0xdb6 (size before relaxing)
 .debug_str     0x00000f30       0xcc ./utilities/fsl_log.o
                                0x3f9 (size before relaxing)
 .debug_str     0x00000ffc      0x20f ./utilities/fsl_str.o
                                0x486 (size before relaxing)
 .debug_str     0x0000120b      0x19d ./startup/system_MKL03Z4.o
                                0x3a4 (size before relaxing)
 .debug_str     0x000013a8      0x33c ./source/clock_mcglite.o
                                0x639 (size before relaxing)
 .debug_str     0x000016e4     0x1531 ./source/power_mode_switch.o
                               0x1f25 (size before relaxing)
 .debug_str     0x00002c15      0x336 ./drivers/fsl_clock.o
                                0xf4f (size before relaxing)
 .debug_str     0x00002f4b     0x1541 ./drivers/fsl_flash.o
                               0x1e48 (size before relaxing)
 .debug_str     0x0000448c      0x120 ./drivers/fsl_gpio.o
                                0x9f9 (size before relaxing)
 .debug_str     0x000045ac      0x213 ./drivers/fsl_llwu.o
                                0x4e5 (size before relaxing)
 .debug_str     0x000047bf       0xb6 ./drivers/fsl_lptmr.o
                                0xd79 (size before relaxing)
 .debug_str     0x00004875      0x8ce ./drivers/fsl_lpuart.o
                               0x1943 (size before relaxing)
 .debug_str     0x00005143      0x293 ./drivers/fsl_smc.o
                                0xd04 (size before relaxing)
 .debug_str     0x000053d6      0x12b ./board/clock_config.o
                                0xe28 (size before relaxing)
 .debug_str     0x00005501      0x22c ./board/pin_mux.o
                                0x795 (size before relaxing)

.comment        0x00000000       0x70
 .comment       0x00000000       0x70 ./utilities/fsl_assert.o
                                 0x71 (size before relaxing)
 .comment       0x00000000       0x71 ./utilities/fsl_debug_console.o
 .comment       0x00000000       0x71 ./utilities/fsl_io.o
 .comment       0x00000000       0x71 ./utilities/fsl_log.o
 .comment       0x00000000       0x71 ./utilities/fsl_str.o
 .comment       0x00000000       0x71 ./startup/system_MKL03Z4.o
 .comment       0x00000000       0x71 ./source/clock_mcglite.o
 .comment       0x00000000       0x71 ./source/power_mode_switch.o
 .comment       0x00000000       0x71 ./drivers/fsl_clock.o
 .comment       0x00000000       0x71 ./drivers/fsl_flash.o
 .comment       0x00000000       0x71 ./drivers/fsl_gpio.o
 .comment       0x00000000       0x71 ./drivers/fsl_llwu.o
 .comment       0x00000000       0x71 ./drivers/fsl_lptmr.o
 .comment       0x00000000       0x71 ./drivers/fsl_lpuart.o
 .comment       0x00000000       0x71 ./drivers/fsl_smc.o
 .comment       0x00000000       0x71 ./board/clock_config.o
 .comment       0x00000000       0x71 ./board/pin_mux.o

.debug_frame    0x00000000     0x1ad8
 .debug_frame   0x00000000       0x30 ./utilities/fsl_assert.o
 .debug_frame   0x00000030      0x14c ./utilities/fsl_debug_console.o
 .debug_frame   0x0000017c       0xc8 ./utilities/fsl_io.o
 .debug_frame   0x00000244      0x108 ./utilities/fsl_log.o
 .debug_frame   0x0000034c       0x94 ./utilities/fsl_str.o
 .debug_frame   0x000003e0       0x4c ./startup/system_MKL03Z4.o
 .debug_frame   0x0000042c       0x6c ./source/clock_mcglite.o
 .debug_frame   0x00000498      0x464 ./source/power_mode_switch.o
 .debug_frame   0x000008fc      0x258 ./drivers/fsl_clock.o
 .debug_frame   0x00000b54      0x450 ./drivers/fsl_flash.o
 .debug_frame   0x00000fa4      0x190 ./drivers/fsl_gpio.o
 .debug_frame   0x00001134       0xd0 ./drivers/fsl_llwu.o
 .debug_frame   0x00001204       0xd0 ./drivers/fsl_lptmr.o
 .debug_frame   0x000012d4      0x40c ./drivers/fsl_lpuart.o
 .debug_frame   0x000016e0      0x1a8 ./drivers/fsl_smc.o
 .debug_frame   0x00001888       0xa4 ./board/clock_config.o
 .debug_frame   0x0000192c       0x90 ./board/pin_mux.o
 .debug_frame   0x000019bc       0x28 f:/other_software/kinetisdesignstudio/toolchain/bin/../lib/gcc/arm-none-eabi/4.8.4/../../../../arm-none-eabi/lib/armv6-m\libg_s.a(lib_a-exit.o)
 .debug_frame   0x000019e4       0x2c f:/other_software/kinetisdesignstudio/toolchain/bin/../lib/gcc/arm-none-eabi/4.8.4/../../../../arm-none-eabi/lib/armv6-m\libg_s.a(lib_a-init.o)
 .debug_frame   0x00001a10       0x28 f:/other_software/kinetisdesignstudio/toolchain/bin/../lib/gcc/arm-none-eabi/4.8.4/../../../../arm-none-eabi/lib/armv6-m\libg_s.a(lib_a-memcpy-stub.o)
 .debug_frame   0x00001a38       0x20 f:/other_software/kinetisdesignstudio/toolchain/bin/../lib/gcc/arm-none-eabi/4.8.4/../../../../arm-none-eabi/lib/armv6-m\libg_s.a(lib_a-memset.o)
 .debug_frame   0x00001a58       0x20 f:/other_software/kinetisdesignstudio/toolchain/bin/../lib/gcc/arm-none-eabi/4.8.4/../../../../arm-none-eabi/lib/armv6-m\libg_s.a(lib_a-strlen.o)
 .debug_frame   0x00001a78       0x20 f:/other_software/kinetisdesignstudio/toolchain/bin/../lib/gcc/arm-none-eabi/4.8.4/armv6-m\libgcc.a(_udivsi3.o)
 .debug_frame   0x00001a98       0x20 f:/other_software/kinetisdesignstudio/toolchain/bin/../lib/gcc/arm-none-eabi/4.8.4/armv6-m\libgcc.a(_divsi3.o)
 .debug_frame   0x00001ab8       0x20 f:/other_software/kinetisdesignstudio/toolchain/bin/../lib/gcc/arm-none-eabi/4.8.4/../../../../arm-none-eabi/lib/armv6-m\libnosys.a(_exit.o)
