###############################################################################
#
# IAR ELF Linker V7.70.1.11437/W32 for ARM                15/Feb/2020  22:21:46
# Copyright 2007-2016 IAR Systems AB.
#
#    Output file  =  
#        E:\Project\IAR\MPC_backscatter\lab-Micro_power_consumption_backscatter\MAPS-KL03-KSDK_1.0.0\demos\low_power_rtc\iar\mapskl03\debug\low_power_rtc.out
#    Map file     =  
#        E:\Project\IAR\MPC_backscatter\lab-Micro_power_consumption_backscatter\MAPS-KL03-KSDK_1.0.0\demos\low_power_rtc\iar\mapskl03\debug\list\low_power_rtc.map
#    Command line =  
#        E:\Project\IAR\MPC_backscatter\lab-Micro_power_consumption_backscatter\MAPS-KL03-KSDK_1.0.0\demos\low_power_rtc\iar\mapskl03\debug\obj\fsl_debug_console.o
#        E:\Project\IAR\MPC_backscatter\lab-Micro_power_consumption_backscatter\MAPS-KL03-KSDK_1.0.0\demos\low_power_rtc\iar\mapskl03\debug\obj\gpio_pins.o
#        E:\Project\IAR\MPC_backscatter\lab-Micro_power_consumption_backscatter\MAPS-KL03-KSDK_1.0.0\demos\low_power_rtc\iar\mapskl03\debug\obj\hardware_init.o
#        E:\Project\IAR\MPC_backscatter\lab-Micro_power_consumption_backscatter\MAPS-KL03-KSDK_1.0.0\demos\low_power_rtc\iar\mapskl03\debug\obj\low_power_rtc.o
#        E:\Project\IAR\MPC_backscatter\lab-Micro_power_consumption_backscatter\MAPS-KL03-KSDK_1.0.0\demos\low_power_rtc\iar\mapskl03\debug\obj\pin_mux.o
#        E:\Project\IAR\MPC_backscatter\lab-Micro_power_consumption_backscatter\MAPS-KL03-KSDK_1.0.0\demos\low_power_rtc\iar\mapskl03\debug\obj\startup.o
#        E:\Project\IAR\MPC_backscatter\lab-Micro_power_consumption_backscatter\MAPS-KL03-KSDK_1.0.0\demos\low_power_rtc\iar\mapskl03\debug\obj\startup_MKL03Z4.o
#        E:\Project\IAR\MPC_backscatter\lab-Micro_power_consumption_backscatter\MAPS-KL03-KSDK_1.0.0\demos\low_power_rtc\iar\mapskl03\debug\obj\system_MKL03Z4.o
#        --redirect _Printf=_PrintfSmall --redirect _Scanf=_ScanfSmall -o
#        E:\Project\IAR\MPC_backscatter\lab-Micro_power_consumption_backscatter\MAPS-KL03-KSDK_1.0.0\demos\low_power_rtc\iar\mapskl03\debug\low_power_rtc.out
#        --map
#        E:\Project\IAR\MPC_backscatter\lab-Micro_power_consumption_backscatter\MAPS-KL03-KSDK_1.0.0\demos\low_power_rtc\iar\mapskl03\debug\list\low_power_rtc.map
#        --config
#        E:\Project\IAR\MPC_backscatter\lab-Micro_power_consumption_backscatter\MAPS-KL03-KSDK_1.0.0\demos\low_power_rtc\iar\mapskl03/../../../../platform/linker/iar/KL03Z4/KL03Z32xxx4_flash.icf
#        --semihosting
#        E:\Project\IAR\MPC_backscatter\lab-Micro_power_consumption_backscatter\MAPS-KL03-KSDK_1.0.0\demos\low_power_rtc\iar\mapskl03/../../../../lib/ksdk_platform_lib/iar/KL03Z4/debug/ksdk_platform_lib.a
#        --entry __iar_program_start --vfe
#
###############################################################################

*******************************************************************************
*** RUNTIME MODEL ATTRIBUTES
***

CppFlavor       = *
__Heap_Handler  = DLMalloc
__SystemLibrary = DLib


*******************************************************************************
*** PLACEMENT SUMMARY
***

"A0":  place at 0x00000000 { ro section .intvec };
"P1":  place in [from 0x00000400 to 0x0000040f] { section FlashConfig };
"P2":  place in [from 0x00000000 to 0x000000ff] |
                [from 0x00000410 to 0x00007fff] { ro };
"P3":  place in [from 0x1fffff00 to 0x200005ff] { rw, block CSTACK, block HEAP };
"P4":  place in [from 0x1fffff00 to 0x200005ff] { zi };
initialize by copy { rw, section .textrw };

  Section              Kind        Address    Size  Object
  -------              ----        -------    ----  ------
"A0":                                         0xc0
  .intvec              ro code  0x00000000    0xc0  startup_MKL03Z4.o [1]
                              - 0x000000c0    0xc0

"P2", part 1 of 2:                             0x0
  .rodata              const    0x000000c0     0x0  zero_init3.o [5]
  .rodata              const    0x000000c0     0x0  copy_init3.o [5]

"P1":                                         0x10
  FlashConfig          ro code  0x00000400    0x10  startup_MKL03Z4.o [1]
                              - 0x00000410    0x10

"P2", part 2 of 2:                          0x3040
  .text                ro code  0x00000410   0x52c  xprintfsmall.o [3]
  .text                ro code  0x0000093c    0x14  strchr.o [5]
  .text                ro code  0x00000950    0x10  strlen.o [5]
  .text                ro code  0x00000960    0x18  memchr.o [5]
  .text                ro code  0x00000978    0xae  I32DivModFast.o [5]
  .rodata              const    0x00000a26     0x2  fsl_gpio_common.o [4]
  .text                ro code  0x00000a28     0x2  IntDivZer.o [5]
  .text                ro code  0x00000a2a     0x2  startup_MKL03Z4.o [1]
  .text                ro code  0x00000a2c   0x444  low_power_rtc.o [1]
  .text                ro code  0x00000e70    0x24  ABIassert.o [6]
  .text                ro code  0x00000e94    0x6c  fsl_sim_hal_KL03Z4.o [4]
  .text                ro code  0x00000f00    0x56  hardware_init.o [1]
  .text                ro code  0x00000f56     0x2  startup_MKL03Z4.o [1]
  .text                ro code  0x00000f58    0x24  printf.o [3]
  .text                ro code  0x00000f7c   0x1e8  fsl_sim_hal.o [4]
  .text                ro code  0x00001164   0x28c  fsl_gpio_driver.o [4]
  .text                ro code  0x000013f0   0x16c  fsl_llwu_hal.o [4]
  .text                ro code  0x0000155c    0x50  fsl_interrupt_manager.o [4]
  .text                ro code  0x000015ac   0x21c  fsl_smc_hal.o [4]
  .text                ro code  0x000017c8   0x124  fsl_rcm_hal.o [4]
  .text                ro code  0x000018ec     0xa  abort.o [3]
  .text                ro code  0x000018f6     0x2  startup_MKL03Z4.o [1]
  .text                ro code  0x000018f8    0x2c  fsl_clock_manager.o [4]
  .text                ro code  0x00001924    0xb0  pin_mux.o [1]
  .text                ro code  0x000019d4   0x17c  fsl_debug_console.o [1]
  .text                ro code  0x00001b50    0x84  fsl_gpio_hal.o [4]
  .text                ro code  0x00001bd4    0x14  exit.o [6]
  .text                ro code  0x00001be8   0x32e  fsl_lpuart_hal.o [4]
  .text                ro code  0x00001f16     0x2  startup_MKL03Z4.o [1]
  .text                ro code  0x00001f18   0x164  fsl_lpuart_driver.o [4]
  .text                ro code  0x0000207c    0x50  ABImemset.o [5]
  .text                ro code  0x000020cc    0x34  fsl_os_abstraction_bm.o [4]
  .text                ro code  0x00002100   0x19c  fsl_clock_KL03Z4.o [4]
  .text                ro code  0x0000229c    0xec  fsl_mcglite_hal.o [4]
  .rodata              const    0x00002388    0xbc  low_power_rtc.o [1]
  .rodata              const    0x00002444    0xac  low_power_rtc.o [1]
  .rodata              const    0x000024f0    0xac  pin_mux.o [1]
  .text                ro code  0x0000259c    0xa8  system_MKL03Z4.o [1]
  .rodata              const    0x00002644    0x94  fsl_lpuart_driver.o [4]
  .rodata              const    0x000026d8    0x94  fsl_gpio_driver.o [4]
  .rodata              const    0x0000276c    0x84  fsl_gpio_driver.o [4]
  .text                ro code  0x000027f0    0x7c  startup.o [1]
  .rodata              const    0x0000286c    0x6c  fsl_interrupt_manager.o [4]
  .rodata              const    0x000028d8    0x64  fsl_lpuart_driver.o [4]
  .rodata              const    0x0000293c    0x5c  low_power_rtc.o [1]
  .rodata              const    0x00002998    0x5c  fsl_os_abstraction_bm.o [4]
  .rodata              const    0x000029f4    0x54  fsl_sim_hal.o [4]
  .rodata              const    0x00002a48    0x54  fsl_llwu_hal.o [4]
  .rodata              const    0x00002a9c    0x54  fsl_rcm_hal.o [4]
  .rodata              const    0x00002af0    0x54  fsl_smc_hal.o [4]
  .rodata              const    0x00002b44    0x54  fsl_gpio_hal.o [4]
  .rodata              const    0x00002b98    0x50  low_power_rtc.o [1]
  .rodata              const    0x00002be8    0x50  low_power_rtc.o [1]
  .rodata              const    0x00002c38    0x50  low_power_rtc.o [1]
  .rodata              const    0x00002c88    0x40  low_power_rtc.o [1]
  .rodata              const    0x00002cc8    0x40  low_power_rtc.o [1]
  .text                ro code  0x00002d08    0x3c  zero_init3.o [5]
  .rodata              const    0x00002d44    0x34  low_power_rtc.o [1]
  .rodata              const    0x00002d78    0x34  low_power_rtc.o [1]
  .text                ro code  0x00002dac    0x34  startup_MKL03Z4.o [1]
  .rodata              const    0x00002de0    0x30  low_power_rtc.o [1]
  .rodata              const    0x00002e10    0x30  fsl_llwu_hal.o [4]
  .text                ro code  0x00002e40    0x30  copy_init3.o [5]
  .rodata              const    0x00002e70    0x2c  low_power_rtc.o [1]
  .rodata              const    0x00002e9c    0x2c  fsl_lpuart_driver.o [4]
  .rodata              const    0x00002ec8    0x2c  fsl_gpio_driver.o [4]
  .rodata              const    0x00002ef4    0x2c  fsl_interrupt_manager.o [4]
  .rodata              const    0x00002f20    0x2c  fsl_interrupt_manager.o [4]
  .text                ro code  0x00002f4c    0x28  data_init.o [5]
  .rodata              const    0x00002f74    0x24  low_power_rtc.o [1]
  .rodata              const    0x00002f98    0x24  low_power_rtc.o [1]
  .rodata              const    0x00002fbc    0x24  low_power_rtc.o [1]
  .rodata              const    0x00002fe0    0x24  low_power_rtc.o [1]
  .rodata              const    0x00003004    0x24  fsl_lpuart_driver.o [4]
  .rodata              const    0x00003028    0x24  fsl_lpuart_driver.o [4]
  .text                ro code  0x0000304c    0x24  putchar.o [3]
  .iar.init_table      const    0x00003070    0x24  - Linker created -
  .rodata              const    0x00003094    0x20  low_power_rtc.o [1]
  .rodata              const    0x000030b4    0x20  fsl_sim_hal.o [4]
  .rodata              const    0x000030d4    0x20  fsl_sim_hal.o [4]
  .rodata              const    0x000030f4    0x20  fsl_smc_hal.o [4]
  .rodata              const    0x00003114    0x1c  low_power_rtc.o [1]
  .rodata              const    0x00003130    0x1c  low_power_rtc.o [1]
  .rodata              const    0x0000314c    0x1c  low_power_rtc.o [1]
  .rodata              const    0x00003168    0x1c  fsl_rcm_hal.o [4]
  .text                ro code  0x00003184    0x1a  cmain.o [5]
  .text                ro code  0x0000319e     0x4  low_level_init.o [3]
  .text                ro code  0x000031a2     0x8  exit.o [3]
  .text                ro code  0x000031aa     0x2  startup_MKL03Z4.o [1]
  .text                ro code  0x000031ac     0xa  cexit.o [5]
  .text                ro code  0x000031b6     0x2  startup_MKL03Z4.o [1]
  .rodata              const    0x000031b8    0x18  low_power_rtc.o [1]
  .rodata              const    0x000031d0    0x18  low_power_rtc.o [1]
  .rodata              const    0x000031e8    0x18  low_power_rtc.o [1]
  .rodata              const    0x00003200    0x18  low_power_rtc.o [1]
  .rodata              const    0x00003218    0x18  low_power_rtc.o [1]
  .rodata              const    0x00003230    0x18  low_power_rtc.o [1]
  .rodata              const    0x00003248    0x18  low_power_rtc.o [1]
  .rodata              const    0x00003260    0x18  low_power_rtc.o [1]
  .rodata              const    0x00003278    0x18  low_power_rtc.o [1]
  .rodata              const    0x00003290    0x18  low_power_rtc.o [1]
  .text                ro code  0x000032a8    0x16  xprout.o [3]
  .rodata              const    0x000032c0    0x14  low_power_rtc.o [1]
  .rodata              const    0x000032d4    0x14  low_power_rtc.o [1]
  .rodata              const    0x000032e8    0x14  low_power_rtc.o [1]
  .rodata              const    0x000032fc    0x14  low_power_rtc.o [1]
  .rodata              const    0x00003310    0x14  low_power_rtc.o [1]
  .rodata              const    0x00003324    0x14  low_power_rtc.o [1]
  .rodata              const    0x00003338    0x14  low_power_rtc.o [1]
  .data_init                    0x0000334c    0x14  <Block>
    Initializer bytes  const    0x0000334c    0x14  <for .data-1>
  .rodata              const    0x00003360    0x10  low_power_rtc.o [1]
  .rodata              const    0x00003370    0x10  low_power_rtc.o [1]
  .rodata              const    0x00003380    0x10  low_power_rtc.o [1]
  .rodata              const    0x00003390    0x10  low_power_rtc.o [1]
  .rodata              const    0x000033a0    0x10  low_power_rtc.o [1]
  .rodata              const    0x000033b0    0x10  low_power_rtc.o [1]
  .rodata              const    0x000033c0    0x10  low_power_rtc.o [1]
  .rodata              const    0x000033d0    0x10  fsl_lpuart_driver.o [4]
  .rodata              const    0x000033e0    0x10  fsl_gpio_driver.o [4]
  .rodata              const    0x000033f0     0xc  low_power_rtc.o [1]
  .rodata              const    0x000033fc     0xc  pin_mux.o [1]
  .rodata              const    0x00003408     0xc  fsl_gpio_driver.o [4]
  .rodata              const    0x00003414     0xc  fsl_gpio_hal.o [4]
  .text                ro code  0x00003420     0xc  cstartup_M.o [5]
  .rodata              const    0x0000342c     0x8  fsl_gpio_common.o [4]
  .rodata              const    0x00003434     0x8  fsl_gpio_common.o [4]
  .rodata              const    0x0000343c     0x8  fsl_os_abstraction_bm.o [4]
  .rodata              const    0x00003444     0x4  fsl_lpuart_common.o [4]
  .rodata              const    0x00003448     0x4  fsl_clock_manager.o [4]
  .rodata              const    0x0000344c     0x4  fsl_clock_KL03Z4.o [4]
                              - 0x00003450  0x3040

"P3-P4", part 1 of 3:                         0x14
  .data                         0x1fffff00    0x14  <Block>
    .data-1                     0x1fffff00    0x11  <Init block>
      .data            inited   0x1fffff00    0x10  gpio_pins.o [1]
      .data            inited   0x1fffff10     0x1  fsl_lpuart_common.o [4]
                              - 0x1fffff14    0x14

"P3-P4", part 2 of 3:                         0x50
  .bss                          0x1fffff14    0x50  <Block>
    .bss               zero     0x1fffff14    0x44  fsl_debug_console.o [1]
    .bss               zero     0x1fffff58     0x4  fsl_lpuart_common.o [4]
    .bss               zero     0x1fffff5c     0x4  fsl_clock_KL03Z4.o [4]
    .bss               zero     0x1fffff60     0x1  low_power_rtc.o [1]
                              - 0x1fffff64    0x50

"P3-P4", part 3 of 3:                        0x200
  CSTACK                        0x1fffff68   0x200  <Block>
    CSTACK             uninit   0x1fffff68   0x200  <Block tail>
                              - 0x20000168   0x200


*******************************************************************************
*** INIT TABLE
***

          Address     Size
          -------     ----
Zero (__iar_zero_init3)
    1 destination range, total size 0x4d:
          0x1fffff14  0x4d

Copy (__iar_copy_init3)
    1 source range, total size 0x14 (117% of destination):
          0x0000334c  0x14
    1 destination range, total size 0x11:
          0x1fffff00  0x11



*******************************************************************************
*** MODULE SUMMARY
***

    Module                   ro code  ro data  rw data
    ------                   -------  -------  -------
E:\Project\IAR\MPC_backscatter\lab-Micro_power_consumption_backscatter\MAPS-KL03-KSDK_1.0.0\demos\low_power_rtc\iar\mapskl03\debug\obj: [1]
    fsl_debug_console.o          380                68
    gpio_pins.o                            16       16
    hardware_init.o               86
    low_power_rtc.o            1 092    1 780        1
    pin_mux.o                    176      184
    startup.o                    124
    startup_MKL03Z4.o            272
    system_MKL03Z4.o             168
    --------------------------------------------------
    Total:                     2 298    1 980       85

command line: [2]
    --------------------------------------------------
    Total:

dl6M_tln.a: [3]
    abort.o                       10
    exit.o                         8
    low_level_init.o               4
    printf.o                      36
    putchar.o                     36
    xprintfsmall.o             1 324
    xprout.o                      22
    --------------------------------------------------
    Total:                     1 440

ksdk_platform_lib.a: [4]
    fsl_clock_KL03Z4.o           412        4        4
    fsl_clock_manager.o           44        4
    fsl_gpio_common.o                      18
    fsl_gpio_driver.o            652      352
    fsl_gpio_hal.o               132       96
    fsl_interrupt_manager.o       80      196
    fsl_llwu_hal.o               364      132
    fsl_lpuart_common.o                     5        5
    fsl_lpuart_driver.o          356      380
    fsl_lpuart_hal.o             814
    fsl_mcglite_hal.o            236
    fsl_os_abstraction_bm.o       52      100
    fsl_rcm_hal.o                292      112
    fsl_sim_hal.o                488      148
    fsl_sim_hal_KL03Z4.o         108
    fsl_smc_hal.o                540      116
    --------------------------------------------------
    Total:                     4 570    1 663        9

rt6M_tl.a: [5]
    ABImemset.o                   80
    I32DivModFast.o              174
    IntDivZer.o                    2
    cexit.o                       10
    cmain.o                       26
    copy_init3.o                  48
    cstartup_M.o                  12
    data_init.o                   40
    memchr.o                      24
    strchr.o                      20
    strlen.o                      16
    zero_init3.o                  60
    --------------------------------------------------
    Total:                       512

shb_l.a: [6]
    ABIassert.o                   36
    exit.o                        20
    --------------------------------------------------
    Total:                        56

    Gaps                                    2
    Linker created                         39      512
------------------------------------------------------
    Grand Total:               8 876    3 684      606


*******************************************************************************
*** ENTRY LIST
***

Entry                      Address   Size  Type      Object
-----                      -------   ----  ----      ------
.bss$$Base              0x1fffff14          --   Gb  - Linker created -
.bss$$Limit             0x1fffff64          --   Gb  - Linker created -
.data$$Base             0x1fffff00          --   Gb  - Linker created -
.data$$Limit            0x1fffff14          --   Gb  - Linker created -
.data_init$$Base        0x0000334c          --   Gb  - Linker created -
.data_init$$Limit       0x00003360          --   Gb  - Linker created -
.iar.init_table$$Base   0x00003070          --   Gb  - Linker created -
.iar.init_table$$Limit  0x00003094          --   Gb  - Linker created -
?main                   0x00003185         Code  Gb  cmain.o [5]
CLOCK_HAL_GetClkSrcStat
                        0x000022dd    0xc  Code  Lc  fsl_mcglite_hal.o [4]
CLOCK_HAL_GetDivider    0x000010d3   0x60  Code  Gb  fsl_sim_hal.o [4]
CLOCK_HAL_GetInternalRefClk
                        0x0000230d   0x20  Code  Gb  fsl_mcglite_hal.o [4]
CLOCK_HAL_GetLircClk    0x000022e9   0x24  Code  Gb  fsl_mcglite_hal.o [4]
CLOCK_HAL_GetLircCmd    0x000022c3   0x1a  Code  Lc  fsl_mcglite_hal.o [4]
CLOCK_HAL_GetLircDiv2   0x000022b7    0xc  Code  Lc  fsl_mcglite_hal.o [4]
CLOCK_HAL_GetLircRefDiv
                        0x000022ab    0xc  Code  Lc  fsl_mcglite_hal.o [4]
CLOCK_HAL_GetLircSelMode
                        0x0000229d    0xe  Code  Lc  fsl_mcglite_hal.o [4]
CLOCK_HAL_GetOutClk     0x0000232d   0x42  Code  Gb  fsl_mcglite_hal.o [4]
CLOCK_HAL_GetSource     0x0000101d   0x94  Code  Gb  fsl_sim_hal.o [4]
CLOCK_HAL_SetOutDividers
                        0x000010b1   0x22  Code  Gb  fsl_sim_hal.o [4]
CLOCK_HAL_SetSource     0x00000f7d   0xa0  Code  Gb  fsl_sim_hal.o [4]
CLOCK_SYS_EnableLpuartClock
                        0x00001f47   0x10  Code  Lc  fsl_lpuart_driver.o [4]
CLOCK_SYS_EnablePortClock
                        0x00000f01    0xe  Code  Lc  hardware_init.o [1]
CLOCK_SYS_EnablePortClock
                        0x00001285   0x10  Code  Lc  fsl_gpio_driver.o [4]
CLOCK_SYS_EnableRtcClock
                        0x00000a9d    0xe  Code  Lc  low_power_rtc.o [1]
CLOCK_SYS_GetFreq       0x00002101  0x12c  Code  Gb  fsl_clock_KL03Z4.o [4]
CLOCK_SYS_GetLpuartFreq
                        0x0000222d   0x5a  Code  Gb  fsl_clock_KL03Z4.o [4]
CLOCK_SYS_SetSource     0x000018f9   0x26  Code  Gb  fsl_clock_manager.o [4]
CSTACK$$Base            0x1fffff68          --   Gb  - Linker created -
CSTACK$$Limit           0x20000168          --   Gb  - Linker created -
DbgConsole_Init         0x00001a8f   0x66  Code  Gb  fsl_debug_console.o [1]
GPIO_DRV_Init           0x000012d1   0x38  Code  Gb  fsl_gpio_driver.o [4]
GPIO_DRV_InputPinInit   0x00001309   0x70  Code  Gb  fsl_gpio_driver.o [4]
GPIO_DRV_OutputPinInit  0x00001381   0x50  Code  Gb  fsl_gpio_driver.o [4]
GPIO_HAL_SetPinDir      0x00001b51   0x46  Code  Gb  fsl_gpio_hal.o [4]
GPIO_HAL_WritePinOutput
                        0x00001b97   0x36  Code  Gb  fsl_gpio_hal.o [4]
INT_SYS_EnableIRQ       0x00000a67   0x36  Code  Lc  low_power_rtc.o [1]
INT_SYS_EnableIRQ       0x00001f57   0x36  Code  Lc  fsl_lpuart_driver.o [4]
INT_SYS_EnableIRQ       0x00001295   0x36  Code  Lc  fsl_gpio_driver.o [4]
INT_SYS_InstallHandler  0x0000155d   0x40  Code  Gb  fsl_interrupt_manager.o [4]
LLWU_HAL_ClearExternalPinWakeupFlag
                        0x0000149d   0xb8  Code  Gb  fsl_llwu_hal.o [4]
LLWU_HAL_SetExternalInputPinMode
                        0x000013f1   0x94  Code  Gb  fsl_llwu_hal.o [4]
LPUART_DRV_Init         0x00001f8d   0xc4  Code  Gb  fsl_lpuart_driver.o [4]
LPUART_DRV_ReceivePollBlocking
                        0x00001a47   0x48  Code  Lc  fsl_debug_console.o [1]
LPUART_DRV_SendPollBlocking
                        0x00001a11   0x36  Code  Lc  fsl_debug_console.o [1]
LPUART_HAL_ClearStatusFlag
                        0x00001ded  0x118  Code  Gb  fsl_lpuart_hal.o [4]
LPUART_HAL_EnableReceiver
                        0x00001f27   0x12  Code  Lc  fsl_lpuart_driver.o [4]
LPUART_HAL_EnableTransmitter
                        0x00001d5f   0x18  Code  Gb  fsl_lpuart_hal.o [4]
LPUART_HAL_GetStatusFlag
                        0x00001d77   0x76  Code  Gb  fsl_lpuart_hal.o [4]
LPUART_HAL_Getchar      0x00001f0d    0xa  Code  Gb  fsl_lpuart_hal.o [4]
LPUART_HAL_Init         0x00001be9   0x1e  Code  Gb  fsl_lpuart_hal.o [4]
LPUART_HAL_IsRxDataRegFull
                        0x000019f7   0x1a  Code  Lc  fsl_debug_console.o [1]
LPUART_HAL_IsTxDataRegEmpty
                        0x000019dd   0x1a  Code  Lc  fsl_debug_console.o [1]
LPUART_HAL_Putchar      0x000019d5    0x8  Code  Lc  fsl_debug_console.o [1]
LPUART_HAL_SetBaudRate  0x00001c11   0xe0  Code  Gb  fsl_lpuart_hal.o [4]
LPUART_HAL_SetBitCountPerChar
                        0x00001cf1   0x32  Code  Gb  fsl_lpuart_hal.o [4]
LPUART_HAL_SetParityMode
                        0x00001d23   0x3c  Code  Gb  fsl_lpuart_hal.o [4]
LPUART_HAL_SetStopBitCount
                        0x00001f39    0xe  Code  Lc  fsl_lpuart_driver.o [4]
LoadInt                 0x000007c9   0x4c  Code  Lc  xprintfsmall.o [3]
NVIC_EnableIRQ          0x00000a2d    0xe  Code  Lc  low_power_rtc.o [1]
NVIC_EnableIRQ          0x00001f19    0xe  Code  Lc  fsl_lpuart_driver.o [4]
NVIC_EnableIRQ          0x00001165    0xe  Code  Lc  fsl_gpio_driver.o [4]
OSA_SemaCreate          0x000020cd   0x2a  Code  Gb  fsl_os_abstraction_bm.o [4]
PMC_HAL_GetRegulatorStatus
                        0x00000aab    0xe  Code  Lc  low_power_rtc.o [1]
PORT_HAL_SetDriveStrengthMode
                        0x00001229   0x2e  Code  Lc  fsl_gpio_driver.o [4]
PORT_HAL_SetMuxMode     0x00000a3b   0x2c  Code  Lc  low_power_rtc.o [1]
PORT_HAL_SetMuxMode     0x00001925   0x2c  Code  Lc  pin_mux.o [1]
PORT_HAL_SetPassiveFilterCmd
                        0x000011fb   0x2e  Code  Lc  fsl_gpio_driver.o [4]
PORT_HAL_SetPinIntMode  0x00001257   0x2e  Code  Lc  fsl_gpio_driver.o [4]
PORT_HAL_SetPullCmd     0x0000119f   0x2e  Code  Lc  fsl_gpio_driver.o [4]
PORT_HAL_SetPullMode    0x00001173   0x2c  Code  Lc  fsl_gpio_driver.o [4]
PORT_HAL_SetSlewRateMode
                        0x000011cd   0x2e  Code  Lc  fsl_gpio_driver.o [4]
RCM_HAL_GetSrcStatusCmd
                        0x000017c9  0x11c  Code  Gb  fsl_rcm_hal.o [4]
Region$$Table$$Base     0x00003070          --   Gb  - Linker created -
Region$$Table$$Limit    0x00003094          --   Gb  - Linker created -
SIM_HAL_EnableLpuartClock
                        0x00000ee5   0x16  Code  Gb  fsl_sim_hal_KL03Z4.o [4]
SIM_HAL_EnablePortClock
                        0x00000e95   0x32  Code  Gb  fsl_sim_hal_KL03Z4.o [4]
SIM_HAL_EnableRtcClock  0x00000ec7   0x16  Code  Gb  fsl_sim_hal_KL03Z4.o [4]
SMC_HAL_GetStat         0x000017a7    0xc  Code  Gb  fsl_smc_hal.o [4]
SMC_HAL_GetStopMode     0x00001753    0xc  Code  Gb  fsl_smc_hal.o [4]
SMC_HAL_GetStopSubMode  0x0000176b    0xc  Code  Gb  fsl_smc_hal.o [4]
SMC_HAL_SetMode         0x000015ad  0x188  Code  Gb  fsl_smc_hal.o [4]
SMC_HAL_SetPorMode      0x00001781   0x14  Code  Gb  fsl_smc_hal.o [4]
SMC_HAL_SetPstopMode    0x00001795   0x12  Code  Gb  fsl_smc_hal.o [4]
SMC_HAL_SetRunMode      0x00001735   0x12  Code  Gb  fsl_smc_hal.o [4]
SMC_HAL_SetStopMode     0x00001747    0xc  Code  Gb  fsl_smc_hal.o [4]
SMC_HAL_SetStopSubMode  0x0000175f    0xc  Code  Gb  fsl_smc_hal.o [4]
SystemInit              0x0000259d   0x70  Code  Gb  system_MKL03Z4.o [1]
_LitobSmall             0x00000815   0xf2  Code  Lc  xprintfsmall.o [3]
_PrintfSmall            0x00000411  0x3ac  Code  Gb  xprintfsmall.o [3]
_Prout                  0x000032a9   0x16  Code  Gb  xprout.o [3]
_PutcharsSmall          0x0000090d   0x30  Code  Lc  xprintfsmall.o [3]
__VECTOR_RAM {Abs}      0x1ffffe00         Data  Gb  command line/config [2]
__VECTOR_TABLE {Abs}    0x00000000         Data  Gb  command line/config [2]
__Vectors               0x00000000          --   Gb  startup_MKL03Z4.o [1]
__Vectors_End           0x000000c0         Data  Gb  startup_MKL03Z4.o [1]
__Vectors_Size {Abs}    0x000000c0          --   Gb  startup_MKL03Z4.o [1]
__aeabi_assert          0x00000e71   0x24  Code  Gb  ABIassert.o [6]
__aeabi_idiv0           0x00000a29         Code  Gb  IntDivZer.o [5]
__aeabi_memset          0x0000207d         Code  Gb  ABImemset.o [5]
__aeabi_uidiv           0x00000979         Code  Gb  I32DivModFast.o [5]
__aeabi_uidivmod        0x00000979         Code  Gb  I32DivModFast.o [5]
__cmain                 0x00003185         Code  Gb  cmain.o [5]
__exit                  0x00001bd5   0x14  Code  Gb  exit.o [6]
__iar_Memchr            0x00000961   0x18  Code  Gb  memchr.o [5]
__iar_Memset4_word      0x0000209d         Code  Gb  ABImemset.o [5]
__iar_Memset_word       0x00002089         Code  Gb  ABImemset.o [5]
__iar_Strchr            0x0000093d   0x14  Code  Gb  strchr.o [5]
__iar_copy_init3        0x00002e41   0x30  Code  Gb  copy_init3.o [5]
__iar_data_init3        0x00002f4d   0x28  Code  Gb  data_init.o [5]
__iar_program_start     0x00003421         Code  Gb  cstartup_M.o [5]
__iar_zero_init3        0x00002d09   0x3c  Code  Gb  zero_init3.o [5]
__low_level_init        0x0000319f    0x4  Code  Gb  low_level_init.o [3]
__vector_table          0x00000000         Data  Gb  startup_MKL03Z4.o [1]
__vector_table_0x1c     0x0000001c         Data  Gb  startup_MKL03Z4.o [1]
__write                 0x00001b11   0x40  Code  Wk  fsl_debug_console.o [1]
_call_main              0x00003191         Code  Gb  cmain.o [5]
_exit                   0x000031ad         Code  Gb  cexit.o [5]
_main                   0x0000319b         Code  Gb  cmain.o [5]
abort                   0x000018ed    0xa  Code  Gb  abort.o [3]
configure_gpio_pins     0x00001951   0x16  Code  Gb  pin_mux.o [1]
configure_uart_pins     0x00001967   0x5e  Code  Gb  pin_mux.o [1]
dbg_uart_init           0x00000f41   0x16  Code  Gb  hardware_init.o [1]
enter_vllsx             0x00000bef   0x22  Code  Lc  low_power_rtc.o [1]
enter_vlpr              0x00000c19   0x66  Code  Lc  low_power_rtc.o [1]
exit                    0x000031a3    0x8  Code  Gb  exit.o [3]
flag_sleep              0x1fffff60    0x1  Data  Lc  low_power_rtc.o [1]
g_gpioBaseAddr          0x0000342c    0x8  Data  Gb  fsl_gpio_common.o [4]
g_lpuartBaseAddr        0x00003444    0x4  Data  Gb  fsl_lpuart_common.o [4]
g_lpuartRxTxIrqId       0x1fffff10    0x1  Data  Gb  fsl_lpuart_common.o [4]
g_lpuartStatePtr        0x1fffff58    0x4  Data  Gb  fsl_lpuart_common.o [4]
g_mcgBaseAddr           0x0000344c    0x4  Data  Gb  fsl_clock_KL03Z4.o [4]
g_portBaseAddr          0x00003434    0x8  Data  Gb  fsl_gpio_common.o [4]
g_portIrqId             0x00000a26    0x2  Data  Gb  fsl_gpio_common.o [4]
g_simBaseAddr           0x00003448    0x4  Data  Gb  fsl_clock_manager.o [4]
hardware_init           0x00000f15   0x2c  Code  Gb  hardware_init.o [1]
init_data_bss           0x000027f1   0x7c  Code  Gb  startup.o [1]
llwuWakeupPins          0x1fffff00   0x10  Data  Gb  gpio_pins.o [1]
llwu_isr                0x00000be3    0xc  Code  Lc  low_power_rtc.o [1]
main                    0x00000ab9  0x12a  Code  Gb  low_power_rtc.o [1]
print_reset_source      0x00000cfd  0x10e  Code  Lc  low_power_rtc.o [1]
printf                  0x00000f59   0x24  Code  Gb  printf.o [3]
putchar                 0x0000304d   0x24  Code  Gb  putchar.o [3]
s_debugConsole          0x1fffff14   0x44  Data  Lc  fsl_debug_console.o [1]
s_rtcClkInFreq          0x1fffff5c    0x4  Data  Lc  fsl_clock_KL03Z4.o [4]
strlen                  0x00000951   0x10  Code  Gb  strlen.o [5]


[1] = E:\Project\IAR\MPC_backscatter\lab-Micro_power_consumption_backscatter\MAPS-KL03-KSDK_1.0.0\demos\low_power_rtc\iar\mapskl03\debug\obj
[2] = command line
[3] = dl6M_tln.a
[4] = ksdk_platform_lib.a
[5] = rt6M_tl.a
[6] = shb_l.a

  8 876 bytes of readonly  code memory
  3 684 bytes of readonly  data memory
    606 bytes of readwrite data memory

Errors: none
Warnings: none
