###############################################################################
#
# IAR ELF Linker V7.70.1.11437/W32 for ARM                14/Feb/2020  23:30:01
# Copyright 2007-2016 IAR Systems AB.
#
#    Output file  =  
#        E:\Project\IAR\MPC_backscatter\lab-Micro_power_consumption_backscatter\MAPS-KL03-KSDK_1.0.0\demos\low_power_rtc\iar\mapskl03\debug\low_power_rtc.out
#    Map file     =  
#        E:\Project\IAR\MPC_backscatter\lab-Micro_power_consumption_backscatter\MAPS-KL03-KSDK_1.0.0\demos\low_power_rtc\iar\mapskl03\debug\list\low_power_rtc.map
#    Command line =  
#        E:\Project\IAR\MPC_backscatter\lab-Micro_power_consumption_backscatter\MAPS-KL03-KSDK_1.0.0\demos\low_power_rtc\iar\mapskl03\debug\obj\fsl_debug_console.o
#        E:\Project\IAR\MPC_backscatter\lab-Micro_power_consumption_backscatter\MAPS-KL03-KSDK_1.0.0\demos\low_power_rtc\iar\mapskl03\debug\obj\gpio_pins.o
#        E:\Project\IAR\MPC_backscatter\lab-Micro_power_consumption_backscatter\MAPS-KL03-KSDK_1.0.0\demos\low_power_rtc\iar\mapskl03\debug\obj\hardware_init.o
#        E:\Project\IAR\MPC_backscatter\lab-Micro_power_consumption_backscatter\MAPS-KL03-KSDK_1.0.0\demos\low_power_rtc\iar\mapskl03\debug\obj\low_power_rtc.o
#        E:\Project\IAR\MPC_backscatter\lab-Micro_power_consumption_backscatter\MAPS-KL03-KSDK_1.0.0\demos\low_power_rtc\iar\mapskl03\debug\obj\pin_mux.o
#        E:\Project\IAR\MPC_backscatter\lab-Micro_power_consumption_backscatter\MAPS-KL03-KSDK_1.0.0\demos\low_power_rtc\iar\mapskl03\debug\obj\startup.o
#        E:\Project\IAR\MPC_backscatter\lab-Micro_power_consumption_backscatter\MAPS-KL03-KSDK_1.0.0\demos\low_power_rtc\iar\mapskl03\debug\obj\startup_MKL03Z4.o
#        E:\Project\IAR\MPC_backscatter\lab-Micro_power_consumption_backscatter\MAPS-KL03-KSDK_1.0.0\demos\low_power_rtc\iar\mapskl03\debug\obj\system_MKL03Z4.o
#        --redirect _Printf=_PrintfSmall --redirect _Scanf=_ScanfSmall -o
#        E:\Project\IAR\MPC_backscatter\lab-Micro_power_consumption_backscatter\MAPS-KL03-KSDK_1.0.0\demos\low_power_rtc\iar\mapskl03\debug\low_power_rtc.out
#        --map
#        E:\Project\IAR\MPC_backscatter\lab-Micro_power_consumption_backscatter\MAPS-KL03-KSDK_1.0.0\demos\low_power_rtc\iar\mapskl03\debug\list\low_power_rtc.map
#        --config
#        E:\Project\IAR\MPC_backscatter\lab-Micro_power_consumption_backscatter\MAPS-KL03-KSDK_1.0.0\demos\low_power_rtc\iar\mapskl03/../../../../platform/linker/iar/KL03Z4/KL03Z32xxx4_flash.icf
#        --semihosting
#        E:\Project\IAR\MPC_backscatter\lab-Micro_power_consumption_backscatter\MAPS-KL03-KSDK_1.0.0\demos\low_power_rtc\iar\mapskl03/../../../../lib/ksdk_platform_lib/iar/KL03Z4/debug/ksdk_platform_lib.a
#        --entry __iar_program_start --vfe
#
###############################################################################

*******************************************************************************
*** RUNTIME MODEL ATTRIBUTES
***

CppFlavor       = *
__Heap_Handler  = DLMalloc
__SystemLibrary = DLib


*******************************************************************************
*** PLACEMENT SUMMARY
***

"A0":  place at 0x00000000 { ro section .intvec };
"P1":  place in [from 0x00000400 to 0x0000040f] { section FlashConfig };
"P2":  place in [from 0x00000000 to 0x000000ff] |
                [from 0x00000410 to 0x00007fff] { ro };
"P3":  place in [from 0x1fffff00 to 0x200005ff] { rw, block CSTACK, block HEAP };
"P4":  place in [from 0x1fffff00 to 0x200005ff] { zi };
initialize by copy { rw, section .textrw };

  Section              Kind        Address    Size  Object
  -------              ----        -------    ----  ------
"A0":                                         0xc0
  .intvec              ro code  0x00000000    0xc0  startup_MKL03Z4.o [1]
                              - 0x000000c0    0xc0

"P2", part 1 of 2:                             0x0
  .rodata              const    0x000000c0     0x0  zero_init3.o [5]
  .rodata              const    0x000000c0     0x0  copy_init3.o [5]

"P1":                                         0x10
  FlashConfig          ro code  0x00000400    0x10  startup_MKL03Z4.o [1]
                              - 0x00000410    0x10

"P2", part 2 of 2:                          0x3ba4
  .text                ro code  0x00000410   0x7d0  low_power_rtc.o [1]
  .text                ro code  0x00000be0    0x24  ABIassert.o [6]
  .text                ro code  0x00000c04    0x80  fsl_sim_hal_KL03Z4.o [4]
  .text                ro code  0x00000c84    0x56  hardware_init.o [1]
  .rodata              const    0x00000cda     0x2  fsl_gpio_common.o [4]
  .text                ro code  0x00000cdc    0x24  printf.o [3]
  .text                ro code  0x00000d00   0x1e8  fsl_sim_hal.o [4]
  .text                ro code  0x00000ee8    0xb4  fsl_rtc_driver.o [4]
  .text                ro code  0x00000f9c    0x50  fsl_interrupt_manager.o [4]
  .text                ro code  0x00000fec   0x2e0  fsl_gpio_driver.o [4]
  .text                ro code  0x000012cc   0x16c  fsl_llwu_hal.o [4]
  .text                ro code  0x00001438    0x30  getchar.o [3]
  .text                ro code  0x00001468   0x21c  fsl_smc_hal.o [4]
  .text                ro code  0x00001684   0x1a8  fsl_debug_console.o [1]
  .text                ro code  0x0000182c   0x124  fsl_rcm_hal.o [4]
  .text                ro code  0x00001950     0xa  abort.o [3]
  .text                ro code  0x0000195a     0x2  startup_MKL03Z4.o [1]
  .text                ro code  0x0000195c    0x2c  fsl_clock_manager.o [4]
  .text                ro code  0x00001988    0xe0  pin_mux.o [1]
  .text                ro code  0x00001a68   0x52c  xprintfsmall.o [3]
  .text                ro code  0x00001f94   0x1e0  fsl_rtc_hal.o [4]
  .text                ro code  0x00002174    0x84  fsl_gpio_hal.o [4]
  .text                ro code  0x000021f8    0x34  fsl_debug_console.o [1]
  .text                ro code  0x0000222c   0x32e  fsl_lpuart_hal.o [4]
  .text                ro code  0x0000255a     0x2  startup_MKL03Z4.o [1]
  .text                ro code  0x0000255c   0x244  fsl_lpuart_driver.o [4]
  .text                ro code  0x000027a0    0x14  exit.o [6]
  .text                ro code  0x000027b4    0x14  strchr.o [5]
  .text                ro code  0x000027c8    0x10  strlen.o [5]
  .text                ro code  0x000027d8    0x18  memchr.o [5]
  .text                ro code  0x000027f0    0xe0  I32DivModFast.o [5]
  .text                ro code  0x000028d0    0x50  ABImemset.o [5]
  .text                ro code  0x00002920    0x34  fsl_os_abstraction_bm.o [4]
  .text                ro code  0x00002954   0x19c  fsl_clock_KL03Z4.o [4]
  .text                ro code  0x00002af0     0x2  IntDivZer.o [5]
  .text                ro code  0x00002af2     0x2  startup_MKL03Z4.o [1]
  .text                ro code  0x00002af4    0xec  fsl_mcglite_hal.o [4]
  .rodata              const    0x00002be0    0xbc  low_power_rtc.o [1]
  .rodata              const    0x00002c9c    0xac  low_power_rtc.o [1]
  .rodata              const    0x00002d48    0xac  pin_mux.o [1]
  .text                ro code  0x00002df4    0xa8  system_MKL03Z4.o [1]
  .rodata              const    0x00002e9c    0x94  fsl_lpuart_driver.o [4]
  .rodata              const    0x00002f30    0x94  fsl_gpio_driver.o [4]
  .rodata              const    0x00002fc4    0x84  fsl_gpio_driver.o [4]
  .text                ro code  0x00003048    0x7c  startup.o [1]
  .rodata              const    0x000030c4    0x6c  fsl_interrupt_manager.o [4]
  .rodata              const    0x00003130    0x64  fsl_lpuart_driver.o [4]
  .rodata              const    0x00003194    0x60  fsl_rtc_driver.o [4]
  .rodata              const    0x000031f4    0x5c  low_power_rtc.o [1]
  .rodata              const    0x00003250    0x5c  fsl_os_abstraction_bm.o [4]
  .rodata              const    0x000032ac    0x54  fsl_sim_hal.o [4]
  .rodata              const    0x00003300    0x54  fsl_llwu_hal.o [4]
  .rodata              const    0x00003354    0x54  fsl_rcm_hal.o [4]
  .rodata              const    0x000033a8    0x54  fsl_smc_hal.o [4]
  .rodata              const    0x000033fc    0x54  fsl_gpio_hal.o [4]
  .rodata              const    0x00003450    0x54  fsl_rtc_hal.o [4]
  .rodata              const    0x000034a4    0x50  low_power_rtc.o [1]
  .rodata              const    0x000034f4    0x50  low_power_rtc.o [1]
  .rodata              const    0x00003544    0x50  low_power_rtc.o [1]
  .rodata              const    0x00003594    0x40  low_power_rtc.o [1]
  .rodata              const    0x000035d4    0x40  low_power_rtc.o [1]
  .text                ro code  0x00003614    0x3c  zero_init3.o [5]
  .rodata              const    0x00003650    0x38  low_power_rtc.o [1]
  .rodata              const    0x00003688    0x34  low_power_rtc.o [1]
  .rodata              const    0x000036bc    0x34  low_power_rtc.o [1]
  .rodata              const    0x000036f0    0x34  low_power_rtc.o [1]
  .text                ro code  0x00003724    0x34  startup_MKL03Z4.o [1]
  .rodata              const    0x00003758    0x30  low_power_rtc.o [1]
  .rodata              const    0x00003788    0x30  fsl_llwu_hal.o [4]
  .text                ro code  0x000037b8    0x30  copy_init3.o [5]
  .rodata              const    0x000037e8    0x2c  low_power_rtc.o [1]
  .rodata              const    0x00003814    0x2c  low_power_rtc.o [1]
  .rodata              const    0x00003840    0x2c  low_power_rtc.o [1]
  .rodata              const    0x0000386c    0x2c  fsl_lpuart_driver.o [4]
  .rodata              const    0x00003898    0x2c  fsl_gpio_driver.o [4]
  .rodata              const    0x000038c4    0x2c  fsl_interrupt_manager.o [4]
  .rodata              const    0x000038f0    0x2c  fsl_interrupt_manager.o [4]
  .text                ro code  0x0000391c    0x28  data_init.o [5]
  .rodata              const    0x00003944    0x24  low_power_rtc.o [1]
  .rodata              const    0x00003968    0x24  low_power_rtc.o [1]
  .rodata              const    0x0000398c    0x24  low_power_rtc.o [1]
  .rodata              const    0x000039b0    0x24  low_power_rtc.o [1]
  .rodata              const    0x000039d4    0x24  fsl_lpuart_driver.o [4]
  .rodata              const    0x000039f8    0x24  fsl_lpuart_driver.o [4]
  .text                ro code  0x00003a1c    0x24  putchar.o [3]
  .iar.init_table      const    0x00003a40    0x24  - Linker created -
  .rodata              const    0x00003a64    0x20  low_power_rtc.o [1]
  .rodata              const    0x00003a84    0x20  low_power_rtc.o [1]
  .rodata              const    0x00003aa4    0x20  low_power_rtc.o [1]
  .rodata              const    0x00003ac4    0x20  fsl_sim_hal.o [4]
  .rodata              const    0x00003ae4    0x20  fsl_sim_hal.o [4]
  .rodata              const    0x00003b04    0x20  fsl_smc_hal.o [4]
  .data_init                    0x00003b24    0x20  <Block>
    Initializer bytes  const    0x00003b24    0x20  <for .data-1>
  .text                ro code  0x00003b44     0x2  startup_MKL03Z4.o [1]
  .rodata              const    0x00003b48    0x1c  low_power_rtc.o [1]
  .rodata              const    0x00003b64    0x1c  low_power_rtc.o [1]
  .rodata              const    0x00003b80    0x1c  low_power_rtc.o [1]
  .rodata              const    0x00003b9c    0x1c  low_power_rtc.o [1]
  .rodata              const    0x00003bb8    0x1c  low_power_rtc.o [1]
  .rodata              const    0x00003bd4    0x1c  fsl_rcm_hal.o [4]
  .rodata              const    0x00003bf0    0x1c  fsl_rtc_hal.o [4]
  .text                ro code  0x00003c0c    0x1a  cmain.o [5]
  .text                ro code  0x00003c26     0x4  low_level_init.o [3]
  .text                ro code  0x00003c2a     0x8  exit.o [3]
  .text                ro code  0x00003c32     0x2  startup_MKL03Z4.o [1]
  .text                ro code  0x00003c34     0xa  cexit.o [5]
  .text                ro code  0x00003c3e     0x2  startup_MKL03Z4.o [1]
  .rodata              const    0x00003c40    0x18  low_power_rtc.o [1]
  .rodata              const    0x00003c58    0x18  low_power_rtc.o [1]
  .rodata              const    0x00003c70    0x18  low_power_rtc.o [1]
  .rodata              const    0x00003c88    0x18  low_power_rtc.o [1]
  .rodata              const    0x00003ca0    0x18  low_power_rtc.o [1]
  .rodata              const    0x00003cb8    0x18  low_power_rtc.o [1]
  .rodata              const    0x00003cd0    0x18  low_power_rtc.o [1]
  .rodata              const    0x00003ce8    0x18  low_power_rtc.o [1]
  .rodata              const    0x00003d00    0x18  low_power_rtc.o [1]
  .rodata              const    0x00003d18    0x18  low_power_rtc.o [1]
  .rodata              const    0x00003d30    0x18  low_power_rtc.o [1]
  .rodata              const    0x00003d48    0x18  low_power_rtc.o [1]
  .rodata              const    0x00003d60    0x18  low_power_rtc.o [1]
  .rodata              const    0x00003d78    0x18  low_power_rtc.o [1]
  .rodata              const    0x00003d90    0x18  low_power_rtc.o [1]
  .text                ro code  0x00003da8    0x16  xprout.o [3]
  .rodata              const    0x00003dc0    0x14  low_power_rtc.o [1]
  .rodata              const    0x00003dd4    0x14  low_power_rtc.o [1]
  .rodata              const    0x00003de8    0x14  low_power_rtc.o [1]
  .rodata              const    0x00003dfc    0x14  low_power_rtc.o [1]
  .rodata              const    0x00003e10    0x14  low_power_rtc.o [1]
  .rodata              const    0x00003e24    0x14  low_power_rtc.o [1]
  .rodata              const    0x00003e38    0x14  low_power_rtc.o [1]
  .rodata              const    0x00003e4c    0x14  low_power_rtc.o [1]
  .rodata              const    0x00003e60    0x14  low_power_rtc.o [1]
  .rodata              const    0x00003e74    0x10  low_power_rtc.o [1]
  .rodata              const    0x00003e84    0x10  low_power_rtc.o [1]
  .rodata              const    0x00003e94    0x10  low_power_rtc.o [1]
  .rodata              const    0x00003ea4    0x10  low_power_rtc.o [1]
  .rodata              const    0x00003eb4    0x10  low_power_rtc.o [1]
  .rodata              const    0x00003ec4    0x10  low_power_rtc.o [1]
  .rodata              const    0x00003ed4    0x10  low_power_rtc.o [1]
  .rodata              const    0x00003ee4    0x10  fsl_lpuart_driver.o [4]
  .rodata              const    0x00003ef4    0x10  fsl_gpio_driver.o [4]
  .rodata              const    0x00003f04    0x10  fsl_rtc_hal.o [4]
  .rodata              const    0x00003f14    0x10  fsl_rtc_hal.o [4]
  .rodata              const    0x00003f24     0xc  low_power_rtc.o [1]
  .rodata              const    0x00003f30     0xc  pin_mux.o [1]
  .rodata              const    0x00003f3c     0xc  fsl_gpio_driver.o [4]
  .rodata              const    0x00003f48     0xc  fsl_rtc_driver.o [4]
  .rodata              const    0x00003f54     0xc  fsl_rtc_driver.o [4]
  .rodata              const    0x00003f60     0xc  fsl_gpio_hal.o [4]
  .rodata              const    0x00003f6c     0xc  fsl_rtc_hal.o [4]
  .text                ro code  0x00003f78     0xc  cstartup_M.o [5]
  .rodata              const    0x00003f84     0x8  fsl_gpio_common.o [4]
  .rodata              const    0x00003f8c     0x8  fsl_gpio_common.o [4]
  .rodata              const    0x00003f94     0x8  fsl_os_abstraction_bm.o [4]
  .rodata              const    0x00003f9c     0x8  fsl_rtc_hal.o [4]
  .rodata              const    0x00003fa4     0x4  fsl_lpuart_common.o [4]
  .rodata              const    0x00003fa8     0x4  fsl_clock_manager.o [4]
  .rodata              const    0x00003fac     0x4  fsl_clock_KL03Z4.o [4]
  .rodata              const    0x00003fb0     0x4  fsl_rtc_common.o [4]
                              - 0x00003fb4  0x3ba4

"P3-P4", part 1 of 3:                         0x20
  .data                         0x1fffff00    0x20  <Block>
    .data-1                     0x1fffff00    0x1d  <Init block>
      .data            inited   0x1fffff00    0x18  gpio_pins.o [1]
      .data            inited   0x1fffff18     0x4  getchar.o [3]
      .data            inited   0x1fffff1c     0x1  fsl_lpuart_common.o [4]
                              - 0x1fffff20    0x20

"P3-P4", part 2 of 3:                         0x5c
  .bss                          0x1fffff20    0x5c  <Block>
    .bss               zero     0x1fffff20    0x44  fsl_debug_console.o [1]
    .bss               zero     0x1fffff64     0xc  low_power_rtc.o [1]
    .bss               zero     0x1fffff70     0x4  fsl_lpuart_common.o [4]
    .bss               zero     0x1fffff74     0x4  fsl_clock_KL03Z4.o [4]
    .bss               zero     0x1fffff78     0x1  low_power_rtc.o [1]
                              - 0x1fffff7c    0x5c

"P3-P4", part 3 of 3:                        0x200
  CSTACK                        0x1fffff80   0x200  <Block>
    CSTACK             uninit   0x1fffff80   0x200  <Block tail>
                              - 0x20000180   0x200


*******************************************************************************
*** INIT TABLE
***

          Address     Size
          -------     ----
Zero (__iar_zero_init3)
    1 destination range, total size 0x59:
          0x1fffff20  0x59

Copy (__iar_copy_init3)
    1 source range, total size 0x20 (110% of destination):
          0x00003b24  0x20
    1 destination range, total size 0x1d:
          0x1fffff00  0x1d



*******************************************************************************
*** MODULE SUMMARY
***

    Module                   ro code  ro data  rw data
    ------                   -------  -------  -------
E:\Project\IAR\MPC_backscatter\lab-Micro_power_consumption_backscatter\MAPS-KL03-KSDK_1.0.0\demos\low_power_rtc\iar\mapskl03\debug\obj: [1]
    fsl_debug_console.o          476                68
    gpio_pins.o                            24       24
    hardware_init.o               86
    low_power_rtc.o            2 000    2 256       13
    pin_mux.o                    224      184
    startup.o                    124
    startup_MKL03Z4.o            272
    system_MKL03Z4.o             168
    --------------------------------------------------
    Total:                     3 350    2 464      105

command line: [2]
    --------------------------------------------------
    Total:

dl6M_tln.a: [3]
    abort.o                       10
    exit.o                         8
    getchar.o                     48        4        4
    low_level_init.o               4
    printf.o                      36
    putchar.o                     36
    xprintfsmall.o             1 324
    xprout.o                      22
    --------------------------------------------------
    Total:                     1 488        4        4

ksdk_platform_lib.a: [4]
    fsl_clock_KL03Z4.o           412        4        4
    fsl_clock_manager.o           44        4
    fsl_gpio_common.o                      18
    fsl_gpio_driver.o            736      352
    fsl_gpio_hal.o               132       96
    fsl_interrupt_manager.o       80      196
    fsl_llwu_hal.o               364      132
    fsl_lpuart_common.o                     5        5
    fsl_lpuart_driver.o          580      380
    fsl_lpuart_hal.o             814
    fsl_mcglite_hal.o            236
    fsl_os_abstraction_bm.o       52      100
    fsl_rcm_hal.o                292      112
    fsl_rtc_common.o                        4
    fsl_rtc_driver.o             180      120
    fsl_rtc_hal.o                480      164
    fsl_sim_hal.o                488      148
    fsl_sim_hal_KL03Z4.o         128
    fsl_smc_hal.o                540      116
    --------------------------------------------------
    Total:                     5 558    1 951        9

rt6M_tl.a: [5]
    ABImemset.o                   80
    I32DivModFast.o              224
    IntDivZer.o                    2
    cexit.o                       10
    cmain.o                       26
    copy_init3.o                  48
    cstartup_M.o                  12
    data_init.o                   40
    memchr.o                      24
    strchr.o                      20
    strlen.o                      16
    zero_init3.o                  60
    --------------------------------------------------
    Total:                       562

shb_l.a: [6]
    ABIassert.o                   36
    exit.o                        20
    --------------------------------------------------
    Total:                        56

    Gaps                                    4
    Linker created                         39      512
------------------------------------------------------
    Grand Total:              11 014    4 462      630


*******************************************************************************
*** ENTRY LIST
***

Entry                      Address   Size  Type      Object
-----                      -------   ----  ----      ------
.bss$$Base              0x1fffff20          --   Gb  - Linker created -
.bss$$Limit             0x1fffff7c          --   Gb  - Linker created -
.data$$Base             0x1fffff00          --   Gb  - Linker created -
.data$$Limit            0x1fffff20          --   Gb  - Linker created -
.data_init$$Base        0x00003b24          --   Gb  - Linker created -
.data_init$$Limit       0x00003b44          --   Gb  - Linker created -
.iar.init_table$$Base   0x00003a40          --   Gb  - Linker created -
.iar.init_table$$Limit  0x00003a64          --   Gb  - Linker created -
?main                   0x00003c0d         Code  Gb  cmain.o [5]
CLOCK_HAL_GetClkSrcStat
                        0x00002b35    0xc  Code  Lc  fsl_mcglite_hal.o [4]
CLOCK_HAL_GetDivider    0x00000e57   0x60  Code  Gb  fsl_sim_hal.o [4]
CLOCK_HAL_GetInternalRefClk
                        0x00002b65   0x20  Code  Gb  fsl_mcglite_hal.o [4]
CLOCK_HAL_GetLircClk    0x00002b41   0x24  Code  Gb  fsl_mcglite_hal.o [4]
CLOCK_HAL_GetLircCmd    0x00002b1b   0x1a  Code  Lc  fsl_mcglite_hal.o [4]
CLOCK_HAL_GetLircDiv2   0x00002b0f    0xc  Code  Lc  fsl_mcglite_hal.o [4]
CLOCK_HAL_GetLircRefDiv
                        0x00002b03    0xc  Code  Lc  fsl_mcglite_hal.o [4]
CLOCK_HAL_GetLircSelMode
                        0x00002af5    0xe  Code  Lc  fsl_mcglite_hal.o [4]
CLOCK_HAL_GetOutClk     0x00002b85   0x42  Code  Gb  fsl_mcglite_hal.o [4]
CLOCK_HAL_GetSource     0x00000da1   0x94  Code  Gb  fsl_sim_hal.o [4]
CLOCK_HAL_SetOutDividers
                        0x00000e35   0x22  Code  Gb  fsl_sim_hal.o [4]
CLOCK_HAL_SetSource     0x00000d01   0xa0  Code  Gb  fsl_sim_hal.o [4]
CLOCK_SYS_DisableLpuartClock
                        0x000025e3   0x10  Code  Lc  fsl_lpuart_driver.o [4]
CLOCK_SYS_EnableLpuartClock
                        0x000025d3   0x10  Code  Lc  fsl_lpuart_driver.o [4]
CLOCK_SYS_EnablePortClock
                        0x00000c85    0xe  Code  Lc  hardware_init.o [1]
CLOCK_SYS_EnablePortClock
                        0x0000113b   0x10  Code  Lc  fsl_gpio_driver.o [4]
CLOCK_SYS_EnableRtcClock
                        0x00000481    0xe  Code  Lc  low_power_rtc.o [1]
CLOCK_SYS_GetFreq       0x00002955  0x12c  Code  Gb  fsl_clock_KL03Z4.o [4]
CLOCK_SYS_GetLpuartFreq
                        0x00002a81   0x5a  Code  Gb  fsl_clock_KL03Z4.o [4]
CLOCK_SYS_SetSource     0x0000195d   0x26  Code  Gb  fsl_clock_manager.o [4]
CSTACK$$Base            0x1fffff80          --   Gb  - Linker created -
CSTACK$$Limit           0x20000180          --   Gb  - Linker created -
DbgConsole_DeInit       0x000017a5   0x2c  Code  Gb  fsl_debug_console.o [1]
DbgConsole_Init         0x0000173f   0x66  Code  Gb  fsl_debug_console.o [1]
GPIO_DRV_ClearPinIntFlag
                        0x00001295   0x1c  Code  Gb  fsl_gpio_driver.o [4]
GPIO_DRV_Init           0x00001189   0x38  Code  Gb  fsl_gpio_driver.o [4]
GPIO_DRV_InputPinInit   0x000011c1   0x70  Code  Gb  fsl_gpio_driver.o [4]
GPIO_DRV_OutputPinInit  0x0000123d   0x50  Code  Gb  fsl_gpio_driver.o [4]
GPIO_HAL_SetPinDir      0x00002175   0x46  Code  Gb  fsl_gpio_hal.o [4]
GPIO_HAL_WritePinOutput
                        0x000021bb   0x36  Code  Gb  fsl_gpio_hal.o [4]
INT_SYS_DisableIRQ      0x00002629   0x36  Code  Lc  fsl_lpuart_driver.o [4]
INT_SYS_EnableIRQ       0x0000044b   0x36  Code  Lc  low_power_rtc.o [1]
INT_SYS_EnableIRQ       0x000025f3   0x36  Code  Lc  fsl_lpuart_driver.o [4]
INT_SYS_EnableIRQ       0x0000114b   0x36  Code  Lc  fsl_gpio_driver.o [4]
INT_SYS_InstallHandler  0x00000f9d   0x40  Code  Gb  fsl_interrupt_manager.o [4]
LLWU_HAL_ClearExternalPinWakeupFlag
                        0x00001379   0xb8  Code  Gb  fsl_llwu_hal.o [4]
LLWU_HAL_SetExternalInputPinMode
                        0x000012cd   0x94  Code  Gb  fsl_llwu_hal.o [4]
LPUART_DRV_Deinit       0x00002723   0x4e  Code  Gb  fsl_lpuart_driver.o [4]
LPUART_DRV_Init         0x0000265f   0xc4  Code  Gb  fsl_lpuart_driver.o [4]
LPUART_DRV_ReceivePollBlocking
                        0x000016f7   0x48  Code  Lc  fsl_debug_console.o [1]
LPUART_DRV_SendPollBlocking
                        0x000016c1   0x36  Code  Lc  fsl_debug_console.o [1]
LPUART_HAL_ClearStatusFlag
                        0x00002431  0x118  Code  Gb  fsl_lpuart_hal.o [4]
LPUART_HAL_DisableReceiver
                        0x0000259b   0x10  Code  Lc  fsl_lpuart_driver.o [4]
LPUART_HAL_DisableTransmitter
                        0x00002579   0x10  Code  Lc  fsl_lpuart_driver.o [4]
LPUART_HAL_EnableReceiver
                        0x00002589   0x12  Code  Lc  fsl_lpuart_driver.o [4]
LPUART_HAL_EnableTransmitter
                        0x000023a3   0x18  Code  Gb  fsl_lpuart_hal.o [4]
LPUART_HAL_GetStatusFlag
                        0x000023bb   0x76  Code  Gb  fsl_lpuart_hal.o [4]
LPUART_HAL_Getchar      0x00002551    0xa  Code  Gb  fsl_lpuart_hal.o [4]
LPUART_HAL_Init         0x0000222d   0x1e  Code  Gb  fsl_lpuart_hal.o [4]
LPUART_HAL_IsRxDataRegFull
                        0x000016a7   0x1a  Code  Lc  fsl_debug_console.o [1]
LPUART_HAL_IsTxComplete
                        0x000025b9   0x1a  Code  Lc  fsl_lpuart_driver.o [4]
LPUART_HAL_IsTxDataRegEmpty
                        0x0000168d   0x1a  Code  Lc  fsl_debug_console.o [1]
LPUART_HAL_Putchar      0x00001685    0x8  Code  Lc  fsl_debug_console.o [1]
LPUART_HAL_SetBaudRate  0x00002255   0xe0  Code  Gb  fsl_lpuart_hal.o [4]
LPUART_HAL_SetBitCountPerChar
                        0x00002335   0x32  Code  Gb  fsl_lpuart_hal.o [4]
LPUART_HAL_SetParityMode
                        0x00002367   0x3c  Code  Gb  fsl_lpuart_hal.o [4]
LPUART_HAL_SetStopBitCount
                        0x000025ab    0xe  Code  Lc  fsl_lpuart_driver.o [4]
LY                      0x00003f14   0x10  Data  Lc  fsl_rtc_hal.o [4]
LoadInt                 0x00001e21   0x4c  Code  Lc  xprintfsmall.o [3]
MONTH_DAYS              0x00003bf0   0x1c  Data  Lc  fsl_rtc_hal.o [4]
NVIC_DisableIRQ         0x0000256b    0xe  Code  Lc  fsl_lpuart_driver.o [4]
NVIC_EnableIRQ          0x00000411    0xe  Code  Lc  low_power_rtc.o [1]
NVIC_EnableIRQ          0x0000255d    0xe  Code  Lc  fsl_lpuart_driver.o [4]
NVIC_EnableIRQ          0x00000fed    0xe  Code  Lc  fsl_gpio_driver.o [4]
OSA_SemaCreate          0x00002921   0x2a  Code  Gb  fsl_os_abstraction_bm.o [4]
PMC_HAL_GetRegulatorStatus
                        0x000004eb    0xe  Code  Lc  low_power_rtc.o [1]
PORT_HAL_ClearPinIntFlag
                        0x0000110d   0x2e  Code  Lc  fsl_gpio_driver.o [4]
PORT_HAL_SetDriveStrengthMode
                        0x000010b1   0x2e  Code  Lc  fsl_gpio_driver.o [4]
PORT_HAL_SetMuxMode     0x0000041f   0x2c  Code  Lc  low_power_rtc.o [1]
PORT_HAL_SetMuxMode     0x00001989   0x2c  Code  Lc  pin_mux.o [1]
PORT_HAL_SetPassiveFilterCmd
                        0x00001083   0x2e  Code  Lc  fsl_gpio_driver.o [4]
PORT_HAL_SetPinIntMode  0x000010df   0x2e  Code  Lc  fsl_gpio_driver.o [4]
PORT_HAL_SetPullCmd     0x00001027   0x2e  Code  Lc  fsl_gpio_driver.o [4]
PORT_HAL_SetPullMode    0x00000ffb   0x2c  Code  Lc  fsl_gpio_driver.o [4]
PORT_HAL_SetSlewRateMode
                        0x00001055   0x2e  Code  Lc  fsl_gpio_driver.o [4]
RCM_HAL_GetSrcStatusCmd
                        0x0000182d  0x11c  Code  Gb  fsl_rcm_hal.o [4]
RTC_DRV_SetAlarm        0x00000f37   0x56  Code  Gb  fsl_rtc_driver.o [4]
RTC_DRV_SetDatetime     0x00000eff   0x38  Code  Gb  fsl_rtc_driver.o [4]
RTC_HAL_ConvertDatetimeToSecs
                        0x00002049   0x70  Code  Gb  fsl_rtc_hal.o [4]
RTC_HAL_EnableCounter   0x000004c1   0x10  Code  Lc  low_power_rtc.o [1]
RTC_HAL_EnableCounter   0x00001fad   0x16  Code  Lc  fsl_rtc_hal.o [4]
RTC_HAL_GetSecsReg      0x00001f95    0x4  Code  Lc  fsl_rtc_hal.o [4]
RTC_HAL_HasAlarmOccured
                        0x000004d1   0x1a  Code  Lc  low_power_rtc.o [1]
RTC_HAL_IsDatetimeCorrectFormat
                        0x00001fc3   0x86  Code  Gb  fsl_rtc_hal.o [4]
RTC_HAL_SetAlarm        0x00002109   0x42  Code  Gb  fsl_rtc_hal.o [4]
RTC_HAL_SetAlarmIntCmd  0x00000ee9   0x16  Code  Lc  fsl_rtc_driver.o [4]
RTC_HAL_SetAlarmReg     0x00001fa5    0x8  Code  Lc  fsl_rtc_hal.o [4]
RTC_HAL_SetDatetime     0x000020b9   0x2c  Code  Gb  fsl_rtc_hal.o [4]
RTC_HAL_SetDatetimeInsecs
                        0x000020e5   0x20  Code  Gb  fsl_rtc_hal.o [4]
RTC_HAL_SetOscillatorCmd
                        0x000004b1   0x10  Code  Lc  low_power_rtc.o [1]
RTC_HAL_SetSecsReg      0x00001f99    0xc  Code  Lc  fsl_rtc_hal.o [4]
Region$$Table$$Base     0x00003a40          --   Gb  - Linker created -
Region$$Table$$Limit    0x00003a64          --   Gb  - Linker created -
SIM_HAL_DisableLpuartClock
                        0x00000c6b   0x14  Code  Gb  fsl_sim_hal_KL03Z4.o [4]
SIM_HAL_EnableLpuartClock
                        0x00000c55   0x16  Code  Gb  fsl_sim_hal_KL03Z4.o [4]
SIM_HAL_EnablePortClock
                        0x00000c05   0x32  Code  Gb  fsl_sim_hal_KL03Z4.o [4]
SIM_HAL_EnableRtcClock  0x00000c37   0x16  Code  Gb  fsl_sim_hal_KL03Z4.o [4]
SMC_HAL_GetStat         0x00001663    0xc  Code  Gb  fsl_smc_hal.o [4]
SMC_HAL_GetStopMode     0x0000160f    0xc  Code  Gb  fsl_smc_hal.o [4]
SMC_HAL_GetStopSubMode  0x00001627    0xc  Code  Gb  fsl_smc_hal.o [4]
SMC_HAL_SetMode         0x00001469  0x188  Code  Gb  fsl_smc_hal.o [4]
SMC_HAL_SetPorMode      0x0000163d   0x14  Code  Gb  fsl_smc_hal.o [4]
SMC_HAL_SetPstopMode    0x00001651   0x12  Code  Gb  fsl_smc_hal.o [4]
SMC_HAL_SetRunMode      0x000015f1   0x12  Code  Gb  fsl_smc_hal.o [4]
SMC_HAL_SetStopMode     0x00001603    0xc  Code  Gb  fsl_smc_hal.o [4]
SMC_HAL_SetStopSubMode  0x0000161b    0xc  Code  Gb  fsl_smc_hal.o [4]
SystemInit              0x00002df5   0x70  Code  Gb  system_MKL03Z4.o [1]
ULY                     0x00003f04   0x10  Data  Lc  fsl_rtc_hal.o [4]
_LitobSmall             0x00001e6d   0xf2  Code  Lc  xprintfsmall.o [3]
_PrintfSmall            0x00001a69  0x3ac  Code  Gb  xprintfsmall.o [3]
_Prout                  0x00003da9   0x16  Code  Gb  xprout.o [3]
_PutcharsSmall          0x00001f65   0x30  Code  Lc  xprintfsmall.o [3]
_UngetChar              0x1fffff18    0x4  Data  Lc  getchar.o [3]
__VECTOR_RAM {Abs}      0x1ffffe00         Data  Gb  command line/config [2]
__VECTOR_TABLE {Abs}    0x00000000         Data  Gb  command line/config [2]
__Vectors               0x00000000          --   Gb  startup_MKL03Z4.o [1]
__Vectors_End           0x000000c0         Data  Gb  startup_MKL03Z4.o [1]
__Vectors_Size {Abs}    0x000000c0          --   Gb  startup_MKL03Z4.o [1]
__aeabi_assert          0x00000be1   0x24  Code  Gb  ABIassert.o [6]
__aeabi_idiv            0x0000281d         Code  Gb  I32DivModFast.o [5]
__aeabi_idiv0           0x00002af1         Code  Gb  IntDivZer.o [5]
__aeabi_idivmod         0x0000281d         Code  Gb  I32DivModFast.o [5]
__aeabi_memset          0x000028d1         Code  Gb  ABImemset.o [5]
__aeabi_uidiv           0x00002823         Code  Gb  I32DivModFast.o [5]
__aeabi_uidivmod        0x00002823         Code  Gb  I32DivModFast.o [5]
__cmain                 0x00003c0d         Code  Gb  cmain.o [5]
__exit                  0x000027a1   0x14  Code  Gb  exit.o [6]
__iar_Memchr            0x000027d9   0x18  Code  Gb  memchr.o [5]
__iar_Memset4_word      0x000028f1         Code  Gb  ABImemset.o [5]
__iar_Memset_word       0x000028dd         Code  Gb  ABImemset.o [5]
__iar_Strchr            0x000027b5   0x14  Code  Gb  strchr.o [5]
__iar_copy_init3        0x000037b9   0x30  Code  Gb  copy_init3.o [5]
__iar_data_init3        0x0000391d   0x28  Code  Gb  data_init.o [5]
__iar_program_start     0x00003f79         Code  Gb  cstartup_M.o [5]
__iar_zero_init3        0x00003615   0x3c  Code  Gb  zero_init3.o [5]
__low_level_init        0x00003c27    0x4  Code  Gb  low_level_init.o [3]
__read                  0x000021f9   0x34  Code  Wk  fsl_debug_console.o [1]
__vector_table          0x00000000         Data  Gb  startup_MKL03Z4.o [1]
__vector_table_0x1c     0x0000001c         Data  Gb  startup_MKL03Z4.o [1]
__write                 0x000017ed   0x40  Code  Wk  fsl_debug_console.o [1]
_call_main              0x00003c19         Code  Gb  cmain.o [5]
_exit                   0x00003c35         Code  Gb  cexit.o [5]
_main                   0x00003c23         Code  Gb  cmain.o [5]
abort                   0x00001951    0xa  Code  Gb  abort.o [3]
configure_gpio_pins     0x000019b5   0x46  Code  Gb  pin_mux.o [1]
configure_uart_pins     0x000019fb   0x5e  Code  Gb  pin_mux.o [1]
dbg_uart_init           0x00000cc5   0x16  Code  Gb  hardware_init.o [1]
enter_stop              0x00000911   0x24  Code  Lc  low_power_rtc.o [1]
enter_vllsx             0x00000935   0x22  Code  Lc  low_power_rtc.o [1]
enter_vlpr              0x00000969   0x66  Code  Lc  low_power_rtc.o [1]
enter_vlps              0x000009f5   0x20  Code  Lc  low_power_rtc.o [1]
enter_wait              0x000009d5   0x18  Code  Lc  low_power_rtc.o [1]
exit                    0x00003c2b    0x8  Code  Gb  exit.o [3]
g_gpioBaseAddr          0x00003f84    0x8  Data  Gb  fsl_gpio_common.o [4]
g_lpuartBaseAddr        0x00003fa4    0x4  Data  Gb  fsl_lpuart_common.o [4]
g_lpuartRxTxIrqId       0x1fffff1c    0x1  Data  Gb  fsl_lpuart_common.o [4]
g_lpuartStatePtr        0x1fffff70    0x4  Data  Gb  fsl_lpuart_common.o [4]
g_mcgBaseAddr           0x00003fac    0x4  Data  Gb  fsl_clock_KL03Z4.o [4]
g_portBaseAddr          0x00003f8c    0x8  Data  Gb  fsl_gpio_common.o [4]
g_portIrqId             0x00000cda    0x2  Data  Gb  fsl_gpio_common.o [4]
g_rtcBaseAddr           0x00003fb0    0x4  Data  Gb  fsl_rtc_common.o [4]
g_simBaseAddr           0x00003fa8    0x4  Data  Gb  fsl_clock_manager.o [4]
getchar                 0x00001439   0x2c  Code  Gb  getchar.o [3]
hardware_init           0x00000c99   0x2c  Code  Gb  hardware_init.o [1]
init_data_bss           0x00003049   0x7c  Code  Gb  startup.o [1]
llwuWakeupPins          0x1fffff00   0x18  Data  Gb  gpio_pins.o [1]
llwu_isr                0x000008ef    0xc  Code  Lc  low_power_rtc.o [1]
main                    0x000004f9  0x39c  Code  Gb  low_power_rtc.o [1]
porta_isr               0x000008e5    0xa  Code  Lc  low_power_rtc.o [1]
portb_isr               0x000008d9    0xc  Code  Lc  low_power_rtc.o [1]
print_reset_source      0x00000a4d  0x10e  Code  Lc  low_power_rtc.o [1]
printf                  0x00000cdd   0x24  Code  Gb  printf.o [3]
putchar                 0x00003a1d   0x24  Code  Gb  putchar.o [3]
rtcDatetime_alarm       0x1fffff64    0xc  Data  Lc  low_power_rtc.o [1]
rtc_alarm_isr           0x00000b61   0x2c  Code  Lc  low_power_rtc.o [1]
rtc_enable              0x1fffff78    0x1  Data  Lc  low_power_rtc.o [1]
s_debugConsole          0x1fffff20   0x44  Data  Lc  fsl_debug_console.o [1]
s_rtcClkInFreq          0x1fffff74    0x4  Data  Lc  fsl_clock_KL03Z4.o [4]
strlen                  0x000027c9   0x10  Code  Gb  strlen.o [5]


[1] = E:\Project\IAR\MPC_backscatter\lab-Micro_power_consumption_backscatter\MAPS-KL03-KSDK_1.0.0\demos\low_power_rtc\iar\mapskl03\debug\obj
[2] = command line
[3] = dl6M_tln.a
[4] = ksdk_platform_lib.a
[5] = rt6M_tl.a
[6] = shb_l.a

  11 014 bytes of readonly  code memory
   4 462 bytes of readonly  data memory
     630 bytes of readwrite data memory

Errors: none
Warnings: none
