Archive member included because of file (symbol)

f:/other_software/kinetisdesignstudio/toolchain/bin/../lib/gcc/arm-none-eabi/4.8.4/../../../../arm-none-eabi/lib/armv6-m\libg_s.a(lib_a-exit.o)
                              f:/other_software/kinetisdesignstudio/toolchain/bin/../lib/gcc/arm-none-eabi/4.8.4/../../../../arm-none-eabi/lib/armv6-m/crt0.o (exit)
f:/other_software/kinetisdesignstudio/toolchain/bin/../lib/gcc/arm-none-eabi/4.8.4/../../../../arm-none-eabi/lib/armv6-m\libg_s.a(lib_a-impure.o)
                              f:/other_software/kinetisdesignstudio/toolchain/bin/../lib/gcc/arm-none-eabi/4.8.4/../../../../arm-none-eabi/lib/armv6-m\libg_s.a(lib_a-exit.o) (_global_impure_ptr)
f:/other_software/kinetisdesignstudio/toolchain/bin/../lib/gcc/arm-none-eabi/4.8.4/../../../../arm-none-eabi/lib/armv6-m\libg_s.a(lib_a-init.o)
                              f:/other_software/kinetisdesignstudio/toolchain/bin/../lib/gcc/arm-none-eabi/4.8.4/../../../../arm-none-eabi/lib/armv6-m/crt0.o (__libc_init_array)
f:/other_software/kinetisdesignstudio/toolchain/bin/../lib/gcc/arm-none-eabi/4.8.4/../../../../arm-none-eabi/lib/armv6-m\libg_s.a(lib_a-memcpy-stub.o)
                              ./drivers/fsl_flash.o (memcpy)
f:/other_software/kinetisdesignstudio/toolchain/bin/../lib/gcc/arm-none-eabi/4.8.4/../../../../arm-none-eabi/lib/armv6-m\libg_s.a(lib_a-memset.o)
                              f:/other_software/kinetisdesignstudio/toolchain/bin/../lib/gcc/arm-none-eabi/4.8.4/../../../../arm-none-eabi/lib/armv6-m/crt0.o (memset)
f:/other_software/kinetisdesignstudio/toolchain/bin/../lib/gcc/arm-none-eabi/4.8.4/../../../../arm-none-eabi/lib/armv6-m\libg_s.a(lib_a-strlen.o)
                              ./utilities/fsl_str.o (strlen)
f:/other_software/kinetisdesignstudio/toolchain/bin/../lib/gcc/arm-none-eabi/4.8.4/armv6-m\libgcc.a(_thumb1_case_uqi.o)
                              ./drivers/fsl_clock.o (__gnu_thumb1_case_uqi)
f:/other_software/kinetisdesignstudio/toolchain/bin/../lib/gcc/arm-none-eabi/4.8.4/armv6-m\libgcc.a(_udivsi3.o)
                              ./utilities/fsl_str.o (__aeabi_uidiv)
f:/other_software/kinetisdesignstudio/toolchain/bin/../lib/gcc/arm-none-eabi/4.8.4/armv6-m\libgcc.a(_divsi3.o)
                              ./utilities/fsl_str.o (__aeabi_idiv)
f:/other_software/kinetisdesignstudio/toolchain/bin/../lib/gcc/arm-none-eabi/4.8.4/armv6-m\libgcc.a(_dvmd_tls.o)
                              f:/other_software/kinetisdesignstudio/toolchain/bin/../lib/gcc/arm-none-eabi/4.8.4/armv6-m\libgcc.a(_udivsi3.o) (__aeabi_idiv0)
f:/other_software/kinetisdesignstudio/toolchain/bin/../lib/gcc/arm-none-eabi/4.8.4/../../../../arm-none-eabi/lib/armv6-m\libnosys.a(_exit.o)
                              f:/other_software/kinetisdesignstudio/toolchain/bin/../lib/gcc/arm-none-eabi/4.8.4/../../../../arm-none-eabi/lib/armv6-m\libg_s.a(lib_a-exit.o) (_exit)

Discarded input sections

 .text          0x00000000        0x0 f:/other_software/kinetisdesignstudio/toolchain/bin/../lib/gcc/arm-none-eabi/4.8.4/armv6-m/crti.o
 .data          0x00000000        0x0 f:/other_software/kinetisdesignstudio/toolchain/bin/../lib/gcc/arm-none-eabi/4.8.4/armv6-m/crti.o
 .bss           0x00000000        0x0 f:/other_software/kinetisdesignstudio/toolchain/bin/../lib/gcc/arm-none-eabi/4.8.4/armv6-m/crti.o
 .data          0x00000000        0x4 f:/other_software/kinetisdesignstudio/toolchain/bin/../lib/gcc/arm-none-eabi/4.8.4/armv6-m/crtbegin.o
 .data          0x00000000        0x0 f:/other_software/kinetisdesignstudio/toolchain/bin/../lib/gcc/arm-none-eabi/4.8.4/../../../../arm-none-eabi/lib/armv6-m/crt0.o
 .bss           0x00000000        0x0 f:/other_software/kinetisdesignstudio/toolchain/bin/../lib/gcc/arm-none-eabi/4.8.4/../../../../arm-none-eabi/lib/armv6-m/crt0.o
 .ARM.extab     0x00000000        0x0 f:/other_software/kinetisdesignstudio/toolchain/bin/../lib/gcc/arm-none-eabi/4.8.4/../../../../arm-none-eabi/lib/armv6-m/crt0.o
 .text          0x00000000        0x0 ./utilities/fsl_assert.o
 .data          0x00000000        0x0 ./utilities/fsl_assert.o
 .bss           0x00000000        0x0 ./utilities/fsl_assert.o
 .comment       0x00000000       0x71 ./utilities/fsl_assert.o
 .ARM.attributes
                0x00000000       0x32 ./utilities/fsl_assert.o
 .text          0x00000000        0x0 ./utilities/fsl_debug_console.o
 .data          0x00000000        0x0 ./utilities/fsl_debug_console.o
 .bss           0x00000000        0x0 ./utilities/fsl_debug_console.o
 .text.DbgConsole_Deinit
                0x00000000        0xa ./utilities/fsl_debug_console.o
 .text.DbgConsole_Flush
                0x00000000        0x8 ./utilities/fsl_debug_console.o
 .text.DbgConsole_Scanf
                0x00000000       0x32 ./utilities/fsl_debug_console.o
 .text._write   0x00000000       0x20 ./utilities/fsl_debug_console.o
 .text._read    0x00000000       0x16 ./utilities/fsl_debug_console.o
 .text          0x00000000        0x0 ./utilities/fsl_io.o
 .data          0x00000000        0x0 ./utilities/fsl_io.o
 .bss           0x00000000        0x0 ./utilities/fsl_io.o
 .text.IO_Deinit
                0x00000000       0x20 ./utilities/fsl_io.o
 .text.IO_WaitIdle
                0x00000000       0x20 ./utilities/fsl_io.o
 .text          0x00000000        0x0 ./utilities/fsl_log.o
 .data          0x00000000        0x0 ./utilities/fsl_log.o
 .bss           0x00000000        0x0 ./utilities/fsl_log.o
 .text.LOG_Deinit
                0x00000000        0x8 ./utilities/fsl_log.o
 .text.LOG_WaitIdle
                0x00000000        0xa ./utilities/fsl_log.o
 .text.LOG_ReadLine
                0x00000000       0x4e ./utilities/fsl_log.o
 .text          0x00000000        0x0 ./utilities/fsl_str.o
 .data          0x00000000        0x0 ./utilities/fsl_str.o
 .bss           0x00000000        0x0 ./utilities/fsl_str.o
 .text.ScanIgnoreWhiteSpace
                0x00000000       0x22 ./utilities/fsl_str.o
 .text.StrFormatScanf
                0x00000000      0x28c ./utilities/fsl_str.o
 .data          0x00000000        0x0 ./startup/startup_MKL03Z4.o
 .bss           0x00000000        0x0 ./startup/startup_MKL03Z4.o
 .text          0x00000000        0x0 ./startup/system_MKL03Z4.o
 .data          0x00000000        0x0 ./startup/system_MKL03Z4.o
 .bss           0x00000000        0x0 ./startup/system_MKL03Z4.o
 .text.SystemCoreClockUpdate
                0x00000000       0x64 ./startup/system_MKL03Z4.o
 .text          0x00000000        0x0 ./source/hello_world.o
 .data          0x00000000        0x0 ./source/hello_world.o
 .bss           0x00000000        0x0 ./source/hello_world.o
 .text          0x00000000        0x0 ./drivers/fsl_clock.o
 .data          0x00000000        0x0 ./drivers/fsl_clock.o
 .bss           0x00000000        0x0 ./drivers/fsl_clock.o
 .text.CLOCK_GetOsc0ErClkFreq
                0x00000000       0x1c ./drivers/fsl_clock.o
 .text.CLOCK_GetEr32kClkFreq
                0x00000000       0x44 ./drivers/fsl_clock.o
 .text.CLOCK_GetInternalRefClkFreq
                0x00000000       0x24 ./drivers/fsl_clock.o
 .text.CLOCK_GetPeriphClkFreq
                0x00000000       0x24 ./drivers/fsl_clock.o
 .text.CLOCK_GetPlatClkFreq
                0x00000000       0x20 ./drivers/fsl_clock.o
 .text.CLOCK_GetFlashClkFreq
                0x00000000       0x2c ./drivers/fsl_clock.o
 .text.CLOCK_GetBusClkFreq
                0x00000000       0x2c ./drivers/fsl_clock.o
 .text.CLOCK_GetFreq
                0x00000000       0x70 ./drivers/fsl_clock.o
 .text.CLOCK_GetMode
                0x00000000       0x30 ./drivers/fsl_clock.o
 .text.CLOCK_InitOsc0
                0x00000000       0x48 ./drivers/fsl_clock.o
 .text.CLOCK_DeinitOsc0
                0x00000000       0x1c ./drivers/fsl_clock.o
 .bss.g_xtal32Freq
                0x00000000        0x4 ./drivers/fsl_clock.o
 .text          0x00000000        0x0 ./drivers/fsl_common.o
 .data          0x00000000        0x0 ./drivers/fsl_common.o
 .bss           0x00000000        0x0 ./drivers/fsl_common.o
 .comment       0x00000000       0x71 ./drivers/fsl_common.o
 .ARM.attributes
                0x00000000       0x32 ./drivers/fsl_common.o
 .text          0x00000000        0x0 ./drivers/fsl_flash.o
 .data          0x00000000        0x0 ./drivers/fsl_flash.o
 .bss           0x00000000        0x0 ./drivers/fsl_flash.o
 .text.flash_check_range
                0x00000000       0x2e ./drivers/fsl_flash.o
 .text.flash_get_matched_operation_info
                0x00000000       0x40 ./drivers/fsl_flash.o
 .text.flash_command_sequence
                0x00000000       0x4c ./drivers/fsl_flash.o
 .text.FLASH_PrepareExecuteInRamFunctions
                0x00000000       0x34 ./drivers/fsl_flash.o
 .text.FLASH_Init
                0x00000000       0x78 ./drivers/fsl_flash.o
 .text.FLASH_EraseAll
                0x00000000       0x2c ./drivers/fsl_flash.o
 .text.FLASH_Erase
                0x00000000       0x7c ./drivers/fsl_flash.o
 .text.FLASH_EraseAllUnsecure
                0x00000000       0x2c ./drivers/fsl_flash.o
 .text.FLASH_EraseAllExecuteOnlySegments
                0x00000000       0x2c ./drivers/fsl_flash.o
 .text.FLASH_Program
                0x00000000       0x8c ./drivers/fsl_flash.o
 .text.FLASH_ProgramOnce
                0x00000000       0x48 ./drivers/fsl_flash.o
 .text.FLASH_ReadResource
                0x00000000       0xd8 ./drivers/fsl_flash.o
 .text.FLASH_ReadOnce
                0x00000000       0x54 ./drivers/fsl_flash.o
 .text.FLASH_GetSecurityState
                0x00000000       0x44 ./drivers/fsl_flash.o
 .text.FLASH_SecurityBypass
                0x00000000       0x70 ./drivers/fsl_flash.o
 .text.FLASH_VerifyEraseAll
                0x00000000       0x24 ./drivers/fsl_flash.o
 .text.FLASH_VerifyErase
                0x00000000       0x98 ./drivers/fsl_flash.o
 .text.FLASH_VerifyProgram
                0x00000000       0x94 ./drivers/fsl_flash.o
 .text.FLASH_VerifyEraseAllExecuteOnlySegments
                0x00000000       0x24 ./drivers/fsl_flash.o
 .text.FLASH_IsProtected
                0x00000000       0xf4 ./drivers/fsl_flash.o
 .text.FLASH_IsExecuteOnly
                0x00000000       0x18 ./drivers/fsl_flash.o
 .text.FLASH_GetProperty
                0x00000000       0x5e ./drivers/fsl_flash.o
 .text.FLASH_SetProperty
                0x00000000       0x12 ./drivers/fsl_flash.o
 .text.FLASH_PflashSetProtection
                0x00000000       0x24 ./drivers/fsl_flash.o
 .text.FLASH_PflashGetProtection
                0x00000000       0x1c ./drivers/fsl_flash.o
 .text.FLASH_PflashSetPrefetchSpeculation
                0x00000000       0x4c ./drivers/fsl_flash.o
 .text.FLASH_PflashGetPrefetchSpeculation
                0x00000000       0x30 ./drivers/fsl_flash.o
 .text.flash_cache_clear
                0x00000000        0x2 ./drivers/fsl_flash.o
 .rodata.kPFlashDensities
                0x00000000       0x1e ./drivers/fsl_flash.o
 .bss.callFlashRunCommand
                0x00000000        0x4 ./drivers/fsl_flash.o
 .bss.s_flashExecuteInRamFunctionInfo
                0x00000000        0xc ./drivers/fsl_flash.o
 .rodata.s_flashRunCommandFunctionCode
                0x00000000        0xc ./drivers/fsl_flash.o
 .rodata.kFPROTL
                0x00000000        0x4 ./drivers/fsl_flash.o
 .rodata.kFCCOBx
                0x00000000        0x4 ./drivers/fsl_flash.o
 .bss.s_flashRunCommand
                0x00000000       0x40 ./drivers/fsl_flash.o
 .comment       0x00000000       0x71 ./drivers/fsl_flash.o
 .ARM.attributes
                0x00000000       0x32 ./drivers/fsl_flash.o
 .text          0x00000000        0x0 ./drivers/fsl_gpio.o
 .data          0x00000000        0x0 ./drivers/fsl_gpio.o
 .bss           0x00000000        0x0 ./drivers/fsl_gpio.o
 .text.GPIO_PinInit
                0x00000000       0x34 ./drivers/fsl_gpio.o
 .text.GPIO_PortGetInterruptFlags
                0x00000000       0x2c ./drivers/fsl_gpio.o
 .text.GPIO_PortClearInterruptFlags
                0x00000000       0x2c ./drivers/fsl_gpio.o
 .text.FGPIO_PinInit
                0x00000000       0x34 ./drivers/fsl_gpio.o
 .text.FGPIO_PortGetInterruptFlags
                0x00000000       0x2c ./drivers/fsl_gpio.o
 .text.FGPIO_PortClearInterruptFlags
                0x00000000       0x2c ./drivers/fsl_gpio.o
 .rodata.s_portBases
                0x00000000        0x8 ./drivers/fsl_gpio.o
 .comment       0x00000000       0x71 ./drivers/fsl_gpio.o
 .ARM.attributes
                0x00000000       0x32 ./drivers/fsl_gpio.o
 .text          0x00000000        0x0 ./drivers/fsl_lpuart.o
 .data          0x00000000        0x0 ./drivers/fsl_lpuart.o
 .bss           0x00000000        0x0 ./drivers/fsl_lpuart.o
 .text.LPUART_GetInstance
                0x00000000       0x10 ./drivers/fsl_lpuart.o
 .text.LPUART_TransferGetRxRingBufferLength
                0x00000000       0x18 ./drivers/fsl_lpuart.o
 .text.LPUART_Deinit
                0x00000000       0x2c ./drivers/fsl_lpuart.o
 .text.LPUART_SetBaudRate
                0x00000000       0xd8 ./drivers/fsl_lpuart.o
 .text.LPUART_EnableInterrupts
                0x00000000       0x1c ./drivers/fsl_lpuart.o
 .text.LPUART_DisableInterrupts
                0x00000000       0x1c ./drivers/fsl_lpuart.o
 .text.LPUART_TransferHandleIRQ
                0x00000000      0x198 ./drivers/fsl_lpuart.o
 .text.LPUART_GetEnabledInterrupts
                0x00000000       0x18 ./drivers/fsl_lpuart.o
 .text.LPUART_GetStatusFlags
                0x00000000        0x4 ./drivers/fsl_lpuart.o
 .text.LPUART_TransferCreateHandle
                0x00000000       0x54 ./drivers/fsl_lpuart.o
 .text.LPUART_TransferStartRingBuffer
                0x00000000       0x16 ./drivers/fsl_lpuart.o
 .text.LPUART_TransferStopRingBuffer
                0x00000000       0x22 ./drivers/fsl_lpuart.o
 .text.LPUART_TransferSendNonBlocking
                0x00000000       0x30 ./drivers/fsl_lpuart.o
 .text.LPUART_TransferAbortSend
                0x00000000       0x16 ./drivers/fsl_lpuart.o
 .text.LPUART_TransferGetSendCount
                0x00000000       0x18 ./drivers/fsl_lpuart.o
 .text.LPUART_TransferReceiveNonBlocking
                0x00000000       0xd0 ./drivers/fsl_lpuart.o
 .text.LPUART_TransferAbortReceive
                0x00000000       0x1e ./drivers/fsl_lpuart.o
 .text.LPUART_TransferGetReceiveCount
                0x00000000       0x18 ./drivers/fsl_lpuart.o
 .text.LPUART_TransferHandleErrorIRQ
                0x00000000        0x2 ./drivers/fsl_lpuart.o
 .text          0x00000000        0x0 ./drivers/fsl_smc.o
 .data          0x00000000        0x0 ./drivers/fsl_smc.o
 .bss           0x00000000        0x0 ./drivers/fsl_smc.o
 .text.SMC_PreEnterStopModes
                0x00000000       0x2c ./drivers/fsl_smc.o
 .text.SMC_PostExitStopModes
                0x00000000       0x20 ./drivers/fsl_smc.o
 .text.SMC_PreEnterWaitModes
                0x00000000       0x14 ./drivers/fsl_smc.o
 .text.SMC_PostExitWaitModes
                0x00000000       0x14 ./drivers/fsl_smc.o
 .text.SMC_SetPowerModeRun
                0x00000000        0xc ./drivers/fsl_smc.o
 .text.SMC_SetPowerModeWait
                0x00000000       0x1c ./drivers/fsl_smc.o
 .text.SMC_SetPowerModeStop
                0x00000000       0x44 ./drivers/fsl_smc.o
 .text.SMC_SetPowerModeVlpr
                0x00000000       0x10 ./drivers/fsl_smc.o
 .text.SMC_SetPowerModeVlpw
                0x00000000       0x1c ./drivers/fsl_smc.o
 .text.SMC_SetPowerModeVlps
                0x00000000       0x38 ./drivers/fsl_smc.o
 .text.SMC_SetPowerModeVlls
                0x00000000       0x78 ./drivers/fsl_smc.o
 .rodata        0x00000000        0x2 ./drivers/fsl_smc.o
 .bss.g_savedPrimask
                0x00000000        0x4 ./drivers/fsl_smc.o
 .comment       0x00000000       0x71 ./drivers/fsl_smc.o
 .ARM.attributes
                0x00000000       0x32 ./drivers/fsl_smc.o
 .text          0x00000000        0x0 ./board/board.o
 .data          0x00000000        0x0 ./board/board.o
 .bss           0x00000000        0x0 ./board/board.o
 .text          0x00000000        0x0 ./board/clock_config.o
 .data          0x00000000        0x0 ./board/clock_config.o
 .bss           0x00000000        0x0 ./board/clock_config.o
 .text.BOARD_BootClockVLPR
                0x00000000       0x50 ./board/clock_config.o
 .rodata.oscConfig_BOARD_BootClockVLPR
                0x00000000        0x8 ./board/clock_config.o
 .rodata.simConfig_BOARD_BootClockVLPR
                0x00000000        0x8 ./board/clock_config.o
 .rodata.mcgliteConfig_BOARD_BootClockVLPR
                0x00000000        0x6 ./board/clock_config.o
 .rodata.oscConfig_BOARD_BootClockRUN
                0x00000000        0x8 ./board/clock_config.o
 .text          0x00000000        0x0 ./board/pin_mux.o
 .data          0x00000000        0x0 ./board/pin_mux.o
 .bss           0x00000000        0x0 ./board/pin_mux.o
 .text          0x00000000        0x0 f:/other_software/kinetisdesignstudio/toolchain/bin/../lib/gcc/arm-none-eabi/4.8.4/../../../../arm-none-eabi/lib/armv6-m\libg_s.a(lib_a-exit.o)
 .data          0x00000000        0x0 f:/other_software/kinetisdesignstudio/toolchain/bin/../lib/gcc/arm-none-eabi/4.8.4/../../../../arm-none-eabi/lib/armv6-m\libg_s.a(lib_a-exit.o)
 .bss           0x00000000        0x0 f:/other_software/kinetisdesignstudio/toolchain/bin/../lib/gcc/arm-none-eabi/4.8.4/../../../../arm-none-eabi/lib/armv6-m\libg_s.a(lib_a-exit.o)
 .text          0x00000000        0x0 f:/other_software/kinetisdesignstudio/toolchain/bin/../lib/gcc/arm-none-eabi/4.8.4/../../../../arm-none-eabi/lib/armv6-m\libg_s.a(lib_a-impure.o)
 .data          0x00000000        0x0 f:/other_software/kinetisdesignstudio/toolchain/bin/../lib/gcc/arm-none-eabi/4.8.4/../../../../arm-none-eabi/lib/armv6-m\libg_s.a(lib_a-impure.o)
 .bss           0x00000000        0x0 f:/other_software/kinetisdesignstudio/toolchain/bin/../lib/gcc/arm-none-eabi/4.8.4/../../../../arm-none-eabi/lib/armv6-m\libg_s.a(lib_a-impure.o)
 .data._impure_ptr
                0x00000000        0x4 f:/other_software/kinetisdesignstudio/toolchain/bin/../lib/gcc/arm-none-eabi/4.8.4/../../../../arm-none-eabi/lib/armv6-m\libg_s.a(lib_a-impure.o)
 .text          0x00000000        0x0 f:/other_software/kinetisdesignstudio/toolchain/bin/../lib/gcc/arm-none-eabi/4.8.4/../../../../arm-none-eabi/lib/armv6-m\libg_s.a(lib_a-init.o)
 .data          0x00000000        0x0 f:/other_software/kinetisdesignstudio/toolchain/bin/../lib/gcc/arm-none-eabi/4.8.4/../../../../arm-none-eabi/lib/armv6-m\libg_s.a(lib_a-init.o)
 .bss           0x00000000        0x0 f:/other_software/kinetisdesignstudio/toolchain/bin/../lib/gcc/arm-none-eabi/4.8.4/../../../../arm-none-eabi/lib/armv6-m\libg_s.a(lib_a-init.o)
 .text          0x00000000        0x0 f:/other_software/kinetisdesignstudio/toolchain/bin/../lib/gcc/arm-none-eabi/4.8.4/../../../../arm-none-eabi/lib/armv6-m\libg_s.a(lib_a-memcpy-stub.o)
 .data          0x00000000        0x0 f:/other_software/kinetisdesignstudio/toolchain/bin/../lib/gcc/arm-none-eabi/4.8.4/../../../../arm-none-eabi/lib/armv6-m\libg_s.a(lib_a-memcpy-stub.o)
 .bss           0x00000000        0x0 f:/other_software/kinetisdesignstudio/toolchain/bin/../lib/gcc/arm-none-eabi/4.8.4/../../../../arm-none-eabi/lib/armv6-m\libg_s.a(lib_a-memcpy-stub.o)
 .text.memcpy   0x00000000       0x12 f:/other_software/kinetisdesignstudio/toolchain/bin/../lib/gcc/arm-none-eabi/4.8.4/../../../../arm-none-eabi/lib/armv6-m\libg_s.a(lib_a-memcpy-stub.o)
 .ARM.attributes
                0x00000000       0x2c f:/other_software/kinetisdesignstudio/toolchain/bin/../lib/gcc/arm-none-eabi/4.8.4/../../../../arm-none-eabi/lib/armv6-m\libg_s.a(lib_a-memcpy-stub.o)
 .debug_frame   0x00000000       0x28 f:/other_software/kinetisdesignstudio/toolchain/bin/../lib/gcc/arm-none-eabi/4.8.4/../../../../arm-none-eabi/lib/armv6-m\libg_s.a(lib_a-memcpy-stub.o)
 .text          0x00000000        0x0 f:/other_software/kinetisdesignstudio/toolchain/bin/../lib/gcc/arm-none-eabi/4.8.4/../../../../arm-none-eabi/lib/armv6-m\libg_s.a(lib_a-memset.o)
 .data          0x00000000        0x0 f:/other_software/kinetisdesignstudio/toolchain/bin/../lib/gcc/arm-none-eabi/4.8.4/../../../../arm-none-eabi/lib/armv6-m\libg_s.a(lib_a-memset.o)
 .bss           0x00000000        0x0 f:/other_software/kinetisdesignstudio/toolchain/bin/../lib/gcc/arm-none-eabi/4.8.4/../../../../arm-none-eabi/lib/armv6-m\libg_s.a(lib_a-memset.o)
 .text          0x00000000        0x0 f:/other_software/kinetisdesignstudio/toolchain/bin/../lib/gcc/arm-none-eabi/4.8.4/../../../../arm-none-eabi/lib/armv6-m\libg_s.a(lib_a-strlen.o)
 .data          0x00000000        0x0 f:/other_software/kinetisdesignstudio/toolchain/bin/../lib/gcc/arm-none-eabi/4.8.4/../../../../arm-none-eabi/lib/armv6-m\libg_s.a(lib_a-strlen.o)
 .bss           0x00000000        0x0 f:/other_software/kinetisdesignstudio/toolchain/bin/../lib/gcc/arm-none-eabi/4.8.4/../../../../arm-none-eabi/lib/armv6-m\libg_s.a(lib_a-strlen.o)
 .text          0x00000000       0x14 f:/other_software/kinetisdesignstudio/toolchain/bin/../lib/gcc/arm-none-eabi/4.8.4/armv6-m\libgcc.a(_thumb1_case_uqi.o)
 .data          0x00000000        0x0 f:/other_software/kinetisdesignstudio/toolchain/bin/../lib/gcc/arm-none-eabi/4.8.4/armv6-m\libgcc.a(_thumb1_case_uqi.o)
 .bss           0x00000000        0x0 f:/other_software/kinetisdesignstudio/toolchain/bin/../lib/gcc/arm-none-eabi/4.8.4/armv6-m\libgcc.a(_thumb1_case_uqi.o)
 .ARM.attributes
                0x00000000       0x1e f:/other_software/kinetisdesignstudio/toolchain/bin/../lib/gcc/arm-none-eabi/4.8.4/armv6-m\libgcc.a(_thumb1_case_uqi.o)
 .data          0x00000000        0x0 f:/other_software/kinetisdesignstudio/toolchain/bin/../lib/gcc/arm-none-eabi/4.8.4/armv6-m\libgcc.a(_udivsi3.o)
 .bss           0x00000000        0x0 f:/other_software/kinetisdesignstudio/toolchain/bin/../lib/gcc/arm-none-eabi/4.8.4/armv6-m\libgcc.a(_udivsi3.o)
 .data          0x00000000        0x0 f:/other_software/kinetisdesignstudio/toolchain/bin/../lib/gcc/arm-none-eabi/4.8.4/armv6-m\libgcc.a(_divsi3.o)
 .bss           0x00000000        0x0 f:/other_software/kinetisdesignstudio/toolchain/bin/../lib/gcc/arm-none-eabi/4.8.4/armv6-m\libgcc.a(_divsi3.o)
 .data          0x00000000        0x0 f:/other_software/kinetisdesignstudio/toolchain/bin/../lib/gcc/arm-none-eabi/4.8.4/armv6-m\libgcc.a(_dvmd_tls.o)
 .bss           0x00000000        0x0 f:/other_software/kinetisdesignstudio/toolchain/bin/../lib/gcc/arm-none-eabi/4.8.4/armv6-m\libgcc.a(_dvmd_tls.o)
 .text          0x00000000        0x0 f:/other_software/kinetisdesignstudio/toolchain/bin/../lib/gcc/arm-none-eabi/4.8.4/../../../../arm-none-eabi/lib/armv6-m\libnosys.a(_exit.o)
 .data          0x00000000        0x0 f:/other_software/kinetisdesignstudio/toolchain/bin/../lib/gcc/arm-none-eabi/4.8.4/../../../../arm-none-eabi/lib/armv6-m\libnosys.a(_exit.o)
 .bss           0x00000000        0x0 f:/other_software/kinetisdesignstudio/toolchain/bin/../lib/gcc/arm-none-eabi/4.8.4/../../../../arm-none-eabi/lib/armv6-m\libnosys.a(_exit.o)
 .text          0x00000000        0x0 f:/other_software/kinetisdesignstudio/toolchain/bin/../lib/gcc/arm-none-eabi/4.8.4/armv6-m/crtend.o
 .data          0x00000000        0x0 f:/other_software/kinetisdesignstudio/toolchain/bin/../lib/gcc/arm-none-eabi/4.8.4/armv6-m/crtend.o
 .bss           0x00000000        0x0 f:/other_software/kinetisdesignstudio/toolchain/bin/../lib/gcc/arm-none-eabi/4.8.4/armv6-m/crtend.o
 .eh_frame      0x00000000        0x4 f:/other_software/kinetisdesignstudio/toolchain/bin/../lib/gcc/arm-none-eabi/4.8.4/armv6-m/crtend.o
 .text          0x00000000        0x0 f:/other_software/kinetisdesignstudio/toolchain/bin/../lib/gcc/arm-none-eabi/4.8.4/armv6-m/crtn.o
 .data          0x00000000        0x0 f:/other_software/kinetisdesignstudio/toolchain/bin/../lib/gcc/arm-none-eabi/4.8.4/armv6-m/crtn.o
 .bss           0x00000000        0x0 f:/other_software/kinetisdesignstudio/toolchain/bin/../lib/gcc/arm-none-eabi/4.8.4/armv6-m/crtn.o

Memory Configuration

Name             Origin             Length             Attributes
m_interrupts     0x00000000         0x00000100         xr
m_flash_config   0x00000400         0x00000010         xr
m_text           0x00000410         0x00007bf0         xr
m_data           0x1ffffe00         0x00000800         rw
*default*        0x00000000         0xffffffff

Linker script and memory map

LOAD f:/other_software/kinetisdesignstudio/toolchain/bin/../lib/gcc/arm-none-eabi/4.8.4/armv6-m/crti.o
LOAD f:/other_software/kinetisdesignstudio/toolchain/bin/../lib/gcc/arm-none-eabi/4.8.4/armv6-m/crtbegin.o
LOAD f:/other_software/kinetisdesignstudio/toolchain/bin/../lib/gcc/arm-none-eabi/4.8.4/../../../../arm-none-eabi/lib/armv6-m/crt0.o
START GROUP
LOAD ./utilities/fsl_assert.o
LOAD ./utilities/fsl_debug_console.o
LOAD ./utilities/fsl_io.o
LOAD ./utilities/fsl_log.o
LOAD ./utilities/fsl_str.o
LOAD ./startup/startup_MKL03Z4.o
LOAD ./startup/system_MKL03Z4.o
LOAD ./source/hello_world.o
LOAD ./drivers/fsl_clock.o
LOAD ./drivers/fsl_common.o
LOAD ./drivers/fsl_flash.o
LOAD ./drivers/fsl_gpio.o
LOAD ./drivers/fsl_lpuart.o
LOAD ./drivers/fsl_smc.o
LOAD ./board/board.o
LOAD ./board/clock_config.o
LOAD ./board/pin_mux.o
LOAD f:/other_software/kinetisdesignstudio/toolchain/bin/../lib/gcc/arm-none-eabi/4.8.4/../../../../arm-none-eabi/lib/armv6-m\libg_s.a
LOAD f:/other_software/kinetisdesignstudio/toolchain/bin/../lib/gcc/arm-none-eabi/4.8.4/armv6-m\libgcc.a
LOAD f:/other_software/kinetisdesignstudio/toolchain/bin/../lib/gcc/arm-none-eabi/4.8.4/../../../../arm-none-eabi/lib/armv6-m\libnosys.a
END GROUP
LOAD f:/other_software/kinetisdesignstudio/toolchain/bin/../lib/gcc/arm-none-eabi/4.8.4/../../../../arm-none-eabi/lib/armv6-m\libstdc++_s.a
LOAD f:/other_software/kinetisdesignstudio/toolchain/bin/../lib/gcc/arm-none-eabi/4.8.4/../../../../arm-none-eabi/lib/armv6-m\libm.a
START GROUP
LOAD f:/other_software/kinetisdesignstudio/toolchain/bin/../lib/gcc/arm-none-eabi/4.8.4/armv6-m\libgcc.a
LOAD f:/other_software/kinetisdesignstudio/toolchain/bin/../lib/gcc/arm-none-eabi/4.8.4/../../../../arm-none-eabi/lib/armv6-m\libc_s.a
END GROUP
START GROUP
LOAD f:/other_software/kinetisdesignstudio/toolchain/bin/../lib/gcc/arm-none-eabi/4.8.4/armv6-m\libgcc.a
LOAD f:/other_software/kinetisdesignstudio/toolchain/bin/../lib/gcc/arm-none-eabi/4.8.4/../../../../arm-none-eabi/lib/armv6-m\libc_s.a
END GROUP
LOAD f:/other_software/kinetisdesignstudio/toolchain/bin/../lib/gcc/arm-none-eabi/4.8.4/armv6-m/crtend.o
LOAD f:/other_software/kinetisdesignstudio/toolchain/bin/../lib/gcc/arm-none-eabi/4.8.4/armv6-m/crtn.o
                0x00000200                HEAP_SIZE = DEFINED (__heap_size__)?__heap_size__:0x200
                0x00000050                STACK_SIZE = DEFINED (__stack_size__)?__stack_size__:0x50

.interrupts     0x00000000       0xc0
                0x00000000                . = ALIGN (0x4)
 *(.isr_vector)
 .isr_vector    0x00000000       0xc0 ./startup/startup_MKL03Z4.o
                0x00000000                __isr_vector
                0x000000c0                . = ALIGN (0x4)

.flash_config   0x00000400       0x10
                0x00000400                . = ALIGN (0x4)
 *(.FlashConfig)
 .FlashConfig   0x00000400       0x10 ./startup/startup_MKL03Z4.o
                0x00000410                . = ALIGN (0x4)

.text           0x00000410      0xc50
                0x00000410                . = ALIGN (0x4)
 *(.text)
 .text          0x00000410       0x60 f:/other_software/kinetisdesignstudio/toolchain/bin/../lib/gcc/arm-none-eabi/4.8.4/armv6-m/crtbegin.o
 .text          0x00000470       0x78 f:/other_software/kinetisdesignstudio/toolchain/bin/../lib/gcc/arm-none-eabi/4.8.4/../../../../arm-none-eabi/lib/armv6-m/crt0.o
                0x00000470                _start
                0x00000470                _mainCRTStartup
 .text          0x000004e8       0xa8 ./startup/startup_MKL03Z4.o
                0x000004e8                Reset_Handler
                0x00000548                Reserved16_IRQHandler
                0x00000548                I2C0_DriverIRQHandler
                0x00000548                LPTMR0_IRQHandler
                0x00000548                Reserved38_IRQHandler
                0x00000548                Reserved40_IRQHandler
                0x00000548                FTFA_IRQHandler
                0x00000548                Reserved19_IRQHandler
                0x00000548                Reserved29_IRQHandler
                0x00000548                TPM0_IRQHandler
                0x00000548                LLWU_IRQHandler
                0x00000548                Reserved42_IRQHandler
                0x00000548                ADC0_IRQHandler
                0x00000548                Reserved39_IRQHandler
                0x00000548                DefaultISR
                0x00000548                Reserved25_IRQHandler
                0x00000548                PORTB_IRQHandler
                0x00000548                Reserved43_IRQHandler
                0x00000548                RTC_IRQHandler
                0x00000548                Reserved18_IRQHandler
                0x00000548                Reserved27_IRQHandler
                0x00000548                RTC_Seconds_IRQHandler
                0x00000548                Reserved35_IRQHandler
                0x00000548                Reserved20_IRQHandler
                0x00000548                Reserved17_IRQHandler
                0x00000548                Reserved41_IRQHandler
                0x00000548                PORTA_IRQHandler
                0x00000548                TPM1_IRQHandler
                0x00000548                Reserved45_IRQHandler
                0x00000548                Reserved30_IRQHandler
                0x00000548                SPI0_DriverIRQHandler
                0x00000548                PMC_IRQHandler
                0x00000548                CMP0_IRQHandler
                0x0000054c                NMI_Handler
                0x00000550                HardFault_Handler
                0x00000554                SVC_Handler
                0x00000558                PendSV_Handler
                0x0000055c                SysTick_Handler
                0x00000560                I2C0_IRQHandler
                0x00000564                SPI0_IRQHandler
                0x00000568                LPUART0_IRQHandler
 .text          0x00000590       0x9c f:/other_software/kinetisdesignstudio/toolchain/bin/../lib/gcc/arm-none-eabi/4.8.4/armv6-m\libgcc.a(_udivsi3.o)
                0x00000590                __aeabi_uidiv
                0x00000590                __udivsi3
                0x00000618                __aeabi_uidivmod
 .text          0x0000062c       0xc0 f:/other_software/kinetisdesignstudio/toolchain/bin/../lib/gcc/arm-none-eabi/4.8.4/armv6-m\libgcc.a(_divsi3.o)
                0x0000062c                __divsi3
                0x0000062c                __aeabi_idiv
                0x000006d8                __aeabi_idivmod
 .text          0x000006ec        0x4 f:/other_software/kinetisdesignstudio/toolchain/bin/../lib/gcc/arm-none-eabi/4.8.4/armv6-m\libgcc.a(_dvmd_tls.o)
                0x000006ec                __aeabi_idiv0
                0x000006ec                __aeabi_ldiv0
 *(.text*)
 .text.DbgConsole_RelocateLog
                0x000006f0       0x34 ./utilities/fsl_debug_console.o
 .text.DbgConsole_Init
                0x00000724        0xe ./utilities/fsl_debug_console.o
                0x00000724                DbgConsole_Init
 *fill*         0x00000732        0x2 
 .text.DbgConsole_Printf
                0x00000734       0x38 ./utilities/fsl_debug_console.o
                0x00000734                DbgConsole_Printf
 .text.DbgConsole_Putchar
                0x0000076c        0xe ./utilities/fsl_debug_console.o
                0x0000076c                DbgConsole_Putchar
 .text.DbgConsole_Getchar
                0x0000077a       0x10 ./utilities/fsl_debug_console.o
                0x0000077a                DbgConsole_Getchar
 *fill*         0x0000078a        0x2 
 .text.IO_Init  0x0000078c       0x44 ./utilities/fsl_io.o
                0x0000078c                IO_Init
 .text.IO_Transfer
                0x000007d0       0x30 ./utilities/fsl_io.o
                0x000007d0                IO_Transfer
 .text.LOG_Init
                0x00000800       0x16 ./utilities/fsl_log.o
                0x00000800                LOG_Init
 .text.LOG_Pop  0x00000816       0x1c ./utilities/fsl_log.o
                0x00000816                LOG_Pop
 .text.LOG_Push
                0x00000832        0x8 ./utilities/fsl_log.o
                0x00000832                LOG_Push
 .text.LOG_ReadCharacter
                0x0000083a       0x16 ./utilities/fsl_log.o
                0x0000083a                LOG_ReadCharacter
 .text.StrFormatPrintf
                0x00000850      0x270 ./utilities/fsl_str.o
                0x00000850                StrFormatPrintf
 .text.SystemInit
                0x00000ac0       0x24 ./startup/system_MKL03Z4.o
                0x00000ac0                SystemInit
 .text.startup.main
                0x00000ae4       0x24 ./source/hello_world.o
                0x00000ae4                main
 .text.CLOCK_GetLircClkFreq
                0x00000b08       0x2c ./drivers/fsl_clock.o
 .text.CLOCK_SetSimConfig
                0x00000b34       0x2c ./drivers/fsl_clock.o
                0x00000b34                CLOCK_SetSimConfig
 .text.CLOCK_GetOutClkFreq
                0x00000b60       0x40 ./drivers/fsl_clock.o
                0x00000b60                CLOCK_GetOutClkFreq
 .text.CLOCK_GetCoreSysClkFreq
                0x00000ba0       0x20 ./drivers/fsl_clock.o
                0x00000ba0                CLOCK_GetCoreSysClkFreq
 .text.CLOCK_SetMcgliteConfig
                0x00000bc0       0x8c ./drivers/fsl_clock.o
                0x00000bc0                CLOCK_SetMcgliteConfig
 .text.LPUART_Init
                0x00000c4c      0x178 ./drivers/fsl_lpuart.o
                0x00000c4c                LPUART_Init
 .text.LPUART_GetDefaultConfig
                0x00000dc4       0x1a ./drivers/fsl_lpuart.o
                0x00000dc4                LPUART_GetDefaultConfig
 *fill*         0x00000dde        0x2 
 .text.LPUART_ClearStatusFlags
                0x00000de0       0x44 ./drivers/fsl_lpuart.o
                0x00000de0                LPUART_ClearStatusFlags
 .text.LPUART_WriteBlocking
                0x00000e24       0x18 ./drivers/fsl_lpuart.o
                0x00000e24                LPUART_WriteBlocking
 .text.LPUART_ReadBlocking
                0x00000e3c       0x6c ./drivers/fsl_lpuart.o
                0x00000e3c                LPUART_ReadBlocking
 .text.LPUART0_DriverIRQHandler
                0x00000ea8       0x1c ./drivers/fsl_lpuart.o
                0x00000ea8                LPUART0_DriverIRQHandler
 .text.BOARD_InitDebugConsole
                0x00000ec4       0x38 ./board/board.o
                0x00000ec4                BOARD_InitDebugConsole
 .text.BOARD_BootClockRUN
                0x00000efc       0x38 ./board/clock_config.o
                0x00000efc                BOARD_BootClockRUN
 .text.BOARD_InitPins
                0x00000f34       0x48 ./board/pin_mux.o
                0x00000f34                BOARD_InitPins
 .text.exit     0x00000f7c       0x2c f:/other_software/kinetisdesignstudio/toolchain/bin/../lib/gcc/arm-none-eabi/4.8.4/../../../../arm-none-eabi/lib/armv6-m\libg_s.a(lib_a-exit.o)
                0x00000f7c                exit
 .text.__libc_init_array
                0x00000fa8       0x4c f:/other_software/kinetisdesignstudio/toolchain/bin/../lib/gcc/arm-none-eabi/4.8.4/../../../../arm-none-eabi/lib/armv6-m\libg_s.a(lib_a-init.o)
                0x00000fa8                __libc_init_array
 .text.memset   0x00000ff4       0x10 f:/other_software/kinetisdesignstudio/toolchain/bin/../lib/gcc/arm-none-eabi/4.8.4/../../../../arm-none-eabi/lib/armv6-m\libg_s.a(lib_a-memset.o)
                0x00000ff4                memset
 .text.strlen   0x00001004        0xe f:/other_software/kinetisdesignstudio/toolchain/bin/../lib/gcc/arm-none-eabi/4.8.4/../../../../arm-none-eabi/lib/armv6-m\libg_s.a(lib_a-strlen.o)
                0x00001004                strlen
 *fill*         0x00001012        0x2 
 .text._exit    0x00001014        0x4 f:/other_software/kinetisdesignstudio/toolchain/bin/../lib/gcc/arm-none-eabi/4.8.4/../../../../arm-none-eabi/lib/armv6-m\libnosys.a(_exit.o)
                0x00001014                _exit
 *(.rodata)
 *(.rodata*)
 .rodata.str1.1
                0x00001018        0xf ./source/hello_world.o
 *fill*         0x00001027        0x1 
 .rodata.lircFreqs.4820
                0x00001028        0x8 ./drivers/fsl_clock.o
 .rodata.mcgliteConfig_BOARD_BootClockRUN
                0x00001030        0x6 ./board/clock_config.o
                0x00001030                mcgliteConfig_BOARD_BootClockRUN
 *fill*         0x00001036        0x2 
 .rodata.simConfig_BOARD_BootClockRUN
                0x00001038        0x8 ./board/clock_config.o
                0x00001038                simConfig_BOARD_BootClockRUN
 .rodata.str1.1
                0x00001040        0x2 f:/other_software/kinetisdesignstudio/toolchain/bin/../lib/gcc/arm-none-eabi/4.8.4/../../../../arm-none-eabi/lib/armv6-m\libg_s.a(lib_a-impure.o)
 *fill*         0x00001042        0x2 
 .rodata._global_impure_ptr
                0x00001044        0x4 f:/other_software/kinetisdesignstudio/toolchain/bin/../lib/gcc/arm-none-eabi/4.8.4/../../../../arm-none-eabi/lib/armv6-m\libg_s.a(lib_a-impure.o)
                0x00001044                _global_impure_ptr
 *(.glue_7)
 .glue_7        0x00000000        0x0 linker stubs
 *(.glue_7t)
 .glue_7t       0x00000000        0x0 linker stubs
 *(.eh_frame)
 .eh_frame      0x00001048        0x0 f:/other_software/kinetisdesignstudio/toolchain/bin/../lib/gcc/arm-none-eabi/4.8.4/armv6-m/crtbegin.o
 *(.init)
 .init          0x00001048        0x4 f:/other_software/kinetisdesignstudio/toolchain/bin/../lib/gcc/arm-none-eabi/4.8.4/armv6-m/crti.o
                0x00001048                _init
 .init          0x0000104c        0x8 f:/other_software/kinetisdesignstudio/toolchain/bin/../lib/gcc/arm-none-eabi/4.8.4/armv6-m/crtn.o
 *(.fini)
 .fini          0x00001054        0x4 f:/other_software/kinetisdesignstudio/toolchain/bin/../lib/gcc/arm-none-eabi/4.8.4/armv6-m/crti.o
                0x00001054                _fini
 .fini          0x00001058        0x8 f:/other_software/kinetisdesignstudio/toolchain/bin/../lib/gcc/arm-none-eabi/4.8.4/armv6-m/crtn.o
                0x00001060                . = ALIGN (0x4)

.vfp11_veneer   0x00001060        0x0
 .vfp11_veneer  0x00000000        0x0 linker stubs

.v4_bx          0x00001060        0x0
 .v4_bx         0x00000000        0x0 linker stubs

.iplt           0x00001060        0x0
 .iplt          0x00000000        0x0 f:/other_software/kinetisdesignstudio/toolchain/bin/../lib/gcc/arm-none-eabi/4.8.4/armv6-m/crtbegin.o

.ARM.extab
 *(.ARM.extab* .gnu.linkonce.armextab.*)

.ARM            0x00001060        0x8
                0x00001060                __exidx_start = .
 *(.ARM.exidx*)
 .ARM.exidx     0x00001060        0x8 f:/other_software/kinetisdesignstudio/toolchain/bin/../lib/gcc/arm-none-eabi/4.8.4/../../../../arm-none-eabi/lib/armv6-m/crt0.o
                0x00001068                __exidx_end = .

.rel.dyn        0x00001068        0x0
 .rel.iplt      0x00000000        0x0 f:/other_software/kinetisdesignstudio/toolchain/bin/../lib/gcc/arm-none-eabi/4.8.4/armv6-m/crtbegin.o

.ctors          0x00001068        0x0
                0x00001068                __CTOR_LIST__ = .
 *crtbegin.o(.ctors)
 *crtbegin?.o(.ctors)
 *(EXCLUDE_FILE(*crtend.o *crtend?.o) .ctors)
 *(SORT(.ctors.*))
 *(.ctors)
                0x00001068                __CTOR_END__ = .

.dtors          0x00001068        0x0
                0x00001068                __DTOR_LIST__ = .
 *crtbegin.o(.dtors)
 *crtbegin?.o(.dtors)
 *(EXCLUDE_FILE(*crtend.o *crtend?.o) .dtors)
 *(SORT(.dtors.*))
 *(.dtors)
                0x00001068                __DTOR_END__ = .

.preinit_array  0x00001068        0x0
                0x00001068                PROVIDE (__preinit_array_start, .)
 *(.preinit_array*)
                0x00001068                PROVIDE (__preinit_array_end, .)

.init_array     0x00001068        0x4
                0x00001068                PROVIDE (__init_array_start, .)
 *(SORT(.init_array.*))
 *(.init_array*)
 .init_array    0x00001068        0x4 f:/other_software/kinetisdesignstudio/toolchain/bin/../lib/gcc/arm-none-eabi/4.8.4/armv6-m/crtbegin.o
                0x0000106c                PROVIDE (__init_array_end, .)

.fini_array     0x0000106c        0x4
                0x0000106c                PROVIDE (__fini_array_start, .)
 *(SORT(.fini_array.*))
 *(.fini_array*)
 .fini_array    0x0000106c        0x4 f:/other_software/kinetisdesignstudio/toolchain/bin/../lib/gcc/arm-none-eabi/4.8.4/armv6-m/crtbegin.o
                0x00001070                PROVIDE (__fini_array_end, .)
                0x00001070                __etext = .
                0x00001070                __DATA_ROM = .

.mtb            0x1ffffe00        0x0
                0x1ffffe00                . = ALIGN (0x8)
                0x1ffffe00                _mtb_start = .
 *(.mtb_buf)
                0x1ffffe00                . = ALIGN (0x8)
                0x1ffffe00                _mtb_end = .

.data           0x1ffffe00       0x68 load address 0x00001070
                0x1ffffe00                . = ALIGN (0x4)
                0x1ffffe00                __DATA_RAM = .
                0x1ffffe00                __data_start__ = .
 *(.data)
 *(.data*)
 .data.SystemCoreClock
                0x1ffffe00        0x4 ./startup/system_MKL03Z4.o
                0x1ffffe00                SystemCoreClock
 .data.impure_data
                0x1ffffe04       0x60 f:/other_software/kinetisdesignstudio/toolchain/bin/../lib/gcc/arm-none-eabi/4.8.4/../../../../arm-none-eabi/lib/armv6-m\libg_s.a(lib_a-impure.o)
 *(.jcr*)
 .jcr           0x1ffffe64        0x0 f:/other_software/kinetisdesignstudio/toolchain/bin/../lib/gcc/arm-none-eabi/4.8.4/armv6-m/crtbegin.o
 .jcr           0x1ffffe64        0x4 f:/other_software/kinetisdesignstudio/toolchain/bin/../lib/gcc/arm-none-eabi/4.8.4/armv6-m/crtend.o
                0x1ffffe68                . = ALIGN (0x4)
                0x1ffffe68                __data_end__ = .
                0x000010d8                __DATA_END = (__DATA_ROM + (__data_end__ - __data_start__))
                0x00008000                text_end = (ORIGIN (m_text) + 0x7bf0)
                0x00000001                ASSERT ((__DATA_END <= text_end), region m_text overflowed with text and data)

.igot.plt       0x1ffffe68        0x0 load address 0x000010d8
 .igot.plt      0x00000000        0x0 f:/other_software/kinetisdesignstudio/toolchain/bin/../lib/gcc/arm-none-eabi/4.8.4/armv6-m/crtbegin.o

.bss            0x1ffffe68       0x30 load address 0x000010d8
                0x1ffffe68                . = ALIGN (0x4)
                0x1ffffe68                __START_BSS = .
                0x1ffffe68                __bss_start__ = .
 *(.bss)
 .bss           0x1ffffe68       0x1c f:/other_software/kinetisdesignstudio/toolchain/bin/../lib/gcc/arm-none-eabi/4.8.4/armv6-m/crtbegin.o
 *(.bss*)
 .bss.s_debugConsoleIO
                0x1ffffe84        0x8 ./utilities/fsl_io.o
 .bss.g_xtal0Freq
                0x1ffffe8c        0x4 ./drivers/fsl_clock.o
                0x1ffffe8c                g_xtal0Freq
 .bss.s_lpuartHandle
                0x1ffffe90        0x4 ./drivers/fsl_lpuart.o
 .bss.s_lpuartIsr
                0x1ffffe94        0x4 ./drivers/fsl_lpuart.o
 *(COMMON)
                0x1ffffe98                . = ALIGN (0x4)
                0x1ffffe98                __bss_end__ = .
                0x1ffffe98                __END_BSS = .

.heap           0x1ffffe98      0x200 load address 0x00001108
                0x1ffffe98                . = ALIGN (0x8)
                0x1ffffe98                __end__ = .
                0x1ffffe98                PROVIDE (end, .)
                0x1ffffe98                __HeapBase = .
                0x20000098                . = (. + HEAP_SIZE)
 *fill*         0x1ffffe98      0x200 
                0x20000098                __HeapLimit = .
                0x20000098                __heap_limit = .

.stack          0x20000098       0x50 load address 0x00001308
                0x20000098                . = ALIGN (0x8)
                0x200000e8                . = (. + STACK_SIZE)
 *fill*         0x20000098       0x50 
                0x20000600                __StackTop = (ORIGIN (m_data) + 0x800)
                0x200005b0                __StackLimit = (__StackTop - STACK_SIZE)
                0x20000600                PROVIDE (__stack, __StackTop)

.ARM.attributes
                0x00000000       0x28
 *(.ARM.attributes)
 .ARM.attributes
                0x00000000       0x1e f:/other_software/kinetisdesignstudio/toolchain/bin/../lib/gcc/arm-none-eabi/4.8.4/armv6-m/crti.o
 .ARM.attributes
                0x0000001e       0x2c f:/other_software/kinetisdesignstudio/toolchain/bin/../lib/gcc/arm-none-eabi/4.8.4/armv6-m/crtbegin.o
 .ARM.attributes
                0x0000004a       0x1b f:/other_software/kinetisdesignstudio/toolchain/bin/../lib/gcc/arm-none-eabi/4.8.4/../../../../arm-none-eabi/lib/armv6-m/crt0.o
 .ARM.attributes
                0x00000065       0x32 ./utilities/fsl_debug_console.o
 .ARM.attributes
                0x00000097       0x32 ./utilities/fsl_io.o
 .ARM.attributes
                0x000000c9       0x32 ./utilities/fsl_log.o
 .ARM.attributes
                0x000000fb       0x32 ./utilities/fsl_str.o
 .ARM.attributes
                0x0000012d       0x1b ./startup/startup_MKL03Z4.o
 .ARM.attributes
                0x00000148       0x32 ./startup/system_MKL03Z4.o
 .ARM.attributes
                0x0000017a       0x32 ./source/hello_world.o
 .ARM.attributes
                0x000001ac       0x32 ./drivers/fsl_clock.o
 .ARM.attributes
                0x000001de       0x32 ./drivers/fsl_lpuart.o
 .ARM.attributes
                0x00000210       0x32 ./board/board.o
 .ARM.attributes
                0x00000242       0x32 ./board/clock_config.o
 .ARM.attributes
                0x00000274       0x32 ./board/pin_mux.o
 .ARM.attributes
                0x000002a6       0x2c f:/other_software/kinetisdesignstudio/toolchain/bin/../lib/gcc/arm-none-eabi/4.8.4/../../../../arm-none-eabi/lib/armv6-m\libg_s.a(lib_a-exit.o)
 .ARM.attributes
                0x000002d2       0x2c f:/other_software/kinetisdesignstudio/toolchain/bin/../lib/gcc/arm-none-eabi/4.8.4/../../../../arm-none-eabi/lib/armv6-m\libg_s.a(lib_a-impure.o)
 .ARM.attributes
                0x000002fe       0x2c f:/other_software/kinetisdesignstudio/toolchain/bin/../lib/gcc/arm-none-eabi/4.8.4/../../../../arm-none-eabi/lib/armv6-m\libg_s.a(lib_a-init.o)
 .ARM.attributes
                0x0000032a       0x2c f:/other_software/kinetisdesignstudio/toolchain/bin/../lib/gcc/arm-none-eabi/4.8.4/../../../../arm-none-eabi/lib/armv6-m\libg_s.a(lib_a-memset.o)
 .ARM.attributes
                0x00000356       0x2c f:/other_software/kinetisdesignstudio/toolchain/bin/../lib/gcc/arm-none-eabi/4.8.4/../../../../arm-none-eabi/lib/armv6-m\libg_s.a(lib_a-strlen.o)
 .ARM.attributes
                0x00000382       0x1e f:/other_software/kinetisdesignstudio/toolchain/bin/../lib/gcc/arm-none-eabi/4.8.4/armv6-m\libgcc.a(_udivsi3.o)
 .ARM.attributes
                0x000003a0       0x1e f:/other_software/kinetisdesignstudio/toolchain/bin/../lib/gcc/arm-none-eabi/4.8.4/armv6-m\libgcc.a(_divsi3.o)
 .ARM.attributes
                0x000003be       0x1e f:/other_software/kinetisdesignstudio/toolchain/bin/../lib/gcc/arm-none-eabi/4.8.4/armv6-m\libgcc.a(_dvmd_tls.o)
 .ARM.attributes
                0x000003dc       0x2c f:/other_software/kinetisdesignstudio/toolchain/bin/../lib/gcc/arm-none-eabi/4.8.4/../../../../arm-none-eabi/lib/armv6-m\libnosys.a(_exit.o)
 .ARM.attributes
                0x00000408       0x2c f:/other_software/kinetisdesignstudio/toolchain/bin/../lib/gcc/arm-none-eabi/4.8.4/armv6-m/crtend.o
 .ARM.attributes
                0x00000434       0x1e f:/other_software/kinetisdesignstudio/toolchain/bin/../lib/gcc/arm-none-eabi/4.8.4/armv6-m/crtn.o
                0x00000001                ASSERT ((__StackLimit >= __HeapLimit), region m_data overflowed with stack and heap)
OUTPUT(hello_world_frdmkl03z.elf elf32-littlearm)

.comment        0x00000000       0x70
 .comment       0x00000000       0x70 ./utilities/fsl_debug_console.o
                                 0x71 (size before relaxing)
 .comment       0x00000000       0x71 ./utilities/fsl_io.o
 .comment       0x00000000       0x71 ./utilities/fsl_log.o
 .comment       0x00000000       0x71 ./utilities/fsl_str.o
 .comment       0x00000000       0x71 ./startup/system_MKL03Z4.o
 .comment       0x00000000       0x71 ./source/hello_world.o
 .comment       0x00000000       0x71 ./drivers/fsl_clock.o
 .comment       0x00000000       0x71 ./drivers/fsl_lpuart.o
 .comment       0x00000000       0x71 ./board/board.o
 .comment       0x00000000       0x71 ./board/clock_config.o
 .comment       0x00000000       0x71 ./board/pin_mux.o

.debug_frame    0x00000000       0xf4
 .debug_frame   0x00000000       0x28 f:/other_software/kinetisdesignstudio/toolchain/bin/../lib/gcc/arm-none-eabi/4.8.4/../../../../arm-none-eabi/lib/armv6-m\libg_s.a(lib_a-exit.o)
 .debug_frame   0x00000028       0x2c f:/other_software/kinetisdesignstudio/toolchain/bin/../lib/gcc/arm-none-eabi/4.8.4/../../../../arm-none-eabi/lib/armv6-m\libg_s.a(lib_a-init.o)
 .debug_frame   0x00000054       0x20 f:/other_software/kinetisdesignstudio/toolchain/bin/../lib/gcc/arm-none-eabi/4.8.4/../../../../arm-none-eabi/lib/armv6-m\libg_s.a(lib_a-memset.o)
 .debug_frame   0x00000074       0x20 f:/other_software/kinetisdesignstudio/toolchain/bin/../lib/gcc/arm-none-eabi/4.8.4/../../../../arm-none-eabi/lib/armv6-m\libg_s.a(lib_a-strlen.o)
 .debug_frame   0x00000094       0x20 f:/other_software/kinetisdesignstudio/toolchain/bin/../lib/gcc/arm-none-eabi/4.8.4/armv6-m\libgcc.a(_udivsi3.o)
 .debug_frame   0x000000b4       0x20 f:/other_software/kinetisdesignstudio/toolchain/bin/../lib/gcc/arm-none-eabi/4.8.4/armv6-m\libgcc.a(_divsi3.o)
 .debug_frame   0x000000d4       0x20 f:/other_software/kinetisdesignstudio/toolchain/bin/../lib/gcc/arm-none-eabi/4.8.4/../../../../arm-none-eabi/lib/armv6-m\libnosys.a(_exit.o)
