###############################################################################
#
# IAR ANSI C/C++ Compiler V7.70.1.11437/W32 for ARM       13/Dec/2019  21:16:17
# Copyright 1999-2016 IAR Systems AB.
#
#    Cpu mode     =  thumb
#    Endian       =  little
#    Source file  =  
#        E:\Project\IAR\MPC_backscatter\lab-Micro_power_consumption_backscatter\main.c
#    Command line =  
#        E:\Project\IAR\MPC_backscatter\lab-Micro_power_consumption_backscatter\main.c
#        -lCN
#        E:\Project\IAR\MPC_backscatter\lab-Micro_power_consumption_backscatter\Debug\List
#        -o
#        E:\Project\IAR\MPC_backscatter\lab-Micro_power_consumption_backscatter\Debug\Obj
#        --no_cse --no_unroll --no_inline --no_code_motion --no_tbaa
#        --no_clustering --no_scheduling --debug --endian=little
#        --cpu=Cortex-M0+ -e --fpu=None --dlib_config
#        D:\29446\iar\arm\INC\c\DLib_Config_Normal.h -On
#    Locale       =  Chinese (Simplified)_China.936
#    List file    =  
#        E:\Project\IAR\MPC_backscatter\lab-Micro_power_consumption_backscatter\Debug\List\main.lst
#    Object file  =  
#        E:\Project\IAR\MPC_backscatter\lab-Micro_power_consumption_backscatter\Debug\Obj\main.o
#
###############################################################################

E:\Project\IAR\MPC_backscatter\lab-Micro_power_consumption_backscatter\main.c
      1          #include "stdio.h"
      2          
      3          

   \                                 In section .text, align 4, keep-with-next
      4          int main()
      5          {
   \                     main: (+1)
   \   00000000   0xB580             PUSH     {R7,LR}
      6            printf("hello world");
   \   00000002   0x4802             LDR      R0,??main_0
   \   00000004   0x.... 0x....      BL       printf
      7          
      8            return 0;
   \   00000008   0x2000             MOVS     R0,#+0
   \   0000000A   0xBD02             POP      {R1,PC}          ;; return
   \                     ??main_0:
   \   0000000C   0x........         DC32     ?_0
      9          }

   \                                 In section .rodata, align 4
   \                     ?_0:
   \   00000000   0x68 0x65          DC8 "hello world"
   \              0x6C 0x6C    
   \              0x6F 0x20    
   \              0x77 0x6F    
   \              0x72 0x6C    
   \              0x64 0x00    

   Maximum stack usage in bytes:

   .cstack Function
   ------- --------
       8   main
         8   -> printf


   Section sizes:

   Bytes  Function/Label
   -----  --------------
      12  ?_0
      16  main

 
 12 bytes in section .rodata
 16 bytes in section .text
 
 16 bytes of CODE  memory
 12 bytes of CONST memory

Errors: none
Warnings: none
